D/StatusBar.MSimNetworkController( 1152): refreshViews connected={ wifi } level=4 mMSimcombinedSignalIconId=0x7f0202f6/com.android.systemui:drawable/stat_sys_wifi_signal_4 mMSimcombinedActivityIconId=0x7f0202c5 mAirplaneMode=false mMSimDataActivity=0 mMSimPhoneSignalIconId=0x7f0202b5/com.android.systemui:drawable/stat_sys_signal_4_auto_rotate mMSimDataDirectionIconId=0x0 mMSimDataSignalIconId=0x7f0202b5 mMSimDataTypeIconId=0x0/(null) mNoMSimIconId=0x0/(null) mMSimMobileActivityIconId=0x0/(null) mWifiIconId=0x7f0202f6 mBluetoothTetherIconId=0x7f0202d4 mRoamingIconId=0x 0/(null)
D/MSim-SignalClusterView( 1152): mBtTetherState :falsemNWBoosterRunning :false
D/MSim-SignalClusterView( 1152): mBtTetherState :falsemNWBoosterRunning :false
D/MSim-SignalClusterView( 1152): mMobileDataState (0)0
D/MSim-SignalClusterView( 1152): mBtTetherState :falsemNWBoosterRunning :false
D/MSim-SignalClusterView( 1152): mBtTetherState :falsemNWBoosterRunning :false
D/MSim-SignalClusterView( 1152): mBtTetherState :falsemNWBoosterRunning :false
D/StatusBar.MSimNetworkController( 1152): refreshSignalCluster, phoneId = 0 mMSimPhoneSignalIconId[0]=com.android.systemui:drawable/stat_sys_signal_4_auto_rotate mMSimDataSignalIconId[0]=com.android.systemui:drawable/stat_sys_signal_4_auto_rotate mMSimDataTypeIconId[0]=(null) mMSimMobileActivityIconId[0]=(null) mNoMSimIconId[0]=(null)
D/MSim-SignalClusterView( 1152): mBtTetherState :falsemNWBoosterRunning :false
D/MSim-SignalClusterView( 1152): mBtTetherState :falsemNWBoosterRunning :false
D/MSim-SignalClusterView( 1152): mMobileDataState (0)0
D/MSim-SignalClusterView( 1152): mBtTetherState :falsemNWBoosterRunning :false
D/MSim-SignalClusterView( 1152): mBtTetherState :falsemNWBoosterRunning :false
D/MSim-SignalClusterView( 1152): mBtTetherState :falsemNWBoosterRunning :false
D/StatusBar.MSimNetworkController( 1152): refreshSignalCluster, phoneId = 0 mMSimPhoneSignalIconId[0]=com.android.systemui:drawable/stat_sys_signal_4_auto_rotate mMSimDataSignalIconId[0]=com.android.systemui:drawable/stat_sys_signal_4_auto_rotate mMSimDataTypeIconId[0]=(null) mMSimMobileActivityIconId[0]=(null) mNoMSimIconId[0]=(null)
D/MSim-SignalClusterView( 1152): mBtTetherState :falsemNWBoosterRunning :false
D/MSim-SignalClusterView( 1152): mBtTetherState :falsemNWBoosterRunning :false
D/MSim-SignalClusterView( 1152): mMobileDataState (0)0
D/MSim-SignalClusterView( 1152): mBtTetherState :falsemNWBoosterRunning :false
D/MSim-SignalClusterView( 1152): mBtTetherState :falsemNWBoosterRunning :false
D/MSim-SignalClusterView( 1152): mBtTetherState :falsemNWBoosterRunning :false
D/StatusBar.MSimNetworkController( 1152): refreshSignalCluster, phoneId = 0 mMSimPhoneSignalIconId[0]=com.android.systemui:drawable/stat_sys_signal_4_auto_rotate mMSimDataSignalIconId[0]=com.android.systemui:drawable/stat_sys_signal_4_auto_rotate mMSimDataTypeIconId[0]=(null) mMSimMobileActivityIconId[0]=(null) mNoMSimIconId[0]=(null)
D/MSim-SignalClusterView( 1152): mBtTetherState :falsemNWBoosterRunning :false
D/MSim-SignalClusterView( 1152): mBtTetherState :falsemNWBoosterRunning :false
D/MSim-SignalClusterView( 1152): mMobileDataState (0)0
D/MSim-SignalClusterView( 1152): mBtTetherState :falsemNWBoosterRunning :false
D/MSim-SignalClusterView( 1152): mBtTetherState :falsemNWBoosterRunning :false
D/MSim-SignalClusterView( 1152): mBtTetherState :falsemNWBoosterRunning :false
D/StatusBar.MSimNetworkController( 1152): refreshSignalCluster, phoneId = 0 mMSimPhoneSignalIconId[0]=com.android.systemui:drawable/stat_sys_signal_4_auto_rotate mMSimDataSignalIconId[0]=com.android.systemui:drawable/stat_sys_signal_4_auto_rotate mMSimDataTypeIconId[0]=(null) mMSimMobileActivityIconId[0]=(null) mNoMSimIconId[0]=(null)
D/STATUSBAR-WifiQuickSettingButton( 1152): onWifiSignalChanged enabled=true enabledDesc:"f1comp"
D/StatusBar.MSimNetworkController( 1152): refreshViews phoneId =0, mMSimDataConnected =false mMSimDataActivity =0
D/StatusBar.MSimNetworkController( 1152): refreshViews connected={ wifi } level=4 mMSimcombinedSignalIconId=0x7f0202f6/com.android.systemui:drawable/stat_sys_wifi_signal_4 mMSimcombinedActivityIconId=0x7f0202ca mAirplaneMode=false mMSimDataActivity=0 mMSimPhoneSignalIconId=0x7f0202b5/com.android.systemui:drawable/stat_sys_signal_4_auto_rotate mMSimDataDirectionIconId=0x0 mMSimDataSignalIconId=0x7f0202b5 mMSimDataTypeIconId=0x0/(null) mNoMSimIconId=0x0/(null) mMSimMobileActivityIconId=0x0/(null) mWifiIconId=0x7f0202f6 mBluetoothTetherIconId=0x7f0202d4 mRoamingIconId=0x 0/(null)
D/MSim-SignalClusterView( 1152): mBtTetherState :falsemNWBoosterRunning :false
D/MSim-SignalClusterView( 1152): mBtTetherState :falsemNWBoosterRunning :false
D/MSim-SignalClusterView( 1152): mMobileDataState (0)0
D/MSim-SignalClusterView( 1152): mBtTetherState :falsemNWBoosterRunning :false
D/MSim-SignalClusterView( 1152): mBtTetherState :falsemNWBoosterRunning :false
D/MSim-SignalClusterView( 1152): mBtTetherState :falsemNWBoosterRunning :false
D/StatusBar.MSimNetworkController( 1152): refreshSignalCluster, phoneId = 0 mMSimPhoneSignalIconId[0]=com.android.systemui:drawable/stat_sys_signal_4_auto_rotate mMSimDataSignalIconId[0]=com.android.systemui:drawable/stat_sys_signal_4_auto_rotate mMSimDataTypeIconId[0]=(null) mMSimMobileActivityIconId[0]=(null) mNoMSimIconId[0]=(null)
D/MSim-SignalClusterView( 1152): mBtTetherState :falsemNWBoosterRunning :false
D/MSim-SignalClusterView( 1152): mBtTetherState :falsemNWBoosterRunning :false
D/MSim-SignalClusterView( 1152): mMobileDataState (0)0
D/MSim-SignalClusterView( 1152): mBtTetherState :falsemNWBoosterRunning :false
D/MSim-SignalClusterView( 1152): mBtTetherState :falsemNWBoosterRunning :false
D/MSim-SignalClusterView( 1152): mBtTetherState :falsemNWBoosterRunning :false
D/StatusBar.MSimNetworkController( 1152): refreshSignalCluster, phoneId = 0 mMSimPhoneSignalIconId[0]=com.android.systemui:drawable/stat_sys_signal_4_auto_rotate mMSimDataSignalIconId[0]=com.android.systemui:drawable/stat_sys_signal_4_auto_rotate mMSimDataTypeIconId[0]=(null) mMSimMobileActivityIconId[0]=(null) mNoMSimIconId[0]=(null)
D/MSim-SignalClusterView( 1152): mBtTetherState :falsemNWBoosterRunning :false
D/MSim-SignalClusterView( 1152): mBtTetherState :falsemNWBoosterRunning :false
D/MSim-SignalClusterView( 1152): mMobileDataState (0)0
D/MSim-SignalClusterView( 1152): mBtTetherState :falsemNWBoosterRunning :false
D/MSim-SignalClusterView( 1152): mBtTetherState :falsemNWBoosterRunning :false
D/MSim-SignalClusterView( 1152): mBtTetherState :falsemNWBoosterRunning :false
D/StatusBar.MSimNetworkController( 1152): refreshSignalCluster, phoneId = 0 mMSimPhoneSignalIconId[0]=com.android.systemui:drawable/stat_sys_signal_4_auto_rotate mMSimDataSignalIconId[0]=com.android.systemui:drawable/stat_sys_signal_4_auto_rotate mMSimDataTypeIconId[0]=(null) mMSimMobileActivityIconId[0]=(null) mNoMSimIconId[0]=(null)
D/MSim-SignalClusterView( 1152): mBtTetherState :falsemNWBoosterRunning :false
D/MSim-SignalClusterView( 1152): mBtTetherState :falsemNWBoosterRunning :false
D/MSim-SignalClusterView( 1152): mMobileDataState (0)0
D/MSim-SignalClusterView( 1152): mBtTetherState :falsemNWBoosterRunning :false
D/MSim-SignalClusterView( 1152): mBtTetherState :falsemNWBoosterRunning :false
D/MSim-SignalClusterView( 1152): mBtTetherState :falsemNWBoosterRunning :false
D/StatusBar.MSimNetworkController( 1152): refreshSignalCluster, phoneId = 0 mMSimPhoneSignalIconId[0]=com.android.systemui:drawable/stat_sys_signal_4_auto_rotate mMSimDataSignalIconId[0]=com.android.systemui:drawable/stat_sys_signal_4_auto_rotate mMSimDataTypeIconId[0]=(null) mMSimMobileActivityIconId[0]=(null) mNoMSimIconId[0]=(null)
D/BatteryService(  983): !@BatteryListener : batteryPropertiesChanged!
D/SensorService(  983): [SO] 0.378 2.883 9.553
E/SMD     (  275): DCD OFF
E/Watchdog(  983): !@Sync 8366 [07-10 22:09:28.031]
E/SMD     (  275): After the Modem Read select 
E/SMD     (  275): Read 14 chars from SMD Modem file fd = 7
E/SMD     (  275):  Message: 
E/SMD     (  275): +CIEV: 1,2
E/SMD     (  275): ,0,0,0,1,0
E/SMD     (  275): 
E/SMD     (  275): OK
E/SMD     (  275): +CGREG: 1,"984","F67AF0",0
E/SMD     (  275): ),("call",(0-1)),("roam",(0-1)),("smsfull",(0-1)),("GPRS coverage",(0-1)),("callsetup",(0-3))
E/SMD     (  275): 
E/SMD     (  275): OK
E/SMD     (  275): 
E/SMD     (  275): 
E/SMD     (  275): Before the Modem Read select 
D/DataRouter(  274): write [14] bytes of data to USB fd[10]
E/SMD     (  275): DCD OFF
D/SensorService(  983): [SO] 0.373 2.882 9.549
D/STATUSBAR-WifiQuickSettingButton( 1152): onWifiSignalChanged enabled=true enabledDesc:"f1comp"
D/StatusBar.MSimNetworkController( 1152): refreshViews phoneId =0, mMSimDataConnected =false mMSimDataActivity =0
D/StatusBar.MSimNetworkController( 1152): refreshViews connected={ wifi } level=4 mMSimcombinedSignalIconId=0x7f0202f6/com.android.systemui:drawable/stat_sys_wifi_signal_4 mMSimcombinedActivityIconId=0x7f0202c7 mAirplaneMode=false mMSimDataActivity=0 mMSimPhoneSignalIconId=0x7f0202b5/com.android.systemui:drawable/stat_sys_signal_4_auto_rotate mMSimDataDirectionIconId=0x0 mMSimDataSignalIconId=0x7f0202b5 mMSimDataTypeIconId=0x0/(null) mNoMSimIconId=0x0/(null) mMSimMobileActivityIconId=0x0/(null) mWifiIconId=0x7f0202f6 mBluetoothTetherIconId=0x7f0202d4 mRoamingIconId=0x 0/(null)
D/MSim-SignalClusterView( 1152): mBtTetherState :falsemNWBoosterRunning :false
D/MSim-SignalClusterView( 1152): mBtTetherState :falsemNWBoosterRunning :false
D/MSim-SignalClusterView( 1152): mMobileDataState (0)0
D/MSim-SignalClusterView( 1152): mBtTetherState :falsemNWBoosterRunning :false
D/MSim-SignalClusterView( 1152): mBtTetherState :falsemNWBoosterRunning :false
D/MSim-SignalClusterView( 1152): mBtTetherState :falsemNWBoosterRunning :false
D/StatusBar.MSimNetworkController( 1152): refreshSignalCluster, phoneId = 0 mMSimPhoneSignalIconId[0]=com.android.systemui:drawable/stat_sys_signal_4_auto_rotate mMSimDataSignalIconId[0]=com.android.systemui:drawable/stat_sys_signal_4_auto_rotate mMSimDataTypeIconId[0]=(null) mMSimMobileActivityIconId[0]=(null) mNoMSimIconId[0]=(null)
D/MSim-SignalClusterView( 1152): mBtTetherState :falsemNWBoosterRunning :false
D/MSim-SignalClusterView( 1152): mBtTetherState :falsemNWBoosterRunning :false
D/MSim-SignalClusterView( 1152): mMobileDataState (0)0
D/MSim-SignalClusterView( 1152): mBtTetherState :falsemNWBoosterRunning :false
D/MSim-SignalClusterView( 1152): mBtTetherState :falsemNWBoosterRunning :false
D/MSim-SignalClusterView( 1152): mBtTetherState :falsemNWBoosterRunning :false
D/StatusBar.MSimNetworkController( 1152): refreshSignalCluster, phoneId = 0 mMSimPhoneSignalIconId[0]=com.android.systemui:drawable/stat_sys_signal_4_auto_rotate mMSimDataSignalIconId[0]=com.android.systemui:drawable/stat_sys_signal_4_auto_rotate mMSimDataTypeIconId[0]=(null) mMSimMobileActivityIconId[0]=(null) mNoMSimIconId[0]=(null)
D/MSim-SignalClusterView( 1152): mBtTetherState :falsemNWBoosterRunning :false
D/MSim-SignalClusterView( 1152): mBtTetherState :falsemNWBoosterRunning :false
D/MSim-SignalClusterView( 1152): mMobileDataState (0)0
D/MSim-SignalClusterView( 1152): mBtTetherState :falsemNWBoosterRunning :false
D/MSim-SignalClusterView( 1152): mBtTetherState :falsemNWBoosterRunning :false
D/MSim-SignalClusterView( 1152): mBtTetherState :falsemNWBoosterRunning :false
D/StatusBar.MSimNetworkController( 1152): refreshSignalCluster, phoneId = 0 mMSimPhoneSignalIconId[0]=com.android.systemui:drawable/stat_sys_signal_4_auto_rotate mMSimDataSignalIconId[0]=com.android.systemui:drawable/stat_sys_signal_4_auto_rotate mMSimDataTypeIconId[0]=(null) mMSimMobileActivityIconId[0]=(null) mNoMSimIconId[0]=(null)
D/MSim-SignalClusterView( 1152): mBtTetherState :falsemNWBoosterRunning :false
D/MSim-SignalClusterView( 1152): mBtTetherState :falsemNWBoosterRunning :false
D/MSim-SignalClusterView( 1152): mMobileDataState (0)0
D/MSim-SignalClusterView( 1152): mBtTetherState :falsemNWBoosterRunning :false
D/MSim-SignalClusterView( 1152): mBtTetherState :falsemNWBoosterRunning :false
D/MSim-SignalClusterView( 1152): mBtTetherState :falsemNWBoosterRunning :false
D/StatusBar.MSimNetworkController( 1152): refreshSignalCluster, phoneId = 0 mMSimPhoneSignalIconId[0]=com.android.systemui:drawable/stat_sys_signal_4_auto_rotate mMSimDataSignalIconId[0]=com.android.systemui:drawable/stat_sys_signal_4_auto_rotate mMSimDataTypeIconId[0]=(null) mMSimMobileActivityIconId[0]=(null) mNoMSimIconId[0]=(null)
E/SMD     (  275): DCD OFF
D/SSRM:n  (  983): SIOP:: AP = 340, CUR = -1
D/SensorService(  983): [SO] 0.380 2.879 9.557
D/STATUSBAR-WifiQuickSettingButton( 1152): onWifiSignalChanged enabled=true enabledDesc:"f1comp"
D/StatusBar.MSimNetworkController( 1152): refreshViews phoneId =0, mMSimDataConnected =false mMSimDataActivity =0
D/StatusBar.MSimNetworkController( 1152): refreshViews connected={ wifi } level=4 mMSimcombinedSignalIconId=0x7f0202f6/com.android.systemui:drawable/stat_sys_wifi_signal_4 mMSimcombinedActivityIconId=0x7f0202ca mAirplaneMode=false mMSimDataActivity=0 mMSimPhoneSignalIconId=0x7f0202b5/com.android.systemui:drawable/stat_sys_signal_4_auto_rotate mMSimDataDirectionIconId=0x0 mMSimDataSignalIconId=0x7f0202b5 mMSimDataTypeIconId=0x0/(null) mNoMSimIconId=0x0/(null) mMSimMobileActivityIconId=0x0/(null) mWifiIconId=0x7f0202f6 mBluetoothTetherIconId=0x7f0202d4 mRoamingIconId=0x 0/(null)
D/MSim-SignalClusterView( 1152): mBtTetherState :falsemNWBoosterRunning :false
D/MSim-SignalClusterView( 1152): mBtTetherState :falsemNWBoosterRunning :false
D/MSim-SignalClusterView( 1152): mMobileDataState (0)0
D/MSim-SignalClusterView( 1152): mBtTetherState :falsemNWBoosterRunning :false
D/MSim-SignalClusterView( 1152): mBtTetherState :falsemNWBoosterRunning :false
D/MSim-SignalClusterView( 1152): mBtTetherState :falsemNWBoosterRunning :false
D/StatusBar.MSimNetworkController( 1152): refreshSignalCluster, phoneId = 0 mMSimPhoneSignalIconId[0]=com.android.systemui:drawable/stat_sys_signal_4_auto_rotate mMSimDataSignalIconId[0]=com.android.systemui:drawable/stat_sys_signal_4_auto_rotate mMSimDataTypeIconId[0]=(null) mMSimMobileActivityIconId[0]=(null) mNoMSimIconId[0]=(null)
D/MSim-SignalClusterView( 1152): mBtTetherState :falsemNWBoosterRunning :false
D/MSim-SignalClusterView( 1152): mBtTetherState :falsemNWBoosterRunning :false
D/MSim-SignalClusterView( 1152): mMobileDataState (0)0
D/MSim-SignalClusterView( 1152): mBtTetherState :falsemNWBoosterRunning :false
D/MSim-SignalClusterView( 1152): mBtTetherState :falsemNWBoosterRunning :false
D/MSim-SignalClusterView( 1152): mBtTetherState :falsemNWBoosterRunning :false
D/StatusBar.MSimNetworkController( 1152): refreshSignalCluster, phoneId = 0 mMSimPhoneSignalIconId[0]=com.android.systemui:drawable/stat_sys_signal_4_auto_rotate mMSimDataSignalIconId[0]=com.android.systemui:drawable/stat_sys_signal_4_auto_rotate mMSimDataTypeIconId[0]=(null) mMSimMobileActivityIconId[0]=(null) mNoMSimIconId[0]=(null)
D/MSim-SignalClusterView( 1152): mBtTetherState :falsemNWBoosterRunning :false
D/MSim-SignalClusterView( 1152): mBtTetherState :falsemNWBoosterRunning :false
D/MSim-SignalClusterView( 1152): mMobileDataState (0)0
D/MSim-SignalClusterView( 1152): mBtTetherState :falsemNWBoosterRunning :false
D/MSim-SignalClusterView( 1152): mBtTetherState :falsemNWBoosterRunning :false
D/MSim-SignalClusterView( 1152): mBtTetherState :falsemNWBoosterRunning :false
D/StatusBar.MSimNetworkController( 1152): refreshSignalCluster, phoneId = 0 mMSimPhoneSignalIconId[0]=com.android.systemui:drawable/stat_sys_signal_4_auto_rotate mMSimDataSignalIconId[0]=com.android.systemui:drawable/stat_sys_signal_4_auto_rotate mMSimDataTypeIconId[0]=(null) mMSimMobileActivityIconId[0]=(null) mNoMSimIconId[0]=(null)
D/MSim-SignalClusterView( 1152): mBtTetherState :falsemNWBoosterRunning :false
D/MSim-SignalClusterView( 1152): mBtTetherState :falsemNWBoosterRunning :false
D/MSim-SignalClusterView( 1152): mMobileDataState (0)0
D/MSim-SignalClusterView( 1152): mBtTetherState :falsemNWBoosterRunning :false
D/MSim-SignalClusterView( 1152): mBtTetherState :falsemNWBoosterRunning :false
D/MSim-SignalClusterView( 1152): mBtTetherState :falsemNWBoosterRunning :false
D/StatusBar.MSimNetworkController( 1152): refreshSignalCluster, phoneId = 0 mMSimPhoneSignalIconId[0]=com.android.systemui:drawable/stat_sys_signal_4_auto_rotate mMSimDataSignalIconId[0]=com.android.systemui:drawable/stat_sys_signal_4_auto_rotate mMSimDataTypeIconId[0]=(null) mMSimMobileActivityIconId[0]=(null) mNoMSimIconId[0]=(null)
D/StatusBar.MSimNetworkController( 1152): getNumberOfActiveSim:1
D/StatusBar.MSimNetworkController( 1152): getPhoneSignalIconList: mMaxLevelOfSignalStrengthIndicator = 4 inetCondition = 0
D/StatusBar.MSimNetworkController( 1152): getDataSignalIconId: mMaxLevelOfSignalStrengthIndicator = 4 inetCondition = 0 iconLevel = 4
D/StatusBar.MSimNetworkController( 1152): updateTelephonySignalStrength: iconLevel=4
D/STATUSBAR-WifiQuickSettingButton( 1152): onWifiSignalChanged enabled=true enabledDesc:"f1comp"
D/StatusBar.MSimNetworkController( 1152): onSignalStrengthsChanged received on getPhoneId :0signalStrength=SignalStrength: 15 99 -120 -160 -120 -1 -1 99 2147483647 2147483647 2147483647 -1 2147483647 0x4 gsm|lte level=4
D/StatusBar.MSimNetworkController( 1152): updateTelephonySignalStrength: phoneId =0
D/StatusBar.MSimNetworkController( 1152): updateTelephonySignalStrength iconLevel = 4 mInetCondition = 0
D/StatusBar.MSimNetworkController( 1152): refreshViews phoneId =0, mMSimDataConnected =false mMSimDataActivity =0
D/StatusBar.MSimNetworkController( 1152): refreshViews connected={ wifi } level=4 mMSimcombinedSignalIconId=0x7f0202f6/com.android.systemui:drawable/stat_sys_wifi_signal_4 mMSimcombinedActivityIconId=0x7f0202ca mAirplaneMode=false mMSimDataActivity=0 mMSimPhoneSignalIconId=0x7f0202b5/com.android.systemui:drawable/stat_sys_signal_4_auto_rotate mMSimDataDirectionIconId=0x0 mMSimDataSignalIconId=0x7f0202b5 mMSimDataTypeIconId=0x0/(null) mNoMSimIconId=0x0/(null) mMSimMobileActivityIconId=0x0/(null) mWifiIconId=0x7f0202f6 mBluetoothTetherIconId=0x7f0202d4 mRoamingIconId=0x 0/(null)
D/MSim-SignalClusterView( 1152): mBtTetherState :falsemNWBoosterRunning :false
D/MSim-SignalClusterView( 1152): mBtTetherState :falsemNWBoosterRunning :false
D/MSim-SignalClusterView( 1152): mMobileDataState (0)0
D/MSim-SignalClusterView( 1152): mBtTetherState :falsemNWBoosterRunning :false
D/MSim-SignalClusterView( 1152): mBtTetherState :falsemNWBoosterRunning :false
D/MSim-SignalClusterView( 1152): mBtTetherState :falsemNWBoosterRunning :false
D/StatusBar.MSimNetworkController( 1152): refreshSignalCluster, phoneId = 0 mMSimPhoneSignalIconId[0]=com.android.systemui:drawable/stat_sys_signal_4_auto_rotate mMSimDataSignalIconId[0]=com.android.systemui:drawable/stat_sys_signal_4_auto_rotate mMSimDataTypeIconId[0]=(null) mMSimMobileActivityIconId[0]=(null) mNoMSimIconId[0]=(null)
D/MSim-SignalClusterView( 1152): mBtTetherState :falsemNWBoosterRunning :false
D/MSim-SignalClusterView( 1152): mBtTetherState :falsemNWBoosterRunning :false
D/MSim-SignalClusterView( 1152): mMobileDataState (0)0
D/MSim-SignalClusterView( 1152): mBtTetherState :falsemNWBoosterRunning :false
D/MSim-SignalClusterView( 1152): mBtTetherState :falsemNWBoosterRunning :false
D/MSim-SignalClusterView( 1152): mBtTetherState :falsemNWBoosterRunning :false
D/StatusBar.MSimNetworkController( 1152): refreshSignalCluster, phoneId = 0 mMSimPhoneSignalIconId[0]=com.android.systemui:drawable/stat_sys_signal_4_auto_rotate mMSimDataSignalIconId[0]=com.android.systemui:drawable/stat_sys_signal_4_auto_rotate mMSimDataTypeIconId[0]=(null) mMSimMobileActivityIconId[0]=(null) mNoMSimIconId[0]=(null)
D/MSim-SignalClusterView( 1152): mBtTetherState :falsemNWBoosterRunning :false
D/MSim-SignalClusterView( 1152): mBtTetherState :falsemNWBoosterRunning :false
D/MSim-SignalClusterView( 1152): mMobileDataState (0)0
D/MSim-SignalClusterView( 1152): mBtTetherState :falsemNWBoosterRunning :false
D/MSim-SignalClusterView( 1152): mBtTetherState :falsemNWBoosterRunning :false
D/MSim-SignalClusterView( 1152): mBtTetherState :falsemNWBoosterRunning :false
D/StatusBar.MSimNetworkController( 1152): refreshSignalCluster, phoneId = 0 mMSimPhoneSignalIconId[0]=com.android.systemui:drawable/stat_sys_signal_4_auto_rotate mMSimDataSignalIconId[0]=com.android.systemui:drawable/stat_sys_signal_4_auto_rotate mMSimDataTypeIconId[0]=(null) mMSimMobileActivityIconId[0]=(null) mNoMSimIconId[0]=(null)
D/MSim-SignalClusterView( 1152): mBtTetherState :falsemNWBoosterRunning :false
D/MSim-SignalClusterView( 1152): mBtTetherState :falsemNWBoosterRunning :false
D/MSim-SignalClusterView( 1152): mMobileDataState (0)0
D/MSim-SignalClusterView( 1152): mBtTetherState :falsemNWBoosterRunning :false
D/MSim-SignalClusterView( 1152): mBtTetherState :falsemNWBoosterRunning :false
D/MSim-SignalClusterView( 1152): mBtTetherState :falsemNWBoosterRunning :false
D/StatusBar.MSimNetworkController( 1152): refreshSignalCluster, phoneId = 0 mMSimPhoneSignalIconId[0]=com.android.systemui:drawable/stat_sys_signal_4_auto_rotate mMSimDataSignalIconId[0]=com.android.systemui:drawable/stat_sys_signal_4_auto_rotate mMSimDataTypeIconId[0]=(null) mMSimMobileActivityIconId[0]=(null) mNoMSimIconId[0]=(null)
E/SMD     (  275): DCD OFF
D/BatteryService(  983): !@BatteryListener : batteryPropertiesChanged!
D/SensorService(  983): [SO] 0.388 2.877 9.558
D/STATUSBAR-WifiQuickSettingButton( 1152): onWifiSignalChanged enabled=true enabledDesc:"f1comp"
D/StatusBar.MSimNetworkController( 1152): refreshViews phoneId =0, mMSimDataConnected =false mMSimDataActivity =0
D/StatusBar.MSimNetworkController( 1152): refreshViews connected={ wifi } level=4 mMSimcombinedSignalIconId=0x7f0202f6/com.android.systemui:drawable/stat_sys_wifi_signal_4 mMSimcombinedActivityIconId=0x7f0202c7 mAirplaneMode=false mMSimDataActivity=0 mMSimPhoneSignalIconId=0x7f0202b5/com.android.systemui:drawable/stat_sys_signal_4_auto_rotate mMSimDataDirectionIconId=0x0 mMSimDataSignalIconId=0x7f0202b5 mMSimDataTypeIconId=0x0/(null) mNoMSimIconId=0x0/(null) mMSimMobileActivityIconId=0x0/(null) mWifiIconId=0x7f0202f6 mBluetoothTetherIconId=0x7f0202d4 mRoamingIconId=0x 0/(null)
D/MSim-SignalClusterView( 1152): mBtTetherState :falsemNWBoosterRunning :false
D/MSim-SignalClusterView( 1152): mBtTetherState :falsemNWBoosterRunning :false
D/MSim-SignalClusterView( 1152): mMobileDataState (0)0
D/MSim-SignalClusterView( 1152): mBtTetherState :falsemNWBoosterRunning :false
D/MSim-SignalClusterView( 1152): mBtTetherState :falsemNWBoosterRunning :false
D/MSim-SignalClusterView( 1152): mBtTetherState :falsemNWBoosterRunning :false
D/StatusBar.MSimNetworkController( 1152): refreshSignalCluster, phoneId = 0 mMSimPhoneSignalIconId[0]=com.android.systemui:drawable/stat_sys_signal_4_auto_rotate mMSimDataSignalIconId[0]=com.android.systemui:drawable/stat_sys_signal_4_auto_rotate mMSimDataTypeIconId[0]=(null) mMSimMobileActivityIconId[0]=(null) mNoMSimIconId[0]=(null)
D/MSim-SignalClusterView( 1152): mBtTetherState :falsemNWBoosterRunning :false
D/MSim-SignalClusterView( 1152): mBtTetherState :falsemNWBoosterRunning :false
D/MSim-SignalClusterView( 1152): mMobileDataState (0)0
D/MSim-SignalClusterView( 1152): mBtTetherState :falsemNWBoosterRunning :false
D/MSim-SignalClusterView( 1152): mBtTetherState :falsemNWBoosterRunning :false
D/MSim-SignalClusterView( 1152): mBtTetherState :falsemNWBoosterRunning :false
D/StatusBar.MSimNetworkController( 1152): refreshSignalCluster, phoneId = 0 mMSimPhoneSignalIconId[0]=com.android.systemui:drawable/stat_sys_signal_4_auto_rotate mMSimDataSignalIconId[0]=com.android.systemui:drawable/stat_sys_signal_4_auto_rotate mMSimDataTypeIconId[0]=(null) mMSimMobileActivityIconId[0]=(null) mNoMSimIconId[0]=(null)
D/MSim-SignalClusterView( 1152): mBtTetherState :falsemNWBoosterRunning :false
D/MSim-SignalClusterView( 1152): mBtTetherState :falsemNWBoosterRunning :false
D/MSim-SignalClusterView( 1152): mMobileDataState (0)0
D/MSim-SignalClusterView( 1152): mBtTetherState :falsemNWBoosterRunning :false
D/MSim-SignalClusterView( 1152): mBtTetherState :falsemNWBoosterRunning :false
D/MSim-SignalClusterView( 1152): mBtTetherState :falsemNWBoosterRunning :false
D/StatusBar.MSimNetworkController( 1152): refreshSignalCluster, phoneId = 0 mMSimPhoneSignalIconId[0]=com.android.systemui:drawable/stat_sys_signal_4_auto_rotate mMSimDataSignalIconId[0]=com.android.systemui:drawable/stat_sys_signal_4_auto_rotate mMSimDataTypeIconId[0]=(null) mMSimMobileActivityIconId[0]=(null) mNoMSimIconId[0]=(null)
D/MSim-SignalClusterView( 1152): mBtTetherState :falsemNWBoosterRunning :false
D/MSim-SignalClusterView( 1152): mBtTetherState :falsemNWBoosterRunning :false
D/MSim-SignalClusterView( 1152): mMobileDataState (0)0
D/MSim-SignalClusterView( 1152): mBtTetherState :falsemNWBoosterRunning :false
D/MSim-SignalClusterView( 1152): mBtTetherState :falsemNWBoosterRunning :false
D/MSim-SignalClusterView( 1152): mBtTetherState :falsemNWBoosterRunning :false
D/StatusBar.MSimNetworkController( 1152): refreshSignalCluster, phoneId = 0 mMSimPhoneSignalIconId[0]=com.android.systemui:drawable/stat_sys_signal_4_auto_rotate mMSimDataSignalIconId[0]=com.android.systemui:drawable/stat_sys_signal_4_auto_rotate mMSimDataTypeIconId[0]=(null) mMSimMobileActivityIconId[0]=(null) mNoMSimIconId[0]=(null)
D/STATUSBAR-WifiQuickSettingButton( 1152): onWifiSignalChanged enabled=true enabledDesc:"f1comp"
D/StatusBar.MSimNetworkController( 1152): refreshViews phoneId =0, mMSimDataConnected =false mMSimDataActivity =0
D/StatusBar.MSimNetworkController( 1152): refreshViews connected={ wifi } level=4 mMSimcombinedSignalIconId=0x7f0202f6/com.android.systemui:drawable/stat_sys_wifi_signal_4 mMSimcombinedActivityIconId=0x7f0202ca mAirplaneMode=false mMSimDataActivity=0 mMSimPhoneSignalIconId=0x7f0202b5/com.android.systemui:drawable/stat_sys_signal_4_auto_rotate mMSimDataDirectionIconId=0x0 mMSimDataSignalIconId=0x7f0202b5 mMSimDataTypeIconId=0x0/(null) mNoMSimIconId=0x0/(null) mMSimMobileActivityIconId=0x0/(null) mWifiIconId=0x7f0202f6 mBluetoothTetherIconId=0x7f0202d4 mRoamingIconId=0x 0/(null)
D/MSim-SignalClusterView( 1152): mBtTetherState :falsemNWBoosterRunning :false
D/MSim-SignalClusterView( 1152): mBtTetherState :falsemNWBoosterRunning :false
D/MSim-SignalClusterView( 1152): mMobileDataState (0)0
D/MSim-SignalClusterView( 1152): mBtTetherState :falsemNWBoosterRunning :false
D/MSim-SignalClusterView( 1152): mBtTetherState :falsemNWBoosterRunning :false
D/MSim-SignalClusterView( 1152): mBtTetherState :falsemNWBoosterRunning :false
D/StatusBar.MSimNetworkController( 1152): refreshSignalCluster, phoneId = 0 mMSimPhoneSignalIconId[0]=com.android.systemui:drawable/stat_sys_signal_4_auto_rotate mMSimDataSignalIconId[0]=com.android.systemui:drawable/stat_sys_signal_4_auto_rotate mMSimDataTypeIconId[0]=(null) mMSimMobileActivityIconId[0]=(null) mNoMSimIconId[0]=(null)
D/MSim-SignalClusterView( 1152): mBtTetherState :falsemNWBoosterRunning :false
D/MSim-SignalClusterView( 1152): mBtTetherState :falsemNWBoosterRunning :false
D/MSim-SignalClusterView( 1152): mMobileDataState (0)0
D/MSim-SignalClusterView( 1152): mBtTetherState :falsemNWBoosterRunning :false
D/MSim-SignalClusterView( 1152): mBtTetherState :falsemNWBoosterRunning :false
D/MSim-SignalClusterView( 1152): mBtTetherState :falsemNWBoosterRunning :false
D/StatusBar.MSimNetworkController( 1152): refreshSignalCluster, phoneId = 0 mMSimPhoneSignalIconId[0]=com.android.systemui:drawable/stat_sys_signal_4_auto_rotate mMSimDataSignalIconId[0]=com.android.systemui:drawable/stat_sys_signal_4_auto_rotate mMSimDataTypeIconId[0]=(null) mMSimMobileActivityIconId[0]=(null) mNoMSimIconId[0]=(null)
D/MSim-SignalClusterView( 1152): mBtTetherState :falsemNWBoosterRunning :false
D/MSim-SignalClusterView( 1152): mBtTetherState :falsemNWBoosterRunning :false
D/MSim-SignalClusterView( 1152): mMobileDataState (0)0
D/MSim-SignalClusterView( 1152): mBtTetherState :falsemNWBoosterRunning :false
D/MSim-SignalClusterView( 1152): mBtTetherState :falsemNWBoosterRunning :false
D/MSim-SignalClusterView( 1152): mBtTetherState :falsemNWBoosterRunning :false
D/StatusBar.MSimNetworkController( 1152): refreshSignalCluster, phoneId = 0 mMSimPhoneSignalIconId[0]=com.android.systemui:drawable/stat_sys_signal_4_auto_rotate mMSimDataSignalIconId[0]=com.android.systemui:drawable/stat_sys_signal_4_auto_rotate mMSimDataTypeIconId[0]=(null) mMSimMobileActivityIconId[0]=(null) mNoMSimIconId[0]=(null)
D/MSim-SignalClusterView( 1152): mBtTetherState :falsemNWBoosterRunning :false
D/MSim-SignalClusterView( 1152): mBtTetherState :falsemNWBoosterRunning :false
D/MSim-SignalClusterView( 1152): mMobileDataState (0)0
D/MSim-SignalClusterView( 1152): mBtTetherState :falsemNWBoosterRunning :false
D/MSim-SignalClusterView( 1152): mBtTetherState :falsemNWBoosterRunning :false
D/MSim-SignalClusterView( 1152): mBtTetherState :falsemNWBoosterRunning :false
D/StatusBar.MSimNetworkController( 1152): refreshSignalCluster, phoneId = 0 mMSimPhoneSignalIconId[0]=com.android.systemui:drawable/stat_sys_signal_4_auto_rotate mMSimDataSignalIconId[0]=com.android.systemui:drawable/stat_sys_signal_4_auto_rotate mMSimDataTypeIconId[0]=(null) mMSimMobileActivityIconId[0]=(null) mNoMSimIconId[0]=(null)
E/SMD     (  275): DCD OFF
D/SensorService(  983): [SO] 0.377 2.881 9.547
E/SMD     (  275): DCD OFF
D/SSRM:n  (  983): SIOP:: AP = 340, CUR = -1
D/SensorService(  983): [SO] 0.376 2.880 9.545
D/STATUSBAR-WifiQuickSettingButton( 1152): onWifiSignalChanged enabled=true enabledDesc:"f1comp"
D/StatusBar.MSimNetworkController( 1152): refreshViews phoneId =0, mMSimDataConnected =false mMSimDataActivity =0
D/StatusBar.MSimNetworkController( 1152): refreshViews connected={ wifi } level=4 mMSimcombinedSignalIconId=0x7f0202f6/com.android.systemui:drawable/stat_sys_wifi_signal_4 mMSimcombinedActivityIconId=0x7f0202c5 mAirplaneMode=false mMSimDataActivity=0 mMSimPhoneSignalIconId=0x7f0202b5/com.android.systemui:drawable/stat_sys_signal_4_auto_rotate mMSimDataDirectionIconId=0x0 mMSimDataSignalIconId=0x7f0202b5 mMSimDataTypeIconId=0x0/(null) mNoMSimIconId=0x0/(null) mMSimMobileActivityIconId=0x0/(null) mWifiIconId=0x7f0202f6 mBluetoothTetherIconId=0x7f0202d4 mRoamingIconId=0x 0/(null)
D/MSim-SignalClusterView( 1152): mBtTetherState :falsemNWBoosterRunning :false
D/MSim-SignalClusterView( 1152): mBtTetherState :falsemNWBoosterRunning :false
D/MSim-SignalClusterView( 1152): mMobileDataState (0)0
D/MSim-SignalClusterView( 1152): mBtTetherState :falsemNWBoosterRunning :false
D/MSim-SignalClusterView( 1152): mBtTetherState :falsemNWBoosterRunning :false
D/MSim-SignalClusterView( 1152): mBtTetherState :falsemNWBoosterRunning :false
D/StatusBar.MSimNetworkController( 1152): refreshSignalCluster, phoneId = 0 mMSimPhoneSignalIconId[0]=com.android.systemui:drawable/stat_sys_signal_4_auto_rotate mMSimDataSignalIconId[0]=com.android.systemui:drawable/stat_sys_signal_4_auto_rotate mMSimDataTypeIconId[0]=(null) mMSimMobileActivityIconId[0]=(null) mNoMSimIconId[0]=(null)
D/MSim-SignalClusterView( 1152): mBtTetherState :falsemNWBoosterRunning :false
D/MSim-SignalClusterView( 1152): mBtTetherState :falsemNWBoosterRunning :false
D/MSim-SignalClusterView( 1152): mMobileDataState (0)0
D/MSim-SignalClusterView( 1152): mBtTetherState :falsemNWBoosterRunning :false
D/MSim-SignalClusterView( 1152): mBtTetherState :falsemNWBoosterRunning :false
D/MSim-SignalClusterView( 1152): mBtTetherState :falsemNWBoosterRunning :false
D/StatusBar.MSimNetworkController( 1152): refreshSignalCluster, phoneId = 0 mMSimPhoneSignalIconId[0]=com.android.systemui:drawable/stat_sys_signal_4_auto_rotate mMSimDataSignalIconId[0]=com.android.systemui:drawable/stat_sys_signal_4_auto_rotate mMSimDataTypeIconId[0]=(null) mMSimMobileActivityIconId[0]=(null) mNoMSimIconId[0]=(null)
D/MSim-SignalClusterView( 1152): mBtTetherState :falsemNWBoosterRunning :false
D/MSim-SignalClusterView( 1152): mBtTetherState :falsemNWBoosterRunning :false
D/MSim-SignalClusterView( 1152): mMobileDataState (0)0
D/MSim-SignalClusterView( 1152): mBtTetherState :falsemNWBoosterRunning :false
D/MSim-SignalClusterView( 1152): mBtTetherState :falsemNWBoosterRunning :false
D/MSim-SignalClusterView( 1152): mBtTetherState :falsemNWBoosterRunning :false
D/StatusBar.MSimNetworkController( 1152): refreshSignalCluster, phoneId = 0 mMSimPhoneSignalIconId[0]=com.android.systemui:drawable/stat_sys_signal_4_auto_rotate mMSimDataSignalIconId[0]=com.android.systemui:drawable/stat_sys_signal_4_auto_rotate mMSimDataTypeIconId[0]=(null) mMSimMobileActivityIconId[0]=(null) mNoMSimIconId[0]=(null)
D/MSim-SignalClusterView( 1152): mBtTetherState :falsemNWBoosterRunning :false
D/MSim-SignalClusterView( 1152): mBtTetherState :falsemNWBoosterRunning :false
D/MSim-SignalClusterView( 1152): mMobileDataState (0)0
D/MSim-SignalClusterView( 1152): mBtTetherState :falsemNWBoosterRunning :false
D/MSim-SignalClusterView( 1152): mBtTetherState :falsemNWBoosterRunning :false
D/MSim-SignalClusterView( 1152): mBtTetherState :falsemNWBoosterRunning :false
D/StatusBar.MSimNetworkController( 1152): refreshSignalCluster, phoneId = 0 mMSimPhoneSignalIconId[0]=com.android.systemui:drawable/stat_sys_signal_4_auto_rotate mMSimDataSignalIconId[0]=com.android.systemui:drawable/stat_sys_signal_4_auto_rotate mMSimDataTypeIconId[0]=(null) mMSimMobileActivityIconId[0]=(null) mNoMSimIconId[0]=(null)
E/SMD     (  275): DCD OFF
E/dhcpcd  ( 5521): wlan0: invalid prefix in RA
D/BatteryService(  983): !@BatteryListener : batteryPropertiesChanged!
D/BatteryService(  983): level:100, scale:100, status:5, health:2, present:true, voltage: 4340, temperature: 320, technology: Li-ion, AC powered:false, USB powered:true, POGO powered:false, Wireless powered:false, icon:17303202, invalid charger:0
D/BatteryService(  983): online:4, current avg:-1, charge type:1, power sharing:false, high voltage charger:false, capacity:190000, current_now:-1
D/BatteryService(  983): Sending ACTION_BATTERY_CHANGED.
D/KeyguardUpdateMonitor( 1152): received broadcast android.intent.action.BATTERY_CHANGED
D/KeyguardUpdateMonitor( 1152): handleBatteryUpdate
D/StatusBar.MSimNetworkController( 1152): refreshViews phoneId =0, mMSimDataConnected =false mMSimDataActivity =0
D/STATUSBAR-WifiQuickSettingButton( 1152): onWifiSignalChanged enabled=true enabledDesc:"f1comp"
D/StatusBar.MSimNetworkController( 1152): refreshViews connected={ wifi } level=4 mMSimcombinedSignalIconId=0x7f0202f6/com.android.systemui:drawable/stat_sys_wifi_signal_4 mMSimcombinedActivityIconId=0x7f0202ca mAirplaneMode=false mMSimDataActivity=0 mMSimPhoneSignalIconId=0x7f0202b5/com.android.systemui:drawable/stat_sys_signal_4_auto_rotate mMSimDataDirectionIconId=0x0 mMSimDataSignalIconId=0x7f0202b5 mMSimDataTypeIconId=0x0/(null) mNoMSimIconId=0x0/(null) mMSimMobileActivityIconId=0x0/(null) mWifiIconId=0x7f0202f6 mBluetoothTetherIconId=0x7f0202d4 mRoamingIconId=0x 0/(null)
D/MSim-SignalClusterView( 1152): mBtTetherState :falsemNWBoosterRunning :false
D/MSim-SignalClusterView( 1152): mBtTetherState :falsemNWBoosterRunning :false
D/MSim-SignalClusterView( 1152): mMobileDataState (0)0
D/MSim-SignalClusterView( 1152): mBtTetherState :falsemNWBoosterRunning :false
D/MSim-SignalClusterView( 1152): mBtTetherState :falsemNWBoosterRunning :false
D/MSim-SignalClusterView( 1152): mBtTetherState :falsemNWBoosterRunning :false
D/StatusBar.MSimNetworkController( 1152): refreshSignalCluster, phoneId = 0 mMSimPhoneSignalIconId[0]=com.android.systemui:drawable/stat_sys_signal_4_auto_rotate mMSimDataSignalIconId[0]=com.android.systemui:drawable/stat_sys_signal_4_auto_rotate mMSimDataTypeIconId[0]=(null) mMSimMobileActivityIconId[0]=(null) mNoMSimIconId[0]=(null)
D/MSim-SignalClusterView( 1152): mBtTetherState :falsemNWBoosterRunning :false
D/MSim-SignalClusterView( 1152): mBtTetherState :falsemNWBoosterRunning :false
D/MSim-SignalClusterView( 1152): mMobileDataState (0)0
D/MSim-SignalClusterView( 1152): mBtTetherState :falsemNWBoosterRunning :false
D/MSim-SignalClusterView( 1152): mBtTetherState :falsemNWBoosterRunning :false
D/MSim-SignalClusterView( 1152): mBtTetherState :falsemNWBoosterRunning :false
D/StatusBar.MSimNetworkController( 1152): refreshSignalCluster, phoneId = 0 mMSimPhoneSignalIconId[0]=com.android.systemui:drawable/stat_sys_signal_4_auto_rotate mMSimDataSignalIconId[0]=com.android.systemui:drawable/stat_sys_signal_4_auto_rotate mMSimDataTypeIconId[0]=(null) mMSimMobileActivityIconId[0]=(null) mNoMSimIconId[0]=(null)
D/MSim-SignalClusterView( 1152): mBtTetherState :falsemNWBoosterRunning :false
D/MSim-SignalClusterView( 1152): mBtTetherState :falsemNWBoosterRunning :false
D/MSim-SignalClusterView( 1152): mMobileDataState (0)0
D/MSim-SignalClusterView( 1152): mBtTetherState :falsemNWBoosterRunning :false
D/MSim-SignalClusterView( 1152): mBtTetherState :falsemNWBoosterRunning :false
D/MSim-SignalClusterView( 1152): mBtTetherState :falsemNWBoosterRunning :false
D/StatusBar.MSimNetworkController( 1152): refreshSignalCluster, phoneId = 0 mMSimPhoneSignalIconId[0]=com.android.systemui:drawable/stat_sys_signal_4_auto_rotate mMSimDataSignalIconId[0]=com.android.systemui:drawable/stat_sys_signal_4_auto_rotate mMSimDataTypeIconId[0]=(null) mMSimMobileActivityIconId[0]=(null) mNoMSimIconId[0]=(null)
D/MSim-SignalClusterView( 1152): mBtTetherState :falsemNWBoosterRunning :false
D/MSim-SignalClusterView( 1152): mBtTetherState :falsemNWBoosterRunning :false
D/MSim-SignalClusterView( 1152): mMobileDataState (0)0
D/MSim-SignalClusterView( 1152): mBtTetherState :falsemNWBoosterRunning :false
D/MSim-SignalClusterView( 1152): mBtTetherState :falsemNWBoosterRunning :false
D/MSim-SignalClusterView( 1152): mBtTetherState :falsemNWBoosterRunning :false
D/StatusBar.MSimNetworkController( 1152): refreshSignalCluster, phoneId = 0 mMSimPhoneSignalIconId[0]=com.android.systemui:drawable/stat_sys_signal_4_auto_rotate mMSimDataSignalIconId[0]=com.android.systemui:drawable/stat_sys_signal_4_auto_rotate mMSimDataTypeIconId[0]=(null) mMSimMobileActivityIconId[0]=(null) mNoMSimIconId[0]=(null)
D/BatteryMeterView( 1152): ACTION_BATTERY_CHANGED : level:100 status:5 health:2
D/BatteryMeterView( 1152): ACTION_BATTERY_CHANGED : level:100 status:5 health:2
D/BatteryMeterView( 1152): ACTION_BATTERY_CHANGED : level:100 status:5 health:2
D/SensorService(  983): [SO] 0.374 2.881 9.549
D/ActivityManager(  983): bindService callerProcessName:android, calleePkgName: com.google.android.gms, action: android.content.SyncAdapter
D/ActivityManager(  983): retrieveServiceLocked(): component = com.google.android.gms/com.google.android.gms.fitness.sync.FitnessSyncAdapterService; callingUser = 0; userId(target) = 0
D/ActivityManager(  983): retrieveServiceLocked(): component = com.google.android.gms/com.google.android.gms.fitness.cache.DataUpdateListenerCacheService; callingUser = 0; userId(target) = 0
D/ActivityManager(  983): caller:null, r.packageName :com.google.android.gms
D/ActivityManager(  983): bindService callerProcessName:android, calleePkgName: com.google.android.apps.plus, action: android.content.SyncAdapter
D/ActivityManager(  983): retrieveServiceLocked(): component = com.google.android.apps.plus/com.google.android.apps.plus.service.EsSyncAdapterService; callingUser = 0; userId(target) = 0
E/ActivityManager(  983): checkUser: useridlist=null, currentuser=0
E/ActivityManager(  983): checkUser: useridlist=null, currentuser=0
E/ActivityManager(  983): checkUser: useridlist=null, currentuser=0
E/ActivityManager(  983): checkUser: useridlist=null, currentuser=0
E/Zygote  ( 4290): v2
I/SELinux ( 4290): Function: selinux_compare_spd_ram, SPD-policy is existed. and_ver=SEPF_SM-G530H_5.0.2-1 ver=48
I/SELinux ( 4290): Function: selinux_compare_spd_ram , priority [1] , priority version is VE=SEPF_SM-G530H_5.0.2-1_0048
E/SELinux ( 4290): [DEBUG] get_category: variable seinfo: untrusted sensitivity: NULL, cateogry: NULL
I/libpersona( 4290): KNOX_SDCARD checking this for 10076
I/libpersona( 4290): KNOX_SDCARD not a persona
I/ActivityManager(  983): Start proc com.google.android.apps.plus for service com.google.android.apps.plus/.service.EsSyncAdapterService: pid=4290 uid=10076 gids={50076, 9997, 3003, 3002, 1028, 1015} abi=armeabi-v7a
D/TimaKeyStoreProvider( 4290): in addTimaSignatureService
D/TimaKeyStoreProvider( 4290): Cannot add TimaSignature Service, License check Failed
D/ActivityThread( 4290): Added TimaKesytore provider
E/SMD     (  275): DCD OFF
W/ResourcesManager( 4290): Asset path '/system/framework/com.google.android.maps.jar' does not exist or contains no resources.
W/art     ( 4290): Suspending all threads took: 17.930ms
D/DisplayManager( 4290): DisplayManager()
D/StatusBar.MSimNetworkController( 1152): getNumberOfActiveSim:1
D/StatusBar.MSimNetworkController( 1152): getPhoneSignalIconList: mMaxLevelOfSignalStrengthIndicator = 4 inetCondition = 0
D/StatusBar.MSimNetworkController( 1152): getDataSignalIconId: mMaxLevelOfSignalStrengthIndicator = 4 inetCondition = 0 iconLevel = 4
D/StatusBar.MSimNetworkController( 1152): updateTelephonySignalStrength: iconLevel=4
D/STATUSBAR-WifiQuickSettingButton( 1152): onWifiSignalChanged enabled=true enabledDesc:"f1comp"
D/StatusBar.MSimNetworkController( 1152): onSignalStrengthsChanged received on getPhoneId :0signalStrength=SignalStrength: 14 99 -120 -160 -120 -1 -1 99 2147483647 2147483647 2147483647 -1 2147483647 0x4 gsm|lte level=4
D/StatusBar.MSimNetworkController( 1152): updateTelephonySignalStrength: phoneId =0
D/StatusBar.MSimNetworkController( 1152): updateTelephonySignalStrength iconLevel = 4 mInetCondition = 0
D/StatusBar.MSimNetworkController( 1152): refreshViews phoneId =0, mMSimDataConnected =false mMSimDataActivity =0
D/StatusBar.MSimNetworkController( 1152): refreshViews connected={ wifi } level=4 mMSimcombinedSignalIconId=0x7f0202f6/com.android.systemui:drawable/stat_sys_wifi_signal_4 mMSimcombinedActivityIconId=0x7f0202ca mAirplaneMode=false mMSimDataActivity=0 mMSimPhoneSignalIconId=0x7f0202b5/com.android.systemui:drawable/stat_sys_signal_4_auto_rotate mMSimDataDirectionIconId=0x0 mMSimDataSignalIconId=0x7f0202b5 mMSimDataTypeIconId=0x0/(null) mNoMSimIconId=0x0/(null) mMSimMobileActivityIconId=0x0/(null) mWifiIconId=0x7f0202f6 mBluetoothTetherIconId=0x7f0202d4 mRoamingIconId=0x 0/(null)
D/MSim-SignalClusterView( 1152): mBtTetherState :falsemNWBoosterRunning :false
D/MSim-SignalClusterView( 1152): mBtTetherState :falsemNWBoosterRunning :false
D/MSim-SignalClusterView( 1152): mMobileDataState (0)0
D/MSim-SignalClusterView( 1152): mBtTetherState :falsemNWBoosterRunning :false
D/MSim-SignalClusterView( 1152): mBtTetherState :falsemNWBoosterRunning :false
D/MSim-SignalClusterView( 1152): mBtTetherState :falsemNWBoosterRunning :false
D/StatusBar.MSimNetworkController( 1152): refreshSignalCluster, phoneId = 0 mMSimPhoneSignalIconId[0]=com.android.systemui:drawable/stat_sys_signal_4_auto_rotate mMSimDataSignalIconId[0]=com.android.systemui:drawable/stat_sys_signal_4_auto_rotate mMSimDataTypeIconId[0]=(null) mMSimMobileActivityIconId[0]=(null) mNoMSimIconId[0]=(null)
D/MSim-SignalClusterView( 1152): mBtTetherState :falsemNWBoosterRunning :false
D/MSim-SignalClusterView( 1152): mBtTetherState :falsemNWBoosterRunning :false
D/MSim-SignalClusterView( 1152): mMobileDataState (0)0
D/MSim-SignalClusterView( 1152): mBtTetherState :falsemNWBoosterRunning :false
D/MSim-SignalClusterView( 1152): mBtTetherState :falsemNWBoosterRunning :false
D/MSim-SignalClusterView( 1152): mBtTetherState :falsemNWBoosterRunning :false
D/StatusBar.MSimNetworkController( 1152): refreshSignalCluster, phoneId = 0 mMSimPhoneSignalIconId[0]=com.android.systemui:drawable/stat_sys_signal_4_auto_rotate mMSimDataSignalIconId[0]=com.android.systemui:drawable/stat_sys_signal_4_auto_rotate mMSimDataTypeIconId[0]=(null) mMSimMobileActivityIconId[0]=(null) mNoMSimIconId[0]=(null)
D/MSim-SignalClusterView( 1152): mBtTetherState :falsemNWBoosterRunning :false
D/MSim-SignalClusterView( 1152): mBtTetherState :falsemNWBoosterRunning :false
D/MSim-SignalClusterView( 1152): mMobileDataState (0)0
D/MSim-SignalClusterView( 1152): mBtTetherState :falsemNWBoosterRunning :false
D/MSim-SignalClusterView( 1152): mBtTetherState :falsemNWBoosterRunning :false
D/MSim-SignalClusterView( 1152): mBtTetherState :falsemNWBoosterRunning :false
D/StatusBar.MSimNetworkController( 1152): refreshSignalCluster, phoneId = 0 mMSimPhoneSignalIconId[0]=com.android.systemui:drawable/stat_sys_signal_4_auto_rotate mMSimDataSignalIconId[0]=com.android.systemui:drawable/stat_sys_signal_4_auto_rotate mMSimDataTypeIconId[0]=(null) mMSimMobileActivityIconId[0]=(null) mNoMSimIconId[0]=(null)
D/MSim-SignalClusterView( 1152): mBtTetherState :falsemNWBoosterRunning :false
D/MSim-SignalClusterView( 1152): mBtTetherState :falsemNWBoosterRunning :false
D/MSim-SignalClusterView( 1152): mMobileDataState (0)0
D/MSim-SignalClusterView( 1152): mBtTetherState :falsemNWBoosterRunning :false
D/MSim-SignalClusterView( 1152): mBtTetherState :falsemNWBoosterRunning :false
D/MSim-SignalClusterView( 1152): mBtTetherState :falsemNWBoosterRunning :false
D/StatusBar.MSimNetworkController( 1152): refreshSignalCluster, phoneId = 0 mMSimPhoneSignalIconId[0]=com.android.systemui:drawable/stat_sys_signal_4_auto_rotate mMSimDataSignalIconId[0]=com.android.systemui:drawable/stat_sys_signal_4_auto_rotate mMSimDataTypeIconId[0]=(null) mMSimMobileActivityIconId[0]=(null) mNoMSimIconId[0]=(null)
D/ActivityManager(  983): retrieveServiceLocked(): component = null; callingUser = 0; userId(target) = 0
D/SensorService(  983): [SO] 0.375 2.887 9.553
D/ActivityManager(  983): startService callerProcessName:com.google.android.gms, calleePkgName: com.google.android.gms
D/ActivityManager(  983): retrieveServiceLocked(): component = com.google.android.gms/com.google.android.gms.people.service.PeopleRequestProcessor; callingUser = 0; userId(target) = 0
D/ActivityManager(  983): caller:android.app.ApplicationThreadProxy@abad62f, r.packageName :com.google.android.gms
D/ActivityManager(  983): startService callerProcessName:com.google.android.gms, calleePkgName: com.google.android.gms
D/ActivityManager(  983): retrieveServiceLocked(): component = com.google.android.gms/com.google.android.gms.people.service.PeopleRequestProcessor; callingUser = 0; userId(target) = 0
D/ActivityManager(  983): caller:android.app.ApplicationThreadProxy@71435c5, r.packageName :com.google.android.gms
D/ActivityManager(  983): startService callerProcessName:com.google.android.gms, calleePkgName: com.google.android.gms
D/ActivityManager(  983): retrieveServiceLocked(): component = com.google.android.gms/com.google.android.gms.people.service.bg.PeopleBackgroundTasks; callingUser = 0; userId(target) = 0
D/ActivityManager(  983): caller:android.app.ApplicationThreadProxy@75b1b1a, r.packageName :com.google.android.gms
D/ActivityManager(  983): startService callerProcessName:com.google.android.gms, calleePkgName: com.google.android.gms
D/ActivityManager(  983): retrieveServiceLocked(): component = com.google.android.gms/com.google.android.gms.people.service.bg.PeopleBackgroundTasks; callingUser = 0; userId(target) = 0
D/ActivityManager(  983): caller:android.app.ApplicationThreadProxy@fbd828, r.packageName :com.google.android.gms
D/ActivityManager(  983): startService callerProcessName:com.google.android.gms, calleePkgName: com.google.android.gms
D/ActivityManager(  983): retrieveServiceLocked(): component = com.google.android.gms/com.google.android.gms.people.service.bg.PeopleBackgroundTasks; callingUser = 0; userId(target) = 0
D/ActivityManager(  983): caller:android.app.ApplicationThreadProxy@3e076941, r.packageName :com.google.android.gms
D/ActivityManager(  983): startService callerProcessName:com.google.android.gms, calleePkgName: com.google.android.gms
D/ActivityManager(  983): retrieveServiceLocked(): component = com.google.android.gms/com.google.android.gms.people.service.bg.PeopleBackgroundTasks; callingUser = 0; userId(target) = 0
D/ActivityManager(  983): caller:android.app.ApplicationThreadProxy@147fcee6, r.packageName :com.google.android.gms
D/ActivityManager(  983): startService callerProcessName:com.google.android.gms, calleePkgName: com.google.android.gms
D/ActivityManager(  983): retrieveServiceLocked(): component = com.google.android.gms/com.google.android.gms.people.service.bg.PeopleBackgroundTasks; callingUser = 0; userId(target) = 0
D/ActivityManager(  983): caller:android.app.ApplicationThreadProxy@17595c27, r.packageName :com.google.android.gms
W/art     ( 2262): Suspending all threads took: 6.413ms
I/art     ( 2262): Explicit marksweep + semispace GC freed 18455(798KB) AllocSpace objects, 8(128KB) LOS objects, 24% free, 11MB/14MB, paused 100.689ms total 101.395ms
D/ActivityManager(  983): startService callerProcessName:com.google.android.gms, calleePkgName: com.google.android.gms
D/ActivityManager(  983): retrieveServiceLocked(): component = com.google.android.gms/com.google.android.gms.people.service.PeopleRequestProcessor; callingUser = 0; userId(target) = 0
D/ActivityManager(  983): caller:android.app.ApplicationThreadProxy@184a4ed4, r.packageName :com.google.android.gms
D/ActivityManager(  983): bindService callerProcessName:android, calleePkgName: com.google.android.gms, action: android.accounts.AccountAuthenticator
D/ActivityManager(  983): retrieveServiceLocked(): component = com.google.android.gms/com.google.android.gms.auth.account.authenticator.GoogleAccountAuthenticatorService; callingUser = 0; userId(target) = 0
I/PeopleDatabaseHelper( 2262): cleanUpNonGplusAccounts done.
D/ActivityManager(  983): retrieveServiceLocked(): component = null; callingUser = 0; userId(target) = 0
D/ActivityManager(  983): bindService callerProcessName:android, calleePkgName: com.google.android.apps.plus, action: android.content.SyncAdapter
