D/StatusBar.MSimNetworkController( 1152): updateTelephonySignalStrength: iconLevel=4
D/STATUSBAR-WifiQuickSettingButton( 1152): onWifiSignalChanged enabled=true enabledDesc:"f1comp"
D/SensorService(  983): [SO] 0.379 2.867 9.582
E/SMD     (  275): DCD OFF
D/SensorService(  983): [SO] 0.376 2.873 9.556
E/SMD     (  275): DCD OFF
D/StatusBar.MSimNetworkController( 1152): getNumberOfActiveSim:1
D/StatusBar.MSimNetworkController( 1152): getPhoneSignalIconList: mMaxLevelOfSignalStrengthIndicator = 4 inetCondition = 0
D/StatusBar.MSimNetworkController( 1152): getDataSignalIconId: mMaxLevelOfSignalStrengthIndicator = 4 inetCondition = 0 iconLevel = 4
D/StatusBar.MSimNetworkController( 1152): updateTelephonySignalStrength: iconLevel=4
D/STATUSBAR-WifiQuickSettingButton( 1152): onWifiSignalChanged enabled=true enabledDesc:"f1comp"
D/KeyguardUpdateMonitor( 1152): received broadcast android.intent.action.BATTERY_CHANGED
D/KeyguardUpdateMonitor( 1152): handleBatteryUpdate
D/STATUSBAR-WifiQuickSettingButton( 1152): onWifiSignalChanged enabled=true enabledDesc:"f1comp"
E/SMD     (  275): DCD OFF
D/SensorService(  983): [SO] 0.372 2.870 9.560
D/StatusBar.MSimNetworkController( 1152): getNumberOfActiveSim:1
D/StatusBar.MSimNetworkController( 1152): getPhoneSignalIconList: mMaxLevelOfSignalStrengthIndicator = 4 inetCondition = 0
D/StatusBar.MSimNetworkController( 1152): getDataSignalIconId: mMaxLevelOfSignalStrengthIndicator = 4 inetCondition = 0 iconLevel = 4
D/StatusBar.MSimNetworkController( 1152): updateTelephonySignalStrength: iconLevel=4
D/STATUSBAR-WifiQuickSettingButton( 1152): onWifiSignalChanged enabled=true enabledDesc:"f1comp"
D/STATUSBAR-WifiQuickSettingButton( 1152): onWifiSignalChanged enabled=true enabledDesc:"f1comp"
D/STATUSBAR-WifiQuickSettingButton( 1152): onWifiSignalChanged enabled=true enabledDesc:"f1comp"
E/SMD     (  275): DCD OFF
D/SensorService(  983): [SO] 0.372 2.870 9.562
D/STATUSBAR-WifiQuickSettingButton( 1152): onWifiSignalChanged enabled=true enabledDesc:"f1comp"
D/STATUSBAR-WifiQuickSettingButton( 1152): onWifiSignalChanged enabled=true enabledDesc:"f1comp"
E/SMD     (  275): DCD OFF
D/StatusBar.MSimNetworkController( 1152): getNumberOfActiveSim:1
D/StatusBar.MSimNetworkController( 1152): getPhoneSignalIconList: mMaxLevelOfSignalStrengthIndicator = 4 inetCondition = 0
D/StatusBar.MSimNetworkController( 1152): getDataSignalIconId: mMaxLevelOfSignalStrengthIndicator = 4 inetCondition = 0 iconLevel = 4
D/StatusBar.MSimNetworkController( 1152): updateTelephonySignalStrength: iconLevel=4
D/STATUSBAR-WifiQuickSettingButton( 1152): onWifiSignalChanged enabled=true enabledDesc:"f1comp"
D/SensorService(  983): [SO] 0.369 2.865 9.555
E/SMD     (  275): DCD OFF
D/DataRouter(  274): After the usb select
D/DataRouter(  274): read usb data[len:1]
D/DataRouter(  274): read usb data message:A
D/DataRouter(  274): Before the usb select
E/SMD     (  275): ***Received data notification[DR->SMD]***
E/SMD     (  275): Message:A
E/SMD     (  275): Sending data to SMD: Len = [1]
E/SMD     (  275):  buffer = [A]
E/SMD     (  275): Wrote 1 chars to SMD PORT fd=7 ch = 41
D/DataRouter(  274): After the usb select
D/DataRouter(  274): read usb data[len:1]
D/DataRouter(  274): read usb data message:T
D/DataRouter(  274): Before the usb select
E/SMD     (  275): ***Received data notification[DR->SMD]***
E/SMD     (  275): Message:T
E/SMD     (  275): Sending data to SMD: Len = [1]
E/SMD     (  275):  buffer = [T]
E/SMD     (  275): Wrote 1 chars to SMD PORT fd=7 ch = 54
D/DataRouter(  274): After the usb select
D/DataRouter(  274): read usb data[len:1]
D/DataRouter(  274): read usb data message:+
D/DataRouter(  274): Before the usb select
E/SMD     (  275): ***Received data notification[DR->SMD]***
E/SMD     (  275): Message:+
E/SMD     (  275): Sending data to SMD: Len = [1]
E/SMD     (  275):  buffer = [+]
E/SMD     (  275): Wrote 1 chars to SMD PORT fd=7 ch = 2b
D/DataRouter(  274): After the usb select
D/DataRouter(  274): read usb data[len:1]
D/DataRouter(  274): read usb data message:C
D/DataRouter(  274): Before the usb select
E/SMD     (  275): ***Received data notification[DR->SMD]***
E/SMD     (  275): Message:C
E/SMD     (  275): Sending data to SMD: Len = [1]
E/SMD     (  275):  buffer = [C]
E/SMD     (  275): Wrote 1 chars to SMD PORT fd=7 ch = 43
D/DataRouter(  274): After the usb select
D/DataRouter(  274): read usb data[len:1]
D/DataRouter(  274): read usb data message:I
D/DataRouter(  274): Before the usb select
E/SMD     (  275): ***Received data notification[DR->SMD]***
E/SMD     (  275): Message:I
E/SMD     (  275): Sending data to SMD: Len = [1]
E/SMD     (  275):  buffer = [I]
E/SMD     (  275): Wrote 1 chars to SMD PORT fd=7 ch = 49
D/DataRouter(  274): After the usb select
D/DataRouter(  274): read usb data[len:1]
D/DataRouter(  274): read usb data message:N
D/DataRouter(  274): Before the usb select
E/SMD     (  275): ***Received data notification[DR->SMD]***
E/SMD     (  275): Message:N
E/SMD     (  275): Sending data to SMD: Len = [1]
E/SMD     (  275):  buffer = [N]
E/SMD     (  275): Wrote 1 chars to SMD PORT fd=7 ch = 4e
D/DataRouter(  274): After the usb select
D/DataRouter(  274): read usb data[len:1]
D/DataRouter(  274): read usb data message:D
D/DataRouter(  274): Before the usb select
E/SMD     (  275): ***Received data notification[DR->SMD]***
E/SMD     (  275): Message:D
E/SMD     (  275): Sending data to SMD: Len = [1]
E/SMD     (  275):  buffer = [D]
E/SMD     (  275): Wrote 1 chars to SMD PORT fd=7 ch = 44
D/DataRouter(  274): After the usb select
D/DataRouter(  274): read usb data[len:1]
D/DataRouter(  274): read usb data message:?
D/DataRouter(  274): Before the usb select
E/SMD     (  275): ***Received data notification[DR->SMD]***
E/SMD     (  275): Message:?
E/SMD     (  275): Sending data to SMD: Len = [1]
E/SMD     (  275):  buffer = [?]
E/SMD     (  275): Wrote 1 chars to SMD PORT fd=7 ch = 3f
D/DataRouter(  274): After the usb select
D/DataRouter(  274): read usb data[len:1]
D/DataRouter(  274): read usb data message:
D/DataRouter(  274): Before the usb select
E/SMD     (  275): ***Received data notification[DR->SMD]***
E/SMD     (  275): Message:
E/SMD     (  275): Sending data to SMD: Len = [1]
E/SMD     (  275):  buffer = []
E/SMD     (  275): Wrote 1 chars to SMD PORT fd=7 ch = d
E/SMD     (  275): After the Modem Read select 
E/SMD     (  275): Read 32 chars from SMD Modem file fd = 7
E/SMD     (  275):  Message: 
E/SMD     (  275): +CIND: 0,2,1,0,0,0,1,0
E/SMD     (  275): 
E/SMD     (  275): OK
E/SMD     (  275): 
E/SMD     (  275): 
E/SMD     (  275): OK
E/SMD     (  275): 5)),("service",(0-1)),("call",(0-1)),("roam",(0-1)),("smsfull",(0-1)),("GPRS coverage",(0-1)),("callsetup",(0-3))
E/SMD     (  275): 
E/SMD     (  275): OK
E/SMD     (  275): 
E/SMD     (  275): 
E/SMD     (  275): Before the Modem Read select 
D/DataRouter(  274): write [32] bytes of data to USB fd[10]
D/StatusBar.MSimNetworkController( 1152): getNumberOfActiveSim:1
D/StatusBar.MSimNetworkController( 1152): getPhoneSignalIconList: mMaxLevelOfSignalStrengthIndicator = 4 inetCondition = 0
D/StatusBar.MSimNetworkController( 1152): getDataSignalIconId: mMaxLevelOfSignalStrengthIndicator = 4 inetCondition = 0 iconLevel = 4
D/StatusBar.MSimNetworkController( 1152): updateTelephonySignalStrength: iconLevel=4
D/STATUSBAR-WifiQuickSettingButton( 1152): onWifiSignalChanged enabled=true enabledDesc:"f1comp"
D/SensorService(  983): [SO] 0.373 2.880 9.550
E/SMD     (  275): DCD OFF
D/SensorService(  983): [SO] 0.368 2.875 9.566
D/KeyguardUpdateMonitor( 1152): received broadcast android.intent.action.TIME_TICK
D/KeyguardUpdateMonitor( 1152): handleTimeUpdate
D/SecKeyguardClockView( 1152): isNetworkRoaming=false, isHomeTimeZoneExist=true
D/SecKeyguardClockView( 1152): onTimeChanged() : mShouldShowDualClock - false, isDualClockSet() -false
D/SecKeyguardClockView( 1152): setAutoHomeTimezone() - autoHomeTimeZoneId: Asia/Krasnoyarsk
D/SecKeyguardClockView( 1152): isNetworkRoaming=false, isHomeTimeZoneExist=true
D/DateView( 1152): regionalDateFormat = 22.11.3333 isRTLlanguage = false returnDateFormat = E, d MMMM
D/DateView( 1152): regionalDateFormat = 22.11.3333 isRTLlanguage = false returnDateFormat = E, d MMMM
D/DateView( 1152): regionalDateFormat = 22.11.3333 isRTLlanguage = false returnDateFormat = E, d MMMM
D/        ( 7162): action : android.intent.action.TIME_TICK
D/        ( 7162): getInstance
D/        ( 7162): direct update clock
D/MAR     ( 7162): Locale: ru
D/KeyguardEffectViewController( 1152): onReceive action : android.intent.action.TIME_TICK
I/KeyguardEffectViewController( 1152): *** don't update sliding image ***
E/SMD     (  275): DCD OFF
D/SensorService(  983): [SO] 0.372 2.864 9.570
D/STATUSBAR-WifiQuickSettingButton( 1152): onWifiSignalChanged enabled=true enabledDesc:"f1comp"
D/StatusBar.MSimNetworkController( 1152): getNumberOfActiveSim:1
D/StatusBar.MSimNetworkController( 1152): getPhoneSignalIconList: mMaxLevelOfSignalStrengthIndicator = 4 inetCondition = 0
D/StatusBar.MSimNetworkController( 1152): getDataSignalIconId: mMaxLevelOfSignalStrengthIndicator = 4 inetCondition = 0 iconLevel = 4
D/StatusBar.MSimNetworkController( 1152): updateTelephonySignalStrength: iconLevel=4
D/STATUSBAR-WifiQuickSettingButton( 1152): onWifiSignalChanged enabled=true enabledDesc:"f1comp"
D/STATUSBAR-WifiQuickSettingButton( 1152): onWifiSignalChanged enabled=true enabledDesc:"f1comp"
E/SMD     (  275): DCD OFF
D/STATUSBAR-WifiQuickSettingButton( 1152): onWifiSignalChanged enabled=true enabledDesc:"f1comp"
D/KeyguardUpdateMonitor( 1152): received broadcast android.intent.action.BATTERY_CHANGED
D/KeyguardUpdateMonitor( 1152): handleBatteryUpdate
D/STATUSBAR-WifiQuickSettingButton( 1152): onWifiSignalChanged enabled=true enabledDesc:"f1comp"
D/SensorService(  983): [SO] 0.379 2.872 9.557
D/StatusBar.MSimNetworkController( 1152): getNumberOfActiveSim:1
D/StatusBar.MSimNetworkController( 1152): getPhoneSignalIconList: mMaxLevelOfSignalStrengthIndicator = 4 inetCondition = 0
D/StatusBar.MSimNetworkController( 1152): getDataSignalIconId: mMaxLevelOfSignalStrengthIndicator = 4 inetCondition = 0 iconLevel = 4
D/StatusBar.MSimNetworkController( 1152): updateTelephonySignalStrength: iconLevel=4
D/STATUSBAR-WifiQuickSettingButton( 1152): onWifiSignalChanged enabled=true enabledDesc:"f1comp"
E/SMD     (  275): DCD OFF
D/SensorService(  983): [SO] 0.375 2.870 9.558
E/SMD     (  275): After the Modem Read select 
E/SMD     (  275): Read 14 chars from SMD Modem file fd = 7
E/SMD     (  275):  Message: 
E/SMD     (  275): +CIEV: 1,3
E/SMD     (  275): ,0,0,0,1,0
E/SMD     (  275): 
E/SMD     (  275): OK
E/SMD     (  275): 
E/SMD     (  275): 
E/SMD     (  275): OK
E/SMD     (  275): 5)),("service",(0-1)),("call",(0-1)),("roam",(0-1)),("smsfull",(0-1)),("GPRS coverage",(0-1)),("callsetup",(0-3))
E/SMD     (  275): 
E/SMD     (  275): OK
E/SMD     (  275): 
E/SMD     (  275): 
E/SMD     (  275): Before the Modem Read select 
D/DataRouter(  274): write [14] bytes of data to USB fd[10]
E/SMD     (  275): DCD OFF
D/StatusBar.MSimNetworkController( 1152): getNumberOfActiveSim:1
D/StatusBar.MSimNetworkController( 1152): getPhoneSignalIconList: mMaxLevelOfSignalStrengthIndicator = 4 inetCondition = 0
D/StatusBar.MSimNetworkController( 1152): getDataSignalIconId: mMaxLevelOfSignalStrengthIndicator = 4 inetCondition = 0 iconLevel = 4
D/StatusBar.MSimNetworkController( 1152): updateTelephonySignalStrength: iconLevel=4
D/STATUSBAR-WifiQuickSettingButton( 1152): onWifiSignalChanged enabled=true enabledDesc:"f1comp"
D/SensorService(  983): [SO] 0.375 2.864 9.567
E/SMD     (  275): DCD OFF
D/SensorService(  983): [SO] 0.369 2.872 9.570
E/SMD     (  275): DCD OFF
D/StatusBar.MSimNetworkController( 1152): getNumberOfActiveSim:1
D/StatusBar.MSimNetworkController( 1152): getPhoneSignalIconList: mMaxLevelOfSignalStrengthIndicator = 4 inetCondition = 0
D/StatusBar.MSimNetworkController( 1152): getDataSignalIconId: mMaxLevelOfSignalStrengthIndicator = 4 inetCondition = 0 iconLevel = 4
D/StatusBar.MSimNetworkController( 1152): updateTelephonySignalStrength: iconLevel=4
D/STATUSBAR-WifiQuickSettingButton( 1152): onWifiSignalChanged enabled=true enabledDesc:"f1comp"
D/StatusBar.MSimNetworkController( 1152): getNumberOfActiveSim:1
D/StatusBar.MSimNetworkController( 1152): getPhoneSignalIconList: mMaxLevelOfSignalStrengthIndicator = 4 inetCondition = 0
D/StatusBar.MSimNetworkController( 1152): getDataSignalIconId: mMaxLevelOfSignalStrengthIndicator = 4 inetCondition = 0 iconLevel = 4
D/StatusBar.MSimNetworkController( 1152): updateTelephonySignalStrength: iconLevel=4
D/STATUSBAR-WifiQuickSettingButton( 1152): onWifiSignalChanged enabled=true enabledDesc:"f1comp"
E/SMD     (  275): DCD OFF
D/SensorService(  983): [SO] 0.378 2.863 9.564
E/SPPClientService(32491): [[PushClientService]] F:false, D:false, E:false, T:false, S:true, R:false
I/EventLogChimeraService( 2262): Aggregate from 1468161136988 (log), 1468161136988 (data)
D/STATUSBAR-WifiQuickSettingButton( 1152): onWifiSignalChanged enabled=true enabledDesc:"f1comp"
D/DropBoxEntryAddedChimeraService( 2262): User is not opted-in to Usage & Diagnostics or Lockbox.
D/STATUSBAR-WifiQuickSettingButton( 1152): onWifiSignalChanged enabled=true enabledDesc:"f1comp"
E/SMD     (  275): DCD OFF
D/StatusBar.MSimNetworkController( 1152): getNumberOfActiveSim:1
D/StatusBar.MSimNetworkController( 1152): getPhoneSignalIconList: mMaxLevelOfSignalStrengthIndicator = 4 inetCondition = 0
D/StatusBar.MSimNetworkController( 1152): getDataSignalIconId: mMaxLevelOfSignalStrengthIndicator = 4 inetCondition = 0 iconLevel = 4
D/StatusBar.MSimNetworkController( 1152): updateTelephonySignalStrength: iconLevel=4
D/STATUSBAR-WifiQuickSettingButton( 1152): onWifiSignalChanged enabled=true enabledDesc:"f1comp"
D/SensorService(  983): [SO] 0.366 2.879 9.564
D/STATUSBAR-WifiQuickSettingButton( 1152): onWifiSignalChanged enabled=true enabledDesc:"f1comp"
E/SMD     (  275): DCD OFF
D/SensorService(  983): [SO] 0.368 2.869 9.563
D/DataRouter(  274): After the usb select
D/DataRouter(  274): read usb data[len:1]
D/DataRouter(  274): read usb data message:A
D/DataRouter(  274): Before the usb select
E/SMD     (  275): ***Received data notification[DR->SMD]***
E/SMD     (  275): Message:A
E/SMD     (  275): Sending data to SMD: Len = [1]
E/SMD     (  275):  buffer = [A]
E/SMD     (  275): Wrote 1 chars to SMD PORT fd=7 ch = 41
D/DataRouter(  274): After the usb select
D/DataRouter(  274): read usb data[len:1]
D/DataRouter(  274): read usb data message:T
D/DataRouter(  274): Before the usb select
E/SMD     (  275): ***Received data notification[DR->SMD]***
E/SMD     (  275): Message:T
E/SMD     (  275): Sending data to SMD: Len = [1]
E/SMD     (  275):  buffer = [T]
E/SMD     (  275): Wrote 1 chars to SMD PORT fd=7 ch = 54
D/DataRouter(  274): After the usb select
D/DataRouter(  274): read usb data[len:1]
D/DataRouter(  274): read usb data message:+
D/DataRouter(  274): Before the usb select
E/SMD     (  275): ***Received data notification[DR->SMD]***
E/SMD     (  275): Message:+
E/SMD     (  275): Sending data to SMD: Len = [1]
E/SMD     (  275):  buffer = [+]
E/SMD     (  275): Wrote 1 chars to SMD PORT fd=7 ch = 2b
D/DataRouter(  274): After the usb select
D/DataRouter(  274): read usb data[len:1]
D/DataRouter(  274): read usb data message:C
D/DataRouter(  274): Before the usb select
E/SMD     (  275): ***Received data notification[DR->SMD]***
E/SMD     (  275): Message:C
E/SMD     (  275): Sending data to SMD: Len = [1]
E/SMD     (  275):  buffer = [C]
E/SMD     (  275): Wrote 1 chars to SMD PORT fd=7 ch = 43
D/DataRouter(  274): After the usb select
D/DataRouter(  274): read usb data[len:1]
D/DataRouter(  274): read usb data message:I
D/DataRouter(  274): Before the usb select
E/SMD     (  275): ***Received data notification[DR->SMD]***
E/SMD     (  275): Message:I
E/SMD     (  275): Sending data to SMD: Len = [1]
E/SMD     (  275):  buffer = [I]
E/SMD     (  275): Wrote 1 chars to SMD PORT fd=7 ch = 49
D/DataRouter(  274): After the usb select
D/DataRouter(  274): read usb data[len:1]
D/DataRouter(  274): read usb data message:N
D/DataRouter(  274): Before the usb select
E/SMD     (  275): ***Received data notification[DR->SMD]***
E/SMD     (  275): Message:N
E/SMD     (  275): Sending data to SMD: Len = [1]
E/SMD     (  275):  buffer = [N]
E/SMD     (  275): Wrote 1 chars to SMD PORT fd=7 ch = 4e
D/DataRouter(  274): After the usb select
D/DataRouter(  274): read usb data[len:1]
D/DataRouter(  274): read usb data message:D
D/DataRouter(  274): Before the usb select
E/SMD     (  275): ***Received data notification[DR->SMD]***
E/SMD     (  275): Message:D
E/SMD     (  275): Sending data to SMD: Len = [1]
E/SMD     (  275):  buffer = [D]
E/SMD     (  275): Wrote 1 chars to SMD PORT fd=7 ch = 44
D/DataRouter(  274): After the usb select
D/DataRouter(  274): read usb data[len:1]
D/DataRouter(  274): read usb data message:?
D/DataRouter(  274): Before the usb select
E/SMD     (  275): ***Received data notification[DR->SMD]***
E/SMD     (  275): Message:?
E/SMD     (  275): Sending data to SMD: Len = [1]
E/SMD     (  275):  buffer = [?]
E/SMD     (  275): Wrote 1 chars to SMD PORT fd=7 ch = 3f
D/DataRouter(  274): After the usb select
D/DataRouter(  274): read usb data[len:1]
D/DataRouter(  274): read usb data message:
D/DataRouter(  274): Before the usb select
E/SMD     (  275): ***Received data notification[DR->SMD]***
E/SMD     (  275): Message:
E/SMD     (  275): Sending data to SMD: Len = [1]
E/SMD     (  275):  buffer = []
E/SMD     (  275): Wrote 1 chars to SMD PORT fd=7 ch = d
E/SMD     (  275): After the Modem Read select 
E/SMD     (  275): Read 32 chars from SMD Modem file fd = 7
E/SMD     (  275):  Message: 
E/SMD     (  275): +CIND: 0,3,1,0,0,0,1,0
E/SMD     (  275): 
E/SMD     (  275): OK
E/SMD     (  275): 
E/SMD     (  275): 
E/SMD     (  275): OK
E/SMD     (  275): 5)),("service",(0-1)),("call",(0-1)),("roam",(0-1)),("smsfull",(0-1)),("GPRS coverage",(0-1)),("callsetup",(0-3))
E/SMD     (  275): 
E/SMD     (  275): OK
E/SMD     (  275): 
E/SMD     (  275): 
E/SMD     (  275): Before the Modem Read select 
D/DataRouter(  274): write [32] bytes of data to USB fd[10]
D/STATUSBAR-WifiQuickSettingButton( 1152): onWifiSignalChanged enabled=true enabledDesc:"f1comp"
E/SMD     (  275): DCD OFF
D/SensorService(  983): [SO] 0.375 2.866 9.563
E/SMD     (  275): DCD OFF
D/SensorService(  983): [SO] 0.387 2.867 9.553
D/StatusBar.MSimNetworkController( 1152): getNumberOfActiveSim:1
D/StatusBar.MSimNetworkController( 1152): getPhoneSignalIconList: mMaxLevelOfSignalStrengthIndicator = 4 inetCondition = 0
D/StatusBar.MSimNetworkController( 1152): getDataSignalIconId: mMaxLevelOfSignalStrengthIndicator = 4 inetCondition = 0 iconLevel = 4
D/StatusBar.MSimNetworkController( 1152): updateTelephonySignalStrength: iconLevel=4
D/STATUSBAR-WifiQuickSettingButton( 1152): onWifiSignalChanged enabled=true enabledDesc:"f1comp"
E/SMD     (  275): DCD OFF
D/SensorService(  983): [SO] 0.378 2.873 9.562
E/SMD     (  275): DCD OFF
D/StatusBar.MSimNetworkController( 1152): getNumberOfActiveSim:1
D/StatusBar.MSimNetworkController( 1152): getPhoneSignalIconList: mMaxLevelOfSignalStrengthIndicator = 4 inetCondition = 0
D/StatusBar.MSimNetworkController( 1152): getDataSignalIconId: mMaxLevelOfSignalStrengthIndicator = 4 inetCondition = 0 iconLevel = 4
D/StatusBar.MSimNetworkController( 1152): updateTelephonySignalStrength: iconLevel=4
D/STATUSBAR-WifiQuickSettingButton( 1152): onWifiSignalChanged enabled=true enabledDesc:"f1comp"
D/SensorService(  983): [SO] 0.368 2.871 9.553
E/SMD     (  275): DCD OFF
D/StatusBar.MSimNetworkController( 1152): getNumberOfActiveSim:1
D/StatusBar.MSimNetworkController( 1152): getPhoneSignalIconList: mMaxLevelOfSignalStrengthIndicator = 4 inetCondition = 0
D/StatusBar.MSimNetworkController( 1152): getDataSignalIconId: mMaxLevelOfSignalStrengthIndicator = 4 inetCondition = 0 iconLevel = 4
D/StatusBar.MSimNetworkController( 1152): updateTelephonySignalStrength: iconLevel=4
D/STATUSBAR-WifiQuickSettingButton( 1152): onWifiSignalChanged enabled=true enabledDesc:"f1comp"
D/SensorService(  983): [SO] 0.379 2.863 9.561
E/SMD     (  275): DCD OFF
D/StatusBar.MSimNetworkController( 1152): getNumberOfActiveSim:1
D/StatusBar.MSimNetworkController( 1152): getPhoneSignalIconList: mMaxLevelOfSignalStrengthIndicator = 4 inetCondition = 0
D/StatusBar.MSimNetworkController( 1152): getDataSignalIconId: mMaxLevelOfSignalStrengthIndicator = 4 inetCondition = 0 iconLevel = 4
D/StatusBar.MSimNetworkController( 1152): updateTelephonySignalStrength: iconLevel=4
D/STATUSBAR-WifiQuickSettingButton( 1152): onWifiSignalChanged enabled=true enabledDesc:"f1comp"
D/SensorService(  983): [SO] 0.371 2.875 9.568
E/SMD     (  275): DCD OFF
E/dhcpcd  ( 5521): wlan0: invalid prefix in RA
D/SensorService(  983): [SO] 0.488 2.919 9.163
D/STATUSBAR-WifiQuickSettingButton( 1152): onWifiSignalChanged enabled=true enabledDesc:"f1comp"
E/SMD     (  275): DCD OFF
D/StatusBar.MSimNetworkController( 1152): getNumberOfActiveSim:1
D/StatusBar.MSimNetworkController( 1152): getPhoneSignalIconList: mMaxLevelOfSignalStrengthIndicator = 4 inetCondition = 0
D/StatusBar.MSimNetworkController( 1152): getDataSignalIconId: mMaxLevelOfSignalStrengthIndicator = 4 inetCondition = 0 iconLevel = 4
D/StatusBar.MSimNetworkController( 1152): updateTelephonySignalStrength: iconLevel=4
D/STATUSBAR-WifiQuickSettingButton( 1152): onWifiSignalChanged enabled=true enabledDesc:"f1comp"
D/STATUSBAR-WifiQuickSettingButton( 1152): onWifiSignalChanged enabled=true enabledDesc:"f1comp"
D/StatusBar.MSimNetworkController( 1152): getNumberOfActiveSim:1
D/StatusBar.MSimNetworkController( 1152): getPhoneSignalIconList: mMaxLevelOfSignalStrengthIndicator = 4 inetCondition = 0
D/StatusBar.MSimNetworkController( 1152): getDataSignalIconId: mMaxLevelOfSignalStrengthIndicator = 4 inetCondition = 0 iconLevel = 4
D/StatusBar.MSimNetworkController( 1152): updateTelephonySignalStrength: iconLevel=4
D/STATUSBAR-WifiQuickSettingButton( 1152): onWifiSignalChanged enabled=true enabledDesc:"f1comp"
E/SMD     (  275): DCD OFF
D/SensorService(  983): [SO] 0.369 2.881 9.561
D/StatusBar.MSimNetworkController( 1152): getNumberOfActiveSim:1
D/StatusBar.MSimNetworkController( 1152): getPhoneSignalIconList: mMaxLevelOfSignalStrengthIndicator = 4 inetCondition = 0
D/StatusBar.MSimNetworkController( 1152): getDataSignalIconId: mMaxLevelOfSignalStrengthIndicator = 4 inetCondition = 0 iconLevel = 4
D/StatusBar.MSimNetworkController( 1152): updateTelephonySignalStrength: iconLevel=4
D/STATUSBAR-WifiQuickSettingButton( 1152): onWifiSignalChanged enabled=true enabledDesc:"f1comp"
E/SMD     (  275): DCD OFF
D/StatusBar.MSimNetworkController( 1152): getNumberOfActiveSim:1
D/StatusBar.MSimNetworkController( 1152): getPhoneSignalIconList: mMaxLevelOfSignalStrengthIndicator = 4 inetCondition = 0
D/StatusBar.MSimNetworkController( 1152): getDataSignalIconId: mMaxLevelOfSignalStrengthIndicator = 4 inetCondition = 0 iconLevel = 4
D/StatusBar.MSimNetworkController( 1152): updateTelephonySignalStrength: iconLevel=4
D/STATUSBAR-WifiQuickSettingButton( 1152): onWifiSignalChanged enabled=true enabledDesc:"f1comp"
D/SensorService(  983): [SO] 0.361 2.881 9.561
D/DataRouter(  274): After the usb select
D/DataRouter(  274): read usb data[len:1]
D/DataRouter(  274): read usb data message:A
D/DataRouter(  274): Before the usb select
E/SMD     (  275): ***Received data notification[DR->SMD]***
E/SMD     (  275): Message:A
E/SMD     (  275): Sending data to SMD: Len = [1]
E/SMD     (  275):  buffer = [A]
E/SMD     (  275): Wrote 1 chars to SMD PORT fd=7 ch = 41
D/DataRouter(  274): After the usb select
D/DataRouter(  274): read usb data[len:1]
D/DataRouter(  274): read usb data message:T
D/DataRouter(  274): Before the usb select
E/SMD     (  275): ***Received data notification[DR->SMD]***
E/SMD     (  275): Message:T
E/SMD     (  275): Sending data to SMD: Len = [1]
E/SMD     (  275):  buffer = [T]
E/SMD     (  275): Wrote 1 chars to SMD PORT fd=7 ch = 54
D/DataRouter(  274): After the usb select
D/DataRouter(  274): read usb data[len:1]
D/DataRouter(  274): read usb data message:+
D/DataRouter(  274): Before the usb select
E/SMD     (  275): ***Received data notification[DR->SMD]***
E/SMD     (  275): Message:+
E/SMD     (  275): Sending data to SMD: Len = [1]
E/SMD     (  275):  buffer = [+]
E/SMD     (  275): Wrote 1 chars to SMD PORT fd=7 ch = 2b
D/DataRouter(  274): After the usb select
D/DataRouter(  274): read usb data[len:1]
D/DataRouter(  274): read usb data message:C
D/DataRouter(  274): Before the usb select
E/SMD     (  275): ***Received data notification[DR->SMD]***
E/SMD     (  275): Message:C
E/SMD     (  275): Sending data to SMD: Len = [1]
E/SMD     (  275):  buffer = [C]
E/SMD     (  275): Wrote 1 chars to SMD PORT fd=7 ch = 43
D/DataRouter(  274): After the usb select
D/DataRouter(  274): read usb data[len:1]
D/DataRouter(  274): read usb data message:I
D/DataRouter(  274): Before the usb select
E/SMD     (  275): ***Received data notification[DR->SMD]***
E/SMD     (  275): Message:I
E/SMD     (  275): Sending data to SMD: Len = [1]
E/SMD     (  275):  buffer = [I]
E/SMD     (  275): Wrote 1 chars to SMD PORT fd=7 ch = 49
D/DataRouter(  274): After the usb select
D/DataRouter(  274): read usb data[len:1]
D/DataRouter(  274): read usb data message:N
D/DataRouter(  274): Before the usb select
E/SMD     (  275): ***Received data notification[DR->SMD]***
E/SMD     (  275): Message:N
E/SMD     (  275): Sending data to SMD: Len = [1]
E/SMD     (  275):  buffer = [N]
E/SMD     (  275): Wrote 1 chars to SMD PORT fd=7 ch = 4e
D/DataRouter(  274): After the usb select
D/DataRouter(  274): read usb data[len:1]
D/DataRouter(  274): read usb data message:D
D/DataRouter(  274): Before the usb select
E/SMD     (  275): ***Received data notification[DR->SMD]***
E/SMD     (  275): Message:D
E/SMD     (  275): Sending data to SMD: Len = [1]
E/SMD     (  275):  buffer = [D]
E/SMD     (  275): Wrote 1 chars to SMD PORT fd=7 ch = 44
D/DataRouter(  274): After the usb select
D/DataRouter(  274): read usb data[len:1]
D/DataRouter(  274): read usb data message:?
D/DataRouter(  274): Before the usb select
E/SMD     (  275): ***Received data notification[DR->SMD]***
E/SMD     (  275): Message:?
E/SMD     (  275): Sending data to SMD: Len = [1]
E/SMD     (  275):  buffer = [?]
E/SMD     (  275): Wrote 1 chars to SMD PORT fd=7 ch = 3f
D/DataRouter(  274): After the usb select
D/DataRouter(  274): read usb data[len:1]
D/DataRouter(  274): read usb data message:
D/DataRouter(  274): Before the usb select
E/SMD     (  275): ***Received data notification[DR->SMD]***
E/SMD     (  275): Message:
E/SMD     (  275): Sending data to SMD: Len = [1]
E/SMD     (  275):  buffer = []
E/SMD     (  275): Wrote 1 chars to SMD PORT fd=7 ch = d
E/SMD     (  275): After the Modem Read select 
E/SMD     (  275): Read 32 chars from SMD Modem file fd = 7
E/SMD     (  275):  Message: 
E/SMD     (  275): +CIND: 0,3,1,0,0,0,1,0
E/SMD     (  275): 
E/SMD     (  275): OK
E/SMD     (  275): 
E/SMD     (  275): 
E/SMD     (  275): OK
E/SMD     (  275): 5)),("service",(0-1)),("call",(0-1)),("roam",(0-1)),("smsfull",(0-1)),("GPRS coverage",(0-1)),("callsetup",(0-3))
E/SMD     (  275): 
E/SMD     (  275): OK
E/SMD     (  275): 
E/SMD     (  275): 
E/SMD     (  275): Before the Modem Read select 
D/DataRouter(  274): write [32] bytes of data to USB fd[10]
E/SMD     (  275): DCD OFF
D/StatusBar.MSimNetworkController( 1152): getNumberOfActiveSim:1
D/StatusBar.MSimNetworkController( 1152): getPhoneSignalIconList: mMaxLevelOfSignalStrengthIndicator = 4 inetCondition = 0
D/StatusBar.MSimNetworkController( 1152): getDataSignalIconId: mMaxLevelOfSignalStrengthIndicator = 4 inetCondition = 0 iconLevel = 4
D/StatusBar.MSimNetworkController( 1152): updateTelephonySignalStrength: iconLevel=4
D/STATUSBAR-WifiQuickSettingButton( 1152): onWifiSignalChanged enabled=true enabledDesc:"f1comp"
D/SensorService(  983): [SO] 0.368 2.878 9.556
E/SMD     (  275): After the Modem Read select 
E/SMD     (  275): Read 14 chars from SMD Modem file fd = 7
E/SMD     (  275):  Message: 
E/SMD     (  275): +CIEV: 1,2
E/SMD     (  275): ,0,0,0,1,0
E/SMD     (  275): 
E/SMD     (  275): OK
E/SMD     (  275): 
E/SMD     (  275): 
E/SMD     (  275): OK
E/SMD     (  275): 5)),("service",(0-1)),("call",(0-1)),("roam",(0-1)),("smsfull",(0-1)),("GPRS coverage",(0-1)),("callsetup",(0-3))
E/SMD     (  275): 
E/SMD     (  275): OK
E/SMD     (  275): 
E/SMD     (  275): 
E/SMD     (  275): Before the Modem Read select 
D/DataRouter(  274): write [14] bytes of data to USB fd[10]
D/KeyguardUpdateMonitor( 1152): received broadcast android.intent.action.TIME_TICK
D/KeyguardUpdateMonitor( 1152): handleTimeUpdate
D/SecKeyguardClockView( 1152): isNetworkRoaming=false, isHomeTimeZoneExist=true
D/SecKeyguardClockView( 1152): onTimeChanged() : mShouldShowDualClock - false, isDualClockSet() -false
D/SecKeyguardClockView( 1152): setAutoHomeTimezone() - autoHomeTimeZoneId: Asia/Krasnoyarsk
D/SecKeyguardClockView( 1152): isNetworkRoaming=false, isHomeTimeZoneExist=true
D/DateView( 1152): regionalDateFormat = 22.11.3333 isRTLlanguage = false returnDateFormat = E, d MMMM
D/DateView( 1152): regionalDateFormat = 22.11.3333 isRTLlanguage = false returnDateFormat = E, d MMMM
D/DateView( 1152): regionalDateFormat = 22.11.3333 isRTLlanguage = false returnDateFormat = E, d MMMM
D/        ( 7162): action : android.intent.action.TIME_TICK
D/        ( 7162): getInstance
D/        ( 7162): direct update clock
D/MAR     ( 7162): Locale: ru
D/KeyguardEffectViewController( 1152): onReceive action : android.intent.action.TIME_TICK
I/KeyguardEffectViewController( 1152): *** don't update sliding image ***
E/SMD     (  275): DCD OFF
D/SensorService(  983): [SO] 0.363 2.880 9.559
D/STATUSBAR-WifiQuickSettingButton( 1152): onWifiSignalChanged enabled=true enabledDesc:"f1comp"
E/SMD     (  275): DCD OFF
D/StatusBar.MSimNetworkController( 1152): getNumberOfActiveSim:1
D/StatusBar.MSimNetworkController( 1152): getPhoneSignalIconList: mMaxLevelOfSignalStrengthIndicator = 4 inetCondition = 0
D/StatusBar.MSimNetworkController( 1152): getDataSignalIconId: mMaxLevelOfSignalStrengthIndicator = 4 inetCondition = 0 iconLevel = 4
D/StatusBar.MSimNetworkController( 1152): updateTelephonySignalStrength: iconLevel=4
D/STATUSBAR-WifiQuickSettingButton( 1152): onWifiSignalChanged enabled=true enabledDesc:"f1comp"
D/STATUSBAR-WifiQuickSettingButton( 1152): onWifiSignalChanged enabled=true enabledDesc:"f1comp"
D/SensorService(  983): [SO] 0.363 2.885 9.556
E/SMD     (  275): DCD OFF
D/StatusBar.MSimNetworkController( 1152): getNumberOfActiveSim:1
D/StatusBar.MSimNetworkController( 1152): getPhoneSignalIconList: mMaxLevelOfSignalStrengthIndicator = 4 inetCondition = 0
D/StatusBar.MSimNetworkController( 1152): getDataSignalIconId: mMaxLevelOfSignalStrengthIndicator = 4 inetCondition = 0 iconLevel = 4
D/StatusBar.MSimNetworkController( 1152): updateTelephonySignalStrength: iconLevel=4
D/STATUSBAR-WifiQuickSettingButton( 1152): onWifiSignalChanged enabled=true enabledDesc:"f1comp"
D/SensorService(  983): [SO] 0.358 2.888 9.550
D/STATUSBAR-WifiQuickSettingButton( 1152): onWifiSignalChanged enabled=true enabledDesc:"f1comp"
D/STATUSBAR-WifiQuickSettingButton( 1152): onWifiSignalChanged enabled=true enabledDesc:"f1comp"
E/SMD     (  275): DCD OFF
D/SensorService(  983): [SO] 0.361 2.881 9.552
E/SMD     (  275): DCD OFF
D/StatusBar.MSimNetworkController( 1152): getNumberOfActiveSim:1
D/StatusBar.MSimNetworkController( 1152): getPhoneSignalIconList: mMaxLevelOfSignalStrengthIndicator = 4 inetCondition = 0
D/StatusBar.MSimNetworkController( 1152): getDataSignalIconId: mMaxLevelOfSignalStrengthIndicator = 4 inetCondition = 0 iconLevel = 4
D/StatusBar.MSimNetworkController( 1152): updateTelephonySignalStrength: iconLevel=4
D/STATUSBAR-WifiQuickSettingButton( 1152): onWifiSignalChanged enabled=true enabledDesc:"f1comp"
D/SensorService(  983): [SO] 0.360 2.877 9.565
D/KeyguardUpdateMonitor( 1152): received broadcast android.intent.action.BATTERY_CHANGED
D/KeyguardUpdateMonitor( 1152): handleBatteryUpdate
E/SMD     (  275): DCD OFF
D/SensorService(  983): [SO] 0.367 2.881 9.556
E/SMD     (  275): DCD OFF
D/SensorService(  983): [SO] 0.360 2.882 9.557
E/SMD     (  275): DCD OFF
E/SMD     (  275): DCD OFF
D/SensorService(  983): [SO] 0.361 2.878 9.558
D/KeyguardUpdateMonitor( 1152): received broadcast android.intent.action.BATTERY_CHANGED
D/KeyguardUpdateMonitor( 1152): handleBatteryUpdate
D/DataRouter(  274): After the usb select
D/DataRouter(  274): read usb data[len:1]
D/DataRouter(  274): read usb data message:A
D/DataRouter(  274): Before the usb select
E/SMD     (  275): ***Received data notification[DR->SMD]***
E/SMD     (  275): Message:A
E/SMD     (  275): Sending data to SMD: Len = [1]
E/SMD     (  275):  buffer = [A]
E/SMD     (  275): Wrote 1 chars to SMD PORT fd=7 ch = 41
D/DataRouter(  274): After the usb select
D/DataRouter(  274): read usb data[len:1]
D/DataRouter(  274): read usb data message:T
D/DataRouter(  274): Before the usb select
E/SMD     (  275): ***Received data notification[DR->SMD]***
E/SMD     (  275): Message:T
E/SMD     (  275): Sending data to SMD: Len = [1]
E/SMD     (  275):  buffer = [T]
E/SMD     (  275): Wrote 1 chars to SMD PORT fd=7 ch = 54
D/DataRouter(  274): After the usb select
D/DataRouter(  274): read usb data[len:1]
D/DataRouter(  274): read usb data message:+
D/DataRouter(  274): Before the usb select
E/SMD     (  275): ***Received data notification[DR->SMD]***
E/SMD     (  275): Message:+
E/SMD     (  275): Sending data to SMD: Len = [1]
E/SMD     (  275):  buffer = [+]
E/SMD     (  275): Wrote 1 chars to SMD PORT fd=7 ch = 2b
D/DataRouter(  274): After the usb select
D/DataRouter(  274): read usb data[len:1]
D/DataRouter(  274): read usb data message:C
D/DataRouter(  274): Before the usb select
E/SMD     (  275): ***Received data notification[DR->SMD]***
E/SMD     (  275): Message:C
E/SMD     (  275): Sending data to SMD: Len = [1]
E/SMD     (  275):  buffer = [C]
E/SMD     (  275): Wrote 1 chars to SMD PORT fd=7 ch = 43
D/DataRouter(  274): After the usb select
D/DataRouter(  274): read usb data[len:1]
D/DataRouter(  274): read usb data message:I
D/DataRouter(  274): Before the usb select
E/SMD     (  275): ***Received data notification[DR->SMD]***
E/SMD     (  275): Message:I
E/SMD     (  275): Sending data to SMD: Len = [1]
E/SMD     (  275):  buffer = [I]
E/SMD     (  275): Wrote 1 chars to SMD PORT fd=7 ch = 49
D/DataRouter(  274): After the usb select
D/DataRouter(  274): read usb data[len:1]
D/DataRouter(  274): read usb data message:N
D/DataRouter(  274): Before the usb select
E/SMD     (  275): ***Received data notification[DR->SMD]***
E/SMD     (  275): Message:N
E/SMD     (  275): Sending data to SMD: Len = [1]
E/SMD     (  275):  buffer = [N]
E/SMD     (  275): Wrote 1 chars to SMD PORT fd=7 ch = 4e
D/DataRouter(  274): After the usb select
D/DataRouter(  274): read usb data[len:1]
D/DataRouter(  274): read usb data message:D
D/DataRouter(  274): Before the usb select
E/SMD     (  275): ***Received data notification[DR->SMD]***
E/SMD     (  275): Message:D
E/SMD     (  275): Sending data to SMD: Len = [1]
E/SMD     (  275):  buffer = [D]
E/SMD     (  275): Wrote 1 chars to SMD PORT fd=7 ch = 44
D/DataRouter(  274): After the usb select
D/DataRouter(  274): read usb data[len:1]
D/DataRouter(  274): read usb data message:?
D/DataRouter(  274): Before the usb select
E/SMD     (  275): ***Received data notification[DR->SMD]***
E/SMD     (  275): Message:?
E/SMD     (  275): Sending data to SMD: Len = [1]
E/SMD     (  275):  buffer = [?]
E/SMD     (  275): Wrote 1 chars to SMD PORT fd=7 ch = 3f
D/DataRouter(  274): After the usb select
D/DataRouter(  274): read usb data[len:1]
D/DataRouter(  274): read usb data message:
D/DataRouter(  274): Before the usb select
E/SMD     (  275): ***Received data notification[DR->SMD]***
E/SMD     (  275): Message:
E/SMD     (  275): Sending data to SMD: Len = [1]
E/SMD     (  275):  buffer = []
E/SMD     (  275): Wrote 1 chars to SMD PORT fd=7 ch = d
E/SMD     (  275): After the Modem Read select 
E/SMD     (  275): Read 32 chars from SMD Modem file fd = 7
E/SMD     (  275):  Message: 
E/SMD     (  275): +CIND: 0,2,1,0,0,0,1,0
E/SMD     (  275): 
E/SMD     (  275): OK
E/SMD     (  275): 
E/SMD     (  275): 
E/SMD     (  275): OK
E/SMD     (  275): 5)),("service",(0-1)),("call",(0-1)),("roam",(0-1)),("smsfull",(0-1)),("GPRS coverage",(0-1)),("callsetup",(0-3))
E/SMD     (  275): 
E/SMD     (  275): OK
E/SMD     (  275): 
E/SMD     (  275): 
E/SMD     (  275): Before the Modem Read select 
D/DataRouter(  274): write [32] bytes of data to USB fd[10]
E/SMD     (  275): DCD OFF
D/SensorService(  983): [SO] 0.365 2.876 9.555
E/SMD     (  275): DCD OFF
D/StatusBar.MSimNetworkController( 1152): getNumberOfActiveSim:1
D/StatusBar.MSimNetworkController( 1152): getPhoneSignalIconList: mMaxLevelOfSignalStrengthIndicator = 4 inetCondition = 0
D/StatusBar.MSimNetworkController( 1152): getDataSignalIconId: mMaxLevelOfSignalStrengthIndicator = 4 inetCondition = 0 iconLevel = 4
D/StatusBar.MSimNetworkController( 1152): updateTelephonySignalStrength: iconLevel=4
D/STATUSBAR-WifiQuickSettingButton( 1152): onWifiSignalChanged enabled=true enabledDesc:"f1comp"
D/SensorService(  983): [SO] 0.363 2.883 9.557
D/StatusBar.MSimNetworkController( 1152): getNumberOfActiveSim:1
D/StatusBar.MSimNetworkController( 1152): getPhoneSignalIconList: mMaxLevelOfSignalStrengthIndicator = 4 inetCondition = 0
D/StatusBar.MSimNetworkController( 1152): getDataSignalIconId: mMaxLevelOfSignalStrengthIndicator = 4 inetCondition = 0 iconLevel = 4
D/StatusBar.MSimNetworkController( 1152): updateTelephonySignalStrength: iconLevel=4
D/STATUSBAR-WifiQuickSettingButton( 1152): onWifiSignalChanged enabled=true enabledDesc:"f1comp"
E/SMD     (  275): DCD OFF
D/SensorService(  983): [SO] 0.364 2.872 9.559
D/StatusBar.MSimNetworkController( 1152): getNumberOfActiveSim:1
D/StatusBar.MSimNetworkController( 1152): getPhoneSignalIconList: mMaxLevelOfSignalStrengthIndicator = 4 inetCondition = 0
D/StatusBar.MSimNetworkController( 1152): getDataSignalIconId: mMaxLevelOfSignalStrengthIndicator = 4 inetCondition = 0 iconLevel = 4
D/StatusBar.MSimNetworkController( 1152): updateTelephonySignalStrength: iconLevel=4
D/STATUSBAR-WifiQuickSettingButton( 1152): onWifiSignalChanged enabled=true enabledDesc:"f1comp"
E/SMD     (  275): DCD OFF
D/SensorService(  983): [SO] 0.360 2.883 9.550
E/SMD     (  275): DCD OFF
D/SensorService(  983): [SO] 0.365 2.879 9.556
E/SMD     (  275): DCD OFF
D/SensorService(  983): [SO] 0.366 2.882 9.555
D/STATUSBAR-WifiQuickSettingButton( 1152): onWifiSignalChanged enabled=true enabledDesc:"f1comp"
D/KeyguardUpdateMonitor( 1152): received broadcast android.intent.action.BATTERY_CHANGED
D/KeyguardUpdateMonitor( 1152): handleBatteryUpdate
D/STATUSBAR-WifiQuickSettingButton( 1152): onWifiSignalChanged enabled=true enabledDesc:"f1comp"
E/SMD     (  275): DCD OFF
D/StatusBar.MSimNetworkController( 1152): getNumberOfActiveSim:1
D/StatusBar.MSimNetworkController( 1152): getPhoneSignalIconList: mMaxLevelOfSignalStrengthIndicator = 4 inetCondition = 0
D/StatusBar.MSimNetworkController( 1152): getDataSignalIconId: mMaxLevelOfSignalStrengthIndicator = 4 inetCondition = 0 iconLevel = 4
D/StatusBar.MSimNetworkController( 1152): updateTelephonySignalStrength: iconLevel=4
D/STATUSBAR-WifiQuickSettingButton( 1152): onWifiSignalChanged enabled=true enabledDesc:"f1comp"
D/SensorService(  983): [SO] 0.362 2.880 9.563
E/SMD     (  275): DCD OFF
D/SensorService(  983): [SO] 0.351 2.899 9.551
E/SMD     (  275): DCD OFF
D/SensorService(  983): [SO] 0.350 2.896 9.549
E/SMD     (  275): DCD OFF
D/DataRouter(  274): After the usb select
D/DataRouter(  274): read usb data[len:1]
D/DataRouter(  274): read usb data message:A
D/DataRouter(  274): Before the usb select
E/SMD     (  275): ***Received data notification[DR->SMD]***
E/SMD     (  275): Message:A
E/SMD     (  275): Sending data to SMD: Len = [1]
E/SMD     (  275):  buffer = [A]
E/SMD     (  275): Wrote 1 chars to SMD PORT fd=7 ch = 41
D/DataRouter(  274): After the usb select
D/DataRouter(  274): read usb data[len:1]
D/DataRouter(  274): read usb data message:T
D/DataRouter(  274): Before the usb select
E/SMD     (  275): ***Received data notification[DR->SMD]***
E/SMD     (  275): Message:T
E/SMD     (  275): Sending data to SMD: Len = [1]
E/SMD     (  275):  buffer = [T]
E/SMD     (  275): Wrote 1 chars to SMD PORT fd=7 ch = 54
D/DataRouter(  274): After the usb select
D/DataRouter(  274): read usb data[len:1]
D/DataRouter(  274): read usb data message:+
D/DataRouter(  274): Before the usb select
E/SMD     (  275): ***Received data notification[DR->SMD]***
E/SMD     (  275): Message:+
E/SMD     (  275): Sending data to SMD: Len = [1]
E/SMD     (  275):  buffer = [+]
E/SMD     (  275): Wrote 1 chars to SMD PORT fd=7 ch = 2b
D/DataRouter(  274): After the usb select
D/DataRouter(  274): read usb data[len:1]
D/DataRouter(  274): read usb data message:C
D/DataRouter(  274): Before the usb select
E/SMD     (  275): ***Received data notification[DR->SMD]***
E/SMD     (  275): Message:C
E/SMD     (  275): Sending data to SMD: Len = [1]
E/SMD     (  275):  buffer = [C]
E/SMD     (  275): Wrote 1 chars to SMD PORT fd=7 ch = 43
D/DataRouter(  274): After the usb select
D/DataRouter(  274): read usb data[len:1]
D/DataRouter(  274): read usb data message:I
D/DataRouter(  274): Before the usb select
E/SMD     (  275): ***Received data notification[DR->SMD]***
E/SMD     (  275): Message:I
E/SMD     (  275): Sending data to SMD: Len = [1]
E/SMD     (  275):  buffer = [I]
E/SMD     (  275): Wrote 1 chars to SMD PORT fd=7 ch = 49
D/DataRouter(  274): After the usb select
D/DataRouter(  274): read usb data[len:1]
D/DataRouter(  274): read usb data message:N
D/DataRouter(  274): Before the usb select
E/SMD     (  275): ***Received data notification[DR->SMD]***
E/SMD     (  275): Message:N
E/SMD     (  275): Sending data to SMD: Len = [1]
E/SMD     (  275):  buffer = [N]
E/SMD     (  275): Wrote 1 chars to SMD PORT fd=7 ch = 4e
D/DataRouter(  274): After the usb select
D/DataRouter(  274): read usb data[len:1]
D/DataRouter(  274): read usb data message:D
D/DataRouter(  274): Before the usb select
E/SMD     (  275): ***Received data notification[DR->SMD]***
E/SMD     (  275): Message:D
E/SMD     (  275): Sending data to SMD: Len = [1]
E/SMD     (  275):  buffer = [D]
E/SMD     (  275): Wrote 1 chars to SMD PORT fd=7 ch = 44
D/DataRouter(  274): After the usb select
D/DataRouter(  274): read usb data[len:1]
D/DataRouter(  274): read usb data message:?
D/DataRouter(  274): Before the usb select
E/SMD     (  275): ***Received data notification[DR->SMD]***
E/SMD     (  275): Message:?
E/SMD     (  275): Sending data to SMD: Len = [1]
E/SMD     (  275):  buffer = [?]
E/SMD     (  275): Wrote 1 chars to SMD PORT fd=7 ch = 3f
D/DataRouter(  274): After the usb select
D/DataRouter(  274): read usb data[len:1]
D/DataRouter(  274): read usb data message:
D/DataRouter(  274): Before the usb select
E/SMD     (  275): ***Received data notification[DR->SMD]***
E/SMD     (  275): Message:
E/SMD     (  275): Sending data to SMD: Len = [1]
E/SMD     (  275):  buffer = []
E/SMD     (  275): Wrote 1 chars to SMD PORT fd=7 ch = d
E/SMD     (  275): After the Modem Read select 
E/SMD     (  275): Read 32 chars from SMD Modem file fd = 7
E/SMD     (  275):  Message: 
E/SMD     (  275): +CIND: 0,2,1,0,0,0,1,0
E/SMD     (  275): 
E/SMD     (  275): OK
E/SMD     (  275): 
E/SMD     (  275): 
E/SMD     (  275): OK
E/SMD     (  275): 5)),("service",(0-1)),("call",(0-1)),("roam",(0-1)),("smsfull",(0-1)),("GPRS coverage",(0-1)),("callsetup",(0-3))
E/SMD     (  275): 
E/SMD     (  275): OK
E/SMD     (  275): 
E/SMD     (  275): 
E/SMD     (  275): Before the Modem Read select 
D/DataRouter(  274): write [32] bytes of data to USB fd[10]
D/KeyguardUpdateMonitor( 1152): received broadcast android.intent.action.BATTERY_CHANGED
D/KeyguardUpdateMonitor( 1152): handleBatteryUpdate
E/SMD     (  275): DCD OFF
D/SensorService(  983): [SO] 0.353 2.884 9.550
D/KeyguardUpdateMonitor( 1152): received broadcast android.intent.action.TIME_TICK
D/KeyguardUpdateMonitor( 1152): handleTimeUpdate
D/SecKeyguardClockView( 1152): isNetworkRoaming=false, isHomeTimeZoneExist=true
D/SecKeyguardClockView( 1152): onTimeChanged() : mShouldShowDualClock - false, isDualClockSet() -false
D/SecKeyguardClockView( 1152): setAutoHomeTimezone() - autoHomeTimeZoneId: Asia/Krasnoyarsk
D/SecKeyguardClockView( 1152): isNetworkRoaming=false, isHomeTimeZoneExist=true
D/DateView( 1152): regionalDateFormat = 22.11.3333 isRTLlanguage = false returnDateFormat = E, d MMMM
D/DateView( 1152): regionalDateFormat = 22.11.3333 isRTLlanguage = false returnDateFormat = E, d MMMM
D/DateView( 1152): regionalDateFormat = 22.11.3333 isRTLlanguage = false returnDateFormat = E, d MMMM
D/        ( 7162): action : android.intent.action.TIME_TICK
D/        ( 7162): getInstance
D/        ( 7162): direct update clock
D/MAR     ( 7162): Locale: ru
I/art     (  983): Background sticky concurrent mark sweep GC freed 84426(5MB) AllocSpace objects, 110(1761KB) LOS objects, 16% free, 34MB/41MB, paused 2.657ms total 100.786ms
D/KeyguardEffectViewController( 1152): onReceive action : android.intent.action.TIME_TICK
I/KeyguardEffectViewController( 1152): *** don't update sliding image ***
E/SMD     (  275): DCD OFF
D/SensorService(  983): [SO] 0.348 2.884 9.565
D/StatusBar.MSimNetworkController( 1152): getNumberOfActiveSim:1
D/StatusBar.MSimNetworkController( 1152): getPhoneSignalIconList: mMaxLevelOfSignalStrengthIndicator = 4 inetCondition = 0
D/StatusBar.MSimNetworkController( 1152): getDataSignalIconId: mMaxLevelOfSignalStrengthIndicator = 4 inetCondition = 0 iconLevel = 4
D/StatusBar.MSimNetworkController( 1152): updateTelephonySignalStrength: iconLevel=4
D/STATUSBAR-WifiQuickSettingButton( 1152): onWifiSignalChanged enabled=true enabledDesc:"f1comp"
D/StatusBar.MSimNetworkController( 1152): getNumberOfActiveSim:1
D/StatusBar.MSimNetworkController( 1152): getPhoneSignalIconList: mMaxLevelOfSignalStrengthIndicator = 4 inetCondition = 0
D/StatusBar.MSimNetworkController( 1152): getDataSignalIconId: mMaxLevelOfSignalStrengthIndicator = 4 inetCondition = 0 iconLevel = 4
D/StatusBar.MSimNetworkController( 1152): updateTelephonySignalStrength: iconLevel=4
D/STATUSBAR-WifiQuickSettingButton( 1152): onWifiSignalChanged enabled=true enabledDesc:"f1comp"
E/SMD     (  275): DCD OFF
D/SensorService(  983): [SO] 0.358 2.887 9.558
D/STATUSBAR-WifiQuickSettingButton( 1152): onWifiSignalChanged enabled=true enabledDesc:"f1comp"
D/STATUSBAR-WifiQuickSettingButton( 1152): onWifiSignalChanged enabled=true enabledDesc:"f1comp"
E/SMD     (  275): DCD OFF
D/SensorService(  983): [SO] 0.354 2.892 9.543
D/StatusBar.MSimNetworkController( 1152): getNumberOfActiveSim:1
D/StatusBar.MSimNetworkController( 1152): getPhoneSignalIconList: mMaxLevelOfSignalStrengthIndicator = 4 inetCondition = 0
D/StatusBar.MSimNetworkController( 1152): getDataSignalIconId: mMaxLevelOfSignalStrengthIndicator = 4 inetCondition = 0 iconLevel = 4
D/StatusBar.MSimNetworkController( 1152): updateTelephonySignalStrength: iconLevel=4
D/STATUSBAR-WifiQuickSettingButton( 1152): onWifiSignalChanged enabled=true enabledDesc:"f1comp"
E/SMD     (  275): DCD OFF
D/SensorService(  983): [SO] 0.355 2.892 9.560
E/SMD     (  275): DCD OFF
D/SensorService(  983): [SO] 0.350 2.904 9.549
D/StatusBar.MSimNetworkController( 1152): getNumberOfActiveSim:1
D/StatusBar.MSimNetworkController( 1152): getPhoneSignalIconList: mMaxLevelOfSignalStrengthIndicator = 4 inetCondition = 0
D/StatusBar.MSimNetworkController( 1152): getDataSignalIconId: mMaxLevelOfSignalStrengthIndicator = 4 inetCondition = 0 iconLevel = 4
D/StatusBar.MSimNetworkController( 1152): updateTelephonySignalStrength: iconLevel=4
D/STATUSBAR-WifiQuickSettingButton( 1152): onWifiSignalChanged enabled=true enabledDesc:"f1comp"
E/SMD     (  275): DCD OFF
D/StatusBar.MSimNetworkController( 1152): getNumberOfActiveSim:1
D/StatusBar.MSimNetworkController( 1152): getPhoneSignalIconList: mMaxLevelOfSignalStrengthIndicator = 4 inetCondition = 0
D/StatusBar.MSimNetworkController( 1152): getDataSignalIconId: mMaxLevelOfSignalStrengthIndicator = 4 inetCondition = 0 iconLevel = 4
D/StatusBar.MSimNetworkController( 1152): updateTelephonySignalStrength: iconLevel=4
D/STATUSBAR-WifiQuickSettingButton( 1152): onWifiSignalChanged enabled=true enabledDesc:"f1comp"
D/SensorService(  983): [SO] 0.348 2.887 9.569
E/dhcpcd  ( 5521): wlan0: invalid prefix in RA
E/SMD     (  275): DCD OFF
D/STATUSBAR-WifiQuickSettingButton( 1152): onWifiSignalChanged enabled=true enabledDesc:"f1comp"
D/STATUSBAR-WifiQuickSettingButton( 1152): onWifiSignalChanged enabled=true enabledDesc:"f1comp"
D/SensorService(  983): [SO] 0.351 2.894 9.552
E/SMD     (  275): DCD OFF
D/STATUSBAR-WifiQuickSettingButton( 1152): onWifiSignalChanged enabled=true enabledDesc:"f1comp"
D/STATUSBAR-WifiQuickSettingButton( 1152): onWifiSignalChanged enabled=true enabledDesc:"f1comp"
D/SensorService(  983): [SO] 0.350 2.890 9.559
E/SMD     (  275): DCD OFF
D/StatusBar.MSimNetworkController( 1152): getNumberOfActiveSim:1
D/StatusBar.MSimNetworkController( 1152): getPhoneSignalIconList: mMaxLevelOfSignalStrengthIndicator = 4 inetCondition = 0
D/StatusBar.MSimNetworkController( 1152): getDataSignalIconId: mMaxLevelOfSignalStrengthIndicator = 4 inetCondition = 0 iconLevel = 4
D/StatusBar.MSimNetworkController( 1152): updateTelephonySignalStrength: iconLevel=4
