D/EnterpriseController(  272): mIsMarkChainAdded is 18 mIsBlockChainAdded is 252 netId is 0
D/Netd    (  272): getNetworkForDns: using netid 530 for uid 10039
D/EnterpriseController(  272): uids 10039
D/EnterpriseController(  272): mIsMarkChainAdded is 18 mIsBlockChainAdded is 252 netId is 0
D/Netd    (  272): getNetworkForDns: using netid 530 for uid 10039
E/RenderScript( 4579): Failed loading RS driver: dlopen failed: library "libRSDriver_adreno.so" not found
E/RenderScript( 4579): Failed to load runtime libRSDriver_adreno.so, loading default
V/RenderScript( 4579): 0xb82cb020 Launching thread(s), CPUs 4
E/SMD     (  275): DCD OFF
D/DisplayManager( 4579): DisplayManager()
D/ActivityManager(  983): bindService callerProcessName:com.google.android.calendar, calleePkgName: com.google.android.gms, action: com.google.android.gms.analytics.service.START
D/ActivityManager(  983): retrieveServiceLocked(): component = com.google.android.gms/com.google.android.gms.analytics.service.AnalyticsService; callingUser = 0; userId(target) = 0
D/SensorService(  983): [SO] 0.354 2.893 9.574
I/GAV2    ( 4496): Thread[GAThread,5,main]: No campaign data found.
D/SSRM:n  (  983): SIOP:: AP = 370, CUR = -1
I/GAv4-SVC( 2262): Google Analytics 9.2.56 is starting up.
D/WifiDisplayAdapter(  983): getWifiDisplayStatusLocked: result=WifiDisplayStatus{featureState=2, scanState=0, activeDisplayState=0, activeDisplay=null, displays=[], sessionInfo=WifiDisplaySessionInfo:
D/WifiDisplayAdapter(  983):     Client/Owner: Client
D/WifiDisplayAdapter(  983):     GroupId: 
D/WifiDisplayAdapter(  983):     Passphrase: 
D/WifiDisplayAdapter(  983):     SessionId: 0
D/WifiDisplayAdapter(  983):     IP Address: , connectedState=-1, networkQoS=0}
D/WifiDisplayAdapter(  983): getWifiDisplayStatusLocked: result=WifiDisplayStatus{featureState=2, scanState=0, activeDisplayState=0, activeDisplay=null, displays=[], sessionInfo=WifiDisplaySessionInfo:
D/WifiDisplayAdapter(  983):     Client/Owner: Client
D/WifiDisplayAdapter(  983):     GroupId: 
D/WifiDisplayAdapter(  983):     Passphrase: 
D/WifiDisplayAdapter(  983):     SessionId: 0
D/WifiDisplayAdapter(  983):     IP Address: , connectedState=-1, networkQoS=0}
I/AudioService(  983): getStreamVolume 3 index 70
I/GlobalDismissManager( 4496): no sender configured
W/art     ( 4529): Suspending all threads took: 5.507ms
W/art     ( 4529): Suspending all threads took: 7.771ms
W/art     ( 4579): Suspending all threads took: 23.911ms
W/ResourceType( 4579): For resource 0x7f040027, entry index(39) is beyond type entryCount(27)
D/ActivityManager(  983): retrieveServiceLocked(): component = null; callingUser = 0; userId(target) = 0
D/ActivityManager(  983): retrieveServiceLocked(): component = null; callingUser = 0; userId(target) = 0
W/ResourcesManager( 4529): Asset path '/system/framework/twframework.jar' does not exist or contains no resources.
D/ActivityManager(  983): retrieveServiceLocked(): component = null; callingUser = 0; userId(target) = 0
D/ActivityManager(  983): retrieveServiceLocked(): component = null; callingUser = 0; userId(target) = 0
F/Adjust  ( 4579): PRODUCTION: Adjust is running in Production mode. Use this setting only for the build that you want to publish. Set the environment to `sandbox` if you want to test your app!
D/ActivityManager(  983): retrieveServiceLocked(): component = null; callingUser = 0; userId(target) = 0
I/System.out( 4579): (HTTPLog)-Static: isSBSettingEnabled false
I/System.out( 4579): (HTTPLog)-Static: isShipBuild true
I/System.out( 4579): (HTTPLog)-Thread-69290-349161591: SmartBonding Enabling is false, SHIP_BUILD is true, log to file is false, DBG is false
I/System.out( 4579): (HTTPLog)-Thread-69290-349161591: SMARTBONDING_FEATURE_ENABLED is false
I/System.out( 4579): (HTTPLog)-Static: isSBSettingEnabled false
D/EnterpriseController(  272): uids 10065
D/EnterpriseController(  272): mIsMarkChainAdded is 18 mIsBlockChainAdded is 252 netId is 0
D/Netd    (  272): getNetworkForDns: using netid 530 for uid 10065
I/System.out( 4579): (HTTPLog)-Static: isSBSettingEnabled false
D/EnterpriseController(  272): uids 10065
D/EnterpriseController(  272): mIsMarkChainAdded is 18 mIsBlockChainAdded is 252 netId is 0
D/Netd    (  272): getNetworkForDns: using netid 530 for uid 10065
D/WifiDisplayAdapter(  983): getWifiDisplayStatusLocked: result=WifiDisplayStatus{featureState=2, scanState=0, activeDisplayState=0, activeDisplay=null, displays=[], sessionInfo=WifiDisplaySessionInfo:
D/WifiDisplayAdapter(  983):     Client/Owner: Client
D/WifiDisplayAdapter(  983):     GroupId: 
D/WifiDisplayAdapter(  983):     Passphrase: 
D/WifiDisplayAdapter(  983):     SessionId: 0
D/WifiDisplayAdapter(  983):     IP Address: , connectedState=-1, networkQoS=0}
D/ActivityManager(  983): retrieveServiceLocked(): component = null; callingUser = 0; userId(target) = 0
D/ActivityManager(  983): retrieveServiceLocked(): component = null; callingUser = 0; userId(target) = 0
D/ActivityManager(  983): retrieveServiceLocked(): component = null; callingUser = 0; userId(target) = 0
D/ActivityManager(  983): retrieveServiceLocked(): component = null; callingUser = 0; userId(target) = 0
W/art     ( 4579): Suspending all threads took: 24.073ms
D/ActivityManager(  983): retrieveServiceLocked(): component = null; callingUser = 0; userId(target) = 0
D/ActivityManager(  983): retrieveServiceLocked(): component = null; callingUser = 0; userId(target) = 0
I/GStreamer+GST_INIT( 4579): 0:00:00.003883750 0xb83d5200 gst.c:510:init_pre Initializing GStreamer Core Library version 1.5.1.1
I/GStreamer+GST_INIT( 4579): 0:00:00.003976770 0xb83d5200 gst.c:511:init_pre Using library installed in /home/mobile/cerbero/dist/android_armv7/lib
I/GStreamer+GST_INIT( 4579): 0:00:00.004044531 0xb83d5200 gst.c:522:init_pre Linux localhost 3.10.49-985949 #1 SMP PREEMPT Mon Feb 22 14:32:51 KST 2016 armv7l
D/GStreamer+GST_MEMORY( 4579): 0:00:00.008728385 0xb83d5200 gstallocator.c:585:_priv_gst_allocator_initialize memory alignment: 7
D/GStreamer+GST_MEMORY( 4579): 0:00:00.009045520 0xb83d5200 gstallocator.c:562:gst_allocator_sysmem_init init allocator 0xb83e7410
D/GStreamer+GST_MEMORY( 4579): 0:00:00.009152864 0xb83d5200 gstallocator.c:210:gst_allocator_register registering allocator 0xb83e7410 with name "SystemMemory"
I/GStreamer+GST_INIT( 4579): 0:00:00.010318698 0xb83d5200 gstmessage.c:119:_priv_gst_message_initialize init messages
D/GStreamer+GST_ELEMENT_PADS( 4579): 0:00:00.010766145 0xb83d5200 gstelement.c:275:gst_element_base_class_init type GstElement : factory 0x0
D/GStreamer+GST_ELEMENT_PADS( 4579): 0:00:00.011822916 0xb83d5200 gstelement.c:275:gst_element_base_class_init type GstBin : factory 0x0
D/GStreamer+bin( 4579): 0:00:00.012007656 0xb83d5200 gstbin.c:473:gst_bin_class_init creating bin thread pool
I/GStreamer+GST_INIT( 4579): 0:00:00.013424843 0xb83d5200 gstcontext.c:77:_priv_gst_context_initialize init contexts
I/GStreamer+GST_PLUGIN_LOADING( 4579): 0:00:00.015127239 0xb83d5200 gstplugin.c:317:_priv_gst_plugin_initialize registering 0 static plugins
D/GStreamer+GST_REGISTRY( 4579): 0:00:00.015440208 0xb83d5200 gstregistry.c:587:gst_registry_add_feature:<registry0> adding feature 0xb839a800 (bin)
D/GStreamer+GST_REFCOUNTING( 4579): 0:00:00.015512500 0xb83d5200 gstobject.c:692:gst_object_set_parent:<bin> set parent (ref and sink)
D/GStreamer+GST_ELEMENT_PADS( 4579): 0:00:00.015645729 0xb83d5200 gstelement.c:275:gst_element_base_class_init type GstPipeline : factory 0xb839a890
D/GStreamer+GST_REGISTRY( 4579): 0:00:00.015765520 0xb83d5200 gstregistry.c:587:gst_registry_add_feature:<registry0> adding feature 0xb839a890 (pipeline)
D/GStreamer+GST_REFCOUNTING( 4579): 0:00:00.015828125 0xb83d5200 gstobject.c:692:gst_object_set_parent:<pipeline> set parent (ref and sink)
I/GStreamer+GST_PLUGIN_LOADING( 4579): 0:00:00.015888854 0xb83d5200 gstplugin.c:225:gst_plugin_register_static registered static plugin "staticelements"
D/GStreamer+GST_REGISTRY( 4579): 0:00:00.015945468 0xb83d5200 gstregistry.c:476:gst_registry_add_plugin:<registry0> adding plugin 0xb839a008 for filename "(NULL)"
I/GStreamer+GST_PLUGIN_LOADING( 4579): 0:00:00.016006145 0xb83d5200 gstplugin.c:227:gst_plugin_register_static added static plugin "staticelements", result: 1
I/GStreamer+GST_REGISTRY( 4579): 0:00:00.016060677 0xb83d5200 gstregistry.c:1722:ensure_current_registry reading registry cache: /data/data/com.soundcloud.android/cache/registry.bin
I/GStreamer+GST_REGISTRY( 4579): 0:00:00.016285468 0xb83d5200 gstregistrybinary.c:537:priv_gst_registry_binary_read_cache Unable to mmap file /data/data/com.soundcloud.android/cache/registry.bin : Failed to open file '/data/data/com.soundcloud.android/cache/registry.bin': open() failed: No such file or directory
I/GStreamer+GST_REGISTRY( 4579): 0:00:00.016378281 0xb83d5200 gstregistrybinary.c:547:priv_gst_registry_binary_read_cache Unable to read file /data/data/com.soundcloud.android/cache/registry.bin : Failed to open file '/data/data/com.soundcloud.android/cache/registry.bin': No such file or directory
D/GStreamer+GST_REGISTRY( 4579): 0:00:00.016427656 0xb83d5200 gstregistry.c:1750:ensure_current_registry Updating registry cache
I/GStreamer+GST_REGISTRY( 4579): 0:00:00.016474895 0xb83d5200 gstregistry.c:1578:scan_and_update_registry Validating plugins from registry cache: /data/data/com.soundcloud.android/cache/registry.bin
D/GStreamer+GST_REGISTRY( 4579): 0:00:00.016520573 0xb83d5200 gstregistry.c:1588:scan_and_update_registry scanning paths added via --gst-plugin-path
D/GStreamer+GST_REGISTRY( 4579): 0:00:00.016566927 0xb83d5200 gstregistry.c:1611:scan_and_update_registry GST_PLUGIN_PATH not set
D/GStreamer+GST_REGISTRY( 4579): 0:00:00.016612448 0xb83d5200 gstregistry.c:1623:scan_and_update_registry GST_PLUGIN_SYSTEM_PATH not set
D/GStreamer+GST_REGISTRY( 4579): 0:00:00.016675781 0xb83d5200 gstregistry.c:1630:scan_and_update_registry scanning home plugins /data/data/com.soundcloud.android/files/gstreamer-1.0/plugins
D/GStreamer+GST_REGISTRY( 4579): 0:00:00.016728750 0xb83d5200 gstregistry.c:1363:gst_registry_scan_path_internal:<registry0> scanning path /data/data/com.soundcloud.android/files/gstreamer-1.0/plugins
D/GStreamer+GST_REGISTRY( 4579): 0:00:00.016837760 0xb83d5200 gstregistry.c:1367:gst_registry_scan_path_internal:<registry0> registry changed in path /data/data/com.soundcloud.android/files/gstreamer-1.0/plugins: 0
D/GStreamer+GST_REGISTRY( 4579): 0:00:00.016890260 0xb83d5200 gstregistry.c:1658:scan_and_update_registry scanning main plugins /home/mobile/cerbero/dist/android_armv7/lib/gstreamer-1.0
D/GStreamer+GST_REGISTRY( 4579): 0:00:00.016942291 0xb83d5200 gstregistry.c:1363:gst_registry_scan_path_internal:<registry0> scanning path /home/mobile/cerbero/dist/android_armv7/lib/gstreamer-1.0
D/GStreamer+GST_REGISTRY( 4579): 0:00:00.017030781 0xb83d5200 gstregistry.c:1367:gst_registry_scan_path_internal:<registry0> registry changed in path /home/mobile/cerbero/dist/android_armv7/lib/gstreamer-1.0: 0
D/GStreamer+GST_REGISTRY( 4579): 0:00:00.017085729 0xb83d5200 gstregistry.c:1526:gst_registry_remove_cache_plugins:<registry0> removing cached plugins
I/GStreamer+GST_REGISTRY( 4579): 0:00:00.017135416 0xb83d5200 gstregistry.c:1680:scan_and_update_registry Registry cache has not changed
I/GStreamer+GST_REGISTRY( 4579): 0:00:00.017183958 0xb83d5200 gstregistry.c:1757:ensure_current_registry registry reading and updating done, result = 1
I/GStreamer+GST_INIT( 4579): 0:00:00.017241875 0xb83d5200 gst.c:720:init_post GLib runtime version: 2.44.0
I/GStreamer+GST_INIT( 4579): 0:00:00.017294270 0xb83d5200 gst.c:722:init_post GLib headers version: 2.44.0
I/GStreamer+GST_INIT( 4579): 0:00:00.017341302 0xb83d5200 gst.c:723:init_post initialized GStreamer successfully
D/GStreamer+GST_ELEMENT_PADS( 4579): 0:00:00.022881250 0xb83d5200 gstelement.c:275:gst_element_base_class_init type GstBaseTransform : factory 0x0
D/GStreamer+basetransform( 4579): 0:00:00.022954427 0xb83d5200 gstbasetransform.c:393:gst_base_transform_class_init gst_base_transform_class_init
D/GStreamer+GST_ELEMENT_PADS( 4579): 0:00:00.023047552 0xb83d5200 gstelement.c:275:gst_element_base_class_init type GstCapsFilter : factory 0xb839a920
D/GStreamer+GST_REGISTRY( 4579): 0:00:00.023346875 0xb83d5200 gstregistry.c:587:gst_registry_add_feature:<registry0> adding feature 0xb839a920 (capsfilter)
D/GStreamer+GST_REFCOUNTING( 4579): 0:00:00.023415885 0xb83d5200 gstobject.c:692:gst_object_set_parent:<capsfilter> set parent (ref and sink)
D/GStreamer+GST_ELEMENT_PADS( 4579): 0:00:00.023541302 0xb83d5200 gstelement.c:275:gst_element_base_class_init type GstConcat : factory 0xb839a9b0
D/GStreamer+GST_REGISTRY( 4579): 0:00:00.023714791 0xb83d5200 gstregistry.c:587:gst_registry_add_feature:<registry0> adding feature 0xb839a9b0 (concat)
D/GStreamer+GST_REFCOUNTING( 4579): 0:00:00.023779948 0xb83d5200 gstobject.c:692:gst_object_set_parent:<concat> set parent (ref and sink)
D/GStreamer+GST_ELEMENT_PADS( 4579): 0:00:00.023893698 0xb83d5200 gstelement.c:275:gst_element_base_class_init type GstDownloadBuffer : factory 0xb839aa40
D/GStreamer+GST_REGISTRY( 4579): 0:00:00.024132291 0xb83d5200 gstregistry.c:587:gst_registry_add_feature:<registry0> adding feature 0xb839aa40 (downloadbuffer)
D/GStreamer+GST_REFCOUNTING( 4579): 0:00:00.024196562 0xb83d5200 gstobject.c:692:gst_object_set_parent:<downloadbuffer> set parent (ref and sink)
D/GStreamer+GST_ELEMENT_PADS( 4579): 0:00:00.024323645 0xb83d5200 gstelement.c:275:gst_element_base_class_init type GstBaseSrc : factory 0x0
D/GStreamer+GST_ELEMENT_PADS( 4579): 0:00:00.024449270 0xb83d5200 gstelement.c:275:gst_element_base_class_init type GstFakeSrc : factory 0xb839aad0
D/GStreamer+GST_REGISTRY( 4579): 0:00:00.024742448 0xb83d5200 gstregistry.c:587:gst_registry_add_feature:<registry0> adding feature 0xb839aad0 (fakesrc)
D/GStreamer+GST_REFCOUNTING( 4579): 0:00:00.024804270 0xb83d5200 gstobject.c:692:gst_object_set_parent:<fakesrc> set parent (ref and sink)
D/GStreamer+GST_ELEMENT_PADS( 4579): 0:00:00.026805573 0xb83d5200 gstelement.c:275:gst_element_base_class_init type GstBaseSink : factory 0x0
D/GStreamer+GST_ELEMENT_PADS( 4579): 0:00:00.026977343 0xb83d5200 gstelement.c:275:gst_element_base_class_init type GstFakeSink : factory 0xb839ab60
D/GStreamer+GST_REGISTRY( 4579): 0:00:00.027211041 0xb83d5200 gstregistry.c:587:gst_registry_add_feature:<registry0> adding feature 0xb839ab60 (fakesink)
D/GStreamer+GST_REFCOUNTING( 4579): 0:00:00.027275000 0xb83d5200 gstobject.c:692:gst_object_set_parent:<fakesink> set parent (ref and sink)
D/GStreamer+GST_ELEMENT_PADS( 4579): 0:00:00.027411145 0xb83d5200 gstelement.c:275:gst_element_base_class_init type GstPushSrc : factory 0x0
D/GStreamer+GST_ELEMENT_PADS( 4579): 0:00:00.027480364 0xb83d5200 gstelement.c:275:gst_element_base_class_init type GstFdSrc : factory 0xb839abf0
D/GStreamer+GST_REGISTRY( 4579): 0:00:00.027637864 0xb83d5200 gstregistry.c:587:gst_registry_add_feature:<registry0> adding feature 0xb839abf0 (fdsrc)
D/GStreamer+GST_REFCOUNTING( 4579): 0:00:00.027703698 0xb83d5200 gstobject.c:692:gst_object_set_parent:<fdsrc> set parent (ref and sink)
D/GStreamer+GST_ELEMENT_PADS( 4579): 0:00:00.027820468 0xb83d5200 gstelement.c:275:gst_element_base_class_init type GstFdSink : factory 0xb839ac80
D/GStreamer+GST_REGISTRY( 4579): 0:00:00.027988125 0xb83d5200 gstregistry.c:587:gst_registry_add_feature:<registry0> adding feature 0xb839ac80 (fdsink)
D/GStreamer+GST_REFCOUNTING( 4579): 0:00:00.028051823 0xb83d5200 gstobject.c:692:gst_object_set_parent:<fdsink> set parent (ref and sink)
D/GStreamer+GST_ELEMENT_PADS( 4579): 0:00:00.028214895 0xb83d5200 gstelement.c:275:gst_element_base_class_init type GstFileSrc : factory 0xb839ad10
D/GStreamer+GST_REGISTRY( 4579): 0:00:00.028367291 0xb83d5200 gstregistry.c:587:gst_registry_add_feature:<registry0> adding feature 0xb839ad10 (filesrc)
D/GStreamer+GST_REFCOUNTING( 4579): 0:00:00.028432916 0xb83d5200 gstobject.c:692:gst_object_set_parent:<filesrc> set parent (ref and sink)
D/GStreamer+GST_ELEMENT_PADS( 4579): 0:00:00.028547552 0xb83d5200 gstelement.c:275:gst_element_base_class_init type GstFunnel : factory 0xb839ada0
D/GStreamer+GST_REGISTRY( 4579): 0:00:00.028710104 0xb83d5200 gstregistry.c:587:gst_registry_add_feature:<registry0> adding feature 0xb839ada0 (funnel)
D/GStreamer+GST_REFCOUNTING( 4579): 0:00:00.028775573 0xb83d5200 gstobject.c:692:gst_object_set_parent:<funnel> set parent (ref and sink)
D/GStreamer+GST_ELEMENT_PADS( 4579): 0:00:00.028929010 0xb83d5200 gstelement.c:275:gst_element_base_class_init type GstIdentity : factory 0xb839ae30
D/GStreamer+GST_REGISTRY( 4579): 0:00:00.029205625 0xb83d5200 gstregistry.c:587:gst_registry_add_feature:<registry0> adding feature 0xb839ae30 (identity)
D/GStreamer+GST_REFCOUNTING( 4579): 0:00:00.029269427 0xb83d5200 gstobject.c:692:gst_object_set_parent:<identity> set parent (ref and sink)
D/GStreamer+GST_ELEMENT_PADS( 4579): 0:00:00.029390104 0xb83d5200 gstelement.c:275:gst_element_base_class_init type GstInputSelector : factory 0xb839aec0
D/GStreamer+GST_REGISTRY( 4579): 0:00:00.029593229 0xb83d5200 gstregistry.c:587:gst_registry_add_feature:<registry0> adding feature 0xb839aec0 (input-selector)
D/GStreamer+GST_REFCOUNTING( 4579): 0:00:00.029657031 0xb83d5200 gstobject.c:692:gst_object_set_parent:<input-selector> set parent (ref and sink)
D/GStreamer+GST_ELEMENT_PADS( 4579): 0:00:00.029769843 0xb83d5200 gstelement.c:275:gst_element_base_class_init type GstOutputSelector : factory 0xb839af50
D/GStreamer+GST_REGISTRY( 4579): 0:00:00.029973281 0xb83d5200 gstregistry.c:587:gst_registry_add_feature:<registry0> adding feature 0xb839af50 (output-selector)
D/GStreamer+GST_REFCOUNTING( 4579): 0:00:00.030037395 0xb83d5200 gstobject.c:692:gst_object_set_parent:<output-selector> set parent (ref and sink)
D/GStreamer+GST_ELEMENT_PADS( 4579): 0:00:00.030156875 0xb83d5200 gstelement.c:275:gst_element_base_class_init type GstQueue : factory 0xb83af000
D/GStreamer+GST_REGISTRY( 4579): 0:00:00.032738489 0xb83d5200 gstregistry.c:587:gst_registry_add_feature:<registry0> adding feature 0xb83af000 (queue)
D/GStreamer+GST_REFCOUNTING( 4579): 0:00:00.032808958 0xb83d5200 gstobject.c:692:gst_object_set_parent:<queue> set parent (ref and sink)
D/GStreamer+GST_ELEMENT_PADS( 4579): 0:00:00.032932239 0xb83d5200 gstelement.c:275:gst_element_base_class_init type GstQueue2 : factory 0xb83af090
D/GStreamer+GST_REGISTRY( 4579): 0:00:00.033225156 0xb83d5200 gstregistry.c:587:gst_registry_add_feature:<registry0> adding feature 0xb83af090 (queue2)
D/GStreamer+GST_REFCOUNTING( 4579): 0:00:00.033290156 0xb83d5200 gstobject.c:692:gst_object_set_parent:<queue2> set parent (ref and sink)
D/GStreamer+GST_ELEMENT_PADS( 4579): 0:00:00.033403333 0xb83d5200 gstelement.c:275:gst_element_base_class_init type GstFileSink : factory 0xb83af120
D/GStreamer+GST_REGISTRY( 4579): 0:00:00.033588125 0xb83d5200 gstregistry.c:587:gst_registry_add_feature:<registry0> adding feature 0xb83af120 (filesink)
D/GStreamer+GST_REFCOUNTING( 4579): 0:00:00.033649895 0xb83d5200 gstobject.c:692:gst_object_set_parent:<filesink> set parent (ref and sink)
D/GStreamer+GST_ELEMENT_PADS( 4579): 0:00:00.033762916 0xb83d5200 gstelement.c:275:gst_element_base_class_init type GstTee : factory 0xb83af1b0
D/GStreamer+GST_REGISTRY( 4579): 0:00:00.033983854 0xb83d5200 gstregistry.c:587:gst_registry_add_feature:<registry0> adding feature 0xb83af1b0 (tee)
D/GStreamer+GST_REFCOUNTING( 4579): 0:00:00.034047135 0xb83d5200 gstobject.c:692:gst_object_set_parent:<tee> set parent (ref and sink)
D/GStreamer+GST_ELEMENT_PADS( 4579): 0:00:00.034162864 0xb83d5200 gstelement.c:275:gst_element_base_class_init type GstTypeFindElement : factory 0xb83af240
D/GStreamer+GST_REGISTRY( 4579): 0:00:00.034391041 0xb83d5200 gstregistry.c:587:gst_registry_add_feature:<registry0> adding feature 0xb83af240 (typefind)
D/GStreamer+GST_REFCOUNTING( 4579): 0:00:00.034454791 0xb83d5200 gstobject.c:692:gst_object_set_parent:<typefind> set parent (ref and sink)
D/GStreamer+GST_ELEMENT_PADS( 4579): 0:00:00.034567500 0xb83d5200 gstelement.c:275:gst_element_base_class_init type GstMultiQueue : factory 0xb83af2d0
D/GStreamer+GST_REGISTRY( 4579): 0:00:00.034830833 0xb83d5200 gstregistry.c:587:gst_registry_add_feature:<registry0> adding feature 0xb83af2d0 (multiqueue)
D/GStreamer+GST_REFCOUNTING( 4579): 0:00:00.034893541 0xb83d5200 gstobject.c:692:gst_object_set_parent:<multiqueue> set parent (ref and sink)
D/GStreamer+GST_ELEMENT_PADS( 4579): 0:00:00.035001510 0xb83d5200 gstelement.c:275:gst_element_base_class_init type GstValve : factory 0xb83af360
D/GStreamer+GST_REGISTRY( 4579): 0:00:00.035163698 0xb83d5200 gstregistry.c:587:gst_registry_add_feature:<registry0> adding feature 0xb83af360 (valve)
D/GStreamer+GST_REFCOUNTING( 4579): 0:00:00.035226927 0xb83d5200 gstobject.c:692:gst_object_set_parent:<valve> set parent (ref and sink)
D/GStreamer+GST_ELEMENT_PADS( 4579): 0:00:00.035341041 0xb83d5200 gstelement.c:275:gst_element_base_class_init type GstStreamidDemux : factory 0xb83af3f0
D/GStreamer+GST_REGISTRY( 4579): 0:00:00.035503229 0xb83d5200 gstregistry.c:587:gst_registry_add_feature:<registry0> adding feature 0xb83af3f0 (streamiddemux)
D/GStreamer+GST_REFCOUNTING( 4579): 0:00:00.035566302 0xb83d5200 gstobject.c:692:gst_object_set_parent:<streamiddemux> set parent (ref and sink)
I/GStreamer+GST_PLUGIN_LOADING( 4579): 0:00:00.035626093 0xb83d5200 gstplugin.c:225:gst_plugin_register_static registered static plugin "coreelements"
D/GStreamer+GST_REGISTRY( 4579): 0:00:00.035682864 0xb83d5200 gstregistry.c:476:gst_registry_add_plugin:<registry0> adding plugin 0xb839a0c0 for filename "(NULL)"
I/GStreamer+GST_PLUGIN_LOADING( 4579): 0:00:00.035742448 0xb83d5200 gstplugin.c:227:gst_plugin_register_static added static plugin "coreelements", result: 1
D/GStreamer+GST_ELEMENT_PADS( 4579): 0:00:00.035891250 0xb83d5200 gstelement.c:275:gst_element_base_class_init type GstAudioConvert : factory 0xb83af480
D/GStreamer+structure( 4579): 0:00:00.035993958 0xb83d5200 gststructure.c:2265:gst_structure_parse_field trying field name 'format'
D/GStreamer+structure( 4579): 0:00:00.036050573 0xb83d5200 gststructure.c:2316:gst_structure_parse_value trying type name 'string'
D/GStreamer+structure( 4579): 0:00:00.036150052 0xb83d5200 gststructure.c:2265:gst_structure_parse_field trying field name 'rate'
D/GStreamer+structure( 4579): 0:00:00.036198593 0xb83d5200 gststructure.c:2316:gst_structure_parse_value trying type name 'int'
D/GStreamer+structure( 4579): 0:00:00.036267187 0xb83d5200 gststructure.c:2265:gst_structure_parse_field trying field name 'channels'
D/GStreamer+structure( 4579): 0:00:00.036314687 0xb83d5200 gststructure.c:2316:gst_structure_parse_value trying type name 'int'
D/GStreamer+structure( 4579): 0:00:00.036369791 0xb83d5200 gststructure.c:2265:gst_structure_parse_field trying field name 'layout'
D/GStreamer+structure( 4579): 0:00:00.036418437 0xb83d5200 gststructure.c:2316:gst_structure_parse_value trying type name 'string'
D/GStreamer+structure( 4579): 0:00:00.036518854 0xb83d5200 gststructure.c:2265:gst_structure_parse_field trying field name 'format'
D/GStreamer+structure( 4579): 0:00:00.036568750 0xb83d5200 gststructure.c:2316:gst_structure_parse_value trying type name 'string'
D/GStreamer+structure( 4579): 0:00:00.036658593 0xb83d5200 gststructure.c:2265:gst_structure_parse_field trying field name 'rate'
D/GStreamer+structure( 4579): 0:00:00.036707239 0xb83d5200 gststructure.c:2316:gst_structure_parse_value trying type name 'int'
D/GStreamer+structure( 4579): 0:00:00.036763229 0xb83d5200 gststructure.c:2265:gst_structure_parse_field trying field name 'channels'
D/GStreamer+structure( 4579): 0:00:00.036811458 0xb83d5200 gststructure.c:2316:gst_structure_parse_value trying type name 'int'
D/GStreamer+structure( 4579): 0:00:00.036866302 0xb83d5200 gststructure.c:2265:gst_structure_parse_field trying field name 'layout'
D/GStreamer+structure( 4579): 0:00:00.036915156 0xb83d5200 gststructure.c:2316:gst_structure_parse_value trying type name 'string'
D/GStreamer+GST_REGISTRY( 4579): 0:00:00.037165260 0xb83d5200 gstregistry.c:587:gst_registry_add_feature:<registry0> adding feature 0xb83af480 (audioconvert)
D/GStreamer+GST_REFCOUNTING( 4579): 0:00:00.037229791 0xb83d5200 gstobject.c:692:gst_object_set_parent:<audioconvert> set parent (ref and sink)
I/GStreamer+GST_PLUGIN_LOADING( 4579): 0:00:00.037289427 0xb83d5200 gstplugin.c:225:gst_plugin_register_static registered static plugin "audioconvert"
D/GStreamer+GST_REGISTRY( 4579): 0:00:00.037346250 0xb83d5200 gstregistry.c:476:gst_registry_add_plugin:<registry0> adding plugin 0xb839a178 for filename "(NULL)"
I/GStreamer+GST_PLUGIN_LOADING( 4579): 0:00:00.037408489 0xb83d5200 gstplugin.c:227:gst_plugin_register_static added static plugin "audioconvert", result: 1
W/GStreamer+audioresample( 4579): 0:00:00.043315520 0xb83d5200 gstaudioresample.c:1559:plugin_init Orc disabled, can't benchmark int vs. float resampler
W/GStreamer+GST_PERFORMANCE( 4579): 0:00:00.043401510 0xb83d5200 gstaudioresample.c:1562:plugin_init orc disabled, no benchmarking done
D/GStreamer+GST_ELEMENT_PADS( 4579): 0:00:00.043538333 0xb83d5200 gstelement.c:275:gst_element_base_class_init type GstAudioResample : factory 0xb83af510
D/GStreamer+structure( 4579): 0:00:00.043662291 0xb83d5200 gststructure.c:2265:gst_structure_parse_field trying field name 'format'
D/GStreamer+structure( 4579): 0:00:00.043714635 0xb83d5200 gststructure.c:2316:gst_structure_parse_value trying type name 'string'
D/GStreamer+structure( 4579): 0:00:00.043778593 0xb83d5200 gststructure.c:2265:gst_structure_parse_field trying field name 'rate'
D/GStreamer+structure( 4579): 0:00:00.043826875 0xb83d5200 gststructure.c:2316:gst_structure_parse_value trying type name 'int'
D/GStreamer+structure( 4579): 0:00:00.043883281 0xb83d5200 gststructure.c:2265:gst_structure_parse_field trying field name 'channels'
D/GStreamer+structure( 4579): 0:00:00.043931198 0xb83d5200 gststructure.c:2316:gst_structure_parse_value trying type name 'int'
D/GStreamer+structure( 4579): 0:00:00.043985937 0xb83d5200 gststructure.c:2265:gst_structure_parse_field trying field name 'layout'
D/GStreamer+structure( 4579): 0:00:00.044033125 0xb83d5200 gststructure.c:2316:gst_structure_parse_value trying type name 'string'
D/GStreamer+structure( 4579): 0:00:00.044139270 0xb83d5200 gststructure.c:2265:gst_structure_parse_field trying field name 'format'
D/GStreamer+structure( 4579): 0:00:00.044190781 0xb83d5200 gststructure.c:2316:gst_structure_parse_value trying type name 'string'
D/GStreamer+structure( 4579): 0:00:00.044251927 0xb83d5200 gststructure.c:2265:gst_structure_parse_field trying field name 'rate'
D/GStreamer+structure( 4579): 0:00:00.044301041 0xb83d5200 gststructure.c:2316:gst_structure_parse_value trying type name 'int'
D/GStreamer+structure( 4579): 0:00:00.044357343 0xb83d5200 gststructure.c:2265:gst_structure_parse_field trying field name 'channels'
D/GStreamer+structure( 4579): 0:00:00.044405520 0xb83d5200 gststructure.c:2316:gst_structure_parse_value trying type name 'int'
D/GStreamer+structure( 4579): 0:00:00.044461770 0xb83d5200 gststructure.c:2265:gst_structure_parse_field trying field name 'layout'
D/GStreamer+structure( 4579): 0:00:00.044511458 0xb83d5200 gststructure.c:2316:gst_structure_parse_value trying type name 'string'
D/GStreamer+GST_REGISTRY( 4579): 0:00:00.045078073 0xb83d5200 gstregistry.c:587:gst_registry_add_feature:<registry0> adding feature 0xb83af510 (audioresample)
D/GStreamer+GST_REFCOUNTING( 4579): 0:00:00.045147448 0xb83d5200 gstobject.c:692:gst_object_set_parent:<audioresample> set parent (ref and sink)
I/GStreamer+GST_PLUGIN_LOADING( 4579): 0:00:00.045210833 0xb83d5200 gstplugin.c:225:gst_plugin_register_static registered static plugin "audioresample"
D/GStreamer+GST_REGISTRY( 4579): 0:00:00.045268385 0xb83d5200 gstregistry.c:476:gst_registry_add_plugin:<registry0> adding plugin 0xb839a230 for filename "(NULL)"
I/GStreamer+GST_PLUGIN_LOADING( 4579): 0:00:00.045335833 0xb83d5200 gstplugin.c:227:gst_plugin_register_static added static plugin "audioresample", result: 1
I/GStreamer+GST_TYPEFIND( 4579): 0:00:00.052015677 0xb83d5200 gsttypefind.c:71:gst_type_find_register registering typefind function for video/x-ms-asf
D/GStreamer+GST_TYPEFIND( 4579): 0:00:00.052126093 0xb83d5200 gsttypefind.c:74:gst_type_find_register:<typefindfactory0> using new typefind factory for video/x-ms-asf
D/GStreamer+GST_REGISTRY( 4579): 0:00:00.052210937 0xb83d5200 gstregistry.c:587:gst_registry_add_feature:<registry0> adding feature 0xb8405048 (video/x-ms-asf)
D/GStreamer+GST_REFCOUNTING( 4579): 0:00:00.052384427 0xb83d5200 gstobject.c:692:gst_object_set_parent:<video/x-ms-asf> set parent (ref and sink)
D/GStreamer+structure( 4579): 0:00:00.052453906 0xb83d5200 gststructure.c:2265:gst_structure_parse_field trying field name 'streamversion'
D/GStreamer+structure( 4579): 0:00:00.052505677 0xb83d5200 gststructure.c:2316:gst_structure_parse_value trying type name 'int'
I/GStreamer+GST_TYPEFIND( 4579): 0:00:00.052572448 0xb83d5200 gsttypefind.c:71:gst_type_find_register registering typefind function for audio/x-musepack
D/GStreamer+GST_TYPEFIND( 4579): 0:00:00.052734323 0xb83d5200 gsttypefind.c:74:gst_type_find_register:<typefindfactory1> using new typefind factory for audio/x-musepack
D/GStreamer+GST_REGISTRY( 4579): 0:00:00.052804843 0xb83d5200 gstregistry.c:587:gst_registry_add_feature:<registry0> adding feature 0xb84050d0 (audio/x-musepack)
D/GStreamer+GST_REFCOUNTING( 4579): 0:00:00.052868802 0xb83d5200 gstobject.c:692:gst_object_set_parent:<audio/x-musepack> set parent (ref and sink)
I/GStreamer+GST_TYPEFIND( 4579): 0:00:00.052958854 0xb83d5200 gsttypefind.c:71:gst_type_find_register registering typefind function for audio/x-au
D/GStreamer+GST_TYPEFIND( 4579): 0:00:00.053040573 0xb83d5200 gsttypefind.c:74:gst_type_find_register:<typefindfactory2> using new typefind factory for audio/x-au
D/GStreamer+GST_REGISTRY( 4579): 0:00:00.053108229 0xb83d5200 gstregistry.c:587:gst_registry_add_feature:<registry0> adding feature 0xb8405158 (audio/x-au)
D/GStreamer+GST_REFCOUNTING( 4579): 0:00:00.053170468 0xb83d5200 gstobject.c:692:gst_object_set_parent:<audio/x-au> set parent (ref and sink)
I/GStreamer+GST_TYPEFIND( 4579): 0:00:00.053233645 0xb83d5200 gsttypefind.c:71:gst_type_find_register registering typefind function for video/x-msvideo
D/GStreamer+GST_TYPEFIND( 4579): 0:00:00.053309114 0xb83d5200 gsttypefind.c:74:gst_type_find_register:<typefindfactory3> using new typefind factory for video/x-msvideo
D/GStreamer+GST_REGISTRY( 4579): 0:00:00.053373541 0xb83d5200 gstregistry.c:587:gst_registry_add_feature:<registry0> adding feature 0xb84051e0 (video/x-msvideo)
D/GStreamer+GST_REFCOUNTING( 4579): 0:00:00.053436927 0xb83d5200 gstobject.c:692:gst_object_set_parent:<video/x-msvideo> set parent (ref and sink)
I/GStreamer+GST_TYPEFIND( 4579): 0:00:00.053498906 0xb83d5200 gsttypefind.c:71:gst_type_find_register registering typefind function for audio/qcelp
D/GStreamer+GST_TYPEFIND( 4579): 0:00:00.053574166 0xb83d5200 gsttypefind.c:74:gst_type_find_register:<typefindfactory4> using new typefind factory for audio/qcelp
D/GStreamer+GST_REGISTRY( 4579): 0:00:00.053638437 0xb83d5200 gstregistry.c:587:gst_registry_add_feature:<registry0> adding feature 0xb8405268 (audio/qcelp)
D/GStreamer+GST_REFCOUNTING( 4579): 0:00:00.053701406 0xb83d5200 gstobject.c:692:gst_object_set_parent:<audio/qcelp> set parent (ref and sink)
I/GStreamer+GST_TYPEFIND( 4579): 0:00:00.053763385 0xb83d5200 gsttypefind.c:71:gst_type_find_register registering typefind function for video/x-cdxa
D/GStreamer+GST_TYPEFIND( 4579): 0:00:00.053838489 0xb83d5200 gsttypefind.c:74:gst_type_find_register:<typefindfactory5> using new typefind factory for video/x-cdxa
D/GStreamer+GST_REGISTRY( 4579): 0:00:00.054205156 0xb83d5200 gstregistry.c:587:gst_registry_add_feature:<registry0> adding feature 0xb84052f0 (video/x-cdxa)
D/GStreamer+GST_REFCOUNTING( 4579): 0:00:00.054274895 0xb83d5200 gstobject.c:692:gst_object_set_parent:<video/x-cdxa> set parent (ref and sink)
I/GStreamer+GST_TYPEFIND( 4579): 0:00:00.054341145 0xb83d5200 gsttypefind.c:71:gst_type_find_register registering typefind function for video/x-vcd
D/GStreamer+GST_TYPEFIND( 4579): 0:00:00.054419479 0xb83d5200 gsttypefind.c:74:gst_type_find_register:<typefindfactory6> using new typefind factory for video/x-vcd
D/GStreamer+GST_REGISTRY( 4579): 0:00:00.054486093 0xb83d5200 gstregistry.c:587:gst_registry_add_feature:<registry0> adding feature 0xb8405378 (video/x-vcd)
D/GStreamer+GST_REFCOUNTING( 4579): 0:00:00.054555677 0xb83d5200 gstobject.c:692:gst_object_set_parent:<video/x-vcd> set parent (ref and sink)
I/GStreamer+GST_TYPEFIND( 4579): 0:00:00.054618489 0xb83d5200 gsttypefind.c:71:gst_type_find_register registering typefind function for audio/x-imelody
D/GStreamer+GST_TYPEFIND( 4579): 0:00:00.054694270 0xb83d5200 gsttypefind.c:74:gst_type_find_register:<typefindfactory7> using new typefind factory for audio/x-imelody
D/GStreamer+GST_REGISTRY( 4579): 0:00:00.054760520 0xb83d5200 gstregistry.c:587:gst_registry_add_feature:<registry0> adding feature 0xb8405400 (audio/x-imelody)
D/GStreamer+GST_REFCOUNTING( 4579): 0:00:00.054823229 0xb83d5200 gstobject.c:692:gst_object_set_parent:<audio/x-imelody> set parent (ref and sink)
I/GStreamer+GST_TYPEFIND( 4579): 0:00:00.054888073 0xb83d5200 gsttypefind.c:71:gst_type_find_register registering typefind function for audio/midi
D/GStreamer+GST_TYPEFIND( 4579): 0:00:00.054963958 0xb83d5200 gsttypefind.c:74:gst_type_find_register:<typefindfactory8> using new typefind factory for audio/midi
D/GStreamer+GST_REGISTRY( 4579): 0:00:00.055030416 0xb83d5200 gstregistry.c:587:gst_registry_add_feature:<registry0> adding feature 0xb8405488 (audio/midi)
D/GStreamer+GST_REFCOUNTING( 4579): 0:00:00.055093593 0xb83d5200 gstobject.c:692:gst_object_set_parent:<audio/midi> set parent (ref and sink)
I/GStreamer+GST_TYPEFIND( 4579): 0:00:00.055156875 0xb83d5200 gsttypefind.c:71:gst_type_find_register registering typefind function for audio/riff-midi
D/GStreamer+GST_TYPEFIND( 4579): 0:00:00.055232135 0xb83d5200 gsttypefind.c:74:gst_type_find_register:<typefindfactory9> using new typefind factory for audio/riff-midi
D/GStreamer+GST_REGISTRY( 4579): 0:00:00.055296927 0xb83d5200 gstregistry.c:587:gst_registry_add_feature:<registry0> adding feature 0xb8405510 (audio/riff-midi)
D/GStreamer+GST_REFCOUNTING( 4579): 0:00:00.055637135 0xb83d5200 gstobject.c:692:gst_object_set_parent:<audio/riff-midi> set parent (ref and sink)
I/GStreamer+GST_TYPEFIND( 4579): 0:00:00.055706927 0xb83d5200 gsttypefind.c:71:gst_type_find_register registering typefind function for audio/mobile-xmf
D/GStreamer+GST_TYPEFIND( 4579): 0:00:00.055786979 0xb83d5200 gsttypefind.c:74:gst_type_find_register:<typefindfactory10> using new typefind factory for audio/mobile-xmf
D/GStreamer+GST_REGISTRY( 4579): 0:00:00.055853645 0xb83d5200 gstregistry.c:587:gst_registry_add_feature:<registry0> adding feature 0xb8405598 (audio/mobile-xmf)
D/GStreamer+GST_REFCOUNTING( 4579): 0:00:00.055916250 0xb83d5200 gstobject.c:692:gst_object_set_parent:<audio/mobile-xmf> set parent (ref and sink)
I/GStreamer+GST_TYPEFIND( 4579): 0:00:00.055981666 0xb83d5200 gsttypefind.c:71:gst_type_find_register registering typefind function for video/x-fli
D/GStreamer+GST_TYPEFIND( 4579): 0:00:00.056058125 0xb83d5200 gsttypefind.c:74:gst_type_find_register:<typefindfactory11> using new typefind factory for video/x-fli
D/GStreamer+GST_REGISTRY( 4579): 0:00:00.056123489 0xb83d5200 gstregistry.c:587:gst_registry_add_feature:<registry0> adding feature 0xb8405620 (video/x-fli)
D/GStreamer+GST_REFCOUNTING( 4579): 0:00:00.056185625 0xb83d5200 gstobject.c:692:gst_object_set_parent:<video/x-fli> set parent (ref and sink)
I/GStreamer+GST_TYPEFIND( 4579): 0:00:00.056249531 0xb83d5200 gsttypefind.c:71:gst_type_find_register registering typefind function for application/x-id3v2
D/GStreamer+GST_TYPEFIND( 4579): 0:00:00.056336770 0xb83d5200 gsttypefind.c:74:gst_type_find_register:<typefindfactory12> using new typefind factory for application/x-id3v2
D/GStreamer+GST_REGISTRY( 4579): 0:00:00.056404843 0xb83d5200 gstregistry.c:587:gst_registry_add_feature:<registry0> adding feature 0xb84056a8 (application/x-id3v2)
D/GStreamer+GST_REFCOUNTING( 4579): 0:00:00.056467187 0xb83d5200 gstobject.c:692:gst_object_set_parent:<application/x-id3v2> set parent (ref and sink)
I/GStreamer+GST_TYPEFIND( 4579): 0:00:00.056524739 0xb83d5200 gsttypefind.c:71:gst_type_find_register registering typefind function for application/x-id3v1
D/GStreamer+GST_TYPEFIND( 4579): 0:00:00.056599427 0xb83d5200 gsttypefind.c:74:gst_type_find_register:<typefindfactory13> using new typefind factory for application/x-id3v1
D/GStreamer+GST_REGISTRY( 4579): 0:00:00.056666250 0xb83d5200 gstregistry.c:587:gst_registry_add_feature:<registry0> adding feature 0xb8405730 (application/x-id3v1)
D/GStreamer+GST_REFCOUNTING( 4579): 0:00:00.056990625 0xb83d5200 gstobject.c:692:gst_object_set_parent:<application/x-id3v1> set parent (ref and sink)
I/GStreamer+GST_TYPEFIND( 4579): 0:00:00.057055885 0xb83d5200 gsttypefind.c:71:gst_type_find_register registering typefind function for application/x-apetag
D/GStreamer+GST_TYPEFIND( 4579): 0:00:00.057133073 0xb83d5200 gsttypefind.c:74:gst_type_find_register:<typefindfactory14> using new typefind factory for application/x-apetag
D/GStreamer+GST_REGISTRY( 4579): 0:00:00.057199843 0xb83d5200 gstregistry.c:587:gst_registry_add_feature:<registry0> adding feature 0xb8406868 (application/x-apetag)
D/GStreamer+GST_REFCOUNTING( 4579): 0:00:00.057263020 0xb83d5200 gstobject.c:692:gst_object_set_parent:<application/x-apetag> set parent (ref and sink)
I/GStreamer+GST_TYPEFIND( 4579): 0:00:00.057327135 0xb83d5200 gsttypefind.c:71:gst_type_find_register registering typefind function for audio/x-ttafile
D/GStreamer+GST_TYPEFIND( 4579): 0:00:00.057401823 0xb83d5200 gsttypefind.c:74:gst_type_find_register:<typefindfactory15> using new typefind factory for audio/x-ttafile
D/GStreamer+GST_REGISTRY( 4579): 0:00:00.057465364 0xb83d5200 gstregistry.c:587:gst_registry_add_feature:<registry0> adding feature 0xb84068f0 (audio/x-ttafile)
D/GStreamer+GST_REFCOUNTING( 4579): 0:00:00.057529062 0xb83d5200 gstobject.c:692:gst_object_set_parent:<audio/x-ttafile> set parent (ref and sink)
I/GStreamer+GST_TYPEFIND( 4579): 0:00:00.057593333 0xb83d5200 gsttypefind.c:71:gst_type_find_register registering typefind function for audio/x-mod
D/GStreamer+GST_TYPEFIND( 4579): 0:00:00.057669479 0xb83d5200 gsttypefind.c:74:gst_type_find_register:<typefindfactory16> using new typefind factory for audio/x-mod
D/GStreamer+GST_REGISTRY( 4579): 0:00:00.057754270 0xb83d5200 gstregistry.c:587:gst_registry_add_feature:<registry0> adding feature 0xb8406978 (audio/x-mod)
D/GStreamer+GST_REFCOUNTING( 4579): 0:00:00.057816145 0xb83d5200 gstobject.c:692:gst_object_set_parent:<audio/x-mod> set parent (ref and sink)
D/GStreamer+structure( 4579): 0:00:00.057880260 0xb83d5200 gststructure.c:2265:gst_structure_parse_field trying field name 'mpegversion'
D/GStreamer+structure( 4579): 0:00:00.057930156 0xb83d5200 gststructure.c:2316:gst_structure_parse_value trying type name 'int'
D/GStreamer+structure( 4579): 0:00:00.057985989 0xb83d5200 gststructure.c:2265:gst_structure_parse_field trying field name 'layer'
D/GStreamer+structure( 4579): 0:00:00.058035104 0xb83d5200 gststructure.c:2316:gst_structure_parse_value trying type name 'int'
I/GStreamer+GST_TYPEFIND( 4579): 0:00:00.058096250 0xb83d5200 gsttypefind.c:71:gst_type_find_register registering typefind function for audio/mpeg
D/GStreamer+GST_TYPEFIND( 4579): 0:00:00.058515520 0xb83d5200 gsttypefind.c:74:gst_type_find_register:<typefindfactory17> using new typefind factory for audio/mpeg
D/GStreamer+GST_REGISTRY( 4579): 0:00:00.058596875 0xb83d5200 gstregistry.c:587:gst_registry_add_feature:<registry0> adding feature 0xb8406a00 (audio/mpeg)
D/GStreamer+GST_REFCOUNTING( 4579): 0:00:00.058661406 0xb83d5200 gstobject.c:692:gst_object_set_parent:<audio/mpeg> set parent (ref and sink)
I/GStreamer+GST_TYPEFIND( 4579): 0:00:00.058730468 0xb83d5200 gsttypefind.c:71:gst_type_find_register registering typefind function for audio/x-ac3
D/GStreamer+GST_TYPEFIND( 4579): 0:00:00.058810833 0xb83d5200 gsttypefind.c:74:gst_type_find_register:<typefindfactory18> using new typefind factory for audio/x-ac3
D/GStreamer+GST_REGISTRY( 4579): 0:00:00.058877656 0xb83d5200 gstregistry.c:587:gst_registry_add_feature:<registry0> adding feature 0xb8406a88 (audio/x-ac3)
D/GStreamer+GST_REFCOUNTING( 4579): 0:00:00.058941198 0xb83d5200 gstobject.c:692:gst_object_set_parent:<audio/x-ac3> set parent (ref and sink)
I/GStreamer+GST_TYPEFIND( 4579): 0:00:00.059005520 0xb83d5200 gsttypefind.c:71:gst_type_find_register registering typefind function for audio/x-dts
D/GStreamer+GST_TYPEFIND( 4579): 0:00:00.059081510 0xb83d5200 gsttypefind.c:74:gst_type_find_register:<typefindfactory19> using new typefind factory for audio/x-dts
D/GStreamer+GST_REGISTRY( 4579): 0:00:00.059145364 0xb83d5200 gstregistry.c:587:gst_registry_add_feature:<registry0> adding feature 0xb8406b10 (audio/x-dts)
D/GStreamer+GST_REFCOUNTING( 4579): 0:00:00.059206041 0xb83d5200 gstobject.c:692:gst_object_set_parent:<audio/x-dts> set parent (ref and sink)
D/GStreamer+structure( 4579): 0:00:00.059392708 0xb83d5200 gststructure.c:2265:gst_structure_parse_field trying field name 'rate'
D/GStreamer+structure( 4579): 0:00:00.059450260 0xb83d5200 gststructure.c:2265:gst_structure_parse_field trying field name 'channels'
I/GStreamer+GST_TYPEFIND( 4579): 0:00:00.059506927 0xb83d5200 gsttypefind.c:71:gst_type_find_register registering typefind function for audio/x-gsm
D/GStreamer+GST_TYPEFIND( 4579): 0:00:00.059586250 0xb83d5200 gsttypefind.c:74:gst_type_find_register:<typefindfactory20> using new typefind factory for audio/x-gsm
D/GStreamer+GST_REGISTRY( 4579): 0:00:00.059652760 0xb83d5200 gstregistry.c:587:gst_registry_add_feature:<registry0> adding feature 0xb8406b98 (audio/x-gsm)
D/GStreamer+GST_REFCOUNTING( 4579): 0:00:00.059714948 0xb83d5200 gstobject.c:692:gst_object_set_parent:<audio/x-gsm> set parent (ref and sink)
D/GStreamer+structure( 4579): 0:00:00.059777656 0xb83d5200 gststructure.c:2265:gst_structure_parse_field trying field name 'systemstream'
D/GStreamer+structure( 4579): 0:00:00.059829323 0xb83d5200 gststructure.c:2316:gst_structure_parse_value trying type name 'boolean'
D/GStreamer+structure( 4579): 0:00:00.059882239 0xb83d5200 gststructure.c:2265:gst_structure_parse_field trying field name 'mpegversion'
D/GStreamer+structure( 4579): 0:00:00.059929843 0xb83d5200 gststructure.c:2316:gst_structure_parse_value trying type name 'int'
I/GStreamer+GST_TYPEFIND( 4579): 0:00:00.059990312 0xb83d5200 gsttypefind.c:71:gst_type_find_register registering typefind function for video/mpeg-sys
D/GStreamer+GST_TYPEFIND( 4579): 0:00:00.060066718 0xb83d5200 gsttypefind.c:74:gst_type_find_register:<typefindfactory21> using new typefind factory for video/mpeg-sys
D/GStreamer+GST_REGISTRY( 4579): 0:00:00.060135364 0xb83d5200 gstregistry.c:587:gst_registry_add_feature:<registry0> adding feature 0xb8406c20 (video/mpeg-sys)
D/GStreamer+GST_REFCOUNTING( 4579): 0:00:00.060498385 0xb83d5200 gstobject.c:692:gst_object_set_parent:<video/mpeg-sys> set parent (ref and sink)
D/GStreamer+structure( 4579): 0:00:00.060584270 0xb83d5200 gststructure.c:2265:gst_structure_parse_field trying field name 'systemstream'
D/GStreamer+structure( 4579): 0:00:00.060635625 0xb83d5200 gststructure.c:2316:gst_structure_parse_value trying type name 'boolean'
D/GStreamer+structure( 4579): 0:00:00.060689166 0xb83d5200 gststructure.c:2265:gst_structure_parse_field trying field name 'packetsize'
D/GStreamer+structure( 4579): 0:00:00.060737656 0xb83d5200 gststructure.c:2316:gst_structure_parse_value trying type name 'int'
I/GStreamer+GST_TYPEFIND( 4579): 0:00:00.060797916 0xb83d5200 gsttypefind.c:71:gst_type_find_register registering typefind function for video/mpegts
D/GStreamer+GST_TYPEFIND( 4579): 0:00:00.060879270 0xb83d5200 gsttypefind.c:74:gst_type_find_register:<typefindfactory22> using new typefind factory for video/mpegts
D/GStreamer+GST_REGISTRY( 4579): 0:00:00.060946406 0xb83d5200 gstregistry.c:587:gst_registry_add_feature:<registry0> adding feature 0xb8406ca8 (video/mpegts)
D/GStreamer+GST_REFCOUNTING( 4579): 0:00:00.061008073 0xb83d5200 gstobject.c:692:gst_object_set_parent:<video/mpegts> set parent (ref and sink)
I/GStreamer+GST_TYPEFIND( 4579): 0:00:00.061079895 0xb83d5200 gsttypefind.c:71:gst_type_find_register registering typefind function for application/ogg
D/GStreamer+GST_TYPEFIND( 4579): 0:00:00.061156406 0xb83d5200 gsttypefind.c:74:gst_type_find_register:<typefindfactory23> using new typefind factory for application/ogg
D/GStreamer+GST_REGISTRY( 4579): 0:00:00.061226302 0xb83d5200 gstregistry.c:587:gst_registry_add_feature:<registry0> adding feature 0xb8406d30 (application/ogg)
D/GStreamer+GST_REFCOUNTING( 4579): 0:00:00.061288854 0xb83d5200 gstobject.c:692:gst_object_set_parent:<application/ogg> set parent (ref and sink)
D/GStreamer+structure( 4579): 0:00:00.061349479 0xb83d5200 gststructure.c:2265:gst_structure_parse_field trying field name 'systemstream'
D/GStreamer+structure( 4579): 0:00:00.061399218 0xb83d5200 gststructure.c:2316:gst_structure_parse_value trying type name 'boolean'
I/GStreamer+GST_TYPEFIND( 4579): 0:00:00.061455573 0xb83d5200 gsttypefind.c:71:gst_type_find_register registering typefind function for video/mpeg-elementary
D/GStreamer+GST_TYPEFIND( 4579): 0:00:00.061537031 0xb83d5200 gsttypefind.c:74:gst_type_find_register:<typefindfactory24> using new typefind factory for video/mpeg-elementary
D/GStreamer+GST_REGISTRY( 4579): 0:00:00.061609114 0xb83d5200 gstregistry.c:587:gst_registry_add_feature:<registry0> adding feature 0xb8406db8 (video/mpeg-elementary)
D/GStreamer+GST_REFCOUNTING( 4579): 0:00:00.061670989 0xb83d5200 gstobject.c:692:gst_object_set_parent:<video/mpeg-elementary> set parent (ref and sink)
I/GStreamer+GST_TYPEFIND( 4579): 0:00:00.062034427 0xb83d5200 gsttypefind.c:71:gst_type_find_register registering typefind function for video/mpeg4
D/GStreamer+GST_TYPEFIND( 4579): 0:00:00.062122812 0xb83d5200 gsttypefind.c:74:gst_type_find_register:<typefindfactory25> using new typefind factory for video/mpeg4
D/GStreamer+GST_REGISTRY( 4579): 0:00:00.062191198 0xb83d5200 gstregistry.c:587:gst_registry_add_feature:<registry0> adding feature 0xb8406e40 (video/mpeg4)
D/GStreamer+GST_REFCOUNTING( 4579): 0:00:00.062254531 0xb83d5200 gstobject.c:692:gst_object_set_parent:<video/mpeg4> set parent (ref and sink)
D/GStreamer+structure( 4579): 0:00:00.062318958 0xb83d5200 gststructure.c:2265:gst_structure_parse_field trying field name 'variant'
D/GStreamer+structure( 4579): 0:00:00.062368854 0xb83d5200 gststructure.c:2316:gst_structure_parse_value trying type name 'string'
I/GStreamer+GST_TYPEFIND( 4579): 0:00:00.062426823 0xb83d5200 gsttypefind.c:71:gst_type_find_register registering typefind function for video/x-h263
D/GStreamer+GST_TYPEFIND( 4579): 0:00:00.062504791 0xb83d5200 gsttypefind.c:74:gst_type_find_register:<typefindfactory26> using new typefind factory for video/x-h263
D/GStreamer+GST_REGISTRY( 4579): 0:00:00.062570000 0xb83d5200 gstregistry.c:587:gst_registry_add_feature:<registry0> adding feature 0xb8406ec8 (video/x-h263)
D/GStreamer+GST_REFCOUNTING( 4579): 0:00:00.062631406 0xb83d5200 gstobject.c:692:gst_object_set_parent:<video/x-h263> set parent (ref and sink)
D/GStreamer+structure( 4579): 0:00:00.062691354 0xb83d5200 gststructure.c:2265:gst_structure_parse_field trying field name 'stream-format'
I/GStreamer+GST_TYPEFIND( 4579): 0:00:00.062775052 0xb83d5200 gsttypefind.c:71:gst_type_find_register registering typefind function for video/x-h264
D/GStreamer+GST_TYPEFIND( 4579): 0:00:00.062853437 0xb83d5200 gsttypefind.c:74:gst_type_find_register:<typefindfactory27> using new typefind factory for video/x-h264
D/GStreamer+GST_REGISTRY( 4579): 0:00:00.062921302 0xb83d5200 gstregistry.c:587:gst_registry_add_feature:<registry0> adding feature 0xb8406f50 (video/x-h264)
D/GStreamer+GST_REFCOUNTING( 4579): 0:00:00.062983125 0xb83d5200 gstobject.c:692:gst_object_set_parent:<video/x-h264> set parent (ref and sink)
D/GStreamer+structure( 4579): 0:00:00.063044218 0xb83d5200 gststructure.c:2265:gst_structure_parse_field trying field name 'stream-format'
I/GStreamer+GST_TYPEFIND( 4579): 0:00:00.063418698 0xb83d5200 gsttypefind.c:71:gst_type_find_register registering typefind function for video/x-h265
D/GStreamer+GST_TYPEFIND( 4579): 0:00:00.063504479 0xb83d5200 gsttypefind.c:74:gst_type_find_register:<typefindfactory28> using new typefind factory for video/x-h265
D/GStreamer+GST_REGISTRY( 4579): 0:00:00.063573854 0xb83d5200 gstregistry.c:587:gst_registry_add_feature:<registry0> adding feature 0xb8408030 (video/x-h265)
D/GStreamer+GST_REFCOUNTING( 4579): 0:00:00.063637031 0xb83d5200 gstobject.c:692:gst_object_set_parent:<video/x-h265> set parent (ref and sink)
I/GStreamer+GST_TYPEFIND( 4579): 0:00:00.063703541 0xb83d5200 gsttypefind.c:71:gst_type_find_register registering typefind function for video/x-nuv
D/GStreamer+GST_TYPEFIND( 4579): 0:00:00.063780937 0xb83d5200 gsttypefind.c:74:gst_type_find_register:<typefindfactory29> using new typefind factory for video/x-nuv
D/GStreamer+GST_REGISTRY( 4579): 0:00:00.063845104 0xb83d5200 gstregistry.c:587:gst_registry_add_feature:<registry0> adding feature 0xb84080b8 (video/x-nuv)
D/GStreamer+GST_REFCOUNTING( 4579): 0:00:00.063907812 0xb83d5200 gstobject.c:692:gst_object_set_parent:<video/x-nuv> set parent (ref and sink)
I/GStreamer+GST_TYPEFIND( 4579): 0:00:00.063971354 0xb83d5200 gsttypefind.c:71:gst_type_find_register registering typefind function for audio/x-m4a
