D/ActivityManager(  983): retrieveServiceLocked(): component = com.google.android.apps.plus/com.google.android.libraries.social.autobackup.AutoBackupSyncService; callingUser = 0; userId(target) = 0
D/ActivityManager(  983): bindService callerProcessName:android, calleePkgName: com.whatsapp, action: android.content.SyncAdapter
D/ActivityManager(  983): retrieveServiceLocked(): component = com.whatsapp/com.whatsapp.contact.sync.ContactsSyncAdapterService; callingUser = 0; userId(target) = 0
D/ActivityManager(  983): bindService callerProcessName:android, calleePkgName: com.google.android.gms, action: android.content.SyncAdapter
D/ActivityManager(  983): retrieveServiceLocked(): component = com.google.android.gms/com.google.android.gms.fitness.sync.FitnessSyncAdapterService; callingUser = 0; userId(target) = 0
E/Zygote  ( 4340): v2
I/SELinux ( 4340): Function: selinux_compare_spd_ram, SPD-policy is existed. and_ver=SEPF_SM-G530H_5.0.2-1 ver=48
D/ActivityManager(  983): bindService callerProcessName:android, calleePkgName: com.skype.raider, action: android.content.SyncAdapter
D/ActivityManager(  983): retrieveServiceLocked(): component = com.skype.raider/com.skype.android.service.AccountService; callingUser = 0; userId(target) = 0
E/ActivityManager(  983): checkUser: useridlist=null, currentuser=0
E/ActivityManager(  983): checkUser: useridlist=null, currentuser=0
E/ActivityManager(  983): checkUser: useridlist=null, currentuser=0
E/ActivityManager(  983): checkUser: useridlist=null, currentuser=0
I/libpersona( 4340): KNOX_SDCARD checking this for 10039
I/libpersona( 4340): KNOX_SDCARD not a persona
I/SELinux ( 4340): Function: selinux_compare_spd_ram , priority [1] , priority version is VE=SEPF_SM-G530H_5.0.2-1_0048
E/SELinux ( 4340): [DEBUG] get_category: variable seinfo: default sensitivity: NULL, cateogry: NULL
I/ActivityManager(  983): Start proc com.skype.raider for service com.skype.raider/com.skype.android.service.AccountService: pid=4340 uid=10039 gids={50039, 9997, 3003, 3002, 1028, 1015} abi=armeabi-v7a
I/ActivityManager(  983): Killing 3338:com.google.android.talk/u0a63 (adj 15): DHA:empty #7
D/TimaKeyStoreProvider( 4340): in addTimaSignatureService
D/TimaKeyStoreProvider( 4340): Cannot add TimaSignature Service, License check Failed
D/ActivityThread( 4340): Added TimaKesytore provider
E/SMD     (  275): DCD OFF
W/art     ( 4340): Suspending all threads took: 6.389ms
I/SkypePerf( 4340): startup start
V/skype_jni( 4340): jni_CallDevice::jni_CallDevice()
V/skype_jni( 4340): jni_CallDevice::Init()
E/skype_jni( 4340): g_jniCallback == 0
E/skype_jni( 4340): g_pcmInit == 0
D/EnterpriseController(  272): uids 10039
D/EnterpriseController(  272): mIsMarkChainAdded is 18 mIsBlockChainAdded is 252 netId is 0
D/Netd    (  272): getNetworkForDns: using netid 530 for uid 10039
V/skype_jni( 4340): JNI Init
V/skype_jni( 4340): jniSetup
V/skype_jni( 4340): jniSetup_HwOffload
W/ContextImpl( 4340): Failed to ensure directory: /storage/extSdCard/Android/data/com.skype.raider/cache
E/Vold    (  252): Failed to find mounted volume for /storage/extSdCard/Android/data/com.skype.raider/cache/
W/Vold    (  252): Returning OperationFailed - no handler for errno 0
W/QCamera2Factory(  279): getCameraInfo: E, camera_id = 0
W/QCamera2Factory(  279): getCameraInfo: X
W/QCamera2Factory(  279): getCameraInfo: E, camera_id = 1
W/QCamera2Factory(  279): getCameraInfo: X
W/QCamera2Factory(  279): getCameraInfo: E, camera_id = 0
W/QCamera2Factory(  279): getCameraInfo: X
W/QCamera2Factory(  279): getCameraInfo: E, camera_id = 1
W/QCamera2Factory(  279): getCameraInfo: X
W/QCamera2Factory(  279): getCameraInfo: E, camera_id = 0
W/QCamera2Factory(  279): getCameraInfo: X
D/EnterpriseController(  272): uids 10039
D/EnterpriseController(  272): mIsMarkChainAdded is 18 mIsBlockChainAdded is 252 netId is 0
D/Netd    (  272): getNetworkForDns: using netid 530 for uid 10039
D/STATUSBAR-WifiQuickSettingButton( 1152): onWifiSignalChanged enabled=true enabledDesc:"f1comp"
D/StatusBar.MSimNetworkController( 1152): refreshViews phoneId =0, mMSimDataConnected =false mMSimDataActivity =0
D/StatusBar.MSimNetworkController( 1152): refreshViews connected={ wifi } level=4 mMSimcombinedSignalIconId=0x7f0202f6/com.android.systemui:drawable/stat_sys_wifi_signal_4 mMSimcombinedActivityIconId=0x7f0202c7 mAirplaneMode=false mMSimDataActivity=0 mMSimPhoneSignalIconId=0x7f0202b5/com.android.systemui:drawable/stat_sys_signal_4_auto_rotate mMSimDataDirectionIconId=0x0 mMSimDataSignalIconId=0x7f0202b5 mMSimDataTypeIconId=0x0/(null) mNoMSimIconId=0x0/(null) mMSimMobileActivityIconId=0x0/(null) mWifiIconId=0x7f0202f6 mBluetoothTetherIconId=0x7f0202d4 mRoamingIconId=0x 0/(null)
D/MSim-SignalClusterView( 1152): mBtTetherState :falsemNWBoosterRunning :false
D/MSim-SignalClusterView( 1152): mBtTetherState :falsemNWBoosterRunning :false
D/MSim-SignalClusterView( 1152): mMobileDataState (0)0
D/MSim-SignalClusterView( 1152): mBtTetherState :falsemNWBoosterRunning :false
D/MSim-SignalClusterView( 1152): mBtTetherState :falsemNWBoosterRunning :false
D/MSim-SignalClusterView( 1152): mBtTetherState :falsemNWBoosterRunning :false
D/StatusBar.MSimNetworkController( 1152): refreshSignalCluster, phoneId = 0 mMSimPhoneSignalIconId[0]=com.android.systemui:drawable/stat_sys_signal_4_auto_rotate mMSimDataSignalIconId[0]=com.android.systemui:drawable/stat_sys_signal_4_auto_rotate mMSimDataTypeIconId[0]=(null) mMSimMobileActivityIconId[0]=(null) mNoMSimIconId[0]=(null)
D/MSim-SignalClusterView( 1152): mBtTetherState :falsemNWBoosterRunning :false
D/MSim-SignalClusterView( 1152): mBtTetherState :falsemNWBoosterRunning :false
D/MSim-SignalClusterView( 1152): mMobileDataState (0)0
D/MSim-SignalClusterView( 1152): mBtTetherState :falsemNWBoosterRunning :false
D/MSim-SignalClusterView( 1152): mBtTetherState :falsemNWBoosterRunning :false
D/MSim-SignalClusterView( 1152): mBtTetherState :falsemNWBoosterRunning :false
D/StatusBar.MSimNetworkController( 1152): refreshSignalCluster, phoneId = 0 mMSimPhoneSignalIconId[0]=com.android.systemui:drawable/stat_sys_signal_4_auto_rotate mMSimDataSignalIconId[0]=com.android.systemui:drawable/stat_sys_signal_4_auto_rotate mMSimDataTypeIconId[0]=(null) mMSimMobileActivityIconId[0]=(null) mNoMSimIconId[0]=(null)
D/MSim-SignalClusterView( 1152): mBtTetherState :falsemNWBoosterRunning :false
D/MSim-SignalClusterView( 1152): mBtTetherState :falsemNWBoosterRunning :false
D/MSim-SignalClusterView( 1152): mMobileDataState (0)0
D/MSim-SignalClusterView( 1152): mBtTetherState :falsemNWBoosterRunning :false
D/MSim-SignalClusterView( 1152): mBtTetherState :falsemNWBoosterRunning :false
D/MSim-SignalClusterView( 1152): mBtTetherState :falsemNWBoosterRunning :false
D/StatusBar.MSimNetworkController( 1152): refreshSignalCluster, phoneId = 0 mMSimPhoneSignalIconId[0]=com.android.systemui:drawable/stat_sys_signal_4_auto_rotate mMSimDataSignalIconId[0]=com.android.systemui:drawable/stat_sys_signal_4_auto_rotate mMSimDataTypeIconId[0]=(null) mMSimMobileActivityIconId[0]=(null) mNoMSimIconId[0]=(null)
D/MSim-SignalClusterView( 1152): mBtTetherState :falsemNWBoosterRunning :false
D/MSim-SignalClusterView( 1152): mBtTetherState :falsemNWBoosterRunning :false
D/MSim-SignalClusterView( 1152): mMobileDataState (0)0
D/MSim-SignalClusterView( 1152): mBtTetherState :falsemNWBoosterRunning :false
D/MSim-SignalClusterView( 1152): mBtTetherState :falsemNWBoosterRunning :false
D/MSim-SignalClusterView( 1152): mBtTetherState :falsemNWBoosterRunning :false
D/StatusBar.MSimNetworkController( 1152): refreshSignalCluster, phoneId = 0 mMSimPhoneSignalIconId[0]=com.android.systemui:drawable/stat_sys_signal_4_auto_rotate mMSimDataSignalIconId[0]=com.android.systemui:drawable/stat_sys_signal_4_auto_rotate mMSimDataTypeIconId[0]=(null) mMSimMobileActivityIconId[0]=(null) mNoMSimIconId[0]=(null)
D/EnterpriseController(  272): uids 10039
D/EnterpriseController(  272): mIsMarkChainAdded is 18 mIsBlockChainAdded is 252 netId is 0
D/Netd    (  272): getNetworkForDns: using netid 530 for uid 10039
I/LYNC PAL( 4340): JNI_Pal_Init_Base: vm 0xb7fc1e30 loader 0x1003de loadMethod 0x6f4c03b8
I/LYNC PAL( 4340): JNI_Pal_Init: vm 0xb7fc1e30 loader 0x1003de loadMethod 0x6f4c03b8 GetEnv 0
I/LYNC PAL( 4340): findClass com/microsoft/media/RtcPalConfig loader 0x1003de
I/LYNC PAL( 4340): findClass com/microsoft/media/RtcPalEnvironment loader 0x1003de
I/LYNC PAL( 4340): findClass com/microsoft/media/NetworkPal loader 0x1003de
I/LYNC PAL( 4340): findClass com/microsoft/media/ifaddrs loader 0x1003de
I/LYNC PAL( 4340): findClass com/microsoft/media/MMVRSurfaceView loader 0x1003de
I/LYNC PAL( 4340): findClass com/microsoft/media/MMVRSurfaceView loader 0x1003de
I/LYNC PAL( 4340): findClass com/microsoft/media/NTLMEngineImpl loader 0x1003de
I/LYNC PAL( 4340): findClass com/microsoft/media/RtcPalEnvironment loader 0x1003de
I/LYNC PAL( 4340): JNI_Pal_Init: got init java class 0x400011
I/LYNC PAL( 4340): JNI_Pal_Init: got init java class method 0x762442a8
W/ContextImpl( 4340): Failed to ensure directory: /storage/extSdCard/Android/data/com.skype.raider/cache
E/Vold    (  252): Failed to find mounted volume for /storage/extSdCard/Android/data/com.skype.raider/cache/
W/Vold    (  252): Returning OperationFailed - no handler for errno 0
D/DisplayManager( 4340): DisplayManager()
W/QCamera2Factory(  279): getCameraInfo: E, camera_id = 0
W/QCamera2Factory(  279): getCameraInfo: X
W/QCamera2Factory(  279): getCameraInfo: E, camera_id = 1
W/QCamera2Factory(  279): getCameraInfo: X
I/AudioService(  983): getStreamVolume 0 index 50
I/AudioService(  983): getStreamVolume 0 index 50
D/SSRM:n  (  983): SIOP:: AP = 350, CUR = -1
D/SensorService(  983): [SO] 0.384 2.887 9.551
W/ContextImpl( 4340): Failed to ensure directory: /storage/extSdCard/Android/data/com.skype.raider/cache
E/Vold    (  252): Failed to find mounted volume for /storage/extSdCard/Android/data/com.skype.raider/cache/
W/Vold    (  252): Returning OperationFailed - no handler for errno 0
I/System.out( 4340): Thread-69270(ApacheHTTPLog):Reading from variable values from setDefaultValuesToVariables
I/System.out( 4340): Thread-69270(ApacheHTTPLog):isSBSettingEnabled false
I/System.out( 4340): Thread-69270(ApacheHTTPLog):isShipBuild true
I/System.out( 4340): Thread-69270(ApacheHTTPLog):SMARTBONDING_ENABLED is false
I/System.out( 4340): Thread-69270(ApacheHTTPLog):SmartBonding Enabling is false, SHIP_BUILD is true, log to file is false, DBG is false
D/EnterpriseController(  272): uids 10039
D/EnterpriseController(  272): mIsMarkChainAdded is 18 mIsBlockChainAdded is 252 netId is 0
D/Netd    (  272): getNetworkForDns: using netid 530 for uid 10039
D/ActivityManager(  983): startService callerProcessName:com.skype.raider, calleePkgName: com.skype.raider
D/ActivityManager(  983): retrieveServiceLocked(): component = com.skype.raider/com.skype.android.app.calling.CallForegroundService; callingUser = 0; userId(target) = 0
D/ActivityManager(  983): caller:android.app.ApplicationThreadProxy@12388a1e, r.packageName :com.skype.raider
E/SMD     (  275): DCD OFF
E/SQLiteLog( 4638): (284) automatic index on sqlite_sq_B84C7FD0(STAT_DATA_ID)
E/SQLiteLog( 4638): (284) automatic index on sqlite_sq_B84DD6F0(STAT_DATA_ID)
E/SQLiteLog( 4638): (284) automatic index on sqlite_sq_B84AF4F8(STAT_DATA_ID)
E/SQLiteLog( 4638): (284) automatic index on sqlite_sq_B8569C60(STAT_DATA_ID)
I/System.out( 4340): pool-6-thread-1 calls detatch()
E/SQLiteLog( 4638): (284) automatic index on sqlite_sq_B854D450(STAT_DATA_ID)
E/SQLiteLog( 4638): (284) automatic index on sqlite_sq_B85D17A8(STAT_DATA_ID)
E/SQLiteLog( 4638): (284) automatic index on sqlite_sq_B8314DE8(STAT_DATA_ID)
E/SQLiteLog( 4638): (284) automatic index on sqlite_sq_B85D17E0(STAT_DATA_ID)
E/SQLiteLog( 4638): (284) automatic index on sqlite_sq_B8589960(STAT_DATA_ID)
E/SQLiteLog( 4638): (284) automatic index on sqlite_sq_B8589A08(STAT_DATA_ID)
D/EnterpriseController(  272): uids 10039
D/EnterpriseController(  272): mIsMarkChainAdded is 18 mIsBlockChainAdded is 252 netId is 0
D/Netd    (  272): getNetworkForDns: using netid 530 for uid 10039
D/EnterpriseController(  272): uids 10039
D/EnterpriseController(  272): mIsMarkChainAdded is 18 mIsBlockChainAdded is 252 netId is 0
D/Netd    (  272): getNetworkForDns: using netid 530 for uid 10039
D/EnterpriseController(  272): uids 10039
D/EnterpriseController(  272): mIsMarkChainAdded is 18 mIsBlockChainAdded is 252 netId is 0
D/Netd    (  272): getNetworkForDns: using netid 530 for uid 10039
D/EnterpriseController(  272): uids 10039
D/EnterpriseController(  272): mIsMarkChainAdded is 18 mIsBlockChainAdded is 252 netId is 0
D/Netd    (  272): getNetworkForDns: using netid 530 for uid 10039
E/SQLiteLog( 4638): (284) automatic index on sqlite_sq_B8315310(STAT_DATA_ID)
E/SQLiteLog( 4638): (284) automatic index on sqlite_sq_B8315310(STAT_DATA_ID)
D/EnterpriseController(  272): uids 10039
D/EnterpriseController(  272): mIsMarkChainAdded is 18 mIsBlockChainAdded is 252 netId is 0
D/Netd    (  272): getNetworkForDns: using netid 530 for uid 10039
D/EnterpriseController(  272): uids 10039
D/EnterpriseController(  272): mIsMarkChainAdded is 18 mIsBlockChainAdded is 252 netId is 0
D/Netd    (  272): getNetworkForDns: using netid 530 for uid 10039
D/DataRouter(  274): After the usb select
D/DataRouter(  274): read usb data[len:4]
D/DataRouter(  274): read usb data message:AT+C
D/DataRouter(  274): Before the usb select
E/SMD     (  275): ***Received data notification[DR->SMD]***
E/SMD     (  275): Path set is DATA_PATH_DR_SMD_MANAGER
E/SMD     (  275): Message:AT+C
E/SMD     (  275): Sending data to SMD: Len = [4]
E/SMD     (  275):  buffer = [AT+C]
E/SMD     (  275): Wrote 4 chars to SMD PORT fd=7 ch = 41
D/DataRouter(  274): After the usb select
D/DataRouter(  274): read usb data[len:1]
D/DataRouter(  274): read usb data message:I
D/DataRouter(  274): Before the usb select
E/SMD     (  275): ***Received data notification[DR->SMD]***
E/SMD     (  275): Message:I
E/SMD     (  275): Sending data to SMD: Len = [1]
E/SMD     (  275):  buffer = [I]
E/SMD     (  275): Wrote 1 chars to SMD PORT fd=7 ch = 49
D/DataRouter(  274): After the usb select
D/DataRouter(  274): read usb data[len:1]
D/DataRouter(  274): read usb data message:N
D/DataRouter(  274): Before the usb select
E/SMD     (  275): ***Received data notification[DR->SMD]***
E/SMD     (  275): Message:N
E/SMD     (  275): Sending data to SMD: Len = [1]
E/SMD     (  275):  buffer = [N]
E/SMD     (  275): Wrote 1 chars to SMD PORT fd=7 ch = 4e
D/DataRouter(  274): After the usb select
D/DataRouter(  274): read usb data[len:1]
D/DataRouter(  274): read usb data message:D
D/DataRouter(  274): Before the usb select
E/SMD     (  275): ***Received data notification[DR->SMD]***
E/SMD     (  275): Message:D
E/SMD     (  275): Sending data to SMD: Len = [1]
E/SMD     (  275):  buffer = [D]
E/SMD     (  275): Wrote 1 chars to SMD PORT fd=7 ch = 44
D/DataRouter(  274): After the usb select
D/DataRouter(  274): read usb data[len:1]
D/DataRouter(  274): read usb data message:?
D/DataRouter(  274): Before the usb select
E/SMD     (  275): ***Received data notification[DR->SMD]***
E/SMD     (  275): Message:?
E/SMD     (  275): Sending data to SMD: Len = [1]
E/SMD     (  275):  buffer = [?]
E/SMD     (  275): Wrote 1 chars to SMD PORT fd=7 ch = 3f
D/DataRouter(  274): After the usb select
D/DataRouter(  274): read usb data[len:1]
D/DataRouter(  274): read usb data message:
D/DataRouter(  274): Before the usb select
E/SMD     (  275): ***Received data notification[DR->SMD]***
E/SMD     (  275): Message:
E/SMD     (  275): Sending data to SMD: Len = [1]
E/SMD     (  275):  buffer = []
E/SMD     (  275): Wrote 1 chars to SMD PORT fd=7 ch = d
E/SMD     (  275): After the Modem Read select 
E/SMD     (  275): Read 32 chars from SMD Modem file fd = 7
E/SMD     (  275):  Message: 
E/SMD     (  275): +CIND: 0,2,1,0,0,0,1,0
E/SMD     (  275): 
E/SMD     (  275): OK
E/SMD     (  275): +CGREG: 1,"984","F67AF0",0
E/SMD     (  275): ),("call",(0-1)),("roam",(0-1)),("smsfull",(0-1)),("GPRS coverage",(0-1)),("callsetup",(0-3))
E/SMD     (  275): 
E/SMD     (  275): OK
E/SMD     (  275): 
E/SMD     (  275): 
E/SMD     (  275): Before the Modem Read select 
D/DataRouter(  274): write [32] bytes of data to USB fd[10]
D/EnterpriseController(  272): uids 10039
D/EnterpriseController(  272): mIsMarkChainAdded is 18 mIsBlockChainAdded is 252 netId is 0
D/Netd    (  272): getNetworkForDns: using netid 530 for uid 10039
E/SQLiteLog( 4638): (284) automatic index on sqlite_sq_B8368BA8(STAT_DATA_ID)
E/SQLiteLog( 4638): (284) automatic index on sqlite_sq_B85CBDD0(STAT_DATA_ID)
E/SQLiteLog( 4638): (284) automatic index on sqlite_sq_B8360B68(STAT_DATA_ID)
E/SQLiteLog( 4638): (284) automatic index on sqlite_sq_B8353528(STAT_DATA_ID)
D/EnterpriseController(  272): uids 10039
D/EnterpriseController(  272): mIsMarkChainAdded is 18 mIsBlockChainAdded is 252 netId is 0
D/Netd    (  272): getNetworkForDns: using netid 530 for uid 10039
W/System.err( 4638): android.util.TimeFormatException: Parse error at pos=1
W/System.err( 4638): 	at android.text.format.Time.getChar(Time.java:496)
W/System.err( 4638): 	at android.text.format.Time.parseInternal(Time.java:422)
W/System.err( 4638): 	at android.text.format.Time.parse(Time.java:401)
W/System.err( 4638): 	at com.android.providers.contacts.ContactsProvider2.convertDate(ContactsProvider2.java:4508)
W/System.err( 4638): 	at com.android.providers.contacts.ContactsProvider2.access$100(ContactsProvider2.java:289)
W/System.err( 4638): 	at com.android.providers.contacts.ContactsProvider2$UpdatedDataEventsThread.run(ContactsProvider2.java:4379)
D/ActivityManager(  983): getContentProviderImpl callerProcessName:com.android.providers.contacts, calleePkgName: com.android.providers.calendar
E/ActivityManager(  983): checkUser: useridlist=null, currentuser=0
E/ActivityManager(  983): checkUser: useridlist=null, currentuser=0
E/ActivityManager(  983): checkUser: useridlist=null, currentuser=0
E/ActivityManager(  983): checkUser: useridlist=null, currentuser=0
E/Zygote  ( 4423): v2
I/SELinux ( 4423): Function: selinux_compare_spd_ram, SPD-policy is existed. and_ver=SEPF_SM-G530H_5.0.2-1 ver=48
I/SELinux ( 4423): Function: selinux_compare_spd_ram , priority [1] , priority version is VE=SEPF_SM-G530H_5.0.2-1_0048
E/SELinux ( 4423): [DEBUG] get_category: variable seinfo: release sensitivity: NULL, cateogry: NULL
I/libpersona( 4423): KNOX_SDCARD checking this for 10024
I/libpersona( 4423): KNOX_SDCARD not a persona
I/ActivityManager(  983): Start proc com.android.providers.calendar for content provider com.android.providers.calendar/.CalendarProvider2: pid=4423 uid=10024 gids={50024, 9997, 3003, 1028, 1015} abi=armeabi-v7a
D/TimaKeyStoreProvider( 4423): in addTimaSignatureService
D/TimaKeyStoreProvider( 4423): Cannot add TimaSignature Service, License check Failed
D/ActivityThread( 4423): Added TimaKesytore provider
I/art     (  983): Explicit concurrent mark sweep GC freed 77283(4MB) AllocSpace objects, 30(716KB) LOS objects, 19% free, 33MB/41MB, paused 3.111ms total 253.748ms
W/ResourcesManager( 4423): Asset path '/system/framework/android.test.runner.jar' does not exist or contains no resources.
I/CalendarProvider2( 4423): CalendarProvider2.onCreate() called
I/System.out( 4340): There is callback from service
D/EnterpriseController(  272): uids 10039
D/EnterpriseController(  272): mIsMarkChainAdded is 18 mIsBlockChainAdded is 252 netId is 0
D/Netd    (  272): getNetworkForDns: using netid 530 for uid 10039
I/art     ( 4638): Explicit marksweep + semispace GC freed 13382(991KB) AllocSpace objects, 0(0B) LOS objects, 26% free, 5MB/7MB, paused 129.078ms total 129.475ms
D/PackageManager(  983): setEnabledSetting : userId = 0 packageName = com.skype.raider cmp = com.skype.android.app.calling.SeamlessCapabilityReceiver newState = 2 callingPackage = 10039
V/BroadcastQueue(  983): [background] Process cur broadcast BroadcastRecord{249dbef6 u0 com.skype.android.push.REGISTER} DELIVERED for app ProcessRecord{f9d72f7 4340:com.skype.raider/u0a39}
W/BackupManagerService(  983): dataChanged but no participant pkg='com.skype.raider' uid=10039
W/AccountManagerService(  983): insertAccountIntoDatabase: Account {name=akaygorodova_2015, type=com.skype.contacts.sync}, skipping since the account already exists
I/System.out( 4340): (HTTPLog)-Static: isSBSettingEnabled false
I/System.out( 4340): (HTTPLog)-Static: isShipBuild true
I/System.out( 4340): (HTTPLog)-Thread-69233-159782868: SmartBonding Enabling is false, SHIP_BUILD is true, log to file is false, DBG is false
I/System.out( 4340): (HTTPLog)-Thread-69233-159782868: SMARTBONDING_FEATURE_ENABLED is false
I/System.out( 4340): (HTTPLog)-Static: isSBSettingEnabled false
D/EnterpriseController(  272): uids 10039
D/EnterpriseController(  272): mIsMarkChainAdded is 18 mIsBlockChainAdded is 252 netId is 0
D/Netd    (  272): getNetworkForDns: using netid 530 for uid 10039
I/System.out( 4340): There is callback from service
I/CalendarDatabaseHelper( 4423): forceRestoreStickerAsset
D/ActivityManager(  983): startService callerProcessName:com.android.providers.calendar, calleePkgName: com.android.providers.calendar
D/ActivityManager(  983): retrieveServiceLocked(): component = com.android.providers.calendar/com.android.providers.calendar.EmptyService; callingUser = 0; userId(target) = 0
D/ActivityManager(  983): caller:android.app.ApplicationThreadProxy@3329b6ce, r.packageName :com.android.providers.calendar
D/EnterpriseController(  272): uids 10039
D/EnterpriseController(  272): mIsMarkChainAdded is 18 mIsBlockChainAdded is 252 netId is 0
D/Netd    (  272): getNetworkForDns: using netid 530 for uid 10039
E/SQLiteLog( 4638): (284) automatic index on sqlite_sq_B85F78B0(STAT_DATA_ID)
D/EnterpriseController(  272): uids 10039
D/EnterpriseController(  272): mIsMarkChainAdded is 18 mIsBlockChainAdded is 252 netId is 0
D/Netd    (  272): getNetworkForDns: using netid 530 for uid 10039
E/SQLiteLog( 4638): (284) automatic index on sqlite_sq_B86064C8(STAT_DATA_ID)
D/EnterpriseController(  272): uids 10039
D/EnterpriseController(  272): mIsMarkChainAdded is 18 mIsBlockChainAdded is 252 netId is 0
D/Netd    (  272): getNetworkForDns: using netid 530 for uid 10039
D/EnterpriseController(  272): uids 10039
D/EnterpriseController(  272): mIsMarkChainAdded is 18 mIsBlockChainAdded is 252 netId is 0
D/Netd    (  272): getNetworkForDns: using netid 530 for uid 10039
D/EnterpriseController(  272): uids 10039
D/EnterpriseController(  272): mIsMarkChainAdded is 18 mIsBlockChainAdded is 252 netId is 0
D/Netd    (  272): getNetworkForDns: using netid 530 for uid 10039
D/EnterpriseController(  272): uids 10039
D/EnterpriseController(  272): mIsMarkChainAdded is 18 mIsBlockChainAdded is 252 netId is 0
D/Netd    (  272): getNetworkForDns: using netid 530 for uid 10039
D/EnterpriseController(  272): uids 10039
D/EnterpriseController(  272): mIsMarkChainAdded is 18 mIsBlockChainAdded is 252 netId is 0
D/Netd    (  272): getNetworkForDns: using netid 530 for uid 10039
D/EnterpriseController(  272): uids 10039
D/EnterpriseController(  272): mIsMarkChainAdded is 18 mIsBlockChainAdded is 252 netId is 0
D/Netd    (  272): getNetworkForDns: using netid 530 for uid 10039
D/EnterpriseController(  272): uids 10039
D/EnterpriseController(  272): mIsMarkChainAdded is 18 mIsBlockChainAdded is 252 netId is 0
D/Netd    (  272): getNetworkForDns: using netid 530 for uid 10039
D/EnterpriseController(  272): uids 10039
D/EnterpriseController(  272): mIsMarkChainAdded is 18 mIsBlockChainAdded is 252 netId is 0
D/Netd    (  272): getNetworkForDns: using netid 530 for uid 10039
D/EnterpriseController(  272): uids 10039
D/EnterpriseController(  272): mIsMarkChainAdded is 18 mIsBlockChainAdded is 252 netId is 0
D/Netd    (  272): getNetworkForDns: using netid 530 for uid 10039
D/EnterpriseController(  272): uids 10039
D/EnterpriseController(  272): mIsMarkChainAdded is 18 mIsBlockChainAdded is 252 netId is 0
D/Netd    (  272): getNetworkForDns: using netid 530 for uid 10039
D/EnterpriseController(  272): uids 10039
D/EnterpriseController(  272): mIsMarkChainAdded is 18 mIsBlockChainAdded is 252 netId is 0
D/Netd    (  272): getNetworkForDns: using netid 530 for uid 10039
I/art     ( 4638): Explicit marksweep + semispace GC freed 11087(1021KB) AllocSpace objects, 0(0B) LOS objects, 26% free, 5MB/7MB, paused 23.612ms total 23.928ms
D/EnterpriseController(  272): uids 10039
D/EnterpriseController(  272): mIsMarkChainAdded is 18 mIsBlockChainAdded is 252 netId is 0
D/Netd    (  272): getNetworkForDns: using netid 530 for uid 10039
D/EnterpriseController(  272): uids 10039
D/EnterpriseController(  272): mIsMarkChainAdded is 18 mIsBlockChainAdded is 252 netId is 0
D/Netd    (  272): getNetworkForDns: using netid 530 for uid 10039
D/SensorService(  983): [SO] 0.368 2.875 9.566
D/KeyguardUpdateMonitor( 1152): received broadcast android.intent.action.BATTERY_CHANGED
D/BatteryService(  983): !@BatteryListener : batteryPropertiesChanged!
D/BatteryService(  983): level:100, scale:100, status:5, health:2, present:true, voltage: 4298, temperature: 321, technology: Li-ion, AC powered:false, USB powered:true, POGO powered:false, Wireless powered:false, icon:17303202, invalid charger:0
D/BatteryService(  983): online:4, current avg:-1, charge type:1, power sharing:false, high voltage charger:false, capacity:190000, current_now:-1
D/BatteryService(  983): Sending ACTION_BATTERY_CHANGED.
D/KeyguardUpdateMonitor( 1152): handleBatteryUpdate
D/BatteryMeterView( 1152): ACTION_BATTERY_CHANGED : level:100 status:5 health:2
D/BatteryMeterView( 1152): ACTION_BATTERY_CHANGED : level:100 status:5 health:2
D/BatteryMeterView( 1152): ACTION_BATTERY_CHANGED : level:100 status:5 health:2
D/EnterpriseController(  272): uids 10039
D/EnterpriseController(  272): mIsMarkChainAdded is 18 mIsBlockChainAdded is 252 netId is 0
D/Netd    (  272): getNetworkForDns: using netid 530 for uid 10039
D/EnterpriseController(  272): uids 10039
D/EnterpriseController(  272): mIsMarkChainAdded is 18 mIsBlockChainAdded is 252 netId is 0
D/Netd    (  272): getNetworkForDns: using netid 530 for uid 10039
I/art     (  983): Explicit concurrent mark sweep GC freed 11487(542KB) AllocSpace objects, 2(32KB) LOS objects, 19% free, 33MB/41MB, paused 2.652ms total 170.441ms
E/SMD     (  275): DCD OFF
E/BluetoothHeadset( 4340): BTStateChangeCB is registed
D/BluetoothHeadset( 4340): doBind(): CallingUid(myUserHandle) = 0
E/BluetoothHeadset( 4340): BluetoothHeadset service is binded
D/BluetoothA2dp( 4340): doBind(): CallingUid(myUserHandle) = 0
D/ActivityManager(  983): bindService callerProcessName:com.skype.raider, calleePkgName: com.android.bluetooth, action: android.bluetooth.IBluetoothHeadset
D/ActivityManager(  983): retrieveServiceLocked(): component = com.android.bluetooth/com.android.bluetooth.hfp.HeadsetService; callingUser = 0; userId(target) = -3
I/CalendarProvider2( 4423): Sending notification intent: Intent { act=android.intent.action.PROVIDER_CHANGED dat=content://com.android.calendar }
D/ActivityManager(  983): bindService callerProcessName:com.skype.raider, calleePkgName: com.android.bluetooth, action: android.bluetooth.IBluetoothA2dp
D/ActivityManager(  983): retrieveServiceLocked(): component = com.android.bluetooth/com.android.bluetooth.a2dp.A2dpService; callingUser = 0; userId(target) = 0
D/ActivityManager(  983): startProcessLocked calleePkgName: com.android.calendar, hostingType: broadcast-2
E/ActivityManager(  983): checkUser: useridlist=null, currentuser=0
E/ActivityManager(  983): checkUser: useridlist=null, currentuser=0
E/ActivityManager(  983): checkUser: useridlist=null, currentuser=0
E/ActivityManager(  983): checkUser: useridlist=null, currentuser=0
E/Zygote  ( 4472): v2
I/SELinux ( 4472): Function: selinux_compare_spd_ram, SPD-policy is existed. and_ver=SEPF_SM-G530H_5.0.2-1 ver=48
I/libpersona( 4472): KNOX_SDCARD checking this for 10082
I/libpersona( 4472): KNOX_SDCARD not a persona
I/SELinux ( 4472): Function: selinux_compare_spd_ram , priority [1] , priority version is VE=SEPF_SM-G530H_5.0.2-1_0048
E/SELinux ( 4472): [DEBUG] get_category: variable seinfo: platform sensitivity: NULL, cateogry: NULL
I/ActivityManager(  983): Start proc com.android.calendar for broadcast-2 com.android.calendar/.alerts.AlertReceiver: pid=4472 uid=10082 gids={50082, 9997, 3003, 1028, 1015, 1023} abi=armeabi-v7a
D/ActivityManager(  983): retrieveServiceLocked(): component = com.android.providers.calendar/com.android.providers.calendar.EmptyService; callingUser = 0; userId(target) = 0
I/ActivityManager(  983): Killing 3382:com.google.android.talk:matchstick/u0a63 (adj 15): DHA:empty #7
D/TimaKeyStoreProvider( 4472): in addTimaSignatureService
D/TimaKeyStoreProvider( 4472): Cannot add TimaSignature Service, License check Failed
D/ActivityThread( 4472): Added TimaKesytore provider
V/BroadcastQueue(  983): [background] Process cur broadcast BroadcastRecord{254ef6a9 u0 android.intent.action.PROVIDER_CHANGED} DELIVERED for app ProcessRecord{217cb42e 4472:com.android.calendar/u0a82}
W/ResourcesManager( 4472): Asset path '/system/framework/twframework.jar' does not exist or contains no resources.
D/ActivityManager(  983): startService callerProcessName:com.android.calendar, calleePkgName: com.android.calendar
D/ActivityManager(  983): retrieveServiceLocked(): component = com.android.calendar/com.android.calendar.alerts.AlertService; callingUser = 0; userId(target) = 0
D/ActivityManager(  983): caller:android.app.ApplicationThreadProxy@a92ebcf, r.packageName :com.android.calendar
V/BroadcastQueue(  983): [background] Process cur broadcast BroadcastRecord{254ef6a9 u0 android.intent.action.PROVIDER_CHANGED} DELIVERED for app ProcessRecord{217cb42e 4472:com.android.calendar/u0a82}
D/ActivityManager(  983): startService callerProcessName:com.android.calendar, calleePkgName: com.android.calendar
D/ActivityManager(  983): retrieveServiceLocked(): component = com.android.calendar/com.android.calendar.alerts.TaskAlertService; callingUser = 0; userId(target) = 0
D/ActivityManager(  983): caller:android.app.ApplicationThreadProxy@22f75465, r.packageName :com.android.calendar
D/ActivityManager(  983): startProcessLocked calleePkgName: com.google.android.calendar, hostingType: broadcast-2
E/ActivityManager(  983): checkUser: useridlist=null, currentuser=0
E/ActivityManager(  983): checkUser: useridlist=null, currentuser=0
E/ActivityManager(  983): checkUser: useridlist=null, currentuser=0
E/ActivityManager(  983): checkUser: useridlist=null, currentuser=0
E/Zygote  ( 4496): v2
I/SELinux ( 4496): Function: selinux_compare_spd_ram, SPD-policy is existed. and_ver=SEPF_SM-G530H_5.0.2-1 ver=48
I/SELinux ( 4496): Function: selinux_compare_spd_ram , priority [1] , priority version is VE=SEPF_SM-G530H_5.0.2-1_0048
E/SELinux ( 4496): [DEBUG] get_category: variable seinfo: untrusted sensitivity: NULL, cateogry: NULL
I/libpersona( 4496): KNOX_SDCARD checking this for 10061
I/libpersona( 4496): KNOX_SDCARD not a persona
I/ActivityManager(  983): Start proc com.google.android.calendar for broadcast-2 com.google.android.calendar/com.android.calendar.alerts.AlertReceiver: pid=4496 uid=10061 gids={50061, 9997, 3003} abi=armeabi-v7a
I/ActivityManager(  983): Killing 3175:com.instagram.android/u0a108 (adj 15): DHA:empty #7
I/System.out( 4340): There is callback from service
D/TimaKeyStoreProvider( 4496): in addTimaSignatureService
D/ConnectivityService(  983): ConnectivityService NetworkRequestInfo binderDied(NetworkRequest [ id=808, legacyType=-1, [ Capabilities: INTERNET&NOT_RESTRICTED&TRUSTED&NOT_VPN] ], android.os.BinderProxy@25fc75eb)
D/ConnectivityService(  983): releasing NetworkRequest NetworkRequest [ id=808, legacyType=-1, [ Capabilities: INTERNET&NOT_RESTRICTED&TRUSTED&NOT_VPN] ]
E/ConnectivityService(  983): RemoteException caught trying to send a callback msg for NetworkRequest [ id=808, legacyType=-1, [ Capabilities: INTERNET&NOT_RESTRICTED&TRUSTED&NOT_VPN] ]
D/TimaKeyStoreProvider( 4496): Cannot add TimaSignature Service, License check Failed
D/ActivityThread( 4496): Added TimaKesytore provider
V/BroadcastQueue(  983): [background] Process cur broadcast BroadcastRecord{254ef6a9 u0 android.intent.action.PROVIDER_CHANGED} DELIVERED for app ProcessRecord{372dff48 4496:com.google.android.calendar/u0a61}
I/art     ( 4638): Explicit marksweep + semispace GC freed 13521(1131KB) AllocSpace objects, 0(0B) LOS objects, 26% free, 5MB/7MB, paused 19.084ms total 19.410ms
E/Watchdog(  983): !@Sync 8367 [07-10 22:09:58.032]
E/SQLiteLog( 4496): (283) recovered 94 frames from WAL file /data/data/com.google.android.calendar/databases/timelydata.db-wal
I/art     ( 4340): Explicit marksweep + semispace GC freed 44852(1527KB) AllocSpace objects, 2(80KB) LOS objects, 24% free, 8MB/11MB, paused 86.180ms total 87.057ms
D/ActivityManager(  983): retrieveServiceLocked(): component = null; callingUser = 0; userId(target) = 0
I/art     ( 4638): Explicit marksweep + semispace GC freed 12978(1117KB) AllocSpace objects, 0(0B) LOS objects, 26% free, 5MB/7MB, paused 22.827ms total 23.161ms
D/EnterpriseController(  272): uids 10039
D/EnterpriseController(  272): mIsMarkChainAdded is 18 mIsBlockChainAdded is 252 netId is 0
D/Netd    (  272): getNetworkForDns: using netid 530 for uid 10039
I/art     (  983): Explicit concurrent mark sweep GC freed 4195(198KB) AllocSpace objects, 0(0B) LOS objects, 19% free, 33MB/41MB, paused 2.604ms total 161.899ms
D/ActivityManager(  983): startService callerProcessName:com.google.android.calendar, calleePkgName: com.google.android.calendar
D/ActivityManager(  983): retrieveServiceLocked(): component = com.google.android.calendar/com.android.calendar.alerts.AlertService; callingUser = 0; userId(target) = 0
D/ActivityManager(  983): caller:android.app.ApplicationThreadProxy@14936f60, r.packageName :com.google.android.calendar
V/BroadcastQueue(  983): [background] Process cur broadcast BroadcastRecord{254ef6a9 u0 android.intent.action.PROVIDER_CHANGED} DELIVERED for app ProcessRecord{372dff48 4496:com.google.android.calendar/u0a61}
I/AnalyticsLogBase( 4496): PlayLogger.onLoggerConnected
V/BroadcastQueue(  983): [background] Process cur broadcast BroadcastRecord{301484de u0 com.sec.spp.push.ACTION_SEND_PING_MESSAGE} DELIVERED for app ProcessRecord{213816de 32491:com.sec.spp.push/u0a21}
I/AnalyticsLogBase( 4496): PlayLogger.onLoggerConnected
D/ActivityManager(  983): startProcessLocked calleePkgName: com.estrongs.android.pop, hostingType: broadcast-2
E/ActivityManager(  983): checkUser: useridlist=null, currentuser=0
E/ActivityManager(  983): checkUser: useridlist=null, currentuser=0
E/ActivityManager(  983): checkUser: useridlist=null, currentuser=0
E/ActivityManager(  983): checkUser: useridlist=null, currentuser=0
E/Zygote  ( 4529): v2
I/SELinux ( 4529): Function: selinux_compare_spd_ram, SPD-policy is existed. and_ver=SEPF_SM-G530H_5.0.2-1 ver=48
I/libpersona( 4529): KNOX_SDCARD checking this for 10123
I/libpersona( 4529): KNOX_SDCARD not a persona
I/SELinux ( 4529): Function: selinux_compare_spd_ram , priority [1] , priority version is VE=SEPF_SM-G530H_5.0.2-1_0048
E/SELinux ( 4529): [DEBUG] get_category: variable seinfo: default sensitivity: NULL, cateogry: NULL
I/System.out( 4340): There is callback from service
I/ActivityManager(  983): Start proc com.estrongs.android.pop for broadcast-2 com.estrongs.android.pop/com.dianxinos.dxservice.stat.AlarmReceiver: pid=4529 uid=10123 gids={50123, 9997, 3003, 3002, 3001, 1028, 1015} abi=armeabi-v7a
D/ActivityManager(  983): startService callerProcessName:com.sec.spp.push, calleePkgName: com.sec.spp.push
D/ActivityManager(  983): retrieveServiceLocked(): component = com.sec.spp.push/com.sec.spp.push.log.collector.PushClientLogCollectService; callingUser = 0; userId(target) = 0
D/ActivityManager(  983): caller:android.app.ApplicationThreadProxy@1aec66bf, r.packageName :com.sec.spp.push
D/TimaKeyStoreProvider( 4529): in addTimaSignatureService
D/TimaKeyStoreProvider( 4529): Cannot add TimaSignature Service, License check Failed
D/ActivityThread( 4529): Added TimaKesytore provider
V/BroadcastQueue(  983): [background] Process cur broadcast BroadcastRecord{177f20d5 u0 DXCoreAlarmReceiver} DELIVERED for app ProcessRecord{36e010ea 4529:com.estrongs.android.pop/u0a123}
D/ActivityManager(  983): startService callerProcessName:com.sec.spp.push, calleePkgName: com.sec.spp.push
D/ActivityManager(  983): retrieveServiceLocked(): component = com.sec.spp.push/com.sec.spp.push.log.collector.PushClientLogCollectService; callingUser = 0; userId(target) = 0
D/ActivityManager(  983): caller:android.app.ApplicationThreadProxy@218aafdb, r.packageName :com.sec.spp.push
E/SPPClientService(32491): [b] __PingReply__
W/art     ( 4529): Suspending all threads took: 5.702ms
I/MultiDex( 4529): VM with version 2.1.0 has multidex support
I/MultiDex( 4529): install
I/MultiDex( 4529): VM has multidex support, MultiDex support library is disabled.
I/MultiDex( 4529): install
I/MultiDex( 4529): VM has multidex support, MultiDex support library is disabled.
D/EnterpriseController(  272): uids 10039
D/EnterpriseController(  272): mIsMarkChainAdded is 18 mIsBlockChainAdded is 252 netId is 0
D/Netd    (  272): getNetworkForDns: using netid 530 for uid 10039
D/EnterpriseController(  272): uids 10039
D/EnterpriseController(  272): mIsMarkChainAdded is 18 mIsBlockChainAdded is 252 netId is 0
D/Netd    (  272): getNetworkForDns: using netid 530 for uid 10039
I/art     ( 4638): Explicit marksweep + semispace GC freed 14364(1170KB) AllocSpace objects, 0(0B) LOS objects, 26% free, 5MB/7MB, paused 32.993ms total 33.319ms
D/SecContentProvider2(  983): uri = 15 selection = getToastGravityEnabledState
D/SecContentProvider2(  983): mCursor = null
D/SecContentProvider2(  983): uri = 15 selection = getToastGravity
D/SecContentProvider2(  983): mCursor = null
D/SecContentProvider2(  983): uri = 15 selection = getToastGravityXOffset
D/SecContentProvider2(  983): mCursor = null
D/SecContentProvider2(  983): uri = 15 selection = getToastGravityYOffset
D/SecContentProvider2(  983): mCursor = null
D/DisplayManager( 4529): DisplayManager()
I/art     ( 4340): Explicit marksweep + semispace GC freed 11548(384KB) AllocSpace objects, 0(0B) LOS objects, 24% free, 8MB/11MB, paused 55.209ms total 55.739ms
E/SQLiteLog( 4638): (284) automatic index on sqlite_sq_B8589420(STAT_DATA_ID)
E/SQLiteLog( 4638): (284) automatic index on sqlite_sq_B85D99C8(STAT_DATA_ID)
E/SQLiteLog( 4638): (284) automatic index on sqlite_sq_B8315A88(STAT_DATA_ID)
E/SQLiteLog( 4638): (284) automatic index on sqlite_sq_B85EE758(STAT_DATA_ID)
E/SQLiteLog( 4638): (284) automatic index on sqlite_sq_B85F4240(STAT_DATA_ID)
E/SQLiteLog( 4638): (284) automatic index on sqlite_sq_B853D0F8(STAT_DATA_ID)
E/SQLiteLog( 4638): (284) automatic index on sqlite_sq_B85FDC70(STAT_DATA_ID)
E/SQLiteLog( 4638): (284) automatic index on sqlite_sq_B8315AF8(STAT_DATA_ID)
D/KeyguardUpdateMonitor( 1152): received broadcast android.intent.action.TIME_TICK
D/KeyguardUpdateMonitor( 1152): handleTimeUpdate
E/SQLiteLog( 4638): (284) automatic index on sqlite_sq_B850E4C8(STAT_DATA_ID)
D/SecKeyguardClockView( 1152): isNetworkRoaming=false, isHomeTimeZoneExist=true
D/SecKeyguardClockView( 1152): onTimeChanged() : mShouldShowDualClock - false, isDualClockSet() -false
D/SecKeyguardClockView( 1152): setAutoHomeTimezone() - autoHomeTimeZoneId: Asia/Krasnoyarsk
E/SQLiteLog( 4638): (284) automatic index on sqlite_sq_B8012230(STAT_DATA_ID)
D/SecKeyguardClockView( 1152): isNetworkRoaming=false, isHomeTimeZoneExist=true
E/SQLiteLog( 4638): (284) automatic index on sqlite_sq_B8351AA8(STAT_DATA_ID)
E/SQLiteLog( 4638): (284) automatic index on sqlite_sq_B85F55B0(STAT_DATA_ID)
D/DateView( 1152): regionalDateFormat = 22.11.3333 isRTLlanguage = false returnDateFormat = E, d MMMM
D/DateView( 1152): regionalDateFormat = 22.11.3333 isRTLlanguage = false returnDateFormat = E, d MMMM
D/DateView( 1152): regionalDateFormat = 22.11.3333 isRTLlanguage = false returnDateFormat = E, d MMMM
D/KeyguardEffectViewController( 1152): onReceive action : android.intent.action.TIME_TICK
I/KeyguardEffectViewController( 1152): *** don't update sliding image ***
D/        ( 4242): action : android.intent.action.TIME_TICK
D/        ( 4242): getInstance
D/ActivityManager(  983): bindService callerProcessName:com.estrongs.android.pop, calleePkgName: com.estrongs.android.pop, action: null
D/ActivityManager(  983): retrieveServiceLocked(): component = com.estrongs.android.pop/com.estrongs.android.ui.notification.ESTaskService; callingUser = 0; userId(target) = 0
W/System.err( 4638): android.util.TimeFormatException: Parse error at pos=2
W/System.err( 4638): 	at android.text.format.Time.getChar(Time.java:496)
W/System.err( 4638): 	at android.text.format.Time.parseInternal(Time.java:423)
W/System.err( 4638): 	at android.text.format.Time.parse(Time.java:401)
W/System.err( 4638): 	at com.android.providers.contacts.ContactsProvider2.convertDate(ContactsProvider2.java:4508)
W/System.err( 4638): 	at com.android.providers.contacts.ContactsProvider2.access$100(ContactsProvider2.java:289)
W/System.err( 4638): 	at com.android.providers.contacts.ContactsProvider2$UpdatedDataEventsThread.run(ContactsProvider2.java:4379)
D/ActivityManager(  983): startService callerProcessName:com.android.providers.calendar, calleePkgName: com.android.providers.calendar
D/ActivityManager(  983): retrieveServiceLocked(): component = com.android.providers.calendar/com.android.providers.calendar.EmptyService; callingUser = 0; userId(target) = 0
D/ActivityManager(  983): caller:android.app.ApplicationThreadProxy@14917090, r.packageName :com.android.providers.calendar
D/        ( 4242): direct update clock
D/MAR     ( 4242): Locale: ru
E/FlurryAgent( 4529): GOOGLE PLAY SERVICES EXCEPTION: com.google.android.gms.common.GooglePlayServicesUtil
E/FlurryAgent( 4529): There is a problem with the Google Play Services library, which is required for Android Advertising ID support. The Google Play Services library should be integrated in any app shipping in the Play Store that uses analytics or advertising.
I/art     (  983): Explicit concurrent mark sweep GC freed 6399(343KB) AllocSpace objects, 0(0B) LOS objects, 19% free, 33MB/41MB, paused 2.701ms total 175.768ms
D/SensorService(  983): [SO] 0.360 2.882 9.559
E/SMD     (  275): DCD OFF
D/ActivityManager(  983): bindService callerProcessName:com.estrongs.android.pop, calleePkgName: com.estrongs.android.pop, action: null
D/ActivityManager(  983): retrieveServiceLocked(): component = com.estrongs.android.pop/com.dianxinos.dxservice.core.DXCoreService; callingUser = 0; userId(target) = 0
I/System.out( 4529): (HTTPLog)-Static: isSBSettingEnabled false
I/System.out( 4529): (HTTPLog)-Static: isShipBuild true
I/System.out( 4529): (HTTPLog)-Thread-69249-531008440: SmartBonding Enabling is false, SHIP_BUILD is true, log to file is false, DBG is false
I/System.out( 4529): (HTTPLog)-Thread-69249-531008440: SMARTBONDING_FEATURE_ENABLED is false
I/System.out( 4529): (HTTPLog)-Static: isSBSettingEnabled false
D/EnterpriseController(  272): uids 10123
D/EnterpriseController(  272): mIsMarkChainAdded is 18 mIsBlockChainAdded is 252 netId is 0
D/Netd    (  272): getNetworkForDns: using netid 530 for uid 10123
I/System.out( 4529): Thread-69242(ApacheHTTPLog):Reading from variable values from setDefaultValuesToVariables
I/System.out( 4529): Thread-69242(ApacheHTTPLog):isSBSettingEnabled false
I/System.out( 4529): Thread-69242(ApacheHTTPLog):isShipBuild true
I/System.out( 4529): Thread-69242(ApacheHTTPLog):SMARTBONDING_ENABLED is false
I/System.out( 4529): Thread-69242(ApacheHTTPLog):SmartBonding Enabling is false, SHIP_BUILD is true, log to file is false, DBG is false
D/EnterpriseController(  272): uids 10123
D/EnterpriseController(  272): mIsMarkChainAdded is 18 mIsBlockChainAdded is 252 netId is 0
D/Netd    (  272): getNetworkForDns: using netid 530 for uid 10123
E/SQLiteLog( 4638): (284) automatic index on sqlite_sq_B82ED690(STAT_DATA_ID)
E/SQLiteLog( 4638): (284) automatic index on sqlite_sq_B850E378(STAT_DATA_ID)
V/BroadcastQueue(  983): [background] Process cur broadcast BroadcastRecord{3eb355ec u0 com.google.android.calendar.APPWIDGET_REFRESH_MODEL} DELIVERED for app ProcessRecord{372dff48 4496:com.google.android.calendar/u0a61}
I/art     ( 4638): Explicit marksweep + semispace GC freed 14970(1129KB) AllocSpace objects, 0(0B) LOS objects, 26% free, 5MB/7MB, paused 19.052ms total 19.404ms
D/ActivityManager(  983): retrieveServiceLocked(): component = null; callingUser = 0; userId(target) = 0
E/SQLiteLog( 4638): (284) automatic index on sqlite_sq_B85CC6C8(STAT_DATA_ID)
E/SQLiteLog( 4638): (284) automatic index on sqlite_sq_B83422D8(STAT_DATA_ID)
E/SQLiteLog( 4638): (284) automatic index on sqlite_sq_B8606E30(STAT_DATA_ID)
E/SQLiteLog( 4638): (284) automatic index on sqlite_sq_B8606E30(STAT_DATA_ID)
D/ActivityManager(  983): retrieveServiceLocked(): component = null; callingUser = 0; userId(target) = 0
D/ActivityManager(  983): caller:android.app.ApplicationThreadProxy@1d8f85ab, r.packageName :com.google.android.gms
I/System.out( 4529): stts calls detatch()
E/SQLiteLog( 4638): (284) automatic index on sqlite_sq_B851DFD0(STAT_DATA_ID)
E/SQLiteLog( 4638): (284) automatic index on sqlite_sq_B860EA70(STAT_DATA_ID)
I/System.out( 4529): Thread-69242(ApacheHTTPLog):isSBSettingEnabled false
I/System.out( 4529): Thread-69242(ApacheHTTPLog):isShipBuild true
I/System.out( 4529): Thread-69242(ApacheHTTPLog):SMARTBONDING_ENABLED is false
I/System.out( 4529): Thread-69242(ApacheHTTPLog):SmartBonding Enabling is false, SHIP_BUILD is true, log to file is false, DBG is false
I/CalendarProvider2( 4423): Sending notification intent: Intent { act=android.intent.action.PROVIDER_CHANGED dat=content://com.android.calendar }
D/ActivityManager(  983): retrieveServiceLocked(): component = com.android.providers.calendar/com.android.providers.calendar.EmptyService; callingUser = 0; userId(target) = 0
W/System.err( 4638): android.util.TimeFormatException: Parse error at pos=2
W/System.err( 4638): 	at android.text.format.Time.getChar(Time.java:496)
W/System.err( 4638): 	at android.text.format.Time.parseInternal(Time.java:423)
W/System.err( 4638): 	at android.text.format.Time.parse(Time.java:401)
W/System.err( 4638): 	at com.android.providers.contacts.ContactsProvider2.convertDate(ContactsProvider2.java:4508)
W/System.err( 4638): 	at com.android.providers.contacts.ContactsProvider2.access$100(ContactsProvider2.java:289)
W/System.err( 4638): 	at com.android.providers.contacts.ContactsProvider2$UpdatedDataEventsThread.run(ContactsProvider2.java:4379)
D/ActivityManager(  983): startService callerProcessName:com.android.providers.calendar, calleePkgName: com.android.providers.calendar
D/ActivityManager(  983): retrieveServiceLocked(): component = com.android.providers.calendar/com.android.providers.calendar.EmptyService; callingUser = 0; userId(target) = 0
D/ActivityManager(  983): caller:android.app.ApplicationThreadProxy@bacff23, r.packageName :com.android.providers.calendar
D/ActivityManager(  983): retrieveServiceLocked(): component = null; callingUser = 0; userId(target) = 0
D/ActivityManager(  983): caller:android.app.ApplicationThreadProxy@2971c9d9, r.packageName :com.google.android.gms
E/SQLiteLog( 4638): (284) automatic index on sqlite_sq_B8511F78(_id)
E/SQLiteLog( 4638): (284) automatic index on sqlite_sq_B8615018(STAT_DATA_ID)
E/SQLiteLog( 4638): (284) automatic index on sqlite_sq_B84F6680(STAT_DATA_ID)
I/System.out( 4529): stts calls detatch()
D/ActivityManager(  983): bindService callerProcessName:android, calleePkgName: com.soundcloud.android, action: android.content.SyncAdapter
D/ActivityManager(  983): retrieveServiceLocked(): component = com.soundcloud.android/com.soundcloud.android.sync.SyncAdapterService; callingUser = 0; userId(target) = 0
E/ActivityManager(  983): checkUser: useridlist=null, currentuser=0
E/ActivityManager(  983): checkUser: useridlist=null, currentuser=0
E/ActivityManager(  983): checkUser: useridlist=null, currentuser=0
E/ActivityManager(  983): checkUser: useridlist=null, currentuser=0
E/Zygote  ( 4579): v2
I/SELinux ( 4579): Function: selinux_compare_spd_ram, SPD-policy is existed. and_ver=SEPF_SM-G530H_5.0.2-1 ver=48
I/libpersona( 4579): KNOX_SDCARD checking this for 10065
I/libpersona( 4579): KNOX_SDCARD not a persona
I/SELinux ( 4579): Function: selinux_compare_spd_ram , priority [1] , priority version is VE=SEPF_SM-G530H_5.0.2-1_0048
E/SELinux ( 4579): [DEBUG] get_category: variable seinfo: default sensitivity: NULL, cateogry: NULL
I/ActivityManager(  983): Start proc com.soundcloud.android for service com.soundcloud.android/.sync.SyncAdapterService: pid=4579 uid=10065 gids={50065, 9997, 3003, 1028, 1015} abi=armeabi-v7a
D/EnterpriseController(  272): uids 10039
D/EnterpriseController(  272): mIsMarkChainAdded is 18 mIsBlockChainAdded is 252 netId is 0
D/Netd    (  272): getNetworkForDns: using netid 530 for uid 10039
D/TimaKeyStoreProvider( 4579): in addTimaSignatureService
D/TimaKeyStoreProvider( 4579): Cannot add TimaSignature Service, License check Failed
D/ActivityThread( 4579): Added TimaKesytore provider
D/EnterpriseController(  272): uids 10039
D/EnterpriseController(  272): mIsMarkChainAdded is 18 mIsBlockChainAdded is 252 netId is 0
D/Netd    (  272): getNetworkForDns: using netid 530 for uid 10039
I/CalendarProvider2( 4423): Sending notification intent: Intent { act=android.intent.action.PROVIDER_CHANGED dat=content://com.android.calendar }
D/ActivityManager(  983): retrieveServiceLocked(): component = com.android.providers.calendar/com.android.providers.calendar.EmptyService; callingUser = 0; userId(target) = 0
D/EnterpriseController(  272): uids 10039
