--------- beginning of main
I/GStreamer+GST_PLUGIN_LOADING(17409): 0:00:00.514562291 0xb83f5200 gstplugin.c:227:gst_plugin_register_static added static plugin "id3demux", result: 1
I/GStreamer(17409): GStreamer initialization complete
W/art     (17518): Suspending all threads took: 6.791ms
W/IcingInternalCorpora(12068): getNumBytesRead when not calculated.
E/Zygote  (17537): v2
I/SELinux (17537): Function: selinux_compare_spd_ram, SPD-policy is existed. and_ver=SEPF_SM-G530H_5.0.2-1 ver=48
I/SELinux (17537): Function: selinux_compare_spd_ram , priority [1] , priority version is VE=SEPF_SM-G530H_5.0.2-1_0048
E/SELinux (17537): [DEBUG] get_category: variable seinfo: release sensitivity: NULL, cateogry: NULL
D/TimaKeyStoreProvider(17537): in addTimaSignatureService
D/TimaKeyStoreProvider(17537): Cannot add TimaSignature Service, License check Failed
D/ActivityThread(17537): Added TimaKesytore provider
I/CalendarProvider2(17537): CalendarProvider2.onCreate() called
I/AnalyticsLogBase(17518): PlayLogger.onLoggerConnected
I/AnalyticsLogBase(17518): PlayLogger.onLoggerConnected
I/AnalyticsLogBase(17518): PlayLogger.onLoggerConnected
D/StatusBar.MSimNetworkController( 1152): getNumberOfActiveSim:1
D/StatusBar.MSimNetworkController( 1152): getPhoneSignalIconList: mMaxLevelOfSignalStrengthIndicator = 4 inetCondition = 0
D/StatusBar.MSimNetworkController( 1152): getDataSignalIconId: mMaxLevelOfSignalStrengthIndicator = 4 inetCondition = 0 iconLevel = 4
D/StatusBar.MSimNetworkController( 1152): updateTelephonySignalStrength: iconLevel=4
D/STATUSBAR-WifiQuickSettingButton( 1152): onWifiSignalChanged enabled=true enabledDesc:"f1comp"
I/CalendarDatabaseHelper(17537): forceRestoreStickerAsset
V/JNIHelp (17518): Registering com/google/android/gms/org/conscrypt/NativeCrypto's 255 native methods...
W/System  (17518): Could not create com.google.android.gms.org.conscrypt.OpenSSLSocketFactoryImpl with ClassLoader dalvik.system.PathClassLoader[DexPathList[[directory "."],nativeLibraryDirectories=[/vendor/lib, /system/lib]]]: com.google.android.gms.org.conscrypt.OpenSSLSocketFactoryImpl
I/ProviderInstaller(17518): Installed default security provider GmsCore_OpenSSL
W/AbstractGoogleClient(17518): Application name is not set. Call Builder#setApplicationName.
I/Auth    (17789): [AuthDelegateWrapper] Service intent: Intent { cmp=com.google.android.gms/.auth.account.authenticator.DefaultAuthDelegateService }.
I/Auth    (17789): [AuthDelegateWrapper] Service intent: Intent { cmp=com.google.android.gms/.auth.account.authenticator.DefaultAuthDelegateService }.
I/System.out(17518): (HTTPLog)-Static: isSBSettingEnabled false
I/System.out(17518): (HTTPLog)-Static: isShipBuild true
I/System.out(17518): (HTTPLog)-Thread-72635-520624257: SmartBonding Enabling is false, SHIP_BUILD is true, log to file is false, DBG is false
I/System.out(17518): (HTTPLog)-Thread-72635-520624257: SMARTBONDING_FEATURE_ENABLED is false
I/System.out(17518): (HTTPLog)-Static: isSBSettingEnabled false
D/EnterpriseController(  272): uids 10061
D/EnterpriseController(  272): mIsMarkChainAdded is 18 mIsBlockChainAdded is 252 netId is 0
D/Netd    (  272): getNetworkForDns: using netid 530 for uid 10061
I/qtaguid (17518): Tagging socket 39 with tag 1000000000000000{268435456,0} for uid -1, pid: 17518, getuid(): 10061
E/SMD     (  275): DCD OFF
I/qtaguid (17518): Untagging socket 39
I/CalendarProvider2(17537): Sending notification intent: Intent { act=android.intent.action.PROVIDER_CHANGED dat=content://com.android.calendar }
E/Zygote  (17572): v2
I/SELinux (17572): Function: selinux_compare_spd_ram, SPD-policy is existed. and_ver=SEPF_SM-G530H_5.0.2-1 ver=48
I/SELinux (17572): Function: selinux_compare_spd_ram , priority [1] , priority version is VE=SEPF_SM-G530H_5.0.2-1_0048
E/SELinux (17572): [DEBUG] get_category: variable seinfo: platform sensitivity: NULL, cateogry: NULL
D/TimaKeyStoreProvider(17572): in addTimaSignatureService
D/TimaKeyStoreProvider(17572): Cannot add TimaSignature Service, License check Failed
D/ActivityThread(17572): Added TimaKesytore provider
I/System.out(17518): (HTTPLog)-Static: isSBSettingEnabled false
I/qtaguid (17518): Tagging socket 39 with tag 1000000400000000{268435460,0} for uid -1, pid: 17518, getuid(): 10061
I/qtaguid (17518): Tagging socket 47 with tag 1000000400000000{268435460,0} for uid -1, pid: 17518, getuid(): 10061
D/SensorService(  983): [SO] 0.294 -0.038 10.050
I/qtaguid (17518): Untagging socket 39
I/CalendarSyncAdapter(17518): Found no pending settings
I/System.out(17518): (HTTPLog)-Static: isSBSettingEnabled false
I/qtaguid (17518): Tagging socket 39 with tag 1000000400000000{268435460,0} for uid -1, pid: 17518, getuid(): 10061
I/qtaguid (17518): Untagging socket 39
E/CalendarSyncAdapter(17518): GoogleJsonResponseException, ignoring rest of feed
E/CalendarSyncAdapter(17518): com.google.api.client.googleapis.json.GoogleJsonResponseException: 410 Gone
E/CalendarSyncAdapter(17518): {
E/CalendarSyncAdapter(17518):   "errors": [
E/CalendarSyncAdapter(17518):     {
E/CalendarSyncAdapter(17518):       "reason": "updatedMinTooLongAgo",
E/CalendarSyncAdapter(17518):       "domain": "calendar",
E/CalendarSyncAdapter(17518):       "message": "The requested minimum modification time lies too far in the past.",
E/CalendarSyncAdapter(17518):       "locationType": "parameter",
E/CalendarSyncAdapter(17518):       "location": "updatedMin"
E/CalendarSyncAdapter(17518):     }
E/CalendarSyncAdapter(17518):   ],
E/CalendarSyncAdapter(17518):   "message": "The requested minimum modification time lies too far in the past.",
E/CalendarSyncAdapter(17518):   "code": 410
E/CalendarSyncAdapter(17518): }
E/CalendarSyncAdapter(17518): 	at com.google.api.client.googleapis.services.json.AbstractGoogleJsonClientRequest.newExceptionOnError(AbstractGoogleJsonClientRequest.java:113)
E/CalendarSyncAdapter(17518): 	at com.google.api.client.googleapis.services.json.AbstractGoogleJsonClientRequest.newExceptionOnError(AbstractGoogleJsonClientRequest.java:40)
E/CalendarSyncAdapter(17518): 	at com.google.api.client.googleapis.services.AbstractGoogleClientRequest$1.interceptResponse(AbstractGoogleClientRequest.java:321)
E/CalendarSyncAdapter(17518): 	at com.google.api.client.http.HttpRequest.execute(HttpRequest.java:1065)
E/CalendarSyncAdapter(17518): 	at com.google.api.client.googleapis.services.AbstractGoogleClientRequest.executeUnparsed(AbstractGoogleClientRequest.java:419)
E/CalendarSyncAdapter(17518): 	at com.google.api.client.googleapis.services.AbstractGoogleClientRequest.executeUnparsed(AbstractGoogleClientRequest.java:352)
E/CalendarSyncAdapter(17518): 	at com.google.android.apiary.FeedFetcher.executeUnparsed(FeedFetcher.java:205)
E/CalendarSyncAdapter(17518): 	at com.google.android.syncadapters.calendar.EventFeedFetcher.executeUnparsed(EventFeedFetcher.java:83)
E/CalendarSyncAdapter(17518): 	at com.google.android.apiary.FeedFetcher.fetchFeed(FeedFetcher.java:78)
E/CalendarSyncAdapter(17518): 	at com.google.android.apiary.FeedFetcher.run(FeedFetcher.java:64)
E/CalendarSyncAdapter(17518): 	at com.google.android.syncadapters.calendar.EventFeedFetcher.run(EventFeedFetcher.java:72)
E/CalendarSyncAdapter(17518): 	at java.lang.Thread.run(Thread.java:818)
W/CalendarSyncAdapter(17518): Partial sync unavailable for -899202677. Requesting full sync
I/CalendarSyncAdapter(17518): Found no pending settings
I/art     (17537): Background sticky concurrent mark sweep GC freed 22983(1112KB) AllocSpace objects, 2(32KB) LOS objects, 21% free, 4MB/5MB, paused 12.901ms total 39.194ms
I/System.out(17518): (HTTPLog)-Static: isSBSettingEnabled false
I/qtaguid (17518): Tagging socket 39 with tag 1000000400000000{268435460,0} for uid -1, pid: 17518, getuid(): 10061
I/qtaguid (17518): Untagging socket 39
E/CalendarSyncAdapter(17518): GoogleJsonResponseException, ignoring rest of feed
E/CalendarSyncAdapter(17518): com.google.api.client.googleapis.json.GoogleJsonResponseException: 410 Gone
E/CalendarSyncAdapter(17518): {
E/CalendarSyncAdapter(17518):   "errors": [
E/CalendarSyncAdapter(17518):     {
E/CalendarSyncAdapter(17518):       "reason": "updatedMinTooLongAgo",
E/CalendarSyncAdapter(17518):       "domain": "calendar",
E/CalendarSyncAdapter(17518):       "message": "The requested minimum modification time lies too far in the past.",
E/CalendarSyncAdapter(17518):       "locationType": "parameter",
E/CalendarSyncAdapter(17518):       "location": "updatedMin"
E/CalendarSyncAdapter(17518):     }
E/CalendarSyncAdapter(17518):   ],
E/CalendarSyncAdapter(17518):   "message": "The requested minimum modification time lies too far in the past.",
E/CalendarSyncAdapter(17518):   "code": 410
E/CalendarSyncAdapter(17518): }
E/CalendarSyncAdapter(17518): 	at com.google.api.client.googleapis.services.json.AbstractGoogleJsonClientRequest.newExceptionOnError(AbstractGoogleJsonClientRequest.java:113)
E/CalendarSyncAdapter(17518): 	at com.google.api.client.googleapis.services.json.AbstractGoogleJsonClientRequest.newExceptionOnError(AbstractGoogleJsonClientRequest.java:40)
E/CalendarSyncAdapter(17518): 	at com.google.api.client.googleapis.services.AbstractGoogleClientRequest$1.interceptResponse(AbstractGoogleClientRequest.java:321)
E/CalendarSyncAdapter(17518): 	at com.google.api.client.http.HttpRequest.execute(HttpRequest.java:1065)
E/CalendarSyncAdapter(17518): 	at com.google.api.client.googleapis.services.AbstractGoogleClientRequest.executeUnparsed(AbstractGoogleClientRequest.java:419)
E/CalendarSyncAdapter(17518): 	at com.google.api.client.googleapis.services.AbstractGoogleClientRequest.executeUnparsed(AbstractGoogleClientRequest.java:352)
E/CalendarSyncAdapter(17518): 	at com.google.android.apiary.FeedFetcher.executeUnparsed(FeedFetcher.java:205)
E/CalendarSyncAdapter(17518): 	at com.google.android.syncadapters.calendar.EventFeedFetcher.executeUnparsed(EventFeedFetcher.java:83)
E/CalendarSyncAdapter(17518): 	at com.google.android.apiary.FeedFetcher.fetchFeed(FeedFetcher.java:78)
E/CalendarSyncAdapter(17518): 	at com.google.android.apiary.FeedFetcher.run(FeedFetcher.java:64)
E/CalendarSyncAdapter(17518): 	at com.google.android.syncadapters.calendar.EventFeedFetcher.run(EventFeedFetcher.java:72)
E/CalendarSyncAdapter(17518): 	at java.lang.Thread.run(Thread.java:818)
W/CalendarSyncAdapter(17518): Partial sync unavailable for -1637813934. Requesting full sync
I/art     (  983): Explicit concurrent mark sweep GC freed 26245(1202KB) AllocSpace objects, 7(112KB) LOS objects, 19% free, 33MB/41MB, paused 2.495ms total 186.077ms
I/CalendarSyncAdapter(17518): Found no pending settings
I/System.out(17518): (HTTPLog)-Static: isSBSettingEnabled false
I/qtaguid (17518): Tagging socket 39 with tag 1000000400000000{268435460,0} for uid -1, pid: 17518, getuid(): 10061
I/qtaguid (17518): Untagging socket 39
I/CalendarSyncAdapter(17518): Found no pending settings
E/SMD     (  275): After the Modem Read select 
E/SMD     (  275): Read 14 chars from SMD Modem file fd = 7
E/SMD     (  275):  Message: 
E/SMD     (  275): +CIEV: 1,3
E/SMD     (  275): ,0,0,0,1,0
E/SMD     (  275): 
E/SMD     (  275): OK
E/SMD     (  275): +CGREG: 1,"984","F67AF0",0
E/SMD     (  275): ),("call",(0-1)),("roam",(0-1)),("smsfull",(0-1)),("GPRS coverage",(0-1)),("callsetup",(0-3))
E/SMD     (  275): 
E/SMD     (  275): OK
E/SMD     (  275): 
E/SMD     (  275): 
E/SMD     (  275): Before the Modem Read select 
D/DataRouter(  274): write [14] bytes of data to USB fd[10]
E/SMD     (  275): DCD OFF
I/System.out(17518): (HTTPLog)-Static: isSBSettingEnabled false
I/qtaguid (17518): Tagging socket 39 with tag 2000000000000000{536870912,0} for uid -1, pid: 17518, getuid(): 10061
I/qtaguid (17518): Untagging socket 39
I/System.out(17518): (HTTPLog)-Static: isSBSettingEnabled false
I/qtaguid (17518): Tagging socket 39 with tag 2000000400000000{536870916,0} for uid -1, pid: 17518, getuid(): 10061
I/qtaguid (17518): Untagging socket 39
I/CalendarSyncAdapter(17518): Found no pending settings
I/GAV2    (17518): Thread[GAThread,5,main]: No campaign data found.
I/System.out(17518): (HTTPLog)-Static: isSBSettingEnabled false
I/qtaguid (17518): Tagging socket 39 with tag 2000000400000000{536870916,0} for uid -1, pid: 17518, getuid(): 10061
D/SensorService(  983): [SO] 0.294 0.068 10.068
I/qtaguid (17518): Untagging socket 39
I/CalendarSyncAdapter(17518): Found no pending settings
I/System.out(17518): (HTTPLog)-Static: isSBSettingEnabled false
I/qtaguid (17518): Tagging socket 39 with tag 2000000400000000{536870916,0} for uid -1, pid: 17518, getuid(): 10061
I/qtaguid (17518): Untagging socket 39
I/art     (17537): Explicit concurrent mark sweep GC freed 5762(348KB) AllocSpace objects, 0(0B) LOS objects, 30% free, 4MB/6MB, paused 943us total 22.921ms
I/CalendarSyncAdapter(17518): Found no pending settings
I/System.out(17518): (HTTPLog)-Static: isSBSettingEnabled false
I/qtaguid (17518): Tagging socket 39 with tag 2000000400000000{536870916,0} for uid -1, pid: 17518, getuid(): 10061
I/qtaguid (17518): Untagging socket 39
I/CalendarSyncAdapter(17518): Found no pending settings
D/DataRouter(  274): After the usb select
D/DataRouter(  274): read usb data[len:1]
D/DataRouter(  274): read usb data message:A
D/DataRouter(  274): Before the usb select
E/SMD     (  275): ***Received data notification[DR->SMD]***
E/SMD     (  275): Message:A
E/SMD     (  275): Sending data to SMD: Len = [1]
E/SMD     (  275):  buffer = [A]
E/SMD     (  275): Wrote 1 chars to SMD PORT fd=7 ch = 41
D/DataRouter(  274): After the usb select
D/DataRouter(  274): read usb data[len:1]
D/DataRouter(  274): read usb data message:T
D/DataRouter(  274): Before the usb select
E/SMD     (  275): ***Received data notification[DR->SMD]***
E/SMD     (  275): Message:T
E/SMD     (  275): Sending data to SMD: Len = [1]
E/SMD     (  275):  buffer = [T]
E/SMD     (  275): Wrote 1 chars to SMD PORT fd=7 ch = 54
D/DataRouter(  274): After the usb select
D/DataRouter(  274): read usb data[len:1]
D/DataRouter(  274): read usb data message:+
D/DataRouter(  274): Before the usb select
E/SMD     (  275): ***Received data notification[DR->SMD]***
E/SMD     (  275): Message:+
E/SMD     (  275): Sending data to SMD: Len = [1]
E/SMD     (  275):  buffer = [+]
E/SMD     (  275): Wrote 1 chars to SMD PORT fd=7 ch = 2b
D/DataRouter(  274): After the usb select
D/DataRouter(  274): read usb data[len:1]
D/DataRouter(  274): read usb data message:C
D/DataRouter(  274): Before the usb select
E/SMD     (  275): ***Received data notification[DR->SMD]***
E/SMD     (  275): Message:C
E/SMD     (  275): Sending data to SMD: Len = [1]
E/SMD     (  275):  buffer = [C]
E/SMD     (  275): Wrote 1 chars to SMD PORT fd=7 ch = 43
D/DataRouter(  274): After the usb select
D/DataRouter(  274): read usb data[len:1]
D/DataRouter(  274): read usb data message:I
D/DataRouter(  274): Before the usb select
E/SMD     (  275): ***Received data notification[DR->SMD]***
E/SMD     (  275): Message:I
E/SMD     (  275): Sending data to SMD: Len = [1]
E/SMD     (  275):  buffer = [I]
E/SMD     (  275): Wrote 1 chars to SMD PORT fd=7 ch = 49
D/DataRouter(  274): After the usb select
D/DataRouter(  274): read usb data[len:1]
D/DataRouter(  274): read usb data message:N
D/DataRouter(  274): Before the usb select
E/SMD     (  275): ***Received data notification[DR->SMD]***
E/SMD     (  275): Message:N
E/SMD     (  275): Sending data to SMD: Len = [1]
E/SMD     (  275):  buffer = [N]
E/SMD     (  275): Wrote 1 chars to SMD PORT fd=7 ch = 4e
D/DataRouter(  274): After the usb select
D/DataRouter(  274): read usb data[len:1]
D/DataRouter(  274): read usb data message:D
D/DataRouter(  274): Before the usb select
E/SMD     (  275): ***Received data notification[DR->SMD]***
E/SMD     (  275): Message:D
E/SMD     (  275): Sending data to SMD: Len = [1]
E/SMD     (  275):  buffer = [D]
E/SMD     (  275): Wrote 1 chars to SMD PORT fd=7 ch = 44
D/DataRouter(  274): After the usb select
D/DataRouter(  274): read usb data[len:1]
D/DataRouter(  274): read usb data message:?
D/DataRouter(  274): Before the usb select
E/SMD     (  275): ***Received data notification[DR->SMD]***
E/SMD     (  275): Message:?
E/SMD     (  275): Sending data to SMD: Len = [1]
E/SMD     (  275):  buffer = [?]
E/SMD     (  275): Wrote 1 chars to SMD PORT fd=7 ch = 3f
D/DataRouter(  274): After the usb select
D/DataRouter(  274): read usb data[len:1]
D/DataRouter(  274): read usb data message:
D/DataRouter(  274): Before the usb select
E/SMD     (  275): ***Received data notification[DR->SMD]***
E/SMD     (  275): Message:
E/SMD     (  275): Sending data to SMD: Len = [1]
E/SMD     (  275):  buffer = []
E/SMD     (  275): Wrote 1 chars to SMD PORT fd=7 ch = d
E/SMD     (  275): After the Modem Read select 
E/SMD     (  275): Read 32 chars from SMD Modem file fd = 7
E/SMD     (  275):  Message: 
E/SMD     (  275): +CIND: 0,3,1,0,0,0,1,0
E/SMD     (  275): 
E/SMD     (  275): OK
E/SMD     (  275): +CGREG: 1,"984","F67AF0",0
E/SMD     (  275): ),("call",(0-1)),("roam",(0-1)),("smsfull",(0-1)),("GPRS coverage",(0-1)),("callsetup",(0-3))
E/SMD     (  275): 
E/SMD     (  275): OK
E/SMD     (  275): 
E/SMD     (  275): 
E/SMD     (  275): Before the Modem Read select 
D/DataRouter(  274): write [32] bytes of data to USB fd[10]
I/System.out(17518): (HTTPLog)-Static: isSBSettingEnabled false
I/qtaguid (17518): Tagging socket 39 with tag 1000000400000000{268435460,0} for uid -1, pid: 17518, getuid(): 10061
I/GlobalDismissManager(17518): no sender configured
I/qtaguid (17518): Untagging socket 39
E/SMD     (  275): DCD OFF
I/art     (  983): Explicit concurrent mark sweep GC freed 27397(1129KB) AllocSpace objects, 2(32KB) LOS objects, 19% free, 33MB/41MB, paused 11.053ms total 205.503ms
I/art     (17537): Explicit concurrent mark sweep GC freed 8184(438KB) AllocSpace objects, 0(0B) LOS objects, 30% free, 4MB/6MB, paused 605us total 12.847ms
I/CalendarSyncAdapter(17518): Found no pending settings
I/System.out(17518): (HTTPLog)-Static: isSBSettingEnabled false
I/qtaguid (17518): Tagging socket 39 with tag 1000000400000000{268435460,0} for uid -1, pid: 17518, getuid(): 10061
D/SensorService(  983): [SO] 0.349 0.139 10.063
I/qtaguid (17518): Untagging socket 39
I/art     (17537): Explicit concurrent mark sweep GC freed 21660(1035KB) AllocSpace objects, 0(0B) LOS objects, 30% free, 4MB/6MB, paused 820us total 16.098ms
I/art     (  983): Explicit concurrent mark sweep GC freed 7265(353KB) AllocSpace objects, 3(48KB) LOS objects, 19% free, 33MB/41MB, paused 2.473ms total 156.581ms
I/art     (17537): Explicit concurrent mark sweep GC freed 6785(342KB) AllocSpace objects, 0(0B) LOS objects, 30% free, 4MB/6MB, paused 901us total 19.802ms
D/STATUSBAR-WifiQuickSettingButton( 1152): onWifiSignalChanged enabled=true enabledDesc:"f1comp"
E/SMD     (  275): DCD OFF
D/STATUSBAR-WifiQuickSettingButton( 1152): onWifiSignalChanged enabled=true enabledDesc:"f1comp"
D/STATUSBAR-WifiQuickSettingButton( 1152): onWifiSignalChanged enabled=true enabledDesc:"f1comp"
D/SensorService(  983): [SO] 0.330 -0.041 10.025
I/Sensors (  983): AccelerometerSensor(0) setDelay : 20000000(ns)
D/SensorManager(17789): registerListener :: 0, K303C Accelerometer Sensor, 20000, 0,  
E/SQLiteLog(17537): (284) automatic index on view_events(_id)
I/Sensors (  983): AccelerometerSensor(0) setDelay : 66000000(ns)
D/CalendarAlarmManager(17537): sys current time:1468204136885
D/CalendarAlarmManager(17537): reminder amount:0
D/SensorManager(17789): unregisterListener ::   
I/System.out(17789): (HTTPLog)-Static: isSBSettingEnabled false
D/EnterpriseController(  272): uids 10008
D/EnterpriseController(  272): mIsMarkChainAdded is 18 mIsBlockChainAdded is 252 netId is 0
D/Netd    (  272): getNetworkForDns: using netid 530 for uid 10008
I/qtaguid (17789): Tagging socket 83 with tag 60000000000{1536,0} for uid -1, pid: 17789, getuid(): 10008
E/SMD     (  275): DCD OFF
D/STATUSBAR-WifiQuickSettingButton( 1152): onWifiSignalChanged enabled=true enabledDesc:"f1comp"
I/art     (  983): Explicit concurrent mark sweep GC freed 4598(258KB) AllocSpace objects, 3(48KB) LOS objects, 19% free, 33MB/41MB, paused 2.501ms total 166.114ms
D/SensorService(  983): [SO] 0.293 0.040 10.045
I/CalendarSyncAdapter(17518): Found no pending settings
I/Auth    (17789): [AuthDelegateWrapper] Service intent: Intent { cmp=com.google.android.gms/.auth.account.authenticator.DefaultAuthDelegateService }.
I/Auth    (17789): [AuthDelegateWrapper] Service intent: Intent { cmp=com.google.android.gms/.auth.account.authenticator.DefaultAuthDelegateService }.
I/System.out(17518): (HTTPLog)-Static: isSBSettingEnabled false
I/qtaguid (17518): Tagging socket 39 with tag 1000000400000000{268435460,0} for uid -1, pid: 17518, getuid(): 10061
D/StatusBar.MSimNetworkController( 1152): getNumberOfActiveSim:1
D/StatusBar.MSimNetworkController( 1152): getPhoneSignalIconList: mMaxLevelOfSignalStrengthIndicator = 4 inetCondition = 0
D/StatusBar.MSimNetworkController( 1152): getDataSignalIconId: mMaxLevelOfSignalStrengthIndicator = 4 inetCondition = 0 iconLevel = 4
D/StatusBar.MSimNetworkController( 1152): updateTelephonySignalStrength: iconLevel=4
D/STATUSBAR-WifiQuickSettingButton( 1152): onWifiSignalChanged enabled=true enabledDesc:"f1comp"
I/qtaguid (17518): Untagging socket 39
E/CalendarSyncAdapter(17518): GoogleJsonResponseException, ignoring rest of feed
E/CalendarSyncAdapter(17518): com.google.api.client.googleapis.json.GoogleJsonResponseException: 410 Gone
E/CalendarSyncAdapter(17518): {
E/CalendarSyncAdapter(17518):   "errors": [
E/CalendarSyncAdapter(17518):     {
E/CalendarSyncAdapter(17518):       "reason": "updatedMinTooLongAgo",
E/CalendarSyncAdapter(17518):       "domain": "calendar",
E/CalendarSyncAdapter(17518):       "message": "The requested minimum modification time lies too far in the past.",
E/CalendarSyncAdapter(17518):       "locationType": "parameter",
E/CalendarSyncAdapter(17518):       "location": "updatedMin"
E/CalendarSyncAdapter(17518):     }
E/CalendarSyncAdapter(17518):   ],
E/CalendarSyncAdapter(17518):   "message": "The requested minimum modification time lies too far in the past.",
E/CalendarSyncAdapter(17518):   "code": 410
E/CalendarSyncAdapter(17518): }
E/CalendarSyncAdapter(17518): 	at com.google.api.client.googleapis.services.json.AbstractGoogleJsonClientRequest.newExceptionOnError(AbstractGoogleJsonClientRequest.java:113)
E/CalendarSyncAdapter(17518): 	at com.google.api.client.googleapis.services.json.AbstractGoogleJsonClientRequest.newExceptionOnError(AbstractGoogleJsonClientRequest.java:40)
E/CalendarSyncAdapter(17518): 	at com.google.api.client.googleapis.services.AbstractGoogleClientRequest$1.interceptResponse(AbstractGoogleClientRequest.java:321)
E/CalendarSyncAdapter(17518): 	at com.google.api.client.http.HttpRequest.execute(HttpRequest.java:1065)
E/CalendarSyncAdapter(17518): 	at com.google.api.client.googleapis.services.AbstractGoogleClientRequest.executeUnparsed(AbstractGoogleClientRequest.java:419)
E/CalendarSyncAdapter(17518): 	at com.google.api.client.googleapis.services.AbstractGoogleClientRequest.executeUnparsed(AbstractGoogleClientRequest.java:352)
E/CalendarSyncAdapter(17518): 	at com.google.android.apiary.FeedFetcher.executeUnparsed(FeedFetcher.java:205)
E/CalendarSyncAdapter(17518): 	at com.google.android.syncadapters.calendar.EventFeedFetcher.executeUnparsed(EventFeedFetcher.java:83)
E/CalendarSyncAdapter(17518): 	at com.google.android.apiary.FeedFetcher.fetchFeed(FeedFetcher.java:78)
E/CalendarSyncAdapter(17518): 	at com.google.android.apiary.FeedFetcher.run(FeedFetcher.java:64)
E/CalendarSyncAdapter(17518): 	at com.google.android.syncadapters.calendar.EventFeedFetcher.run(EventFeedFetcher.java:72)
E/CalendarSyncAdapter(17518): 	at java.lang.Thread.run(Thread.java:818)
W/CalendarSyncAdapter(17518): Partial sync unavailable for -1637813934. Requesting full sync
I/CalendarSyncAdapter(17518): Found no pending settings
I/System.out(17518): (HTTPLog)-Static: isSBSettingEnabled false
I/qtaguid (17518): Tagging socket 39 with tag 2000000400000000{536870916,0} for uid -1, pid: 17518, getuid(): 10061
I/qtaguid (17518): Untagging socket 39
I/CalendarSyncAdapter(17518): Found no pending settings
I/art     (17537): Explicit marksweep + semispace GC freed 32449(1307KB) AllocSpace objects, 0(0B) LOS objects, 30% free, 4MB/6MB, paused 16.857ms total 17.262ms
I/System.out(17518): (HTTPLog)-Static: isSBSettingEnabled false
I/qtaguid (17518): Tagging socket 39 with tag 1000000400000000{268435460,0} for uid -1, pid: 17518, getuid(): 10061
D/KeyguardUpdateMonitor( 1152): received broadcast android.intent.action.TIME_TICK
D/KeyguardUpdateMonitor( 1152): handleTimeUpdate
D/SecKeyguardClockView( 1152): isNetworkRoaming=false, isHomeTimeZoneExist=true
D/SecKeyguardClockView( 1152): onTimeChanged() : mShouldShowDualClock - false, isDualClockSet() -false
D/SecKeyguardClockView( 1152): setAutoHomeTimezone() - autoHomeTimeZoneId: Asia/Krasnoyarsk
D/SecKeyguardClockView( 1152): isNetworkRoaming=false, isHomeTimeZoneExist=true
D/DateView( 1152): regionalDateFormat = 22.11.3333 isRTLlanguage = false returnDateFormat = E, d MMMM
D/DateView( 1152): regionalDateFormat = 22.11.3333 isRTLlanguage = false returnDateFormat = E, d MMMM
D/DateView( 1152): regionalDateFormat = 22.11.3333 isRTLlanguage = false returnDateFormat = E, d MMMM
D/        (11616): action : android.intent.action.TIME_TICK
D/        (11616): getInstance
D/        (11616): direct update clock
D/MAR     (11616): Locale: ru
D/KeyguardEffectViewController( 1152): onReceive action : android.intent.action.TIME_TICK
I/KeyguardEffectViewController( 1152): *** don't update sliding image ***
I/qtaguid (17518): Untagging socket 39
I/art     (  983): Explicit concurrent mark sweep GC freed 16931(717KB) AllocSpace objects, 2(32KB) LOS objects, 19% free, 33MB/41MB, paused 2.589ms total 159.960ms
I/art     (17537): Explicit marksweep + semispace GC freed 18140(688KB) AllocSpace objects, 0(0B) LOS objects, 31% free, 4MB/6MB, paused 12.043ms total 12.517ms
E/SMD     (  275): DCD OFF
I/art     (17537): Explicit marksweep + semispace GC freed 4762(196KB) AllocSpace objects, 0(0B) LOS objects, 30% free, 4MB/6MB, paused 19.060ms total 19.690ms
I/art     (17537): WaitForGcToComplete blocked for 23.056ms for cause DisableMovingGc
I/art     (17518): Explicit marksweep + semispace GC freed 56435(2MB) AllocSpace objects, 1(64KB) LOS objects, 25% free, 8MB/11MB, paused 66.780ms total 67.289ms
I/SubscribedFeeds(16521): Received message
D/StatusBar.MSimNetworkController( 1152): getNumberOfActiveSim:1
D/StatusBar.MSimNetworkController( 1152): getPhoneSignalIconList: mMaxLevelOfSignalStrengthIndicator = 4 inetCondition = 0
D/StatusBar.MSimNetworkController( 1152): getDataSignalIconId: mMaxLevelOfSignalStrengthIndicator = 4 inetCondition = 0 iconLevel = 4
D/StatusBar.MSimNetworkController( 1152): updateTelephonySignalStrength: iconLevel=4
D/STATUSBAR-WifiQuickSettingButton( 1152): onWifiSignalChanged enabled=true enabledDesc:"f1comp"
D/SensorService(  983): [SO] 0.296 0.037 10.050
D/KeyguardUpdateMonitor( 1152): received broadcast android.intent.action.BATTERY_CHANGED
D/KeyguardUpdateMonitor( 1152): handleBatteryUpdate
I/art     ( 1152): Background sticky concurrent mark sweep GC freed 74130(4MB) AllocSpace objects, 0(0B) LOS objects, 24% free, 15MB/20MB, paused 1.057ms total 140.933ms
E/SQLiteLog(17537): (284) automatic index on view_events(_id)
D/CalendarAlarmManager(17537): sys current time:1468204142603
D/CalendarAlarmManager(17537): reminder amount:0
D/STATUSBAR-WifiQuickSettingButton( 1152): onWifiSignalChanged enabled=true enabledDesc:"f1comp"
E/SMD     (  275): DCD OFF
D/SensorService(  983): [SO] 0.300 0.032 10.054
I/art     (  983): Explicit concurrent mark sweep GC freed 6845(368KB) AllocSpace objects, 4(64KB) LOS objects, 19% free, 33MB/41MB, paused 2.510ms total 170.676ms
I/CalendarSyncAdapter(17518): Found no pending settings
E/Zygote  (17666): v2
I/SELinux (17666): Function: selinux_compare_spd_ram, SPD-policy is existed. and_ver=SEPF_SM-G530H_5.0.2-1 ver=48
I/SELinux (17666): Function: selinux_compare_spd_ram , priority [1] , priority version is VE=SEPF_SM-G530H_5.0.2-1_0048
E/SELinux (17666): [DEBUG] get_category: variable seinfo: untrusted sensitivity: NULL, cateogry: NULL
D/TimaKeyStoreProvider(17666): in addTimaSignatureService
D/TimaKeyStoreProvider(17666): Cannot add TimaSignature Service, License check Failed
D/ActivityThread(17666): Added TimaKesytore provider
W/art     (17666): Suspending all threads took: 5.221ms
W/EasBundling(17666): in EasBundling.init, isBundlingEnabled=true
I/Gmail   (17666): getAccountsCursor
W/GAV2    (17666): Thread[main,5,main]: Need to call initialize() and be in fallback mode to start dispatch.
I/Gmail   (17666): Initiated Service map for: [gPop3, gLegacyImap, gEas, gmail]
I/Gmail   (17666): Observing account changes for notifications
W/Gmail   (17666): Sync started for account: account:-1260812304
I/Exchange(17666): EasService.onCreate
I/Exchange(17666): EasService.onCreate stoppedOldService=false
I/Exchange(17666): RestartPingTask
I/Gmail   (17666): No Email application installed
I/EmailMigration(17666): No data to migrate
W/EmailMigration(17666): No Exchange migration, not the right Email provider version
I/Gmail   (17666): getAccountsCursor
I/Exchange(17666): RestartPingsTask did not start any pings.
I/Exchange(17666): PSS stopIfIdle
I/Exchange(17666): PSS has no active accounts; stopping service.
I/Exchange(17666): onDestroy
E/SQLiteLog(17666): (283) recovered 24 frames from WAL file /data/data/com.google.android.gm/databases/mailstore.akaygorodova@issart.com.db-wal
I/Gmail   (17666): notifyAccountChanged
I/Gmail   (17666): notifyAccountChanged
I/Auth    (17789): [AuthDelegateWrapper] Service intent: Intent { cmp=com.google.android.gms/.auth.account.authenticator.DefaultAuthDelegateService }.
I/Auth    (17789): [AuthDelegateWrapper] Service intent: Intent { cmp=com.google.android.gms/.auth.account.authenticator.DefaultAuthDelegateService }.
I/Gmail   (17666): calculateUnknownSyncRationalesAndPurgeInBackground: queueing
I/Gmail   (17666): calculateUnknownSyncRationalesAndPurgeInBackground: queueing
E/SMD     (  275): DCD OFF
I/Gmail   (17666): calculateUnknownSyncRationalesAndPurgeInBackground: running
I/Gmail   (17666): calculateUnknownSyncRationalesAndPurgeInBackground: running
I/Gmail   (17666): getAccountsCursor
I/Gmail   (17666): MainSyncRequestProto: lowestBkwdConvoId: 0, highestHandledServerOp: 870540, normalSync: true
E/SQLiteLog(17666): (283) recovered 33 frames from WAL file /data/data/com.google.android.gm/databases/mailstore.anutakay@gmail.com.db-wal
V/JNIHelp (17666): Registering com/google/android/gms/org/conscrypt/NativeCrypto's 255 native methods...
I/Gmail   (17666): notifyAccountChanged
I/Gmail   (17666): getAccountsCursor
I/Gmail   (17666): calculateUnknownSyncRationalesAndPurgeInBackground: queueing
I/Gmail   (17666): calculateUnknownSyncRationalesAndPurgeInBackground: queueing
I/Gmail   (17666): calculateUnknownSyncRationalesAndPurgeInBackground: running
I/Gmail   (17666): calculateUnknownSyncRationalesAndPurgeInBackground: running
I/Gmail   (17666): getAccountsCursor
W/System  (17666): Could not create com.google.android.gms.org.conscrypt.OpenSSLSocketFactoryImpl with ClassLoader dalvik.system.PathClassLoader[DexPathList[[directory "."],nativeLibraryDirectories=[/vendor/lib, /system/lib]]]: com.google.android.gms.org.conscrypt.OpenSSLSocketFactoryImpl
I/ProviderInstaller(17666): Installed default security provider GmsCore_OpenSSL
I/art     (  983): Explicit concurrent mark sweep GC freed 12096(566KB) AllocSpace objects, 0(0B) LOS objects, 19% free, 33MB/41MB, paused 2.571ms total 166.784ms
I/System.out(17666): Thread-72652(ApacheHTTPLog):Reading from variable values from setDefaultValuesToVariables
I/System.out(17666): Thread-72652(ApacheHTTPLog):isSBSettingEnabled false
I/System.out(17666): Thread-72652(ApacheHTTPLog):isShipBuild true
I/System.out(17666): Thread-72652(ApacheHTTPLog):SMARTBONDING_ENABLED is false
I/System.out(17666): Thread-72652(ApacheHTTPLog):SmartBonding Enabling is false, SHIP_BUILD is true, log to file is false, DBG is false
D/EnterpriseController(  272): uids 10060
D/EnterpriseController(  272): mIsMarkChainAdded is 18 mIsBlockChainAdded is 252 netId is 0
D/Netd    (  272): getNetworkForDns: using netid 530 for uid 10060
I/qtaguid (17666): Tagging socket 72 with tag 2010000000000000{537919488,0} for uid -1, pid: 17666, getuid(): 10060
I/qtaguid (17666): Tagging socket 78 with tag 2010000000000000{537919488,0} for uid -1, pid: 17666, getuid(): 10060
D/STATUSBAR-WifiQuickSettingButton( 1152): onWifiSignalChanged enabled=true enabledDesc:"f1comp"
D/SensorService(  983): [SO] 0.298 0.037 10.058
I/qtaguid (17666): Untagging socket 72
I/System.out(17666): SyncAdapterThread-1 calls detatch()
V/NQFileLogger(17789): [52529] LightweightReportNetworkQualityChimeraOperation.a: about to write to file
V/ProcessReports(17789): [52529] LightweightReportNetworkQualityChimeraOperation.a: If not already scheduled, schedule for 3600 to 14400 seconds from now (but might be processed inline after 900 seconds instead)
I/art     (17666): Explicit concurrent mark sweep GC freed 15339(914KB) AllocSpace objects, 2(31KB) LOS objects, 24% free, 8MB/11MB, paused 1.424ms total 66.004ms
I/Gmail   (17666): MainSyncRequestProto: lowestBkwdConvoId: 0, highestHandledServerOp: 870586, normalSync: true
I/System.out(17666): Thread-72652(ApacheHTTPLog):isSBSettingEnabled false
I/System.out(17666): Thread-72652(ApacheHTTPLog):isShipBuild true
I/System.out(17666): Thread-72652(ApacheHTTPLog):SMARTBONDING_ENABLED is false
I/System.out(17666): Thread-72652(ApacheHTTPLog):SmartBonding Enabling is false, SHIP_BUILD is true, log to file is false, DBG is false
I/qtaguid (17666): Tagging socket 72 with tag 2010000000000000{537919488,0} for uid -1, pid: 17666, getuid(): 10060
I/qtaguid (17666): Untagging socket 72
I/System.out(17666): SyncAdapterThread-1 calls detatch()
E/SMD     (  275): DCD OFF
V/NQFileLogger(17789): [52529] LightweightReportNetworkQualityChimeraOperation.a: about to write to file
V/ProcessReports(17789): [52529] LightweightReportNetworkQualityChimeraOperation.a: If not already scheduled, schedule for 3600 to 14400 seconds from now (but might be processed inline after 900 seconds instead)
I/Gmail   (17666): enqueueAttachment attachmentId: 42350
I/Gmail   (17666): enqueueAttachment attachmentId: 42351
I/Gmail   (17666): enqueueAttachment attachmentId: 42352
I/Gmail   (17666): enqueueAttachment attachmentId: 42353
I/Gmail   (17666): MainSyncRequestProto: lowestBkwdConvoId: 0, highestHandledServerOp: 870586, normalSync: true
I/Gmail   (17666): lowestBackward conversation id 0
I/Gmail   (17666): notifyAccountChanged
I/Gmail   (17666): getAccountsCursor
E/SQLiteLog(17537): (284) automatic index on view_events(_id)
I/Gmail   (17666): Sending provider changed intent: Intent { act=android.intent.action.PROVIDER_CHANGED dat=content://gmail-ls/unread/^sq_ig_i_personal (has extras) }
I/Gmail   (17666): notifyAccountChanged
I/Gmail   (17666): getAccountsCursor
W/Gmail   (17666): Sync complete for account: account:-1260812304
D/CalendarAlarmManager(17537): sys current time:1468204149895
D/CalendarAlarmManager(17537): reminder amount:0
D/SecContentProvider2(  983): uri = 15 selection = getAppBlockDownloadState
D/SecContentProvider2(  983): mCursor = null
I/NotifUtils(17666): Validating Notification, mapSize: 1 getAttention: true ignoreUnobtrusive: false
I/NotifUtils(17666): Unseen count doesn't match cursor count.  unseen: 215 cursor count: 49
I/NotifUtils(17666): Showing notification with unreadCount of 171 and unseenCount of 49
I/Gmail   (17666): AttachmentManager: start downloading attachment 42350 dlid=43856, conversationId: 1538677927998760552, messageId: 1539523625067977322, partId: 0.2, rendition: SIMPLE, saveToSd: false
D/SecContentProvider2(  983): uri = 15 selection = getAppBlockDownloadState
D/SecContentProvider2(  983): mCursor = null
V/DownloadManager(14341): 32 items are completed
D/SecContentProvider2(  983): uri = 15 selection = getAppBlockDownloadState
D/SecContentProvider2(  983): mCursor = null
V/DownloadManager(14341): 1 items are running
D/DownloadManager(14341): [43856] Starting com.google.android.gm
I/System.out(14341): KnoxVpnUidStorageknoxVpnSupported API value returned is false
I/System.out(14341): (HTTPLog)-Static: isSBSettingEnabled false
D/EnterpriseController(  272): uids 10025
D/EnterpriseController(  272): mIsMarkChainAdded is 18 mIsBlockChainAdded is 252 netId is 0
D/Netd    (  272): getNetworkForDns: using netid 530 for uid 10025
I/qtaguid (14341): Tagging socket 41 with tag ffffff0100000000{4294967041,0} for uid 10060, pid: 14341, getuid(): 10025
V/DownloadManager(14341): 32 items are completed
D/SecContentProvider2(  983): uri = 15 selection = getAppBlockDownloadState
D/SecContentProvider2(  983): mCursor = null
V/DownloadManager(14341): 1 items are running
I/art     (17666): WaitForGcToComplete blocked for 10.756ms for cause CollectorTransition
I/GAV2    (17666): Thread[GAThread,5,main]: No campaign data found.
I/qtaguid (14341): Tagging socket 47 with tag ffffff0100000000{4294967041,0} for uid 10060, pid: 14341, getuid(): 10025
I/qtaguid (14341): Tagging socket 48 with tag ffffff0100000000{4294967041,0} for uid 10060, pid: 14341, getuid(): 10025
V/DownloadManager(14341): 32 items are completed
D/SecContentProvider2(  983): uri = 15 selection = getAppBlockDownloadState
D/SecContentProvider2(  983): mCursor = null
V/DownloadManager(14341): 1 items are running
D/DownloadManager(14341): [43856] Finished with status SUCCESS
V/DownloadManager(14341): MIME Type = image/png
I/DownloadManager(14341): Download 43856 finished with status SUCCESS
V/DownloadManager(14341): 33 items are completed
D/SensorService(  983): [SO] 0.307 0.038 10.048
D/KeyguardUpdateMonitor( 1152): received broadcast android.intent.action.BATTERY_CHANGED
D/KeyguardUpdateMonitor( 1152): handleBatteryUpdate
E/SMD     (  275): DCD OFF
D/STATUSBAR-WifiQuickSettingButton( 1152): onWifiSignalChanged enabled=true enabledDesc:"f1comp"
I/art     (  983): Explicit concurrent mark sweep GC freed 17440(816KB) AllocSpace objects, 0(0B) LOS objects, 19% free, 33MB/41MB, paused 2.539ms total 160.937ms
D/SensorService(  983): [SO] 0.311 0.046 10.053
I/NotifUtils(17666): Account: -1260812304 vibrate: false
I/NotifUtils(17666): New email in -1260812304 vibrateWhen: false, playing notification: content://settings/system/notification_sound
E/SMD     (  275): DCD OFF
D/SecContentProvider2(  983): uri = 15 selection = getAppBlockDownloadState
D/SecContentProvider2(  983): mCursor = null
I/DownloadManager(14341): [43856] create new because it's not in HashMap.
V/DownloadManager(14341): 1 items are Removed
V/DownloadManager(14341): 32 items are completed
I/Auth    (17789): [AuthDelegateWrapper] Service intent: Intent { cmp=com.google.android.gms/.auth.account.authenticator.DefaultAuthDelegateService }.
I/Auth    (17789): [AuthDelegateWrapper] Service intent: Intent { cmp=com.google.android.gms/.auth.account.authenticator.DefaultAuthDelegateService }.
D/SecContentProvider2(  983): uri = 15 selection = getAppBlockDownloadState
D/SecContentProvider2(  983): mCursor = null
D/SecContentProvider2(  983): uri = 15 selection = getAppBlockDownloadState
D/SecContentProvider2(  983): mCursor = null
I/Gmail   (17666): AttachmentManager: start downloading attachment 42351 dlid=43857, conversationId: 1538677927998760552, messageId: 1539523625067977322, partId: 0.1, rendition: SIMPLE, saveToSd: false
V/DownloadManager(14341): 32 items are completed
D/SecContentProvider2(  983): uri = 15 selection = getAppBlockDownloadState
D/SecContentProvider2(  983): mCursor = null
V/DownloadManager(14341): 1 items are running
D/DownloadManager(14341): [43857] Starting com.google.android.gm
V/DownloadManager(14341): 32 items are completed
I/System.out(14341): KnoxVpnUidStorageknoxVpnSupported API value returned is false
D/SecContentProvider2(  983): uri = 15 selection = getAppBlockDownloadState
D/SecContentProvider2(  983): mCursor = null
I/System.out(14341): (HTTPLog)-Static: isSBSettingEnabled false
D/EnterpriseController(  272): uids 10025
D/EnterpriseController(  272): mIsMarkChainAdded is 18 mIsBlockChainAdded is 252 netId is 0
D/Netd    (  272): getNetworkForDns: using netid 530 for uid 10025
V/DownloadManager(14341): 1 items are running
I/qtaguid (14341): Tagging socket 43 with tag ffffff0100000000{4294967041,0} for uid 10060, pid: 14341, getuid(): 10025
D/STATUSBAR-WifiQuickSettingButton( 1152): onWifiSignalChanged enabled=true enabledDesc:"f1comp"
I/qtaguid (14341): Tagging socket 47 with tag ffffff0100000000{4294967041,0} for uid 10060, pid: 14341, getuid(): 10025
I/qtaguid (14341): Tagging socket 48 with tag ffffff0100000000{4294967041,0} for uid 10060, pid: 14341, getuid(): 10025
V/DownloadManager(14341): 32 items are completed
D/SecContentProvider2(  983): uri = 15 selection = getAppBlockDownloadState
D/SecContentProvider2(  983): mCursor = null
V/DownloadManager(14341): 1 items are running
D/DownloadManager(14341): [43857] Finished with status SUCCESS
V/DownloadManager(14341): MIME Type = image/png
I/DownloadManager(14341): Download 43857 finished with status SUCCESS
V/DownloadManager(14341): 33 items are completed
I/art     (  983): Explicit concurrent mark sweep GC freed 16970(886KB) AllocSpace objects, 14(444KB) LOS objects, 19% free, 33MB/41MB, paused 2.494ms total 179.005ms
D/SecContentProvider2(  983): uri = 15 selection = getAppBlockDownloadState
D/SecContentProvider2(  983): mCursor = null
I/DownloadManager(14341): [43857] create new because it's not in HashMap.
V/DownloadManager(14341): 1 items are Removed
V/DownloadManager(14341): 32 items are completed
D/SecContentProvider2(  983): uri = 15 selection = getAppBlockDownloadState
D/SecContentProvider2(  983): mCursor = null
I/Gmail   (17666): AttachmentManager: start downloading attachment 42352 dlid=43858, conversationId: 1538677927998760552, messageId: 1539523625067977322, partId: 0.3, rendition: SIMPLE, saveToSd: false
D/SecContentProvider2(  983): uri = 15 selection = getAppBlockDownloadState
D/SecContentProvider2(  983): mCursor = null
D/STATUSBAR-WifiQuickSettingButton( 1152): onWifiSignalChanged enabled=true enabledDesc:"f1comp"
V/DownloadManager(14341): 32 items are completed
D/SecContentProvider2(  983): uri = 15 selection = getAppBlockDownloadState
D/SecContentProvider2(  983): mCursor = null
V/DownloadManager(14341): 1 items are running
D/DownloadManager(14341): [43858] Starting com.google.android.gm
I/System.out(14341): KnoxVpnUidStorageknoxVpnSupported API value returned is false
I/System.out(14341): (HTTPLog)-Static: isSBSettingEnabled false
I/qtaguid (14341): Tagging socket 43 with tag ffffff0100000000{4294967041,0} for uid 10060, pid: 14341, getuid(): 10025
V/DownloadManager(14341): 32 items are completed
D/SecContentProvider2(  983): uri = 15 selection = getAppBlockDownloadState
D/SecContentProvider2(  983): mCursor = null
V/DownloadManager(14341): 1 items are running
I/qtaguid (14341): Tagging socket 47 with tag ffffff0100000000{4294967041,0} for uid 10060, pid: 14341, getuid(): 10025
I/qtaguid (14341): Tagging socket 48 with tag ffffff0100000000{4294967041,0} for uid 10060, pid: 14341, getuid(): 10025
V/DownloadManager(14341): 32 items are completed
D/SecContentProvider2(  983): uri = 15 selection = getAppBlockDownloadState
D/SecContentProvider2(  983): mCursor = null
V/DownloadManager(14341): 1 items are running
D/DownloadManager(14341): [43858] Finished with status SUCCESS
V/DownloadManager(14341): MIME Type = image/png
I/DownloadManager(14341): Download 43858 finished with status SUCCESS
V/DownloadManager(14341): 33 items are completed
D/SecContentProvider2(  983): uri = 15 selection = getAppBlockDownloadState
D/SecContentProvider2(  983): mCursor = null
I/DownloadManager(14341): [43858] create new because it's not in HashMap.
V/DownloadManager(14341): 1 items are Removed
V/DownloadManager(14341): 32 items are completed
D/SecContentProvider2(  983): uri = 15 selection = getAppBlockDownloadState
D/SecContentProvider2(  983): mCursor = null
I/Gmail   (17666): AttachmentManager: start downloading attachment 42353 dlid=43859, conversationId: 1538677927998760552, messageId: 1539523625067977322, partId: 0.4, rendition: SIMPLE, saveToSd: false
D/SecContentProvider2(  983): uri = 15 selection = getAppBlockDownloadState
D/SecContentProvider2(  983): mCursor = null
V/DownloadManager(14341): 32 items are completed
D/SecContentProvider2(  983): uri = 15 selection = getAppBlockDownloadState
D/SecContentProvider2(  983): mCursor = null
V/DownloadManager(14341): 1 items are running
D/DownloadManager(14341): [43859] Starting com.google.android.gm
I/System.out(14341): KnoxVpnUidStorageknoxVpnSupported API value returned is false
V/DownloadManager(14341): 32 items are completed
D/SecContentProvider2(  983): uri = 15 selection = getAppBlockDownloadState
D/SecContentProvider2(  983): mCursor = null
I/System.out(14341): (HTTPLog)-Static: isSBSettingEnabled false
V/DownloadManager(14341): 1 items are running
D/EnterpriseController(  272): uids 10025
D/EnterpriseController(  272): mIsMarkChainAdded is 18 mIsBlockChainAdded is 252 netId is 0
D/Netd    (  272): getNetworkForDns: using netid 530 for uid 10025
I/qtaguid (14341): Tagging socket 38 with tag ffffff0100000000{4294967041,0} for uid 10060, pid: 14341, getuid(): 10025
D/SensorService(  983): [SO] 0.307 0.035 10.060
I/qtaguid (14341): Tagging socket 47 with tag ffffff0100000000{4294967041,0} for uid 10060, pid: 14341, getuid(): 10025
I/qtaguid (14341): Tagging socket 48 with tag ffffff0100000000{4294967041,0} for uid 10060, pid: 14341, getuid(): 10025
V/DownloadManager(14341): 32 items are completed
D/SecContentProvider2(  983): uri = 15 selection = getAppBlockDownloadState
D/SecContentProvider2(  983): mCursor = null
V/DownloadManager(14341): 1 items are running
D/DownloadManager(14341): [43859] Finished with status SUCCESS
V/DownloadManager(14341): MIME Type = image/png
E/SMD     (  275): DCD OFF
I/art     (14341): Explicit marksweep + semispace GC freed 29779(1167KB) AllocSpace objects, 6(384KB) LOS objects, 27% free, 5MB/7MB, paused 26.227ms total 26.892ms
I/DownloadManager(14341): Download 43859 finished with status SUCCESS
V/DownloadManager(14341): 33 items are completed
D/SecContentProvider2(  983): uri = 15 selection = getAppBlockDownloadState
D/SecContentProvider2(  983): mCursor = null
I/DownloadManager(14341): [43859] create new because it's not in HashMap.
V/DownloadManager(14341): 1 items are Removed
V/DownloadManager(14341): 32 items are completed
D/STATUSBAR-WifiQuickSettingButton( 1152): onWifiSignalChanged enabled=true enabledDesc:"f1comp"
D/DataRouter(  274): After the usb select
D/DataRouter(  274): read usb data[len:1]
D/DataRouter(  274): read usb data message:A
D/DataRouter(  274): Before the usb select
E/SMD     (  275): ***Received data notification[DR->SMD]***
E/SMD     (  275): Message:A
E/SMD     (  275): Sending data to SMD: Len = [1]
E/SMD     (  275):  buffer = [A]
E/SMD     (  275): Wrote 1 chars to SMD PORT fd=7 ch = 41
D/DataRouter(  274): After the usb select
D/DataRouter(  274): read usb data[len:1]
D/DataRouter(  274): read usb data message:T
D/DataRouter(  274): Before the usb select
E/SMD     (  275): ***Received data notification[DR->SMD]***
E/SMD     (  275): Message:T
E/SMD     (  275): Sending data to SMD: Len = [1]
E/SMD     (  275):  buffer = [T]
E/SMD     (  275): Wrote 1 chars to SMD PORT fd=7 ch = 54
D/DataRouter(  274): After the usb select
D/DataRouter(  274): read usb data[len:1]
D/DataRouter(  274): read usb data message:+
D/DataRouter(  274): Before the usb select
E/SMD     (  275): ***Received data notification[DR->SMD]***
E/SMD     (  275): Message:+
E/SMD     (  275): Sending data to SMD: Len = [1]
E/SMD     (  275):  buffer = [+]
E/SMD     (  275): Wrote 1 chars to SMD PORT fd=7 ch = 2b
D/DataRouter(  274): After the usb select
D/DataRouter(  274): read usb data[len:1]
D/DataRouter(  274): read usb data message:C
D/DataRouter(  274): Before the usb select
E/SMD     (  275): ***Received data notification[DR->SMD]***
E/SMD     (  275): Message:C
E/SMD     (  275): Sending data to SMD: Len = [1]
E/SMD     (  275):  buffer = [C]
E/SMD     (  275): Wrote 1 chars to SMD PORT fd=7 ch = 43
D/DataRouter(  274): After the usb select
D/DataRouter(  274): read usb data[len:1]
D/DataRouter(  274): read usb data message:I
D/DataRouter(  274): Before the usb select
E/SMD     (  275): ***Received data notification[DR->SMD]***
E/SMD     (  275): Message:I
E/SMD     (  275): Sending data to SMD: Len = [1]
E/SMD     (  275):  buffer = [I]
E/SMD     (  275): Wrote 1 chars to SMD PORT fd=7 ch = 49
D/DataRouter(  274): After the usb select
D/DataRouter(  274): read usb data[len:1]
D/DataRouter(  274): read usb data message:N
D/DataRouter(  274): Before the usb select
E/SMD     (  275): ***Received data notification[DR->SMD]***
E/SMD     (  275): Message:N
E/SMD     (  275): Sending data to SMD: Len = [1]
E/SMD     (  275):  buffer = [N]
E/SMD     (  275): Wrote 1 chars to SMD PORT fd=7 ch = 4e
D/DataRouter(  274): After the usb select
D/DataRouter(  274): read usb data[len:1]
D/DataRouter(  274): read usb data message:D
D/DataRouter(  274): Before the usb select
E/SMD     (  275): ***Received data notification[DR->SMD]***
E/SMD     (  275): Message:D
E/SMD     (  275): Sending data to SMD: Len = [1]
E/SMD     (  275):  buffer = [D]
E/SMD     (  275): Wrote 1 chars to SMD PORT fd=7 ch = 44
D/DataRouter(  274): After the usb select
D/DataRouter(  274): read usb data[len:1]
D/DataRouter(  274): read usb data message:?
D/DataRouter(  274): Before the usb select
E/SMD     (  275): ***Received data notification[DR->SMD]***
E/SMD     (  275): Message:?
