I/InputDispatcher(  983): Delivering touch to (18228): action: 0x0, toolType: 1
D/ConnectivityService(  983): ConnectivityService NetworkRequestInfo binderDied(NetworkRequest [ id=831, legacyType=-1, [ Capabilities: INTERNET&NOT_RESTRICTED&TRUSTED&NOT_VPN] ], android.os.BinderProxy@2d12743c)
D/ViewRootImpl(18228): ViewPostImeInputStage ACTION_DOWN
I/Debug   (18228):  
D/ConnectivityService(  983): releasing NetworkRequest NetworkRequest [ id=831, legacyType=-1, [ Capabilities: INTERNET&NOT_RESTRICTED&TRUSTED&NOT_VPN] ]
E/ConnectivityService(  983): RemoteException caught trying to send a callback msg for NetworkRequest [ id=831, legacyType=-1, [ Capabilities: INTERNET&NOT_RESTRICTED&TRUSTED&NOT_VPN] ]
I/Debug   (18228):  
I/Debug   (18228):  
I/Debug   (18228):  
D/InputReader(  983): Input event: value=0
I/InputReader(  983): Touch event's action is 0x1 (deviceType=0) [pCnt=1, s=] when=291906736428000
I/InputDispatcher(  983): Delivering touch to (18228): action: 0x1, toolType: 1
I/Debug   (18228):  
D/VLC     (18228): [b8552a58/4734] core input: Creating an input for '66a2f2e1fccd53f.mp4'
D/VLC     (18228): [b8552a58/4aee] core input: using timeshift granularity of 50 MiB
D/VLC     (18228): [b8552a58/4aee] core input: using default timeshift path
D/VLC     (18228): [b8552a58/4aee] core input: `http://media3.krasview.ru/video/e1c2d995f7c87d1/66a2f2e1fccd53f.mp4' gives access `http' demux `' path `media3.krasview.ru/video/e1c2d995f7c87d1/66a2f2e1fccd53f.mp4'
D/VLC     (18228): [b843d150/4aee] core input source: specified demux: any
D/VLC     (18228): [b843d150/4aee] core input source: creating demux: access='http' demux='any' location='media3.krasview.ru/video/e1c2d995f7c87d1/66a2f2e1fccd53f.mp4' file='(null)'
D/VLC     (18228): [b86403f0/4aee] core demux: looking for access_demux module matching "http": 6 candidates
D/VLC     (18228): [b86403f0/4aee] core demux: no access_demux modules matched
D/VLC     (18228): [b863ec50/4aee] core access: creating access: http://media3.krasview.ru/video/e1c2d995f7c87d1/66a2f2e1fccd53f.mp4
D/VLC     (18228): [b863ec50/4aee] core access: looking for access module matching "http": 22 candidates
D/VLC     (18228): [b863ec50/4aef] transport access: resolving media3.krasview.ru ...
D/EnterpriseController(  272): uids 10237
D/EnterpriseController(  272): mIsMarkChainAdded is 18 mIsBlockChainAdded is 252 netId is 0
D/Netd    (  272): getNetworkForDns: using netid 530 for uid 10237
D/VLC     (18228): [b863ec50/4aef] transport access: connecting to media3.krasview.ru port 80 ...
D/VLC     (18228): [b863ec50/4aee] h1conn access: outgoing request:
D/VLC     (18228): GET /video/e1c2d995f7c87d1/66a2f2e1fccd53f.mp4 HTTP/1.1
D/VLC     (18228): Host: media3.krasview.ru
D/VLC     (18228): Accept: */*
D/VLC     (18228): Accept-Language: en_US
D/VLC     (18228): User-Agent: VLC/3.0.0-git LibVLC/3.0.0-git
D/VLC     (18228): Range: bytes=0-
D/VLC     (18228): 
D/VLC     (18228): [b863ec50/4aee] h1conn access: incoming response:
D/VLC     (18228): HTTP/1.1 206 Partial Content
D/VLC     (18228): Server: nginx
D/VLC     (18228): Date: Mon, 11 Jul 2016 09:28:29 GMT
D/VLC     (18228): Content-Type: video/mp4
D/VLC     (18228): Content-Length: 164853188
D/VLC     (18228): Last-Modified: Sun, 26 Oct 2014 02:20:04 GMT
D/VLC     (18228): Connection: keep-alive
D/VLC     (18228): ETag: "544c5a54-9d375c4"
D/VLC     (18228): Expires: Thu, 31 Dec 2037 23:55:55 GMT
D/VLC     (18228): Cache-Control: max-age=315360000
D/VLC     (18228): Content-Range: bytes 0-164853187/164853188
D/VLC     (18228): 
D/VLC     (18228): [b863ec50/4aee] core access: using access module "access"
D/VLC     (18228): [b8c126e8/4aee] core stream: looking for stream_filter module matching "cache_block": 12 candidates
D/VLC     (18228): [b8c126e8/4aee] cache_block stream: Using block method for AStream*
D/VLC     (18228): [b8c126e8/4aee] cache_block stream: starting pre-buffering
D/VLC     (18228): [b8c126e8/4aee] cache_block stream: received first data after 0 ms
D/VLC     (18228): [b8c126e8/4aee] cache_block stream: prebuffering done 2048 bytes in 0s - 26666 KiB/s
D/VLC     (18228): [b8c126e8/4aee] core stream: using stream_filter module "cache_block"
D/VLC     (18228): [b8c12780/4aee] core stream: looking for stream_filter module matching "any": 12 candidates
D/VLC     (18228): [b8c12780/4aee] core stream: no stream_filter modules matched
D/VLC     (18228): [b8c12780/4aee] core stream: looking for stream_filter module matching "record": 12 candidates
D/VLC     (18228): [b8c12780/4aee] core stream: using stream_filter module "record"
D/VLC     (18228): [b843d150/4aee] core input source: creating demux: access='http' demux='any' location='media3.krasview.ru/video/e1c2d995f7c87d1/66a2f2e1fccd53f.mp4' file='(null)'
D/VLC     (18228): [b8c12828/4aee] core demux: looking for demux module matching "any": 61 candidates
D/VLC     (18228): [b8c12780/4aee] mp4 stream: read box: "mvhd" creation 694977d-48h:00m:00s modification 694977d-48h:00m:00s time scale 1000 duration 0d-00h:21m:32s rate 1.000000 volume 1.000000 next track id 3
D/VLC     (18228): [b8c12780/4aee] mp4 stream: read box: "tkhd" creation 694977d-48h:00m:00s modification 694977d-48h:00m:00s duration 14d-58h:53m:20s track ID 1 layer 0 volume 0.000000 rotation 0.000000 scaleX 1.000000 scaleY 1.000000 translateX 0.000000 translateY 0.000000 width 711.111084 height 400.000000. Matrix: 65536 0 0 0 65536 0 0 0 1073741824
D/VLC     (18228): [b8c12780/4aee] mp4 stream: read box: "elst" entry-count 1
D/VLC     (18228): [b8c12780/4aee] mp4 stream: read box: "mdhd" creation 694977d-48h:00m:00s modification 694977d-48h:00m:00s time scale 24000 duration 358d-33h:19m:37s language    
D/VLC     (18228): [b8c12780/4aee] mp4 stream: read box: "hdlr" handler type: "vide" name: "VideoHandler"
D/VLC     (18228): [b8c12780/4aee] mp4 stream: read box: "vmhd" graphics-mode 0 opcolor (0, 0, 0)
D/VLC     (18228): [b8c12780/4aee] mp4 stream: read box: "url" url: (null)
D/VLC     (18228): [b8c12780/4aee] mp4 stream: read box: "dref" entry-count 1
D/VLC     (18228): [b8c129c0/4aee] mp4 stream: read box: "avcC" version=1 profile=0x42 level=0x1e length size=4 sps=1 pps=1
D/VLC     (18228): [b8c129c0/4aee] mp4 stream:          - sps[0] length=27
D/VLC     (18228): [b8c129c0/4aee] mp4 stream:          - pps[0] length=5
D/VLC     (18228): [b8c129c0/4aee] mp4 stream: read box: "paps" 80x81
D/VLC     (18228): [b8c12780/4aee] mp4 stream: read box: "vide" in stsd 720x400 depth 24 ()
D/VLC     (18228): [b8c12780/4aee] mp4 stream: read box: "stsd" entry-count 1
D/VLC     (18228): [b8c12780/4aee] mp4 stream: read box: "stts" entry-count 1
D/VLC     (18228): [b8c12780/4aee] mp4 stream: read box: "stss" entry-count 844
D/VLC     (18228): [b8c12780/4aee] mp4 stream: read box: "stsc" entry-count 1
D/VLC     (18228): [b8c12780/4aee] mp4 stream: read box: "stsz" sample-size 0 sample-count 30977
D/VLC     (18228): [b8c12780/4aee] mp4 stream: read box: "co64" entry-count 30977
D/VLC     (18228): [b8c12780/4aee] mp4 stream: read box: "tkhd" creation 694977d-48h:00m:00s modification 694977d-48h:00m:00s duration 14d-58h:52m:58s track ID 2 layer 0 volume 1.000000 rotation 0.000000 scaleX 1.000000 scaleY 1.000000 translateX 0.000000 translateY 0.000000 width 0.000000 height 0.000000. Matrix: 65536 0 0 0 65536 0 0 0 1073741824
D/VLC     (18228): [b8c12780/4aee] mp4 stream: read box: "elst" entry-count 1
D/VLC     (18228): [b8c12780/4aee] mp4 stream: read box: "mdhd" creation 694977d-48h:00m:00s modification 694977d-48h:00m:00s time scale 48000 duration 717d-06h:21m:52s language    
D/VLC     (18228): [b8c12780/4aee] mp4 stream: read box: "hdlr" handler type: "soun" name: "SoundHandler"
D/VLC     (18228): [b8c12780/4aee] mp4 stream: read box: "smhd" balance 0.000000
D/VLC     (18228): [b8c12780/4aee] mp4 stream: read box: "url" url: (null)
D/VLC     (18228): [b8c12780/4aee] mp4 stream: read box: "dref" entry-count 1
D/VLC     (18228): [b8c12780/4aee] mp4 stream: read box: "soun" stsd qt_version 0 compid=0
D/VLC     (18228): [b8c12780/4aee] mp4 stream: read box: "soun" V0 or qt1/2 (rest=51)
D/VLC     (18228): [b8654200/4aee] mp4 stream: found esds MPEG4ESDescr (34Bytes)
D/VLC     (18228): [b8654200/4aee] mp4 stream: found esds MP4DecConfigDescr (20Bytes)
D/VLC     (18228): [b8654200/4aee] mp4 stream: found esds MP4DecSpecificDescr (2Bytes)
D/VLC     (18228): [b8c12780/4aee] mp4 stream: read box: "soun" in stsd channel 2 sample size 16 sample rate 48000.000000
D/VLC     (18228): [b8c12780/4aee] mp4 stream: read box: "stsd" entry-count 1
D/VLC     (18228): [b8c12780/4aee] mp4 stream: read box: "stts" entry-count 2
D/VLC     (18228): [b8c12780/4aee] mp4 stream: read box: "stsc" entry-count 2784
D/VLC     (18228): [b8c12780/4aee] mp4 stream: read box: "stsz" sample-size 0 sample-count 60562
D/VLC     (18228): [b8c12780/4aee] mp4 stream: read box: "co64" entry-count 30977
D/VLC     (18228): [b8c12780/4aee] mp4 stream: read box: "hdlr" handler type: "mdir" name: ""
D/VLC     (18228): [b8c12780/4aee] mp4 stream: read 'data' atom: knowntype=1, country=0 lang=0, size 13 bytes
D/VLC     (18228): [b8c126e8/4aee] cache_block stream: b_seek=1 th*avg=7380 skip=164199153
D/VLC     (18228): [b863ec50/4af1] transport access: resolving media3.krasview.ru ...
D/EnterpriseController(  272): uids 10237
D/EnterpriseController(  272): mIsMarkChainAdded is 18 mIsBlockChainAdded is 252 netId is 0
D/Netd    (  272): getNetworkForDns: using netid 530 for uid 10237
D/VLC     (18228): [b863ec50/4af1] transport access: connecting to media3.krasview.ru port 80 ...
D/VLC     (18228): [b863ec50/4aee] h1conn access: outgoing request:
D/VLC     (18228): GET /video/e1c2d995f7c87d1/66a2f2e1fccd53f.mp4 HTTP/1.1
D/VLC     (18228): Host: media3.krasview.ru
D/VLC     (18228): Accept: */*
D/VLC     (18228): Accept-Language: en_US
D/VLC     (18228): User-Agent: VLC/3.0.0-git LibVLC/3.0.0-git
D/VLC     (18228): If-Match: "544c5a54-9d375c4"
D/VLC     (18228): Range: bytes=164853187-
D/VLC     (18228): 
D/VLC     (18228): [b863ec50/4aee] h1conn access: incoming response:
D/VLC     (18228): HTTP/1.1 206 Partial Content
D/VLC     (18228): Server: nginx
D/VLC     (18228): Date: Mon, 11 Jul 2016 09:28:29 GMT
D/VLC     (18228): Content-Type: video/mp4
D/VLC     (18228): Content-Length: 1
D/VLC     (18228): Last-Modified: Sun, 26 Oct 2014 02:20:04 GMT
D/VLC     (18228): Connection: keep-alive
D/VLC     (18228): ETag: "544c5a54-9d375c4"
D/VLC     (18228): Expires: Thu, 31 Dec 2037 23:55:55 GMT
D/VLC     (18228): Cache-Control: max-age=315360000
D/VLC     (18228): Content-Range: bytes 164853187-164853187/164853188
D/VLC     (18228): 
D/VLC     (18228): [b8c126e8/4aee] cache_block stream: b_seek=0 th*avg=7365 skip=0
D/VLC     (18228): [b863ec50/4af3] transport access: resolving media3.krasview.ru ...
D/EnterpriseController(  272): uids 10237
D/EnterpriseController(  272): mIsMarkChainAdded is 18 mIsBlockChainAdded is 252 netId is 0
D/Netd    (  272): getNetworkForDns: using netid 530 for uid 10237
D/VLC     (18228): [b863ec50/4af3] transport access: connecting to media3.krasview.ru port 80 ...
D/VLC     (18228): [b863ec50/4aee] h1conn access: outgoing request:
D/VLC     (18228): GET /video/e1c2d995f7c87d1/66a2f2e1fccd53f.mp4 HTTP/1.1
D/VLC     (18228): Host: media3.krasview.ru
D/VLC     (18228): Accept: */*
D/VLC     (18228): Accept-Language: en_US
D/VLC     (18228): User-Agent: VLC/3.0.0-git LibVLC/3.0.0-git
D/VLC     (18228): If-Match: "544c5a54-9d375c4"
D/VLC     (18228): Range: bytes=164853188-
D/VLC     (18228): 
D/VLC     (18228): [b863ec50/4aee] h1conn access: incoming response:
D/VLC     (18228): HTTP/1.1 416 Requested Range Not Satisfiable
D/VLC     (18228): Server: nginx
D/VLC     (18228): Date: Mon, 11 Jul 2016 09:28:29 GMT
D/VLC     (18228): Content-Type: text/html
D/VLC     (18228): Content-Length: 206
D/VLC     (18228): Connection: keep-alive
D/VLC     (18228): Expires: Thu, 31 Dec 2037 23:55:55 GMT
D/VLC     (18228): Cache-Control: max-age=315360000
D/VLC     (18228): Content-Range: bytes */164853188
D/VLC     (18228): 
D/VLC     (18228): [b8c12828/4aee] mp4 demux: ISO Media (isom) version 512.
D/VLC     (18228): [b8c12828/4aee] mp4 demux: added fragment moov
D/VLC     (18228): [b8c12780/4aee] mp4 stream: dumping root Box "root"
D/VLC     (18228): [b8c12780/4aee] mp4 stream: |   + ftyp size 32 offset 0
D/VLC     (18228): [b8c12780/4aee] mp4 stream: |   + moov size 652012 offset 32
D/VLC     (18228): [b8c12780/4aee] mp4 stream: |   |   + mvhd size 108 offset 40
D/VLC     (18228): [b8c12780/4aee] mp4 stream: |   |   + trak size 251758 offset 148
D/VLC     (18228): [b8c12780/4aee] mp4 stream: |   |   |   + tkhd size 92 offset 156
D/VLC     (18228): [b8c12780/4aee] mp4 stream: |   |   |   + edts size 36 offset 248
D/VLC     (18228): [b8c12780/4aee] mp4 stream: |   |   |   |   + elst size 28 offset 256
D/VLC     (18228): [b8c12780/4aee] mp4 stream: |   |   |   + mdia size 251622 offset 284
D/VLC     (18228): [b8c12780/4aee] mp4 stream: |   |   |   |   + mdhd size 32 offset 292
D/VLC     (18228): [b8c12780/4aee] mp4 stream: |   |   |   |   + hdlr size 45 offset 324
D/VLC     (18228): [b8c12780/4aee] mp4 stream: |   |   |   |   + minf size 251537 offset 369
D/VLC     (18228): [b8c12780/4aee] mp4 stream: |   |   |   |   |   + vmhd size 20 offset 377
D/VLC     (18228): [b8c12780/4aee] mp4 stream: |   |   |   |   |   + dinf size 36 offset 397
D/VLC     (18228): [b8c12780/4aee] mp4 stream: |   |   |   |   |   |   + dref size 28 offset 405
D/VLC     (18228): [b8c12780/4aee] mp4 stream: |   |   |   |   |   |   |   + url  size 12 offset 421
D/VLC     (18228): [b8c12780/4aee] mp4 stream: |   |   |   |   |   + stbl size 251473 offset 433
D/VLC     (18228): [b8c12780/4aee] mp4 stream: |   |   |   |   |   |   + stsd size 169 offset 441
D/VLC     (18228): [b8c12780/4aee] mp4 stream: |   |   |   |   |   |   |   + avc1 size 153 offset 457
D/VLC     (18228): [b8c12780/4aee] mp4 stream: |   |   |   |   |   |   |   |   + avcC size 51 offset 543
D/VLC     (18228): [b8c12780/4aee] mp4 stream: |   |   |   |   |   |   |   |   + pasp size 16 offset 594
D/VLC     (18228): [b8c12780/4aee] mp4 stream: |   |   |   |   |   |   + stts size 24 offset 610
D/VLC     (18228): [b8c12780/4aee] mp4 stream: |   |   |   |   |   |   + stss size 3392 offset 634
D/VLC     (18228): [b8c12780/4aee] mp4 stream: |   |   |   |   |   |   + stsc size 28 offset 4026
D/VLC     (18228): [b8c12780/4aee] mp4 stream: |   |   |   |   |   |   + stsz size 123928 offset 4054
D/VLC     (18228): [b8c12780/4aee] mp4 stream: |   |   |   |   |   |   + stco size 123924 offset 127982
D/VLC     (18228): [b8c12780/4aee] mp4 stream: |   |   + trak size 400040 offset 251906
D/VLC     (18228): [b8c12780/4aee] mp4 stream: |   |   |   + tkhd size 92 offset 251914
D/VLC     (18228): [b8c12780/4aee] mp4 stream: |   |   |   + edts size 36 offset 252006
D/VLC     (18228): [b8c12780/4aee] mp4 stream: |   |   |   |   + elst size 28 offset 252014
D/VLC     (18228): [b8c12780/4aee] mp4 stream: |   |   |   + mdia size 399904 offset 252042
D/VLC     (18228): [b8c12780/4aee] mp4 stream: |   |   |   |   + mdhd size 32 offset 252050
D/VLC     (18228): [b8c12780/4aee] mp4 stream: |   |   |   |   + hdlr size 45 offset 252082
D/VLC     (18228): [b8c12780/4aee] mp4 stream: |   |   |   |   + minf size 399819 offset 252127
D/VLC     (18228): [b8c12780/4aee] mp4 stream: |   |   |   |   |   + smhd size 16 offset 252135
D/VLC     (18228): [b8c12780/4aee] mp4 stream: |   |   |   |   |   + dinf size 36 offset 252151
D/VLC     (18228): [b8c12780/4aee] mp4 stream: |   |   |   |   |   |   + dref size 28 offset 252159
D/VLC     (18228): [b8c12780/4aee] mp4 stream: |   |   |   |   |   |   |   + url  size 12 offset 252175
D/VLC     (18228): [b8c12780/4aee] mp4 stream: |   |   |   |   |   + stbl size 399759 offset 252187
D/VLC     (18228): [b8c12780/4aee] mp4 stream: |   |   |   |   |   |   + stsd size 103 offset 252195
D/VLC     (18228): [b8c12780/4aee] mp4 stream: |   |   |   |   |   |   |   + mp4a size 87 offset 252211
D/VLC     (18228): [b8c12780/4aee] mp4 stream: |   |   |   |   |   |   |   |   + esds size 51 offset 252247
D/VLC     (18228): [b8c12780/4aee] mp4 stream: |   |   |   |   |   |   + stts size 32 offset 252298
D/VLC     (18228): [b8c12780/4aee] mp4 stream: |   |   |   |   |   |   + stsc size 33424 offset 252330
D/VLC     (18228): [b8c12780/4aee] mp4 stream: |   |   |   |   |   |   + stsz size 242268 offset 285754
D/VLC     (18228): [b8c12780/4aee] mp4 stream: |   |   |   |   |   |   + stco size 123924 offset 528022
D/VLC     (18228): [b8c12780/4aee] mp4 stream: |   |   + udta size 98 offset 651946
D/VLC     (18228): [b8c12780/4aee] mp4 stream: |   |   |   + meta size 90 offset 651954
D/VLC     (18228): [b8c12780/4aee] mp4 stream: |   |   |   |   + hdlr size 33 offset 651966
D/VLC     (18228): [b8c12780/4aee] mp4 stream: |   |   |   |   + ilst size 45 offset 651999
D/VLC     (18228): [b8c12780/4aee] mp4 stream: |   |   |   |   |   + ctoo size 37 offset 652007
D/VLC     (18228): [b8c12780/4aee] mp4 stream: |   |   |   |   |   |   + data size 29 offset 652015
D/VLC     (18228): [b8c12780/4aee] mp4 stream: |   + mdat size 164201144 offset 652044
D/VLC     (18228): [b8c12828/4aee] mp4 demux: found 2 tracks
W/VLC     (18228): [b8c12828/4aee] mp4 demux: elst box found
D/VLC     (18228): [b8c12828/4aee] mp4 demux:    - [0] duration=1292000ms media time=0ms) rate=1.0
D/VLC     (18228): [b8c12828/4aee] mp4 demux: track[Id 0x1] read 30977 chunk
W/VLC     (18228): [b8c12828/4aee] mp4 demux: STTS table of 1 entries
D/VLC     (18228): [b8c12828/4aee] mp4 demux: track[Id 0x1] read 30977 samples length:1291s
D/VLC     (18228): [b8552a58/4aee] core input: selecting program id=0
D/VLC     (18228): [b8c12828/4aee] mp4 demux: adding track[Id 0x1] video (enable) language undef
W/VLC     (18228): [b8c12828/4aee] mp4 demux: elst box found
D/VLC     (18228): [b8c12828/4aee] mp4 demux:    - [0] duration=1291944ms media time=33ms) rate=1.0
D/VLC     (18228): [b8c12828/4aee] mp4 demux: track[Id 0x2] read 30977 chunk
W/VLC     (18228): [b8c12828/4aee] mp4 demux: STTS table of 2 entries
D/VLC     (18228): [b8c12828/4aee] mp4 demux: track[Id 0x2] read 60562 samples length:1291s
D/VLC     (18228): [b8c12828/4aee] mp4 demux: adding track[Id 0x2] audio (enable) language undef
D/VLC     (18228): [b8c12828/4aee] fragments demux: fragment offset 32, data 652052<->164853188 @0, durations (null)
D/VLC     (18228): [b8c12828/4aee] core demux: using demux module "mp4"
D/VLC     (18228): [b8ac9cb8/4aee] core decoder: looking for decoder module matching "mediacodec_ndk,iomx,all": 39 candidates
W/VLC     (18228): [b8ac9cb8/4aee] mediacodec decoder: Exception occurred in MediaCodecInfo.getCapabilitiesForType
W/VLC     (18228): [b8ac9cb8/4aee] mediacodec decoder: Exception occurred in MediaCodecInfo.getCapabilitiesForType
W/VLC     (18228): [b8ac9cb8/4aee] mediacodec decoder: Exception occurred in MediaCodecInfo.getCapabilitiesForType
W/VLC     (18228): [b8ac9cb8/4aee] mediacodec decoder: Exception occurred in MediaCodecInfo.getCapabilitiesForType
W/VLC     (18228): [b8ac9cb8/4aee] mediacodec decoder: Exception occurred in MediaCodecInfo.getCapabilitiesForType
W/VLC     (18228): [b8ac9cb8/4aee] mediacodec decoder: Exception occurred in MediaCodecInfo.getCapabilitiesForType
W/VLC     (18228): [b8ac9cb8/4aee] mediacodec decoder: Exception occurred in MediaCodecInfo.getCapabilitiesForType
D/VLC     (18228): [b8ac9cb8/4aee] mediacodec decoder: Number of profile levels: 3
D/VLC     (18228): [b8ac9cb8/4aee] mediacodec decoder: using OMX.qcom.video.decoder.avc
W/VLC     (18228): [b8ac9cb8/4aee] mediacodec decoder: New SPS/PPS found, id: 0 size: 720x400 sps: 31 pps: 9
D/VLC     (18228): [b8accbc8/4aee] core spu text: looking for text renderer module matching "any": 1 candidates
D/VLC     (18228): [b8b599b8/4aee] core access: creating access: file:///system/etc/system_fonts.xml
D/VLC     (18228): [b8b599b8/4aee] core access:  (path: /system/etc/system_fonts.xml)
D/VLC     (18228): [b8b599b8/4aee] core access: looking for access module matching "file": 22 candidates
D/VLC     (18228): [b8b599b8/4aee] core access: using access module "filesystem"
D/VLC     (18228): [b8b59b58/4aee] core stream: looking for stream_filter module matching "prefetch,cache_read": 12 candidates
D/VLC     (18228): [b8b59b58/4aee] cache_read stream: Using stream method for AStream*
D/VLC     (18228): [b8b59b58/4aee] cache_read stream: starting pre-buffering
D/VLC     (18228): [b8b59b58/4aee] cache_read stream: received first data after 0 ms
D/VLC     (18228): [b8b59b58/4aee] cache_read stream: pre-buffering done 1024 bytes in 0s - 9259 KiB/s
D/VLC     (18228): [b8b59b58/4aee] core stream: using stream_filter module "cache_read"
D/VLC     (18228): [b8b59ac0/4aee] core xml reader: looking for xml reader module matching "any": 1 candidates
D/VLC     (18228): [b8b59ac0/4aee] core xml reader: using xml reader module "xml"
D/VLC     (18228): [b8b59b58/4aee] core stream: removing module "cache_read"
D/VLC     (18228): [b8b599b8/4aee] core access: removing module "filesystem"
D/VLC     (18228): [b8b94310/4aee] core access: creating access: file:///system/etc/fallback_fonts.xml
D/VLC     (18228): [b8b94310/4aee] core access:  (path: /system/etc/fallback_fonts.xml)
D/VLC     (18228): [b8b94310/4aee] core access: looking for access module matching "file": 22 candidates
D/VLC     (18228): [b8b94310/4aee] core access: using access module "filesystem"
D/VLC     (18228): [b8b94450/4aee] core stream: looking for stream_filter module matching "prefetch,cache_read": 12 candidates
D/VLC     (18228): [b8b94450/4aee] cache_read stream: Using stream method for AStream*
D/VLC     (18228): [b8b94450/4aee] cache_read stream: starting pre-buffering
D/VLC     (18228): [b8b94450/4aee] cache_read stream: received first data after 0 ms
D/VLC     (18228): [b8b94450/4aee] cache_read stream: pre-buffering done 1024 bytes in 0s - 1402 KiB/s
D/VLC     (18228): [b8b94450/4aee] core stream: using stream_filter module "cache_read"
D/VLC     (18228): [b8b943a0/4aee] core xml reader: looking for xml reader module matching "any": 1 candidates
D/VLC     (18228): [b8b943a0/4aee] core xml reader: using xml reader module "xml"
D/VLC     (18228): [b8b94450/4aee] core stream: removing module "cache_read"
D/VLC     (18228): [b8b94310/4aee] core access: removing module "filesystem"
D/VLC     (18228): [b8b92428/4aee] core access: creating access: file:///vendor/etc/fallback_fonts.xml
D/VLC     (18228): [b8b92428/4aee] core access:  (path: /vendor/etc/fallback_fonts.xml)
D/VLC     (18228): [b8b92428/4aee] core access: looking for access module matching "file": 22 candidates
E/VLC     (18228): [b8b92428/4aee] filesystem access: cannot open file /vendor/etc/fallback_fonts.xml (No such file or directory)
E/VLC     (18228): [b8b92428/4aee] core access: File reading failed
E/VLC     (18228): [b8b92428/4aee] core access: VLC could not open the file "/vendor/etc/fallback_fonts.xml" (No such file or directory).
D/VLC     (18228): [b8b92428/4aee] core access: no access modules matched
E/VLC     (18228): [b8accbc8/4aee] core spu text: no suitable access module for `file:///vendor/etc/fallback_fonts.xml'
D/VLC     (18228): [b8accbc8/4aee] core spu text: using text renderer module "freetype"
D/VLC     (18228): [b8b916b0/4aee] core scale: looking for video filter2 module matching "any": 38 candidates
D/VLC     (18228): [b8b916b0/4aee] swscale scale: 32x32 (32x32) chroma: YUVA -> 16x16 (16x16) chroma: RGBA with scaling using Bicubic (good quality)
D/VLC     (18228): [b8b916b0/4aee] core scale: using video filter2 module "swscale"
D/VLC     (18228): [b89efed8/4aee] core scale: looking for video filter2 module matching "any": 38 candidates
D/VLC     (18228): [b89efed8/4aee] yuvp scale: YUVP to YUVA converter
D/VLC     (18228): [b89efed8/4aee] core scale: using video filter2 module "yuvp"
D/VLC     (18228): [b8aca688/4aee] core video output: Deinterlacing available
D/VLC     (18228): [b8aca688/4aee] core video output: deinterlace 0, mode blend, is_needed 0
D/VLC     (18228): [b8b01c28/4aee] core window: looking for vout window module matching "any": 1 candidates
D/VLC     (18228): [b8b01c28/4aee] core window: no vout window modules matched
D/VLC     (18228): [b8aca688/4af5] core video output: Opening vout display wrapper
D/VLC     (18228): [b88a4a10/4af5] core vout display: looking for vout display module matching "any": 3 candidates
D/VLC     (18228): [b88a4a10/4af5] android_window vout display: using opaque
E/VLC     (18228): [b88a4a10/4af5] android_window vout display: can't get Subtitles Surface
D/VLC     (18228): [b88a4a10/4af5] core vout display: VoutDisplayEvent 'fullscreen' 1
D/VLC     (18228): [b88a4a10/4af5] core vout display: using vout display module "android_window"
D/VLC     (18228): [b88a4a10/4af5] android_window vout display: PoolAlloc: request 26 frames
D/VLC     (18228): [b88a4a10/4af5] android_window vout display: PoolAlloc: got 31 frames
D/VLC     (18228): [b8aca688/4af5] core video output: original format sz 720x400, of (0,0), vsz 720x400, 4cc ANOP, sar 80:81, msk r0x0 g0x0 b0x0
E/VLC     (18228): [b88a4a10/4af5] core vout display: Failed to change zoom
D/VLC     (18228): [b88a4a10/4af5] android_window vout display: change source crop/aspect
D/VLC     (18228): [b8accbc8/4aee] core spu text: removing module "freetype"
D/VLC     (18228): [b8b93b48/4aee] core spu text: looking for text renderer module matching "any": 1 candidates
D/VLC     (18228): [b8acb328/4aee] core access: creating access: file:///system/etc/system_fonts.xml
D/VLC     (18228): [b8acb328/4aee] core access:  (path: /system/etc/system_fonts.xml)
D/VLC     (18228): [b8acb328/4aee] core access: looking for access module matching "file": 22 candidates
D/VLC     (18228): [b8acb328/4aee] core access: using access module "filesystem"
D/VLC     (18228): [b88efd60/4aee] core stream: looking for stream_filter module matching "prefetch,cache_read": 12 candidates
D/VLC     (18228): [b88efd60/4aee] cache_read stream: Using stream method for AStream*
D/VLC     (18228): [b88efd60/4aee] cache_read stream: starting pre-buffering
D/VLC     (18228): [b88efd60/4aee] cache_read stream: received first data after 0 ms
D/VLC     (18228): [b88efd60/4aee] cache_read stream: pre-buffering done 1024 bytes in 0s - 9090 KiB/s
D/VLC     (18228): [b88efd60/4aee] core stream: using stream_filter module "cache_read"
D/VLC     (18228): [b88a09c8/4aee] core xml reader: looking for xml reader module matching "any": 1 candidates
D/VLC     (18228): [b88a09c8/4aee] core xml reader: using xml reader module "xml"
D/VLC     (18228): [b88efd60/4aee] core stream: removing module "cache_read"
D/VLC     (18228): [b8acb328/4aee] core access: removing module "filesystem"
D/VLC     (18228): [b8acb328/4aee] core access: creating access: file:///system/etc/fallback_fonts.xml
D/VLC     (18228): [b8acb328/4aee] core access:  (path: /system/etc/fallback_fonts.xml)
D/VLC     (18228): [b8acb328/4aee] core access: looking for access module matching "file": 22 candidates
D/VLC     (18228): [b8acb328/4aee] core access: using access module "filesystem"
D/VLC     (18228): [b88f2420/4aee] core stream: looking for stream_filter module matching "prefetch,cache_read": 12 candidates
D/VLC     (18228): [b88f2420/4aee] cache_read stream: Using stream method for AStream*
D/VLC     (18228): [b88f2420/4aee] cache_read stream: starting pre-buffering
D/VLC     (18228): [b88f2420/4aee] cache_read stream: received first data after 0 ms
D/VLC     (18228): [b88f2420/4aee] cache_read stream: pre-buffering done 1024 bytes in 0s - 10989 KiB/s
D/VLC     (18228): [b88f2420/4aee] core stream: using stream_filter module "cache_read"
D/VLC     (18228): [b88a09c8/4aee] core xml reader: looking for xml reader module matching "any": 1 candidates
D/VLC     (18228): [b88a09c8/4aee] core xml reader: using xml reader module "xml"
D/VLC     (18228): [b88f2420/4aee] core stream: removing module "cache_read"
D/VLC     (18228): [b8acb328/4aee] core access: removing module "filesystem"
D/VLC     (18228): [b8acb328/4aee] core access: creating access: file:///vendor/etc/fallback_fonts.xml
D/VLC     (18228): [b8acb328/4aee] core access:  (path: /vendor/etc/fallback_fonts.xml)
D/VLC     (18228): [b8acb328/4aee] core access: looking for access module matching "file": 22 candidates
E/VLC     (18228): [b8acb328/4aee] filesystem access: cannot open file /vendor/etc/fallback_fonts.xml (No such file or directory)
E/VLC     (18228): [b8acb328/4aee] core access: File reading failed
E/VLC     (18228): [b8acb328/4aee] core access: VLC could not open the file "/vendor/etc/fallback_fonts.xml" (No such file or directory).
D/VLC     (18228): [b8acb328/4aee] core access: no access modules matched
E/VLC     (18228): [b8b93b48/4aee] core spu text: no suitable access module for `file:///vendor/etc/fallback_fonts.xml'
D/VLC     (18228): [b8b93b48/4aee] core spu text: using text renderer module "freetype"
I/ACodec  (18228):  [] Now uninitialized
I/OMXClient(18228): Using client-side OMX mux.
I/OMX-VDEC-1080P(  279): component_init: OMX.qcom.video.decoder.avc : fd=60
I/OMX-VDEC-1080P(  279): Capabilities: driver_name = msm_vidc_driver, card = msm_vdec_8974, bus_info = , version = 1, capabilities = 4003000
I/OMX-VDEC-1080P(  279): omx_vdec::component_init() success : fd=60
D/OMX     (  279): SendBroadCasting VIDEO_PLAYBACK_START
I/ACodec  (18228): [OMX.qcom.video.decoder.avc] Now Loaded
E/ACodec  (18228): onConfigureComponent mime.c_str() = video/avc
I/OMX     (  279): width (720), height (400), fps (30)
I/ExtendedCodec(18228): Decoder will be in frame by frame mode
I/ACodec  (18228): [OMX.qcom.video.decoder.avc] OMX_QCOM_FramePacking_OnlyOneCompleteFrame is setting
W/ACodec  (18228): do not know color format 0x7fa30c04 = 2141391876
D/InputReader(  983): Input event: value=1
I/InputReader(  983): Touch event's action is 0x0 (deviceType=0) [pCnt=1, s=0.14863 ] when=291907380252000
I/InputDispatcher(  983): Delivering touch to (18228): action: 0x0, toolType: 1
D/ViewRootImpl(18228): ViewPostImeInputStage ACTION_DOWN
I/Debug   (18228):  
I/ACodec  (18228): [OMX.qcom.video.decoder.avc] Now Loaded->Idle
D/VLC     (18228): [b8ac9cb8/4aee] mediacodec decoder: MediaCodec via NDK opened
I/ACodec  (18228): [OMX.qcom.video.decoder.avc] Now Idle->Executing
D/VLC     (18228): [b8ac9cb8/4aee] core decoder: using decoder module "mediacodec"
D/VLC     (18228): [b8afda58/4aee] core decoder: looking for decoder module matching "mediacodec_ndk,iomx,all": 39 candidates
I/ACodec  (18228): [OMX.qcom.video.decoder.avc] Now Executing
D/VLC     (18228): [b8afda58/4aee] avcodec decoder: CPU flags: 0x0000003f
D/ActivityManager(  983): retrieveServiceLocked(): component = com.android.vending/com.google.android.finsky.services.ContentSyncService; callingUser = 0; userId(target) = 0
D/ActivityManager(  983): caller:null, r.packageName :com.android.vending
E/ActivityManager(  983): checkUser: useridlist=null, currentuser=0
E/ActivityManager(  983): checkUser: useridlist=null, currentuser=0
E/ActivityManager(  983): checkUser: useridlist=null, currentuser=0
E/ActivityManager(  983): checkUser: useridlist=null, currentuser=0
E/Zygote  (19197): v2
I/SELinux (19197): Function: selinux_compare_spd_ram, SPD-policy is existed. and_ver=SEPF_SM-G530H_5.0.2-1 ver=48
I/SELinux (19197): Function: selinux_compare_spd_ram , priority [1] , priority version is VE=SEPF_SM-G530H_5.0.2-1_0048
I/libpersona(19197): KNOX_SDCARD checking this for 10019
I/libpersona(19197): KNOX_SDCARD not a persona
E/SELinux (19197): [DEBUG] get_category: variable seinfo: untrusted sensitivity: NULL, cateogry: NULL
I/Debug   (18228):  
I/ActivityManager(  983): Start proc com.android.vending for service com.android.vending/com.google.android.finsky.services.ContentSyncService: pid=19197 uid=10019 gids={50019, 9997, 3003, 1028, 1015} abi=armeabi-v7a
D/CustomFrequencyManagerService(  983): acquireDVFSLockLocked : type : DVFS_MIN_LIMIT  frequency : 1190400  uid : 1000  pid : 983  pkgName : WIFI_TP@3
D/VLC     (18228): [b8afda58/4aee] avcodec decoder: codec (aac) started
D/VLC     (18228): [b8afda58/4aee] core decoder: using decoder module "avcodec"
D/VLC     (18228): [b88f2518/4aee] core demux meta: looking for meta reader module matching "any": 1 candidates
D/VLC     (18228): [b88f2518/4aee] core demux meta: no meta reader modules matched
D/VLC     (18228): [b8552a58/4aee] core input: `http://media3.krasview.ru/video/e1c2d995f7c87d1/66a2f2e1fccd53f.mp4' successfully opened
D/InputReader(  983): Input event: value=0
D/VLC     (18228): [b8c12828/4aee] mp4 demux: elst (0) gives 0ms (movie)-> 0ms (track)
I/InputReader(  983): Touch event's action is 0x1 (deviceType=0) [pCnt=1, s=] when=291907454773000
D/VLC     (18228): [b8c12828/4aee] mp4 demux: track[Id 0x1] using Sync Sample Box (stss)
D/VLC     (18228): [b8c12828/4aee] mp4 demux: stss gives 0 --> 0 (sample number)
D/VLC     (18228): [b8c12828/4aee] mp4 demux: elst (0) gives 0ms (movie)-> 33ms (track)
I/InputDispatcher(  983): Delivering touch to (18228): action: 0x1, toolType: 1
D/VLC     (18228): [b863ec50/4b0d] transport access: resolving media3.krasview.ru ...
D/EnterpriseController(  272): uids 10237
D/EnterpriseController(  272): mIsMarkChainAdded is 18 mIsBlockChainAdded is 252 netId is 0
D/Netd    (  272): getNetworkForDns: using netid 530 for uid 10237
D/VLC     (18228): [b863ec50/4b0d] transport access: connecting to media3.krasview.ru port 80 ...
I/Debug   (18228):  
D/VLC     (18228): [b863ec50/4aee] h1conn access: outgoing request:
D/VLC     (18228): GET /video/e1c2d995f7c87d1/66a2f2e1fccd53f.mp4 HTTP/1.1
D/VLC     (18228): Host: media3.krasview.ru
D/VLC     (18228): Accept: */*
D/VLC     (18228): Accept-Language: en_US
D/VLC     (18228): User-Agent: VLC/3.0.0-git LibVLC/3.0.0-git
D/VLC     (18228): Range: bytes=652564-
D/VLC     (18228): 
D/BatteryService(  983): !@BatteryListener : batteryPropertiesChanged!
D/BatteryService(  983): level:100, scale:100, status:5, health:2, present:true, voltage: 4321, temperature: 330, technology: Li-ion, AC powered:false, USB powered:true, POGO powered:false, Wireless powered:false, icon:17303202, invalid charger:0
D/BatteryService(  983): online:4, current avg:-1, charge type:1, power sharing:false, high voltage charger:false, capacity:190000, current_now:-1
D/BatteryService(  983): Sending ACTION_BATTERY_CHANGED.
D/StatusBar.MSimNetworkController( 1152): refreshViews phoneId =0, mMSimDataConnected =false mMSimDataActivity =0
D/STATUSBAR-WifiQuickSettingButton( 1152): onWifiSignalChanged enabled=true enabledDesc:"f1comp"
D/VLC     (18228): [b863ec50/4aee] h1conn access: incoming response:
D/VLC     (18228): HTTP/1.1 206 Partial Content
D/VLC     (18228): Server: nginx
D/VLC     (18228): Date: Mon, 11 Jul 2016 09:28:30 GMT
D/VLC     (18228): Content-Type: video/mp4
D/VLC     (18228): Content-Length: 164200624
D/VLC     (18228): Last-Modified: Sun, 26 Oct 2014 02:20:04 GMT
D/VLC     (18228): Connection: keep-alive
D/VLC     (18228): ETag: "544c5a54-9d375c4"
D/VLC     (18228): Expires: Thu, 31 Dec 2037 23:55:55 GMT
D/VLC     (18228): Cache-Control: max-age=315360000
D/VLC     (18228): Content-Range: bytes 652564-164853187/164853188
D/VLC     (18228): 
D/VLC     (18228): [b8552a58/4aee] core input: Buffering 0%
D/VLC     (18228): [b8552a58/4aee] core input: control type=0
D/VLC     (18228): [b8ac9cb8/4afc] core decoder: toggling resume
D/VLC     (18228): [b8552a58/4aee] core input: Buffering 2%
D/VLC     (18228): [b8552a58/4aee] core input: Buffering 3%
D/VLC     (18228): [b8552a58/4aee] core input: Buffering 4%
D/VLC     (18228): [b8552a58/4aee] core input: Buffering 5%
D/VLC     (18228): [b8552a58/4aee] core input: Buffering 6%
D/VLC     (18228): [b8552a58/4aee] core input: Buffering 7%
D/VLC     (18228): [b8552a58/4aee] core input: Buffering 8%
D/VLC     (18228): [b8afda58/4b0a] core decoder: toggling resume
D/VLC     (18228): [b8552a58/4aee] core input: Buffering 9%
I/Debug   (18228):  
D/VLC     (18228): [b8552a58/4aee] core input: Buffering 10%
D/StatusBar.MSimNetworkController( 1152): refreshViews connected={ wifi } level=3 mMSimcombinedSignalIconId=0x7f0202f6/com.android.systemui:drawable/stat_sys_wifi_signal_4 mMSimcombinedActivityIconId=0x7f0202c7 mAirplaneMode=false mMSimDataActivity=0 mMSimPhoneSignalIconId=0x7f0202ac/com.android.systemui:drawable/stat_sys_signal_3_auto_rotate mMSimDataDirectionIconId=0x0 mMSimDataSignalIconId=0x7f0202ac mMSimDataTypeIconId=0x0/(null) mNoMSimIconId=0x0/(null) mMSimMobileActivityIconId=0x0/(null) mWifiIconId=0x7f0202f6 mBluetoothTetherIconId=0x7f0202d4 mRoamingIconId=0x 0/(null)
D/VLC     (18228): [b8552a58/4aee] core input: Buffering 11%
D/VLC     (18228): [b8552a58/4aee] core input: Buffering 12%
D/VLC     (18228): [b8552a58/4aee] core input: Buffering 13%
D/MSim-SignalClusterView( 1152): mBtTetherState :falsemNWBoosterRunning :false
D/MSim-SignalClusterView( 1152): mBtTetherState :falsemNWBoosterRunning :false
D/VLC     (18228): [b8552a58/4aee] core input: Buffering 14%
D/NtpTrustedTime(  983): currentTimeMillis() cache hit
D/VLC     (18228): [b8552a58/4aee] core input: Buffering 16%
D/VLC     (18228): [b8552a58/4aee] core input: Buffering 17%
D/VLC     (18228): [b8552a58/4aee] core input: Buffering 19%
D/VLC     (18228): [b8552a58/4aee] core input: Buffering 20%
D/VLC     (18228): [b8552a58/4aee] core input: Buffering 21%
D/VLC     (18228): [b8552a58/4aee] core input: Buffering 22%
D/VLC     (18228): [b8552a58/4aee] core input: Buffering 23%
D/VLC     (18228): [b8552a58/4aee] core input: Buffering 24%
V/NetworkStats(  983): performPollLocked(flags=0x1)
V/BroadcastQueue(  983): [background] Process cur broadcast BroadcastRecord{3051db1a u0 com.google.android.gms.actions.HANDLE_PACKAGE_INSTALLED} DELIVERED for app ProcessRecord{3d8179d4 17789:com.google.android.gms.persistent/u0a8}
D/MSim-SignalClusterView( 1152): mMobileDataState (0)0
D/MSim-SignalClusterView( 1152): mBtTetherState :falsemNWBoosterRunning :false
D/MSim-SignalClusterView( 1152): mBtTetherState :falsemNWBoosterRunning :false
D/MSim-SignalClusterView( 1152): mBtTetherState :falsemNWBoosterRunning :false
D/StatusBar.MSimNetworkController( 1152): refreshSignalCluster, phoneId = 0 mMSimPhoneSignalIconId[0]=com.android.systemui:drawable/stat_sys_signal_3_auto_rotate mMSimDataSignalIconId[0]=com.android.systemui:drawable/stat_sys_signal_3_auto_rotate mMSimDataTypeIconId[0]=(null) mMSimMobileActivityIconId[0]=(null) mNoMSimIconId[0]=(null)
D/NetworkStatsFactory(  983): UpdateStatsForKnox updated
D/NetworkStatsFactory(  983): UpdateStatsForKnox main else ---
D/MSim-SignalClusterView( 1152): mBtTetherState :falsemNWBoosterRunning :false
D/MSim-SignalClusterView( 1152): mBtTetherState :falsemNWBoosterRunning :false
D/MSim-SignalClusterView( 1152): mMobileDataState (0)0
D/MSim-SignalClusterView( 1152): mBtTetherState :falsemNWBoosterRunning :false
D/MSim-SignalClusterView( 1152): mBtTetherState :falsemNWBoosterRunning :false
D/MSim-SignalClusterView( 1152): mBtTetherState :falsemNWBoosterRunning :false
D/StatusBar.MSimNetworkController( 1152): refreshSignalCluster, phoneId = 0 mMSimPhoneSignalIconId[0]=com.android.systemui:drawable/stat_sys_signal_3_auto_rotate mMSimDataSignalIconId[0]=com.android.systemui:drawable/stat_sys_signal_3_auto_rotate mMSimDataTypeIconId[0]=(null) mMSimMobileActivityIconId[0]=(null) mNoMSimIconId[0]=(null)
D/MSim-SignalClusterView( 1152): mBtTetherState :falsemNWBoosterRunning :false
D/MSim-SignalClusterView( 1152): mBtTetherState :falsemNWBoosterRunning :false
D/KeyguardUpdateMonitor( 1152): received broadcast android.intent.action.BATTERY_CHANGED
D/TimaKeyStoreProvider(19197): in addTimaSignatureService
D/MSim-SignalClusterView( 1152): mMobileDataState (0)0
D/MSim-SignalClusterView( 1152): mBtTetherState :falsemNWBoosterRunning :false
D/MSim-SignalClusterView( 1152): mBtTetherState :falsemNWBoosterRunning :false
D/MSim-SignalClusterView( 1152): mBtTetherState :falsemNWBoosterRunning :false
D/StatusBar.MSimNetworkController( 1152): refreshSignalCluster, phoneId = 0 mMSimPhoneSignalIconId[0]=com.android.systemui:drawable/stat_sys_signal_3_auto_rotate mMSimDataSignalIconId[0]=com.android.systemui:drawable/stat_sys_signal_3_auto_rotate mMSimDataTypeIconId[0]=(null) mMSimMobileActivityIconId[0]=(null) mNoMSimIconId[0]=(null)
D/MSim-SignalClusterView( 1152): mBtTetherState :falsemNWBoosterRunning :false
D/MSim-SignalClusterView( 1152): mBtTetherState :falsemNWBoosterRunning :false
D/MSim-SignalClusterView( 1152): mMobileDataState (0)0
D/MSim-SignalClusterView( 1152): mBtTetherState :falsemNWBoosterRunning :false
D/MSim-SignalClusterView( 1152): mBtTetherState :falsemNWBoosterRunning :false
D/MSim-SignalClusterView( 1152): mBtTetherState :falsemNWBoosterRunning :false
D/StatusBar.MSimNetworkController( 1152): refreshSignalCluster, phoneId = 0 mMSimPhoneSignalIconId[0]=com.android.systemui:drawable/stat_sys_signal_3_auto_rotate mMSimDataSignalIconId[0]=com.android.systemui:drawable/stat_sys_signal_3_auto_rotate mMSimDataTypeIconId[0]=(null) mMSimMobileActivityIconId[0]=(null) mNoMSimIconId[0]=(null)
D/BatteryMeterView( 1152): ACTION_BATTERY_CHANGED : level:100 status:5 health:2
D/BatteryMeterView( 1152): ACTION_BATTERY_CHANGED : level:100 status:5 health:2
D/BatteryMeterView( 1152): ACTION_BATTERY_CHANGED : level:100 status:5 health:2
D/KeyguardUpdateMonitor( 1152): handleBatteryUpdate
D/TimaKeyStoreProvider(19197): Cannot add TimaSignature Service, License check Failed
D/ActivityThread(19197): Added TimaKesytore provider
D/VLC     (18228): [b8552a58/4aee] core input: Buffering 25%
D/VLC     (18228): [b8552a58/4aee] core input: Buffering 26%
D/VLC     (18228): [b8552a58/4aee] core input: Buffering 27%
D/VLC     (18228): [b8552a58/4aee] core input: Buffering 29%
D/VLC     (18228): [b8552a58/4aee] core input: Buffering 30%
D/ActivityManager(  983): startProcessLocked calleePkgName: com.estrongs.android.pop, hostingType: broadcast-2
E/ActivityManager(  983): checkUser: useridlist=null, currentuser=0
E/ActivityManager(  983): checkUser: useridlist=null, currentuser=0
E/ActivityManager(  983): checkUser: useridlist=null, currentuser=0
E/ActivityManager(  983): checkUser: useridlist=null, currentuser=0
E/Zygote  (19215): v2
I/SELinux (19215): Function: selinux_compare_spd_ram, SPD-policy is existed. and_ver=SEPF_SM-G530H_5.0.2-1 ver=48
D/VLC     (18228): [b8552a58/4aee] core input: Buffering 31%
D/VLC     (18228): [b8552a58/4aee] core input: Buffering 33%
I/SELinux (19215): Function: selinux_compare_spd_ram , priority [1] , priority version is VE=SEPF_SM-G530H_5.0.2-1_0048
E/SELinux (19215): [DEBUG] get_category: variable seinfo: default sensitivity: NULL, cateogry: NULL
I/libpersona(19215): KNOX_SDCARD checking this for 10123
I/libpersona(19215): KNOX_SDCARD not a persona
I/ActivityManager(  983): Start proc com.estrongs.android.pop for broadcast-2 com.estrongs.android.pop/com.dianxinos.dxservice.stat.AlarmReceiver: pid=19215 uid=10123 gids={50123, 9997, 3003, 3002, 3001, 1028, 1015} abi=armeabi-v7a
D/VLC     (18228): [b8552a58/4aee] core input: Buffering 34%
D/VLC     (18228): [b8552a58/4aee] core input: Buffering 36%
D/VLC     (18228): [b8552a58/4aee] core input: Buffering 37%
D/VLC     (18228): [b8552a58/4aee] core input: Buffering 38%
D/VLC     (18228): [b8552a58/4aee] core input: Buffering 39%
D/VLC     (18228): [b8552a58/4aee] core input: Buffering 40%
D/VLC     (18228): [b8552a58/4aee] core input: Buffering 41%
D/VLC     (18228): [b8552a58/4aee] core input: Buffering 43%
D/VLC     (18228): [b8552a58/4aee] core input: Buffering 44%
D/VLC     (18228): [b8552a58/4aee] core input: Buffering 46%
D/VLC     (18228): [b8552a58/4aee] core input: Buffering 47%
D/VLC     (18228): [b8552a58/4aee] core input: Buffering 48%
D/VLC     (18228): [b8552a58/4aee] core input: Buffering 50%
D/VLC     (18228): [b8552a58/4aee] core input: Buffering 51%
D/VLC     (18228): [b8552a58/4aee] core input: Buffering 52%
D/VLC     (18228): [b8552a58/4aee] core input: Buffering 53%
D/VLC     (18228): [b8552a58/4aee] core input: Buffering 54%
D/VLC     (18228): [b8552a58/4aee] core input: Buffering 55%
D/VLC     (18228): [b8552a58/4aee] core input: Buffering 56%
D/VLC     (18228): [b8552a58/4aee] core input: Buffering 57%
D/VLC     (18228): [b8552a58/4aee] core input: Buffering 58%
D/VLC     (18228): [b8552a58/4aee] core input: Buffering 60%
D/VLC     (18228): [b8552a58/4aee] core input: Buffering 61%
D/VLC     (18228): [b8552a58/4aee] core input: Buffering 63%
D/VLC     (18228): [b8552a58/4aee] core input: Buffering 64%
D/VLC     (18228): [b8552a58/4aee] core input: Buffering 66%
D/VLC     (18228): [b8552a58/4aee] core input: Buffering 67%
D/VLC     (18228): [b8552a58/4aee] core input: Buffering 68%
D/VL