E/ActivityManager(  983): checkUser: useridlist=null, currentuser=0
I/System.out(18919): (HTTPLog)-Static: isSBSettingEnabled false
D/EnterpriseController(  272): uids 10123
D/EnterpriseController(  272): mIsMarkChainAdded is 18 mIsBlockChainAdded is 252 netId is 0
D/Netd    (  272): getNetworkForDns: using netid 530 for uid 10123
E/Zygote  (19005): v2
I/SELinux (19005): Function: selinux_compare_spd_ram, SPD-policy is existed. and_ver=SEPF_SM-G530H_5.0.2-1 ver=48
I/libpersona(19005): KNOX_SDCARD checking this for 1000
I/libpersona(19005): KNOX_SDCARD not a persona
I/SELinux (19005): Function: selinux_compare_spd_ram , priority [1] , priority version is VE=SEPF_SM-G530H_5.0.2-1_0048
E/SELinux (19005): [DEBUG] get_category: variable seinfo: platform sensitivity: NULL, cateogry: NULL
I/ActivityManager(  983): Start proc com.sec.pcw.device for broadcast-2 com.sec.pcw.device/.receiver.SYSTEMReceiver: pid=19005 uid=1000 gids={41000, 9997, 1023, 3002, 3001, 1007, 3003, 1028, 1015, 2001, 1024, 1001} abi=armeabi-v7a
I/ActivityManager(  983): Killing 18871:com.google.android.apps.plus/u0a76 (adj 15): DHA:empty #7
I/art     (  294): Explicit concurrent mark sweep GC freed 8744(372KB) AllocSpace objects, 0(0B) LOS objects, 34% free, 3MB/5MB, paused 565us total 67.468ms
I/art     (  294): Explicit concurrent mark sweep GC freed 5(160B) AllocSpace objects, 0(0B) LOS objects, 34% free, 3MB/5MB, paused 539us total 7.057ms
I/art     (  294): Explicit concurrent mark sweep GC freed 5(160B) AllocSpace objects, 0(0B) LOS objects, 34% free, 3MB/5MB, paused 530us total 8.417ms
D/TimaKeyStoreProvider(19005): in addTimaSignatureService
D/TimaKeyStoreProvider(19005): Cannot add TimaSignature Service, License check Failed
D/ActivityThread(19005): Added TimaKesytore provider
V/BroadcastQueue(  983): [background] Process cur broadcast BroadcastRecord{19c8714a u0 android.intent.action.PACKAGE_REPLACED} DELIVERED for app ProcessRecord{3ea4976d 19005:com.sec.pcw.device/1000}
I/PCWCLIENTTRACE_LOG(19005): DEFAULT_LOGON : true
I/PCWCLIENTTRACE_LOG(19005): DEFAULT_LOGLEVEL : 3
I/PCWCLIENTTRACE_DMDBOpenHelper(19005): new DMDBOpenHelper instance
I/PCWCLIENTTRACE_PushUtil(19005): SPPPushClient is installed : true
I/PCWCLIENTTRACE_PushUtil(19005): sales region : global
I/PCWCLIENTTRACE_PushUtil(19005): getPushTypeList : [SPP, GCM]
I/PCWCLIENTTRACE_SYSTEMReceiver(19005): [onReceive] - android.intent.action.PACKAGE_REPLACED
D/PCWCLIENTTRACE_SYSTEMReceiver(19005): ACTION_PACKAGE_REPLACED_START
D/ActivityManager(  983): startProcessLocked calleePkgName: com.sec.android.app.soundalive, hostingType: broadcast-2
E/Zygote  (19032): v2
I/SELinux (19032): Function: selinux_compare_spd_ram, SPD-policy is existed. and_ver=SEPF_SM-G530H_5.0.2-1 ver=48
E/ActivityManager(  983): checkUser: useridlist=null, currentuser=0
E/ActivityManager(  983): checkUser: useridlist=null, currentuser=0
E/ActivityManager(  983): checkUser: useridlist=null, currentuser=0
E/ActivityManager(  983): checkUser: useridlist=null, currentuser=0
I/libpersona(19032): KNOX_SDCARD checking this for 10128
I/libpersona(19032): KNOX_SDCARD not a persona
I/SELinux (19032): Function: selinux_compare_spd_ram , priority [1] , priority version is VE=SEPF_SM-G530H_5.0.2-1_0048
E/SELinux (19032): [DEBUG] get_category: variable seinfo: release sensitivity: NULL, cateogry: NULL
I/ActivityManager(  983): Start proc com.sec.android.app.soundalive for broadcast-2 com.sec.android.app.soundalive/.compatibility.Compatibility$Receiver: pid=19032 uid=10128 gids={50128, 9997, 3003, 3002} abi=armeabi-v7a
I/ActivityManager(  983): Killing 18588:com.android.defcontainer/u0a2 (adj 15): DHA:empty #7
D/TimaKeyStoreProvider(19032): in addTimaSignatureService
D/TimaKeyStoreProvider(19032): Cannot add TimaSignature Service, License check Failed
D/ActivityThread(19032): Added TimaKesytore provider
V/BroadcastQueue(  983): [background] Process cur broadcast BroadcastRecord{19c8714a u0 android.intent.action.PACKAGE_REPLACED} DELIVERED for app ProcessRecord{9003d69 19032:com.sec.android.app.soundalive/u0a128}
D/InputReader(  983): Input event: value=1
I/InputReader(  983): Touch event's action is 0x0 (deviceType=0) [pCnt=1, s=0.14859 ] when=291901112141000
I/InputDispatcher(  983): Delivering touch to (18228): action: 0x4, toolType: 1
I/InputDispatcher(  983): Delivering touch to (18228): action: 0x0, toolType: 1
D/ViewRootImpl(18228): ViewPostImeInputStage ACTION_DOWN
I/NotificationService(  983): cancelToast pkg=ru.krasview.tv callback=android.app.ITransientNotification$Stub$Proxy@100653ee
I/Debug   (18228):  
D/BluetoothAdapter(18919): 739551116: getState() :  mService = null. Returning STATE_OFF
D/InputReader(  983): Input event: value=0
I/InputReader(  983): Touch event's action is 0x1 (deviceType=0) [pCnt=1, s=] when=291901225003000
I/InputDispatcher(  983): Delivering touch to (18228): action: 0x1, toolType: 1
I/SurfaceFlinger(  253): id=3372 createSurf (1x1),1 flag=4, Uoast
D/Compatibility(19032): onReceive() it will make start service
D/ActivityManager(  983): startService callerProcessName:com.sec.android.app.soundalive, calleePkgName: com.sec.android.app.soundalive
D/ActivityManager(  983): retrieveServiceLocked(): component = com.sec.android.app.soundalive/com.sec.android.app.soundalive.compatibility.Compatibility$Service; callingUser = 0; userId(target) = 0
D/ActivityManager(  983): caller:android.app.ApplicationThreadProxy@25a9174c, r.packageName :com.sec.android.app.soundalive
D/Compatibility(19032): onHandleIntent()
V/BroadcastQueue(  983): [background] Process cur broadcast BroadcastRecord{19c8714a u0 android.intent.action.PACKAGE_REPLACED} DELIVERED for app ProcessRecord{3deb881b 3183:com.samsung.android.sm/1000}
I/Debug   (18228):  
V/BroadcastQueue(  983): [background] Process cur broadcast BroadcastRecord{19c8714a u0 android.intent.action.PACKAGE_REPLACED} DELIVERED for app ProcessRecord{3d8179d4 17789:com.google.android.gms.persistent/u0a8}
D/Compatibility(19032): intentservice saw: Intent { act=android.intent.action.PACKAGE_REPLACED dat=package:ru.krasview.tv flg=0x4000010 cmp=com.sec.android.app.soundalive/.compatibility.Compatibility$Receiver (has extras) } Bundle[{android.intent.extra.UID=10237, android.intent.extra.REPLACING=true, android.intent.extra.user_handle=0}]
D/Compatibility(19032): found: 2
D/ActivityManager(  983): startService callerProcessName:com.google.android.gms, calleePkgName: com.google.android.gms
D/ActivityManager(  983): retrieveServiceLocked(): component = com.google.android.gms/com.google.android.gms.chimera.GmsIntentOperationService; callingUser = 0; userId(target) = 0
D/ActivityManager(  983): caller:android.app.ApplicationThreadProxy@14525caa, r.packageName :com.google.android.gms
D/Compatibility(19032): saved default: com.sec.android.app.soundalive.SAControlPanelActivity
D/Compatibility(19032): skipping ResolveInfo{116b65e3 com.sec.android.app.soundalive/.compatibility.Compatibility$Redirector p=2147483647 m=0x108000}
D/Compatibility(19032): considering ResolveInfo{1457bbe0 com.sec.android.app.soundalive/.SAControlPanelActivity m=0x108000}
D/Compatibility(19032): default: com.sec.android.app.soundalive.SAControlPanelActivity
D/Compatibility(19032): enabling receiver ResolveInfo{13d96e99 com.sec.android.app.soundalive/.SAControlPanelReceiver m=0x108000}
V/BroadcastQueue(  983): [background] Process cur broadcast BroadcastRecord{19c8714a u0 android.intent.action.PACKAGE_REPLACED} DELIVERED for app ProcessRecord{3a2a1add 12068:com.google.android.gms/u0a8}
D/PackageManager(  983): setEnabledSetting : userId = 0 packageName = com.sec.android.app.soundalive cmp = com.sec.android.app.soundalive.SAControlPanelReceiver newState = 1 callingPackage = 10128
D/Compatibility(19032): enabling receiver ResolveInfo{169ce55e com.sec.android.app.soundalive/.compatibility.HelperGooglePlayMusic m=0x108000}
D/PackageManager(  983): setEnabledSetting : userId = 0 packageName = com.sec.android.app.soundalive cmp = com.sec.android.app.soundalive.compatibility.HelperGooglePlayMusic newState = 1 callingPackage = 10128
D/Compatibility(19032): enabling receiver ResolveInfo{33647d3f com.sec.android.app.soundalive/.SAControlPanelReceiver m=0x108000}
D/Compatibility(19032): enabling receiver ResolveInfo{1dacb60c com.sec.android.app.soundalive/.compatibility.HelperGooglePlayMusic m=0x108000}
D/Compatibility(19032): wrote com.sec.android.app.soundalive/com.sec.android.app.soundalive.SAControlPanelActivity as default
D/PackageManager(  983): setEnabledSetting : userId = 0 packageName = com.sec.android.app.soundalive cmp = com.sec.android.app.soundalive.SAControlPanelReceiver newState = 1 callingPackage = 10128
D/PackageManager(  983): setEnabledSetting : userId = 0 packageName = com.sec.android.app.soundalive cmp = com.sec.android.app.soundalive.compatibility.HelperGooglePlayMusic newState = 1 callingPackage = 10128
D/PkgBroadcastIntentOp(12068): Received broadcast action=android.intent.action.PACKAGE_REPLACED and uri=ru.krasview.tv
I/ActivityManager(  983): Killing 18901:com.google.android.googlequicksearchbox:search/u0a36 (adj 15): DHA:empty #7
D/ActivityManager(  983): startService callerProcessName:com.google.android.gms, calleePkgName: com.google.android.gms
D/ActivityManager(  983): retrieveServiceLocked(): component = com.google.android.gms/com.google.android.gms.icing.service.IndexWorkerService; callingUser = 0; userId(target) = 0
D/ActivityManager(  983): caller:android.app.ApplicationThreadProxy@2cf65c38, r.packageName :com.google.android.gms
D/ActivityManager(  983): startService callerProcessName:com.google.android.gms, calleePkgName: com.google.android.gms
D/ActivityManager(  983): retrieveServiceLocked(): component = com.google.android.gms/com.google.android.gms.icing.proxy.AppsMonitorIntentService; callingUser = 0; userId(target) = 0
D/ActivityManager(  983): caller:android.app.ApplicationThreadProxy@3d19976, r.packageName :com.google.android.gms
D/ActivityManager(  983): startService callerProcessName:com.google.android.gms, calleePkgName: com.google.android.gms
D/ActivityManager(  983): retrieveServiceLocked(): component = com.google.android.gms/com.google.android.gms.icing.proxy.UpdateIcingCorporaService; callingUser = 0; userId(target) = 0
D/ActivityManager(  983): caller:android.app.ApplicationThreadProxy@3d103e4, r.packageName :com.google.android.gms
D/AsyncTaskServiceImpl(12068): Submit a task: nwp
D/ActivityManager(  983): retrieveServiceLocked(): component = null; callingUser = 0; userId(target) = 0
D/ActivityManager(  983): caller:android.app.ApplicationThreadProxy@1f35d702, r.packageName :com.google.android.gms
V/BroadcastQueue(  983): [background] Process cur broadcast BroadcastRecord{19c8714a u0 android.intent.action.PACKAGE_REPLACED} DELIVERED for app ProcessRecord{3d8179d4 17789:com.google.android.gms.persistent/u0a8}
D/ActivityManager(  983): startService callerProcessName:com.google.android.gms, calleePkgName: com.google.android.gms
D/ActivityManager(  983): retrieveServiceLocked(): component = com.google.android.gms/com.google.android.gms.icing.service.IndexWorkerService; callingUser = 0; userId(target) = 0
D/ActivityManager(  983): caller:android.app.ApplicationThreadProxy@178c7a50, r.packageName :com.google.android.gms
D/nwp     (12068): Processing package: ru.krasview.tv
D/ActivityManager(  983): retrieveServiceLocked(): component = com.google.android.gms/com.google.android.gms.icing.service.IndexWorkerService; callingUser = 0; userId(target) = 0
E/NetworkScheduler.SR(17789): Invalid parameter app
E/NetworkScheduler.SR(17789): Invalid package name : Perhaps you didn't include a PendingIntent in the extras?
D/ActivityManager(  983): startService callerProcessName:com.google.android.gms, calleePkgName: com.google.android.gms
D/ActivityManager(  983): retrieveServiceLocked(): component = com.google.android.gms/com.google.android.gms.chimera.GmsIntentOperationService; callingUser = 0; userId(target) = 0
D/ActivityManager(  983): caller:android.app.ApplicationThreadProxy@3df4a449, r.packageName :com.google.android.gms
D/ActivityManager(  983): startProcessLocked calleePkgName: com.sec.android.app.samsungapps, hostingType: broadcast-2
E/ActivityManager(  983): checkUser: useridlist=null, currentuser=0
E/ActivityManager(  983): checkUser: useridlist=null, currentuser=0
E/ActivityManager(  983): checkUser: useridlist=null, currentuser=0
E/ActivityManager(  983): checkUser: useridlist=null, currentuser=0
E/Zygote  (19058): v2
I/SELinux (19058): Function: selinux_compare_spd_ram, SPD-policy is existed. and_ver=SEPF_SM-G530H_5.0.2-1 ver=48
I/SELinux (19058): Function: selinux_compare_spd_ram , priority [1] , priority version is VE=SEPF_SM-G530H_5.0.2-1_0048
E/SELinux (19058): [DEBUG] get_category: variable seinfo: samsung sensitivity: NULL, cateogry: NULL
I/libpersona(19058): KNOX_SDCARD checking this for 10006
I/libpersona(19058): KNOX_SDCARD not a persona
I/ActivityManager(  983): Start proc com.sec.android.app.samsungapps for broadcast-2 com.sec.android.app.samsungapps/.MyPackageReplacedReceiver: pid=19058 uid=10006 gids={50006, 9997, 1028, 1015, 3003} abi=armeabi-v7a
D/CustomFrequencyManagerService(  983): releaseDVFSLockLocked : Getting Lock type frm List : DVFS_MIN_LIMIT  frequency : 1190400  uid : 1000  pid : 983  tag : ACTIVITY_RESUME_BOOSTER@4
W/ActivityManager(  983): mDVFSHelper.release()
D/CustomFrequencyManagerService(  983): acquireDVFSLockLocked : type : DVFS_MIN_LIMIT  frequency : 1190400  uid : 1000  pid : 983  pkgName : ACTIVITY_RESUME_BOOSTER@8
D/GassUtils(12068): Found app info for package ru.krasview.tv:140. Hash: 680cf3a396e87bca85e7941cf7a01051945f45df35423e051dd5bd408a692c12
D/nwp     (12068): Found info for package ru.krasview.tv in db.
E/FlurryAgent(18919): GOOGLE PLAY SERVICES EXCEPTION: com.google.android.gms.common.GooglePlayServicesUtil
E/FlurryAgent(18919): There is a problem with the Google Play Services library, which is required for Android Advertising ID support. The Google Play Services library should be integrated in any app shipping in the Play Store that uses analytics or advertising.
D/TimaKeyStoreProvider(19058): in addTimaSignatureService
D/TimaKeyStoreProvider(19058): Cannot add TimaSignature Service, License check Failed
D/ActivityThread(19058): Added TimaKesytore provider
V/BroadcastQueue(  983): [background] Process cur broadcast BroadcastRecord{19c8714a u0 android.intent.action.PACKAGE_REPLACED} DELIVERED for app ProcessRecord{8da3c05 19058:com.sec.android.app.samsungapps/u0a6}
D/ConnectivityService(  983): listenForNetwork for NetworkRequest [ id=831, legacyType=-1, [ Capabilities: INTERNET&NOT_RESTRICTED&TRUSTED&NOT_VPN] ]
D/StatusBar.MSimNetworkController( 1152): getNumberOfActiveSim:1
D/StatusBar.MSimNetworkController( 1152): getPhoneSignalIconList: mMaxLevelOfSignalStrengthIndicator = 4 inetCondition = 0
D/StatusBar.MSimNetworkController( 1152): getDataSignalIconId: mMaxLevelOfSignalStrengthIndicator = 4 inetCondition = 0 iconLevel = 3
D/StatusBar.MSimNetworkController( 1152): updateTelephonySignalStrength: iconLevel=3
D/StatusBar.MSimNetworkController( 1152): onSignalStrengthsChanged received on getPhoneId :0signalStrength=SignalStrength: 11 99 -120 -160 -120 -1 -1 99 2147483647 2147483647 2147483647 -1 2147483647 0x3 gsm|lte level=3
D/StatusBar.MSimNetworkController( 1152): updateTelephonySignalStrength: phoneId =0
D/StatusBar.MSimNetworkController( 1152): updateTelephonySignalStrength iconLevel = 3 mInetCondition = 0
D/StatusBar.MSimNetworkController( 1152): refreshViews phoneId =0, mMSimDataConnected =false mMSimDataActivity =0
D/STATUSBAR-WifiQuickSettingButton( 1152): onWifiSignalChanged enabled=true enabledDesc:"f1comp"
D/StatusBar.MSimNetworkController( 1152): refreshViews connected={ wifi } level=3 mMSimcombinedSignalIconId=0x7f0202f6/com.android.systemui:drawable/stat_sys_wifi_signal_4 mMSimcombinedActivityIconId=0x7f0202c7 mAirplaneMode=false mMSimDataActivity=0 mMSimPhoneSignalIconId=0x7f0202ac/com.android.systemui:drawable/stat_sys_signal_3_auto_rotate mMSimDataDirectionIconId=0x0 mMSimDataSignalIconId=0x7f0202ac mMSimDataTypeIconId=0x0/(null) mNoMSimIconId=0x0/(null) mMSimMobileActivityIconId=0x0/(null) mWifiIconId=0x7f0202f6 mBluetoothTetherIconId=0x7f0202d4 mRoamingIconId=0x 0/(null)
D/MSim-SignalClusterView( 1152): mBtTetherState :falsemNWBoosterRunning :false
D/MSim-SignalClusterView( 1152): mBtTetherState :falsemNWBoosterRunning :false
D/MSim-SignalClusterView( 1152): mMobileDataState (0)0
D/MSim-SignalClusterView( 1152): mBtTetherState :falsemNWBoosterRunning :false
D/MSim-SignalClusterView( 1152): mBtTetherState :falsemNWBoosterRunning :false
D/MSim-SignalClusterView( 1152): mBtTetherState :falsemNWBoosterRunning :false
D/StatusBar.MSimNetworkController( 1152): refreshSignalCluster, phoneId = 0 mMSimPhoneSignalIconId[0]=com.android.systemui:drawable/stat_sys_signal_3_auto_rotate mMSimDataSignalIconId[0]=com.android.systemui:drawable/stat_sys_signal_3_auto_rotate mMSimDataTypeIconId[0]=(null) mMSimMobileActivityIconId[0]=(null) mNoMSimIconId[0]=(null)
D/MSim-SignalClusterView( 1152): mBtTetherState :falsemNWBoosterRunning :false
D/MSim-SignalClusterView( 1152): mBtTetherState :falsemNWBoosterRunning :false
D/MSim-SignalClusterView( 1152): mMobileDataState (0)0
D/MSim-SignalClusterView( 1152): mBtTetherState :falsemNWBoosterRunning :false
D/MSim-SignalClusterView( 1152): mBtTetherState :falsemNWBoosterRunning :false
D/MSim-SignalClusterView( 1152): mBtTetherState :falsemNWBoosterRunning :false
D/StatusBar.MSimNetworkController( 1152): refreshSignalCluster, phoneId = 0 mMSimPhoneSignalIconId[0]=com.android.systemui:drawable/stat_sys_signal_3_auto_rotate mMSimDataSignalIconId[0]=com.android.systemui:drawable/stat_sys_signal_3_auto_rotate mMSimDataTypeIconId[0]=(null) mMSimMobileActivityIconId[0]=(null) mNoMSimIconId[0]=(null)
D/MSim-SignalClusterView( 1152): mBtTetherState :falsemNWBoosterRunning :false
D/MSim-SignalClusterView( 1152): mBtTetherState :falsemNWBoosterRunning :false
D/MSim-SignalClusterView( 1152): mMobileDataState (0)0
D/MSim-SignalClusterView( 1152): mBtTetherState :falsemNWBoosterRunning :false
D/MSim-SignalClusterView( 1152): mBtTetherState :falsemNWBoosterRunning :false
D/MSim-SignalClusterView( 1152): mBtTetherState :falsemNWBoosterRunning :false
D/StatusBar.MSimNetworkController( 1152): refreshSignalCluster, phoneId = 0 mMSimPhoneSignalIconId[0]=com.android.systemui:drawable/stat_sys_signal_3_auto_rotate mMSimDataSignalIconId[0]=com.android.systemui:drawable/stat_sys_signal_3_auto_rotate mMSimDataTypeIconId[0]=(null) mMSimMobileActivityIconId[0]=(null) mNoMSimIconId[0]=(null)
D/MSim-SignalClusterView( 1152): mBtTetherState :falsemNWBoosterRunning :false
D/MSim-SignalClusterView( 1152): mBtTetherState :falsemNWBoosterRunning :false
D/MSim-SignalClusterView( 1152): mMobileDataState (0)0
D/MSim-SignalClusterView( 1152): mBtTetherState :falsemNWBoosterRunning :false
D/MSim-SignalClusterView( 1152): mBtTetherState :falsemNWBoosterRunning :false
D/MSim-SignalClusterView( 1152): mBtTetherState :falsemNWBoosterRunning :false
D/StatusBar.MSimNetworkController( 1152): refreshSignalCluster, phoneId = 0 mMSimPhoneSignalIconId[0]=com.android.systemui:drawable/stat_sys_signal_3_auto_rotate mMSimDataSignalIconId[0]=com.android.systemui:drawable/stat_sys_signal_3_auto_rotate mMSimDataTypeIconId[0]=(null) mMSimMobileActivityIconId[0]=(null) mNoMSimIconId[0]=(null)
D/ConnectivityManager.CallbackHandler(18919): CM callback handler got msg 524290
D/ConnectivityService(  983): handleRegisterNetworkRequest checking NetworkAgentInfo [WIFI () - 530]
D/ConnectivityService(  983): apparently satisfied.  currentScore=60
D/ActivityManager(  983): retrieveServiceLocked(): component = null; callingUser = 0; userId(target) = 0
D/ConnectivityService(  983): handleRegisterNetworkRequest checking NetworkAgentInfo [WIFI_P2P () - 501]
D/ActivityManager(  983): startService callerProcessName:com.google.android.gms, calleePkgName: com.google.android.gms
D/ActivityManager(  983): retrieveServiceLocked(): component = com.google.android.gms/com.google.android.gms.icing.service.IndexWorkerService; callingUser = 0; userId(target) = 0
D/ActivityManager(  983): caller:android.app.ApplicationThreadProxy@3ec79381, r.packageName :com.google.android.gms
D/PackageManager(  983): setEnabledSetting : userId = 0 packageName = com.google.android.gms cmp = com.google.android.gms.icing.proxy.SmsMonitor newState = 1 callingPackage = 10008
D/ActivityManager(  983): startService callerProcessName:com.google.android.gms, calleePkgName: com.google.android.gms
D/ActivityManager(  983): retrieveServiceLocked(): component = com.google.android.gms/com.google.android.gms.icing.proxy.UpdateIcingCorporaService; callingUser = 0; userId(target) = 0
D/ActivityManager(  983): caller:android.app.ApplicationThreadProxy@3c153067, r.packageName :com.google.android.gms
D/ActivityManager(  983): retrieveServiceLocked(): component = com.google.android.gms/com.google.android.gms.icing.service.IndexWorkerService; callingUser = 0; userId(target) = 0
W/FlurryAgent(18919): Flurry session paused for context:com.estrongs.android.pop.app.InstallMonitorActivity@9b54656
D/ActivityManager(  983): startService callerProcessName:com.google.android.gms, calleePkgName: com.google.android.gms
D/ActivityManager(  983): retrieveServiceLocked(): component = com.google.android.gms/com.google.android.gms.icing.service.IndexWorkerService; callingUser = 0; userId(target) = 0
D/ActivityManager(  983): caller:android.app.ApplicationThreadProxy@26d8e6bd, r.packageName :com.google.android.gms
I/SurfaceFlinger(  253): id=3371 Removed Uoast (9/10)
I/SurfaceFlinger(  253): id=3371 Removed Uoast (-2/10)
D/ActivityManager(  983): startService callerProcessName:com.google.android.gms, calleePkgName: com.google.android.gms
D/ActivityManager(  983): retrieveServiceLocked(): component = com.google.android.gms/com.google.android.gms.icing.service.LightweightIndexService$LightweightWorkerService; callingUser = 0; userId(target) = 0
D/ActivityManager(  983): caller:android.app.ApplicationThreadProxy@3b3a6c03, r.packageName :com.google.android.gms
D/SensorService(  983): [SO] -0.706 6.337 7.664
D/ActivityManager(  983): startService callerProcessName:com.google.android.gms, calleePkgName: com.google.android.gms
D/ActivityManager(  983): retrieveServiceLocked(): component = com.google.android.gms/com.google.android.gms.icing.service.LightweightIndexService$LightweightWorkerService; callingUser = 0; userId(target) = 0
D/ActivityManager(  983): caller:android.app.ApplicationThreadProxy@23b231b9, r.packageName :com.google.android.gms
I/System.out(18919): (HTTPLog)-Static: isSBSettingEnabled false
D/EnterpriseController(  272): uids 10123
D/EnterpriseController(  272): mIsMarkChainAdded is 18 mIsBlockChainAdded is 252 netId is 0
D/Netd    (  272): getNetworkForDns: using netid 530 for uid 10123
W/IcingInternalCorpora(12068): getNumBytesRead when not calculated.
D/ActivityManager(  983): startProcessLocked calleePkgName: com.google.android.apps.magazines, hostingType: broadcast-2
E/ActivityManager(  983): checkUser: useridlist=null, currentuser=0
E/ActivityManager(  983): checkUser: useridlist=null, currentuser=0
E/ActivityManager(  983): checkUser: useridlist=null, currentuser=0
E/ActivityManager(  983): checkUser: useridlist=null, currentuser=0
E/Zygote  (19079): v2
I/SELinux (19079): Function: selinux_compare_spd_ram, SPD-policy is existed. and_ver=SEPF_SM-G530H_5.0.2-1 ver=48
I/libpersona(19079): KNOX_SDCARD checking this for 10067
I/libpersona(19079): KNOX_SDCARD not a persona
I/SELinux (19079): Function: selinux_compare_spd_ram , priority [1] , priority version is VE=SEPF_SM-G530H_5.0.2-1_0048
E/SELinux (19079): [DEBUG] get_category: variable seinfo: untrusted sensitivity: NULL, cateogry: NULL
I/ActivityManager(  983): Start proc com.google.android.apps.magazines for broadcast-2 com.google.android.apps.magazines/com.google.apps.dots.android.app.receiver.FirstInstallNotificationReceiver: pid=19079 uid=10067 gids={50067, 9997, 3003, 1028, 1015} abi=armeabi-v7a
I/ActivityManager(  983): Killing 18791:com.google.process.gapps/u0a8 (adj 15): DHA:empty #7
W/DeviceId(18919): galaxy lib host missing meta-data,make sure you know the right way to integrate galaxy
W/DeviceId(18919): galaxy lib host missing meta-data,make sure you know the right way to integrate galaxy
W/DeviceId(18919): galaxy lib host missing meta-data,make sure you know the right way to integrate galaxy
D/TimaKeyStoreProvider(19079): in addTimaSignatureService
D/CustomFrequencyManagerService(  983): releaseDVFSLockLocked : Getting Lock type frm List : DVFS_MIN_LIMIT  frequency : 1190400  uid : 1000  pid : 983  tag : ACTIVITY_RESUME_BOOSTER@8
D/TimaKeyStoreProvider(19079): Cannot add TimaSignature Service, License check Failed
D/ActivityThread(19079): Added TimaKesytore provider
V/BroadcastQueue(  983): [background] Process cur broadcast BroadcastRecord{19c8714a u0 android.intent.action.PACKAGE_REPLACED} DELIVERED for app ProcessRecord{2c1bb9fe 19079:com.google.android.apps.magazines/u0a67}
I/System.out(18919): (HTTPLog)-Static: isSBSettingEnabled false
D/EnterpriseController(  272): uids 10123
D/EnterpriseController(  272): mIsMarkChainAdded is 18 mIsBlockChainAdded is 252 netId is 0
D/Netd    (  272): getNetworkForDns: using netid 530 for uid 10123
D/TimaService(  983): TIMA: TimaService scheduler is intialized. 
D/TimaService(  983): TIMA: checkEvent, operation: 50000 subject: 10000
D/TimaService(  983): TimaServiceHandler.handleMessage what =1
I/Debug   (18228):  
W/art     (19079): Suspending all threads took: 9.305ms
I/MultiDex(19079): VM with version 2.1.0 has multidex support
I/MultiDex(19079): install
I/MultiDex(19079): VM has multidex support, MultiDex support library is disabled.
I/System.out(18919): (HTTPLog)-Static: isSBSettingEnabled false
E/SQLiteLog(18919): (539) recovered 4 pages from /data/data/com.estrongs.android.pop/databases/toolbox_cache.db-journal
V/audio_hw_primary(  279): out_standby: enter: usecase(1: low-latency-playback)
I/Icing   (12068): Indexing ED24D1D6BCABE3E5F7B76C86F0D93ABC5E6ED812 from com.google.android.gms
I/Icing   (12068): Not enough disk space for indexing trimmable
D/AdSettings(18919): Test mode device hash: 57dd9226452b44d20eba58fa0e0069bc
D/AdSettings(18919): When testing your app with Facebook's ad units you must specify the device hashed ID to ensure the delivery of test ads, add the following code before loading an ad: AdSettings.addTestDevice("57dd9226452b44d20eba58fa0e0069bc");
E/Vold    (  252): Failed to find mounted volume for /storage/extSdCard/Android/data/com.google.android.apps.magazines/cache/
W/Vold    (  252): Returning OperationFailed - no handler for errno 0
I/GAv4    (19079): Google Analytics 7.5.71 is starting up. To enable debug logging on a device run:
I/GAv4    (19079):   adb shell setprop log.tag.GAv4 DEBUG
I/GAv4    (19079):   adb logcat -s GAv4
W/ContextImpl(19079): Failed to ensure directory: /storage/extSdCard/Android/data/com.google.android.apps.magazines/cache
W/ContextImpl(19079): Failed to ensure directory: /storage/extSdCard/Android/data/com.google.android.apps.magazines/files
E/Vold    (  252): Failed to find mounted volume for /storage/extSdCard/Android/data/com.google.android.apps.magazines/files/
W/Vold    (  252): Returning OperationFailed - no handler for errno 0
V/audio_hw_primary(  279): stop_output_stream: enter: usecase(1: low-latency-playback)
V/audio_hw_primary(  279): disable_audio_route: enter: usecase(1)
V/audio_hw_primary(  279): disable_audio_route: reset mixer path: low-latency-playback
D/audio_route(  279): ++++ audio_route_update_mixer ==============
D/audio_route(  279): Setting mixer control: PRI_MI2S_RX Audio Mixer MultiMedia5, value: 0
D/audio_route(  279): ------ audio_route_update_mixer ==============
V/audio_hw_primary(  279): disable_audio_route: exit
D/hardware_info(  279): hw_info_append_hw_type : device_name = speaker
V/audio_hw_primary(  279): disable_snd_device: snd_device(2: speaker)
D/audio_route(  279): ++++ audio_route_update_path ==============
D/audio_route(  279): Setting mixer control: RX3 Digital Volume, value: 84
D/audio_route(  279): Setting mixer control: SPK DAC Switch, value: 0
D/audio_route(  279): Setting mixer control: RX3 MIX1 INP2, value: 0
D/audio_route(  279): Setting mixer control: RX3 MIX1 INP1, value: 0
D/audio_route(  279): Setting mixer control: MI2S_RX Channels, value: 0
D/audio_route(  279): ---- audio_route_update_path ==============
V/audio_hw_primary(  279): stop_output_stream: exit: status(0)
V/audio_hw_primary(  279): out_standby: exit
W/ContextImpl(19079): Failed to ensure directory: /storage/extSdCard/Android/data/com.google.android.apps.magazines/cache
W/ContextImpl(19079): Failed to ensure directory: /storage/extSdCard/Android/data/com.google.android.apps.magazines/files
E/Vold    (  252): Failed to find mounted volume for /storage/extSdCard/Android/data/com.google.android.apps.magazines/cache/
W/Vold    (  252): Returning OperationFailed - no handler for errno 0
E/Vold    (  252): Failed to find mounted volume for /storage/extSdCard/Android/data/com.google.android.apps.magazines/files/
W/Vold    (  252): Returning OperationFailed - no handler for errno 0
I/System.out(18919): Thread-72918(ApacheHTTPLog):Reading from variable values from setDefaultValuesToVariables
I/System.out(18919): Thread-72918(ApacheHTTPLog):isSBSettingEnabled false
I/System.out(18919): Thread-72918(ApacheHTTPLog):isShipBuild true
I/System.out(18919): Thread-72918(ApacheHTTPLog):SMARTBONDING_ENABLED is false
I/System.out(18919): Thread-72918(ApacheHTTPLog):SmartBonding Enabling is false, SHIP_BUILD is true, log to file is false, DBG is false
I/System.out(18919): Thread-72919(ApacheHTTPLog):isSBSettingEnabled false
I/System.out(18919): Thread-72919(ApacheHTTPLog):isShipBuild true
I/System.out(18919): Thread-72919(ApacheHTTPLog):SMARTBONDING_ENABLED is false
I/System.out(18919): Thread-72919(ApacheHTTPLog):SmartBonding Enabling is false, SHIP_BUILD is true, log to file is false, DBG is false
I/System.out(18919): Thread-72917(ApacheHTTPLog):isSBSettingEnabled false
I/System.out(18919): Thread-72917(ApacheHTTPLog):isShipBuild true
I/System.out(18919): Thread-72917(ApacheHTTPLog):SMARTBONDING_ENABLED is false
I/System.out(18919): Thread-72917(ApacheHTTPLog):SmartBonding Enabling is false, SHIP_BUILD is true, log to file is false, DBG is false
D/EnterpriseController(  272): uids 10123
D/EnterpriseController(  272): mIsMarkChainAdded is 18 mIsBlockChainAdded is 252 netId is 0
D/Netd    (  272): getNetworkForDns: using netid 530 for uid 10123
D/EnterpriseController(  272): uids 10123
D/EnterpriseController(  272): mIsMarkChainAdded is 18 mIsBlockChainAdded is 252 netId is 0
D/Netd    (  272): getNetworkForDns: using netid 530 for uid 10123
W/FlurryAgent(18919): Analytics report sent.
W/GAv4    (19079): AnalyticsReceiver is not registered or is disabled. Register the receiver for reliable dispatching on non-Google Play devices. See http://goo.gl/8Rd3yj for instructions.
W/GAv4    (19079): CampaignTrackingReceiver is not registered, not exported or is disabled. Installation campaign tracking is not possible. See http://goo.gl/8Rd3yj for instructions.
W/GAv4    (19079): AnalyticsService not registered in the app manifest. Hits might not be delivered reliably. See http://goo.gl/8Rd3yj for instructions.
W/art     (19079): Suspending all threads took: 15.331ms
D/ActivityManager(  983): retrieveServiceLocked(): component = null; callingUser = 0; userId(target) = 0
I/Debug   (18228):  
I/System.out(18919): TooboxThread #1 calls detatch()
D/DisplayManager(19079): DisplayManager()
I/Icing   (12068): Not enough disk space for indexing trimmable
I/Icing   (12068): Indexing done ED24D1D6BCABE3E5F7B76C86F0D93ABC5E6ED812
W/ResourcesManager(18919): Asset path '/system/framework/twframework.jar' does not exist or contains no resources.
D/ActivityManager(  983): retrieveServiceLocked(): component = com.google.android.gms/com.google.android.gms.icing.service.IndexWorkerService; callingUser = 0; userId(target) = 0
I/System.out(18919): TooboxThread #2 calls detatch()
E/SMD     (  275): DCD OFF
I/System.out(18919): TooboxThread #3 calls detatch()
D/ActivityManager(  983): getContentProviderImpl callerProcessName:com.google.android.apps.magazines, calleePkgName: com.google.android.gsf
E/ActivityManager(  983): checkUser: useridlist=null, currentuser=0
E/ActivityManager(  983): checkUser: useridlist=null, currentuser=0
E/ActivityManager(  983): checkUser: useridlist=null, currentuser=0
E/ActivityManager(  983): checkUser: useridlist=null, currentuser=0
E/Zygote  (19114): v2
I/SELinux (19114): Function: selinux_compare_spd_ram, SPD-policy is existed. and_ver=SEPF_SM-G530H_5.0.2-1 ver=48
I/SELinux (19114): Function: selinux_compare_spd_ram , priority [1] , priority version is VE=SEPF_SM-G530H_5.0.2-1_0048
E/SELinux (19114): [DEBUG] get_category: variable seinfo: untrusted sensitivity: NULL, cateogry: NULL
I/System.out(18919): Thread-72925(ApacheHTTPLog):isSBSettingEnabled false
I/System.out(18919): Thread-72925(ApacheHTTPLog):isShipBuild true
I/System.out(18919): Thread-72925(ApacheHTTPLog):SMARTBONDING_ENABLED is false
I/System.out(18919): Thread-72925(ApacheHTTPLog):SmartBonding Enabling is false, SHIP_BUILD is true, log to file is false, DBG is false
D/EnterpriseController(  272): uids 10123
D/EnterpriseController(  272): mIsMarkChainAdded is 18 mIsBlockChainAdded is 252 netId is 0
D/Netd    (  272): getNetworkForDns: using netid 530 for uid 10123
I/libpersona(19114): KNOX_SDCARD checking this for 10008
I/libpersona(19114): KNOX_SDCARD not a persona
I/ActivityManager(  983): Start proc com.google.process.gapps for content provider com.google.android.gsf/.gservices.GservicesProvider: pid=19114 uid=10008 gids={50008, 9997, 3003, 1028, 1015, 3002, 3001, 1005, 1007, 3007, 2001, 3006} abi=armeabi-v7a
D/TimaKeyStoreProvider(19114): in addTimaSignatureService
D/TimaKeyStoreProvider(19114): Cannot add TimaSignature Service, License check Failed
D/ActivityThread(19114): Added TimaKesytore provider
I/TLC_TIMA_PKM_measure_kernel(  983): TIMA: response_id = 3
I/TLC_TIMA_PKM_measure_kernel(  983): TIMA: response ret = 0, result_ondemand = MSG=Kernel Verification Success;
D/TimaService(  983): TIMA MEASUREMENT Result: TIMA_STATUS=0;MSG=Kernel Verification Success;
D/TimaService(  983): TIMA MEASUREMENT success status: TIMA_STATUS=0;MSG=Kernel Verification Success;
I/GservicesProvider(19114): Gservices pushing to system: true; secure/global: true
I/System.out(18919): com.facebook.ads thread-1 2016-07-11 09:30:48 calls detatch()
I/GoogleHttpClient(19114): GMS http client unavailable, use old client
I/ClearcutLoggerApiImpl(17789): disconnect managed GoogleApiClient
D/StatusBarManagerService(  983): manageDisableList userId=0 what=0x0 pkg=WindowManager.LayoutParams
I/GoogleHttpClient(19114): GMS http client unavailable, use old client
I/Debug   (18228):  
D/SensorService(  983): [SO] -0.913 6.248 7.732
I/SurfaceFlinger(  253): id=3372 Removed Uoast (9/9)
I/SurfaceFlinger(  253): id=3372 Removed Uoast (-2/9)
D/ActivityManager(  983): retrieveServiceLocked(): component = null; callingUser = 0; userId(target) = 0
D/InputReader(  983): Input event: value=1
I/InputReader(  983): Touch event's action is 0x0 (deviceType=0) [pCnt=1, s=0.14860 ] when=291905200459000
I/InputDispatcher(  983): Delivering touch to (983): action: 0x0, toolType: 1
I/InputDispatcher(  983): Delivering touch to (-1): action: 0x3, toolType: 1
W/InputEventReceiver(  983): Attempted to finish an input event but the input event receiver has already been disposed.
W/InputEventReceiver(  983): Attempted to finish an input event but the input event receiver has already been disposed.
D/StatusBarManagerService(  983): manageDisableList userId=0 what=0x0 pkg=WindowManager.LayoutParams
I/WebViewFactory(19079): Loading com.google.android.webview version 51.0.2704.81 (code 270408100)
D/InputReader(  983): Input event: value=0
I/InputReader(  983): Touch event's action is 0x1 (deviceType=0) [pCnt=1, s=] when=291905286626000
I/cr_LibraryLoader(19079): Time to load native libraries: 1 ms (timestamps 5286-5287)
I/cr_LibraryLoader(19079): Expected native library version number "51.0.2704.81", actual native library version number "51.0.2704.81"
V/WebViewChromiumFactoryProvider(19079): Binding Chromium to main looper Looper (main, tid 1) {196b2da3}
I/cr_LibraryLoader(19079): Expected native library version number "51.0.2704.81", actual native library version number "51.0.2704.81"
I/chromium(19079): [INFO:library_loader_hooks.cc(143)] Chromium logging enabled: level = 0, default verbosity = 0
I/cr_BrowserStartup(19079): Initializing chromium process, singleProcess=true
E/ApkAssets(19079): Error while loading asset assets/natives_blob_64.bin: java.io.FileNotFoundException: assets/natives_blob_64.bin
E/ApkAssets(19079): Error while loading asset assets/snapshot_blob_64.bin: java.io.FileNotFoundException: assets/snapshot_blob_64.bin
I/Adreno-EGL(19079): <qeglDrvAPI_eglInitialize:379>: EGL 1.4 QUALCOMM build:  (Ib51f183a9b)
I/Adreno-EGL(19079): OpenGL ES Shader Compiler Version: E031.25.03.02
I/Adreno-EGL(19079): Build Date: 04/21/15 Tue
I/Adreno-EGL(19079): Local Branch: skarajga_1.1.2_rb1_18_For_SS_SR#01986467
I/Adreno-EGL(19079): Remote Branch: 
I/Adreno-EGL(19079): Local Patches: 
I/Adreno-EGL(19079): Reconstruct Branch: 
I/Debug   (18228):  
W/cr_media(19079): Requires BLUETOOTH permission
I/NSApplication(19079): Starting up...
D/InputReader(  983): Input event: value=1
I/InputReader(  983): Touch event's action is 0x0 (deviceType=0) [pCnt=1, s=0.14861 ] when=291905659435000
I/InputDispatcher(  983): Delivering touch to (18228): action: 0x0, toolType: 1
D/ViewRootImpl(18228): ViewPostImeInputStage ACTION_DOWN
I/Debug   (18228):  
I/Debug   (18228):  
D/DataRouter(  274): After the usb select
D/DataRouter(  274): read usb data[len:1]
D/DataRouter(  274): read usb data message:A
D/DataRouter(  274): Before the usb select
E/SMD     (  275): ***Received data notification[DR->SMD]***
E/SMD     (  275): Message:A
E/SMD     (  275): Sending data to SMD: Len = [1]
E/SMD     (  275):  buffer = [A]
E/SMD     (  275): Wrote 1 chars to SMD PORT fd=7 ch = 41
D/DataRouter(  274): After the usb select
D/DataRouter(  274): read usb data[len:1]
D/DataRouter(  274): read usb data message:T
D/DataRouter(  274): Before the usb select
E/SMD     (  275): ***Received data notification[DR->SMD]***
E/SMD     (  275): Message:T
E/SMD     (  275): Sending data to SMD: Len = [1]
E/SMD     (  275):  buffer = [T]
E/SMD     (  275): Wrote 1 chars to SMD PORT fd=7 ch = 54
D/DataRouter(  274): After the usb select
D/DataRouter(  274): read usb data[len:1]
D/DataRouter(  274): read usb data message:+
D/DataRouter(  274): Before the usb select
E/SMD     (  275): ***Received data notification[DR->SMD]***
E/SMD     (  275): Message:+
E/SMD     (  275): Sending data to SMD: Len = [1]
E/SMD     (  275):  buffer = [+]
E/SMD     (  275): Wrote 1 chars to SMD PORT fd=7 ch = 2b
D/DataRouter(  274): After the usb select
D/DataRouter(  274): read usb data[len:1]
D/DataRouter(  274): read usb data message:C
D/DataRouter(  274): Before the usb select
E/SMD     (  275): ***Received data notification[DR->SMD]***
E/SMD     (  275): Message:C
E/SMD     (  275): Sending data to SMD: Len = [1]
E/SMD     (  275):  buffer = [C]
E/SMD     (  275): Wrote 1 chars to SMD PORT fd=7 ch = 43
D/DataRouter(  274): After the usb select
D/DataRouter(  274): read usb data[len:1]
D/DataRouter(  274): read usb data message:I
D/DataRouter(  274): Before the usb select
E/SMD     (  275): ***Received data notification[DR->SMD]***
E/SMD     (  275): Message:I
E/SMD     (  275): Sending data to SMD: Len = [1]
E/SMD     (  275):  buffer = [I]
E/SMD     (  275): Wrote 1 chars to SMD PORT fd=7 ch = 49
D/DataRouter(  274): After the usb select
D/DataRouter(  274): read usb data[len:1]
D/DataRouter(  274): read usb data message:N
D/DataRouter(  274): Before the usb select
E/SMD     (  275): ***Received data notification[DR->SMD]***
E/SMD     (  275): Message:N
E/SMD     (  275): Sending data to SMD: Len = [1]
E/SMD     (  275):  buffer = [N]
E/SMD     (  275): Wrote 1 chars to SMD PORT fd=7 ch = 4e
D/DataRouter(  274): After the usb select
D/DataRouter(  274): read usb data[len:1]
D/DataRouter(  274): read usb data message:D
D/DataRouter(  274): Before the usb select
E/SMD     (  275): ***Received data notification[DR->SMD]***
E/SMD     (  275): Message:D
E/SMD     (  275): Sending data to SMD: Len = [1]
E/SMD     (  275):  buffer = [D]
E/SMD     (  275): Wrote 1 chars to SMD PORT fd=7 ch = 44
D/DataRouter(  274): After the usb select
D/DataRouter(  274): read usb data[len:1]
D/DataRouter(  274): read usb data message:?
D/DataRouter(  274): Before the usb select
E/SMD     (  275): ***Received data notification[DR->SMD]***
E/SMD     (  275): Message:?
E/SMD     (  275): Sending data to SMD: Len = [1]
E/SMD     (  275):  buffer = [?]
E/SMD     (  275): Wrote 1 chars to SMD PORT fd=7 ch = 3f
D/DataRouter(  274): After the usb select
D/DataRouter(  274): read usb data[len:1]
D/DataRouter(  274): read usb data message:
D/DataRouter(  274): Before the usb select
E/SMD     (  275): ***Received data notification[DR->SMD]***
E/SMD     (  275): Message:
E/SMD     (  275): Sending data to SMD: Len = [1]
E/SMD     (  275):  buffer = []
E/SMD     (  275): Wrote 1 chars to SMD PORT fd=7 ch = d
E/SMD     (  275): After the Modem Read select 
E/SMD     (  275): Read 32 chars from SMD Modem file fd = 7
E/SMD     (  275):  Message: 
E/SMD     (  275): +CIND: 0,2,1,0,0,0,1,0
E/SMD     (  275): 
E/SMD     (  275): OK
E/SMD     (  275): +CGREG: 1,"984","F67AF0",0
E/SMD     (  275): ),("call",(0-1)),("roam",(0-1)),("smsfull",(0-1)),("GPRS coverage",(0-1)),("callsetup",(0-3))
E/SMD     (  275): 
E/SMD     (  275): OK
E/SMD     (  275): 
E/SMD     (  275): 
E/SMD     (  275): Before the Modem Read select 
D/DataRouter(  274): write [32] bytes of data to USB fd[10]
I/Debug   (18228):  
I/Debug   (18228):  
D/ActivityManager(  983): startProcessLocked calleePkgName: com.google.android.googlequicksearchbox, hostingType: broadcast-2
E/ActivityManager(  983): checkUser: useridlist=null, currentuser=0
E/ActivityManager(  983): checkUser: useridlist=null, currentuser=0
E/ActivityManager(  983): checkUser: useridlist=null, currentuser=0
E/ActivityManager(  983): checkUser: useridlist=null, currentuser=0
E/SQLiteLog(19114): (283) recovered 632 frames from WAL file /data/user/0/com.google.android.gsf/databases/googlesettings.db-wal
I/Debug   (18228):  
E/Zygote  (19166): v2
I/SELinux (19166): Function: selinux_compare_spd_ram, SPD-policy is existed. and_ver=SEPF_SM-G530H_5.0.2-1 ver=48
I/libpersona(19166): KNOX_SDCARD checking this for 10036
I/libpersona(19166): KNOX_SDCARD not a persona
I/SELinux (19166): Function: selinux_compare_spd_ram , priority [1] , priority version is VE=SEPF_SM-G530H_5.0.2-1_0048
E/SELinux (19166): [DEBUG] get_category: variable seinfo: untrusted sensitivity: NULL, cateogry: NULL
D/InputReader(  983): Input event: value=0
I/InputReader(  983): Touch event's action is 0x1 (deviceType=0) [pCnt=1, s=] when=291905758226000
I/ActivityManager(  983): Start proc com.google.android.googlequicksearchbox:search for broadcast-2 com.google.android.googlequicksearchbox/com.google.android.apps.gsa.googlequicksearchbox.GelStubAppWatcher: pid=19166 uid=10036 gids={50036, 9997, 3003, 3001, 1028, 3002, 1015, 1005} abi=armeabi-v7a
I/ActivityManager(  983): Killing 18919:com.estrongs.android.pop/u0a123 (adj 15): DHA:empty #7
I/InputDispatcher(  983): Delivering touch to (18228): action: 0x1, toolType: 1
I/Debug   (18228):  
I/ActivityManager(  983): Killing 18985:com.android.settings/1000 (adj 15): DHA:empty #7
D/ConnectivityManager.CallbackHandler(19079): CM callback handler got msg 524290
D/ConnectivityService(  983): listenForNetwork for NetworkRequest [ id=832, legacyType=-1, [ Capabilities: INTERNET&NOT_RESTRICTED&TRUSTED&NOT_VPN] ]
D/ConnectivityService(  983): handleRegisterNetworkRequest checking NetworkAgentInfo [WIFI () - 530]
D/ConnectivityService(  983): apparently satisfied.  currentScore=60
D/ConnectivityService(  983): handleRegisterNetworkRequest checking NetworkAgentInfo [WIFI_P2P () - 501]
D/TimaKeyStoreProvider(19166): in addTimaSignatureService
D/TimaKeyStoreProvider(19166): Cannot add TimaSignature Service, License check Failed
D/ActivityThread(19166): Added TimaKesytore provider
V/BroadcastQueue(  983): [background] Process cur broadcast BroadcastRecord{19c8714a u0 android.intent.action.PACKAGE_REPLACED} DELIVERED for app ProcessRecord{148c4209 19166:com.google.android.googlequicksearchbox:search/u0a36}
E/libprocessgroup(  983): failed to kill 1 processes for processgroup 18919
I/ActivityManager(  983): Killing 19005:com.sec.pcw.device/1000 (adj 15): DHA:empty #7
V/BroadcastQueue(  983): [background] Process cur broadcast BroadcastRecord{19c8714a u0 android.intent.action.PACKAGE_REPLACED} DELIVERED for app ProcessRecord{cb65425 8040:com.instagram.android/u0a108}
V/BroadcastQueue(  983): [background] Process cur broadcast BroadcastRecord{17cd0c0e u0 com.sec.android.intent.action.HOME_PAUSE} DELIVERED for app ProcessRecord{3e9de45f 11616:com.sec.android.widgetapp.ap.hero.accuweather/u0a40}
D/        (11616): getInstance
D/        (11616): actionWC : com.sec.android.intent.action.HOME_PAUSE rebootFlag = 0
I/        (11616): cp query  pt : 1
V/BroadcastQueue(  983): [background] Process cur broadcast BroadcastRecord{3cce962f u0 DXCoreAlarmReceiver} DELIVERED for app ProcessRecord{119fa801 18919:com.estrongs.android.pop/u0a123}
D/StatusBar.MSimNetworkController( 1152): refreshViews phoneId =0, mMSimDataConnected =false mMSimDataActivity =0
D/STATUSBAR-WifiQuickSettingButton( 1152): onWifiSignalChanged enabled=true enabledDesc:"f1comp"
D/StatusBar.MSimNetworkController( 1152): refreshViews connected={ wifi } level=3 mMSimcombinedSignalIconId=0x7f0202f6/com.android.systemui:drawable/stat_sys_wifi_signal_4 mMSimcombinedActivityIconId=0x7f0202d1 mAirplaneMode=false mMSimDataActivity=0 mMSimPhoneSignalIconId=0x7f0202ac/com.android.systemui:drawable/stat_sys_signal_3_auto_rotate mMSimDataDirectionIconId=0x0 mMSimDataSignalIconId=0x7f0202ac mMSimDataTypeIconId=0x0/(null) mNoMSimIconId=0x0/(null) mMSimMobileActivityIconId=0x0/(null) mWifiIconId=0x7f0202f6 mBluetoothTetherIconId=0x7f0202d4 mRoamingIconId=0x 0/(null)
D/MSim-SignalClusterView( 1152): mBtTetherState :falsemNWBoosterRunning :false
D/MSim-SignalClusterView( 1152): mBtTetherState :falsemNWBoosterRunning :false
D/MSim-SignalClusterView( 1152): mMobileDataState (0)0
D/MSim-SignalClusterView( 1152): mBtTetherState :falsemNWBoosterRunning :false
D/MSim-SignalClusterView( 1152): mBtTetherState :falsemNWBoosterRunning :false
D/MSim-SignalClusterView( 1152): mBtTetherState :falsemNWBoosterRunning :false
D/StatusBar.MSimNetworkController( 1152): refreshSignalCluster, phoneId = 0 mMSimPhoneSignalIconId[0]=com.android.systemui:drawable/stat_sys_signal_3_auto_rotate mMSimDataSignalIconId[0]=com.android.systemui:drawable/stat_sys_signal_3_auto_rotate mMSimDataTypeIconId[0]=(null) mMSimMobileActivityIconId[0]=(null) mNoMSimIconId[0]=(null)
D/MSim-SignalClusterView( 1152): mBtTetherState :falsemNWBoosterRunning :false
D/MSim-SignalClusterView( 1152): mBtTetherState :falsemNWBoosterRunning :false
D/MSim-SignalClusterView( 1152): mMobileDataState (0)0
D/MSim-SignalClusterView( 1152): mBtTetherState :falsemNWBoosterRunning :false
D/MSim-SignalClusterView( 1152): mBtTetherState :falsemNWBoosterRunning :false
D/MSim-SignalClusterView( 1152): mBtTetherState :falsemNWBoosterRunning :false
D/StatusBar.MSimNetworkController( 1152): refreshSignalCluster, phoneId = 0 mMSimPhoneSignalIconId[0]=com.android.systemui:drawable/stat_sys_signal_3_auto_rotate mMSimDataSignalIconId[0]=com.android.systemui:drawable/stat_sys_signal_3_auto_rotate mMSimDataTypeIconId[0]=(null) mMSimMobileActivityIconId[0]=(null) mNoMSimIconId[0]=(null)
D/MSim-SignalClusterView( 1152): mBtTetherState :falsemNWBoosterRunning :false
D/MSim-SignalClusterView( 1152): mBtTetherState :falsemNWBoosterRunning :false
D/MSim-SignalClusterView( 1152): mMobileDataState (0)0
D/MSim-SignalClusterView( 1152): mBtTetherState :falsemNWBoosterRunning :false
D/MSim-SignalClusterView( 1152): mBtTetherState :falsemNWBoosterRunning :false
D/MSim-SignalClusterView( 1152): mBtTetherState :falsemNWBoosterRunning :false
D/StatusBar.MSimNetworkController( 1152): refreshSignalCluster, phoneId = 0 mMSimPhoneSignalIconId[0]=com.android.systemui:drawable/stat_sys_signal_3_auto_rotate mMSimDataSignalIconId[0]=com.android.systemui:drawable/stat_sys_signal_3_auto_rotate mMSimDataTypeIconId[0]=(null) mMSimMobileActivityIconId[0]=(null) mNoMSimIconId[0]=(null)
D/MSim-SignalClusterView( 1152): mBtTetherState :falsemNWBoosterRunning :false
D/MSim-SignalClusterView( 1152): mBtTetherState :falsemNWBoosterRunning :false
D/MSim-SignalClusterView( 1152): mMobileDataState (0)0
D/MSim-SignalClusterView( 1152): mBtTetherState :falsemNWBoosterRunning :false
D/MSim-SignalClusterView( 1152): mBtTetherState :falsemNWBoosterRunning :false
D/MSim-SignalClusterView( 1152): mBtTetherState :falsemNWBoosterRunning :false
D/StatusBar.MSimNetworkController( 1152): refreshSignalCluster, phoneId = 0 mMSimPhoneSignalIconId[0]=com.android.systemui:drawable/stat_sys_signal_3_auto_rotate mMSimDataSignalIconId[0]=com.android.systemui:drawable/stat_sys_signal_3_auto_rotate mMSimDataTypeIconId[0]=(null) mMSimMobileActivityIconId[0]=(null) mNoMSimIconId[0]=(null)
E/SMD     (  275): DCD OFF
D/InputReader(  983): Input event: value=1
I/InputReader(  983): Touch event's action is 0x0 (deviceType=0) [pCnt=1, s=0.14862 ] when=291906637227000
