D/VLC     (18228): [b86334c8/4885] mp4 stream: |   |   |   |   |   + dinf size 36 offset 252151
D/VLC     (18228): [b86334c8/4885] mp4 stream: |   |   |   |   |   |   + dref size 28 offset 252159
D/VLC     (18228): [b86334c8/4885] mp4 stream: |   |   |   |   |   |   |   + url  size 12 offset 252175
D/VLC     (18228): [b86334c8/4885] mp4 stream: |   |   |   |   |   + stbl size 399759 offset 252187
D/VLC     (18228): [b86334c8/4885] mp4 stream: |   |   |   |   |   |   + stsd size 103 offset 252195
D/VLC     (18228): [b86334c8/4885] mp4 stream: |   |   |   |   |   |   |   + mp4a size 87 offset 252211
D/VLC     (18228): [b86334c8/4885] mp4 stream: |   |   |   |   |   |   |   |   + esds size 51 offset 252247
D/VLC     (18228): [b86334c8/4885] mp4 stream: |   |   |   |   |   |   + stts size 32 offset 252298
D/VLC     (18228): [b86334c8/4885] mp4 stream: |   |   |   |   |   |   + stsc size 33424 offset 252330
D/VLC     (18228): [b86334c8/4885] mp4 stream: |   |   |   |   |   |   + stsz size 242268 offset 285754
D/VLC     (18228): [b86334c8/4885] mp4 stream: |   |   |   |   |   |   + stco size 123924 offset 528022
D/VLC     (18228): [b86334c8/4885] mp4 stream: |   |   + udta size 98 offset 651946
D/VLC     (18228): [b86334c8/4885] mp4 stream: |   |   |   + meta size 90 offset 651954
D/VLC     (18228): [b86334c8/4885] mp4 stream: |   |   |   |   + hdlr size 33 offset 651966
D/VLC     (18228): [b86334c8/4885] mp4 stream: |   |   |   |   + ilst size 45 offset 651999
D/VLC     (18228): [b86334c8/4885] mp4 stream: |   |   |   |   |   + ctoo size 37 offset 652007
D/VLC     (18228): [b86334c8/4885] mp4 stream: |   |   |   |   |   |   + data size 29 offset 652015
D/VLC     (18228): [b86334c8/4885] mp4 stream: |   + mdat size 164201144 offset 652044
D/VLC     (18228): [b862cdb8/4885] mp4 demux: found 2 tracks
W/VLC     (18228): [b862cdb8/4885] mp4 demux: elst box found
D/VLC     (18228): [b862cdb8/4885] mp4 demux:    - [0] duration=1292000ms media time=0ms) rate=1.0
D/VLC     (18228): [b862cdb8/4885] mp4 demux: track[Id 0x1] read 30977 chunk
W/VLC     (18228): [b862cdb8/4885] mp4 demux: STTS table of 1 entries
D/VLC     (18228): [b862cdb8/4885] mp4 demux: track[Id 0x1] read 30977 samples length:1291s
D/VLC     (18228): [b8604860/4885] core input: selecting program id=0
D/VLC     (18228): [b862cdb8/4885] mp4 demux: adding track[Id 0x1] video (enable) language undef
W/VLC     (18228): [b862cdb8/4885] mp4 demux: elst box found
D/VLC     (18228): [b862cdb8/4885] mp4 demux:    - [0] duration=1291944ms media time=33ms) rate=1.0
D/VLC     (18228): [b862cdb8/4885] mp4 demux: track[Id 0x2] read 30977 chunk
W/VLC     (18228): [b862cdb8/4885] mp4 demux: STTS table of 2 entries
D/VLC     (18228): [b862cdb8/4885] mp4 demux: track[Id 0x2] read 60562 samples length:1291s
D/VLC     (18228): [b862cdb8/4885] mp4 demux: adding track[Id 0x2] audio (enable) language undef
D/VLC     (18228): [b862cdb8/4885] fragments demux: fragment offset 32, data 652052<->164853188 @0, durations (null)
D/VLC     (18228): [b862cdb8/4885] core demux: using demux module "mp4"
D/VLC     (18228): [b882c750/4885] core decoder: looking for decoder module matching "mediacodec_ndk,iomx,all": 39 candidates
D/CustomFrequencyManagerService(  983): acquireDVFSLockLocked : type : DVFS_MIN_LIMIT  frequency : 1190400  uid : 1000  pid : 983  pkgName : WIFI_TP@3
E/installd(  280): system dir 0 : /system/app/
E/installd(  280): system dir 1 : /system/priv-app/
E/installd(  280): system dir 2 : /vendor/app/
E/installd(  280): system dir 3 : /oem/app/
D/PackageManager(  983): remove MCS_UNBIND message and Posting MCS_UNBIND 10 secs later
I/Debug   (18228):  
I/art     (18228): Thread[22,tid=18565,WaitingForJniOnLoad,Thread*=0xb8608888,peer=0x12c60dc0,"VlcObject"] recursive attempt to load library "/system/lib/libmedia_jni.so"
D/MtpDeviceJNI(18228): register_android_mtp_MtpDevice
I/art     (18228): Thread[22,tid=18565,WaitingForJniOnLoad,Thread*=0xb8608888,peer=0x12c60dc0,"VlcObject"] recursive attempt to load library "/system/lib/libmedia_jni.so"
I/art     (18228): Thread[22,tid=18565,WaitingForJniOnLoad,Thread*=0xb8608888,peer=0x12c60dc0,"VlcObject"] recursive attempt to load library "/system/lib/libmedia_jni.so"
D/CustomFrequencyManagerService(  983): releaseDVFSLockLocked : Getting Lock type frm List : DVFS_MIN_LIMIT  frequency : 1190400  uid : 1000  pid : 983  tag : ACTIVITY_RESUME_BOOSTER@8
W/ResourcesManager(18598): Asset path '/system/framework/sec_platform_library.jar' does not exist or contains no resources.
W/ResourcesManager(18598): Asset path '/system/framework/com.google.android.maps.jar' does not exist or contains no resources.
W/ResourcesManager(18598): Asset path '/system/framework/twframework.jar' does not exist or contains no resources.
W/ResourcesManager(18598): Asset path '/system/framework/com.broadcom.bt.jar' does not exist or contains no resources.
W/AudioCapabilities(18228): Unsupported mime audio/evrc
W/ResourcesManager(18466): Asset path '/system/framework/twframework.jar' does not exist or contains no resources.
W/AudioCapabilities(18228): Unsupported mime audio/qcelp
W/VideoCapabilities(18228): Unrecognized profile 2130706433 for video/avc
W/AudioCapabilities(18228): Unsupported mime audio/mpeg-L1
W/AudioCapabilities(18228): Unsupported mime audio/mpeg-L2
W/AudioCapabilities(18228): Unsupported mime audio/x-ima
W/AudioCapabilities(18228): Unsupported mime audio/qcelp
W/AudioCapabilities(18228): Unsupported mime audio/evrc
W/art     (18424): Suspending all threads took: 27.642ms
W/VideoCapabilities(18228): Unrecognized profile/level 32768/2 for video/mp4v-es
D/ActivityManager(  983): startProcessLocked calleePkgName: com.android.mms, hostingType: broadcast-2
E/ActivityManager(  983): checkUser: useridlist=null, currentuser=0
E/ActivityManager(  983): checkUser: useridlist=null, currentuser=0
E/ActivityManager(  983): checkUser: useridlist=null, currentuser=0
E/ActivityManager(  983): checkUser: useridlist=null, currentuser=0
W/VideoCapabilities(18228): Unsupported mime video/mp4v-esdp
E/Zygote  (18622): v2
I/SELinux (18622): Function: selinux_compare_spd_ram, SPD-policy is existed. and_ver=SEPF_SM-G530H_5.0.2-1 ver=48
I/libpersona(18622): KNOX_SDCARD checking this for 10029
I/libpersona(18622): KNOX_SDCARD not a persona
I/ActivityManager(  983): Start proc com.android.mms for broadcast-2 com.android.mms/.smishing.PackageInstallReceiver: pid=18622 uid=10029 gids={50029, 9997, 3003, 1028, 1015, 1023} abi=armeabi-v7a
I/ActivityManager(  983): Killing 18424:ru.alfabank.mobile.android/u0a58 (adj 15): DHA:empty #7
I/SELinux (18622): Function: selinux_compare_spd_ram , priority [1] , priority version is VE=SEPF_SM-G530H_5.0.2-1_0048
E/SELinux (18622): [DEBUG] get_category: variable seinfo: release sensitivity: NULL, cateogry: NULL
I/VideoCapabilities(18228): Unsupported profile 4 for video/mp4v-es
W/VLC     (18228): [b882c750/4885] mediacodec decoder: Exception occurred in MediaCodecInfo.getCapabilitiesForType
W/VLC     (18228): [b882c750/4885] mediacodec decoder: Exception occurred in MediaCodecInfo.getCapabilitiesForType
W/VLC     (18228): [b882c750/4885] mediacodec decoder: Exception occurred in MediaCodecInfo.getCapabilitiesForType
W/VLC     (18228): [b882c750/4885] mediacodec decoder: Exception occurred in MediaCodecInfo.getCapabilitiesForType
W/VLC     (18228): [b882c750/4885] mediacodec decoder: Exception occurred in MediaCodecInfo.getCapabilitiesForType
W/VLC     (18228): [b882c750/4885] mediacodec decoder: Exception occurred in MediaCodecInfo.getCapabilitiesForType
W/VLC     (18228): [b882c750/4885] mediacodec decoder: Exception occurred in MediaCodecInfo.getCapabilitiesForType
D/VLC     (18228): [b882c750/4885] mediacodec decoder: Number of profile levels: 3
D/VLC     (18228): [b882c750/4885] mediacodec decoder: using OMX.qcom.video.decoder.avc
W/VLC     (18228): [b882c750/4885] mediacodec decoder: New SPS/PPS found, id: 0 size: 720x400 sps: 31 pps: 9
D/VLC     (18228): [b882c750/4885] android_native_window decoder: InitJNIFields success
D/VLC     (18228): [b8651470/4885] core spu text: looking for text renderer module matching "any": 1 candidates
D/VLC     (18228): [b8651ee8/4885] core access: creating access: file:///system/etc/system_fonts.xml
D/VLC     (18228): [b8651ee8/4885] core access:  (path: /system/etc/system_fonts.xml)
D/VLC     (18228): [b8651ee8/4885] core access: looking for access module matching "file": 22 candidates
D/VLC     (18228): [b8651ee8/4885] core access: using access module "filesystem"
D/VLC     (18228): [b8652028/4885] core stream: looking for stream_filter module matching "prefetch,cache_read": 12 candidates
D/VLC     (18228): [b8652028/4885] cache_read stream: Using stream method for AStream*
D/VLC     (18228): [b8652028/4885] cache_read stream: starting pre-buffering
D/VLC     (18228): [b8652028/4885] cache_read stream: received first data after 3 ms
D/VLC     (18228): [b8652028/4885] cache_read stream: pre-buffering done 1024 bytes in 0s - 316 KiB/s
D/VLC     (18228): [b8652028/4885] core stream: using stream_filter module "cache_read"
D/VLC     (18228): [b8557098/4885] core xml reader: looking for xml reader module matching "any": 1 candidates
D/VLC     (18228): [b8557098/4885] core xml reader: using xml reader module "xml"
D/VLC     (18228): [b8652028/4885] core stream: removing module "cache_read"
D/VLC     (18228): [b8651ee8/4885] core access: removing module "filesystem"
D/VLC     (18228): [b8653c50/4885] core access: creating access: file:///system/etc/fallback_fonts.xml
D/VLC     (18228): [b8653c50/4885] core access:  (path: /system/etc/fallback_fonts.xml)
D/VLC     (18228): [b8653c50/4885] core access: looking for access module matching "file": 22 candidates
D/VLC     (18228): [b8653c50/4885] core access: using access module "filesystem"
D/VLC     (18228): [b864ec90/4885] core stream: looking for stream_filter module matching "prefetch,cache_read": 12 candidates
D/VLC     (18228): [b864ec90/4885] cache_read stream: Using stream method for AStream*
D/VLC     (18228): [b864ec90/4885] cache_read stream: starting pre-buffering
D/VLC     (18228): [b864ec90/4885] cache_read stream: received first data after 3 ms
D/VLC     (18228): [b864ec90/4885] cache_read stream: pre-buffering done 1024 bytes in 0s - 310 KiB/s
D/VLC     (18228): [b864ec90/4885] core stream: using stream_filter module "cache_read"
D/VLC     (18228): [b8664e20/4885] core xml reader: looking for xml reader module matching "any": 1 candidates
D/VLC     (18228): [b8664e20/4885] core xml reader: using xml reader module "xml"
D/VLC     (18228): [b864ec90/4885] core stream: removing module "cache_read"
D/VLC     (18228): [b8653c50/4885] core access: removing module "filesystem"
D/VLC     (18228): [b8653c50/4885] core access: creating access: file:///vendor/etc/fallback_fonts.xml
D/VLC     (18228): [b8653c50/4885] core access:  (path: /vendor/etc/fallback_fonts.xml)
D/VLC     (18228): [b8653c50/4885] core access: looking for access module matching "file": 22 candidates
E/VLC     (18228): [b8653c50/4885] filesystem access: cannot open file /vendor/etc/fallback_fonts.xml (No such file or directory)
E/VLC     (18228): [b8653c50/4885] core access: File reading failed
E/VLC     (18228): [b8653c50/4885] core access: VLC could not open the file "/vendor/etc/fallback_fonts.xml" (No such file or directory).
D/VLC     (18228): [b8653c50/4885] core access: no access modules matched
E/VLC     (18228): [b8651470/4885] core spu text: no suitable access module for `file:///vendor/etc/fallback_fonts.xml'
D/VLC     (18228): [b8651470/4885] core spu text: using text renderer module "freetype"
D/VLC     (18228): [b86420a0/4885] core scale: looking for video filter2 module matching "any": 38 candidates
D/VLC     (18228): [b86420a0/4885] swscale scale: 32x32 (32x32) chroma: YUVA -> 16x16 (16x16) chroma: RGBA with scaling using Bicubic (good quality)
D/VLC     (18228): [b86420a0/4885] core scale: using video filter2 module "swscale"
D/VLC     (18228): [b8664708/4885] core scale: looking for video filter2 module matching "any": 38 candidates
D/VLC     (18228): [b8664708/4885] yuvp scale: YUVP to YUVA converter
D/VLC     (18228): [b8664708/4885] core scale: using video filter2 module "yuvp"
D/VLC     (18228): [b8640160/4885] core video output: Deinterlacing available
D/VLC     (18228): [b8640160/4885] core video output: deinterlace 0, mode blend, is_needed 0
D/VLC     (18228): [b884fe38/4885] core window: looking for vout window module matching "any": 1 candidates
D/VLC     (18228): [b884fe38/4885] core window: no vout window modules matched
D/VLC     (18228): [b8640160/48cd] core video output: Opening vout display wrapper
D/VLC     (18228): [b88508a0/48cd] core vout display: looking for vout display module matching "any": 3 candidates
D/VLC     (18228): [b88508a0/48cd] android_window vout display: using opaque
E/VLC     (18228): [b88508a0/48cd] android_window vout display: can't get Subtitles Surface
D/VLC     (18228): [b88508a0/48cd] core vout display: VoutDisplayEvent 'fullscreen' 1
D/VLC     (18228): [b88508a0/48cd] core vout display: using vout display module "android_window"
D/VLC     (18228): [b88508a0/48cd] android_window vout display: PoolAlloc: request 26 frames
D/VLC     (18228): [b88508a0/48cd] android_window vout display: PoolAlloc: got 31 frames
D/VLC     (18228): [b8640160/48cd] core video output: original format sz 720x400, of (0,0), vsz 720x400, 4cc ANOP, sar 80:81, msk r0x0 g0x0 b0x0
E/VLC     (18228): [b88508a0/48cd] core vout display: Failed to change zoom
D/VLC     (18228): [b88508a0/48cd] android_window vout display: change source crop/aspect
D/VLC     (18228): [b8651470/4885] core spu text: removing module "freetype"
D/VLC     (18228): [b864f510/4885] core spu text: looking for text renderer module matching "any": 1 candidates
D/VLC     (18228): [b8851da0/4885] core access: creating access: file:///system/etc/system_fonts.xml
D/VLC     (18228): [b8851da0/4885] core access:  (path: /system/etc/system_fonts.xml)
D/VLC     (18228): [b8851da0/4885] core access: looking for access module matching "file": 22 candidates
D/VLC     (18228): [b8851da0/4885] core access: using access module "filesystem"
D/VLC     (18228): [b8851e68/4885] core stream: looking for stream_filter module matching "prefetch,cache_read": 12 candidates
D/VLC     (18228): [b8851e68/4885] cache_read stream: Using stream method for AStream*
D/VLC     (18228): [b8851e68/4885] cache_read stream: starting pre-buffering
D/VLC     (18228): [b8851e68/4885] cache_read stream: received first data after 0 ms
D/VLC     (18228): [b8851e68/4885] cache_read stream: pre-buffering done 1024 bytes in 0s - 8928 KiB/s
D/VLC     (18228): [b8851e68/4885] core stream: using stream_filter module "cache_read"
D/VLC     (18228): [b860c180/4885] core xml reader: looking for xml reader module matching "any": 1 candidates
D/VLC     (18228): [b860c180/4885] core xml reader: using xml reader module "xml"
D/VLC     (18228): [b8851e68/4885] core stream: removing module "cache_read"
D/VLC     (18228): [b8851da0/4885] core access: removing module "filesystem"
D/VLC     (18228): [b864e9e8/4885] core access: creating access: file:///system/etc/fallback_fonts.xml
D/VLC     (18228): [b864e9e8/4885] core access:  (path: /system/etc/fallback_fonts.xml)
D/VLC     (18228): [b864e9e8/4885] core access: looking for access module matching "file": 22 candidates
D/VLC     (18228): [b864e9e8/4885] core access: using access module "filesystem"
D/VLC     (18228): [b8651f60/4885] core stream: looking for stream_filter module matching "prefetch,cache_read": 12 candidates
D/VLC     (18228): [b8651f60/4885] cache_read stream: Using stream method for AStream*
D/VLC     (18228): [b8651f60/4885] cache_read stream: starting pre-buffering
D/VLC     (18228): [b8651f60/4885] cache_read stream: received first data after 0 ms
D/VLC     (18228): [b8651f60/4885] cache_read stream: pre-buffering done 1024 bytes in 0s - 11235 KiB/s
D/VLC     (18228): [b8651f60/4885] core stream: using stream_filter module "cache_read"
D/VLC     (18228): [b8653aa0/4885] core xml reader: looking for xml reader module matching "any": 1 candidates
D/VLC     (18228): [b8653aa0/4885] core xml reader: using xml reader module "xml"
D/VLC     (18228): [b8651f60/4885] core stream: removing module "cache_read"
D/VLC     (18228): [b864e9e8/4885] core access: removing module "filesystem"
D/VLC     (18228): [b864e9e8/4885] core access: creating access: file:///vendor/etc/fallback_fonts.xml
D/VLC     (18228): [b864e9e8/4885] core access:  (path: /vendor/etc/fallback_fonts.xml)
D/VLC     (18228): [b864e9e8/4885] core access: looking for access module matching "file": 22 candidates
E/VLC     (18228): [b864e9e8/4885] filesystem access: cannot open file /vendor/etc/fallback_fonts.xml (No such file or directory)
E/VLC     (18228): [b864e9e8/4885] core access: File reading failed
E/VLC     (18228): [b864e9e8/4885] core access: VLC could not open the file "/vendor/etc/fallback_fonts.xml" (No such file or directory).
D/VLC     (18228): [b864e9e8/4885] core access: no access modules matched
E/VLC     (18228): [b864f510/4885] core spu text: no suitable access module for `file:///vendor/etc/fallback_fonts.xml'
D/VLC     (18228): [b864f510/4885] core spu text: using text renderer module "freetype"
I/ACodec  (18228):  [] Now uninitialized
I/OMXClient(18228): Using client-side OMX mux.
D/TimaKeyStoreProvider(18622): in addTimaSignatureService
D/TimaKeyStoreProvider(18622): Cannot add TimaSignature Service, License check Failed
D/ActivityThread(18622): Added TimaKesytore provider
V/BroadcastQueue(  983): [background] Process cur broadcast BroadcastRecord{7adf19b u0 android.intent.action.PACKAGE_ADDED} DELIVERED for app ProcessRecord{1f458429 18622:com.android.mms/u0a29}
D/BatteryService(  983): !@BatteryListener : batteryPropertiesChanged!
D/BatteryService(  983): level:100, scale:100, status:5, health:2, present:true, voltage: 4320, temperature: 328, technology: Li-ion, AC powered:false, USB powered:true, POGO powered:false, Wireless powered:false, icon:17303202, invalid charger:0
D/BatteryService(  983): online:4, current avg:-1, charge type:1, power sharing:false, high voltage charger:false, capacity:190000, current_now:-1
D/BatteryService(  983): Sending ACTION_BATTERY_CHANGED.
D/KeyguardUpdateMonitor( 1152): received broadcast android.intent.action.BATTERY_CHANGED
D/KeyguardUpdateMonitor( 1152): handleBatteryUpdate
W/ResourcesManager(18622): Asset path '/system/framework/com.google.android.maps.jar' does not exist or contains no resources.
W/ResourcesManager(18622): Asset path '/system/framework/twframework.jar' does not exist or contains no resources.
W/ResourcesManager(18622): Asset path '/system/framework/imsmanager.jar' does not exist or contains no resources.
D/BatteryMeterView( 1152): ACTION_BATTERY_CHANGED : level:100 status:5 health:2
D/BatteryMeterView( 1152): ACTION_BATTERY_CHANGED : level:100 status:5 health:2
D/BatteryMeterView( 1152): ACTION_BATTERY_CHANGED : level:100 status:5 health:2
D/STATUSBAR-WifiQuickSettingButton( 1152): onWifiSignalChanged enabled=true enabledDesc:"f1comp"
D/StatusBar.MSimNetworkController( 1152): refreshViews phoneId =0, mMSimDataConnected =false mMSimDataActivity =0
D/StatusBar.MSimNetworkController( 1152): refreshViews connected={ wifi } level=4 mMSimcombinedSignalIconId=0x7f0202f6/com.android.systemui:drawable/stat_sys_wifi_signal_4 mMSimcombinedActivityIconId=0x7f0202d1 mAirplaneMode=false mMSimDataActivity=0 mMSimPhoneSignalIconId=0x7f0202b5/com.android.systemui:drawable/stat_sys_signal_4_auto_rotate mMSimDataDirectionIconId=0x0 mMSimDataSignalIconId=0x7f0202b5 mMSimDataTypeIconId=0x0/(null) mNoMSimIconId=0x0/(null) mMSimMobileActivityIconId=0x0/(null) mWifiIconId=0x7f0202f6 mBluetoothTetherIconId=0x7f0202d4 mRoamingIconId=0x 0/(null)
D/MSim-SignalClusterView( 1152): mBtTetherState :falsemNWBoosterRunning :false
D/MSim-SignalClusterView( 1152): mBtTetherState :falsemNWBoosterRunning :false
D/MSim-SignalClusterView( 1152): mMobileDataState (0)0
D/MSim-SignalClusterView( 1152): mBtTetherState :falsemNWBoosterRunning :false
D/MSim-SignalClusterView( 1152): mBtTetherState :falsemNWBoosterRunning :false
D/MSim-SignalClusterView( 1152): mBtTetherState :falsemNWBoosterRunning :false
D/StatusBar.MSimNetworkController( 1152): refreshSignalCluster, phoneId = 0 mMSimPhoneSignalIconId[0]=com.android.systemui:drawable/stat_sys_signal_4_auto_rotate mMSimDataSignalIconId[0]=com.android.systemui:drawable/stat_sys_signal_4_auto_rotate mMSimDataTypeIconId[0]=(null) mMSimMobileActivityIconId[0]=(null) mNoMSimIconId[0]=(null)
D/MSim-SignalClusterView( 1152): mBtTetherState :falsemNWBoosterRunning :false
D/MSim-SignalClusterView( 1152): mBtTetherState :falsemNWBoosterRunning :false
D/MSim-SignalClusterView( 1152): mMobileDataState (0)0
D/MSim-SignalClusterView( 1152): mBtTetherState :falsemNWBoosterRunning :false
D/MSim-SignalClusterView( 1152): mBtTetherState :falsemNWBoosterRunning :false
D/MSim-SignalClusterView( 1152): mBtTetherState :falsemNWBoosterRunning :false
D/StatusBar.MSimNetworkController( 1152): refreshSignalCluster, phoneId = 0 mMSimPhoneSignalIconId[0]=com.android.systemui:drawable/stat_sys_signal_4_auto_rotate mMSimDataSignalIconId[0]=com.android.systemui:drawable/stat_sys_signal_4_auto_rotate mMSimDataTypeIconId[0]=(null) mMSimMobileActivityIconId[0]=(null) mNoMSimIconId[0]=(null)
D/MSim-SignalClusterView( 1152): mBtTetherState :falsemNWBoosterRunning :false
D/MSim-SignalClusterView( 1152): mBtTetherState :falsemNWBoosterRunning :false
D/MSim-SignalClusterView( 1152): mMobileDataState (0)0
D/MSim-SignalClusterView( 1152): mBtTetherState :falsemNWBoosterRunning :false
D/MSim-SignalClusterView( 1152): mBtTetherState :falsemNWBoosterRunning :false
D/MSim-SignalClusterView( 1152): mBtTetherState :falsemNWBoosterRunning :false
D/StatusBar.MSimNetworkController( 1152): refreshSignalCluster, phoneId = 0 mMSimPhoneSignalIconId[0]=com.android.systemui:drawable/stat_sys_signal_4_auto_rotate mMSimDataSignalIconId[0]=com.android.systemui:drawable/stat_sys_signal_4_auto_rotate mMSimDataTypeIconId[0]=(null) mMSimMobileActivityIconId[0]=(null) mNoMSimIconId[0]=(null)
D/MSim-SignalClusterView( 1152): mBtTetherState :falsemNWBoosterRunning :false
D/MSim-SignalClusterView( 1152): mBtTetherState :falsemNWBoosterRunning :false
D/MSim-SignalClusterView( 1152): mMobileDataState (0)0
D/MSim-SignalClusterView( 1152): mBtTetherState :falsemNWBoosterRunning :false
D/MSim-SignalClusterView( 1152): mBtTetherState :falsemNWBoosterRunning :false
D/MSim-SignalClusterView( 1152): mBtTetherState :falsemNWBoosterRunning :false
D/StatusBar.MSimNetworkController( 1152): refreshSignalCluster, phoneId = 0 mMSimPhoneSignalIconId[0]=com.android.systemui:drawable/stat_sys_signal_4_auto_rotate mMSimDataSignalIconId[0]=com.android.systemui:drawable/stat_sys_signal_4_auto_rotate mMSimDataTypeIconId[0]=(null) mMSimMobileActivityIconId[0]=(null) mNoMSimIconId[0]=(null)
I/Debug   (18228):  
I/OMX-VDEC-1080P(  279): component_init: OMX.qcom.video.decoder.avc : fd=60
I/OMX-VDEC-1080P(  279): Capabilities: driver_name = msm_vidc_driver, card = msm_vdec_8974, bus_info = , version = 1, capabilities = 4003000
I/OMX-VDEC-1080P(  279): omx_vdec::component_init() success : fd=60
D/OMX     (  279): SendBroadCasting VIDEO_PLAYBACK_START
I/ACodec  (18228): [OMX.qcom.video.decoder.avc] Now Loaded
D/Mms/MmsApp(18622): [start]    onCreate() consume time = 0.0
D/Mms/ArtClassLoader(18622): init before art
D/Mms/TelephonyPermission(18622): start operation mode monitor
E/ACodec  (18228): onConfigureComponent mime.c_str() = video/avc
I/ACodec  (18228): [OMX.qcom.video.decoder.avc] DRC Mode: Dynamic Buffer Mode
I/OMX     (  279): width (720), height (400), fps (30)
I/ExtendedCodec(18228): Decoder will be in frame by frame mode
I/ACodec  (18228): [OMX.qcom.video.decoder.avc] OMX_QCOM_FramePacking_OnlyOneCompleteFrame is setting
W/ACodec  (18228): do not know color format 0x7fa30c04 = 2141391876
I/ACodec  (18228): [OMX.qcom.video.decoder.avc] Now Loaded->Idle
I/ACodec  (18228): [OMX.qcom.video.decoder.avc] configureOutputBuffersFromNativeWindow setBufferCount : 22, minUndequeuedBuffers : 4
I/ACodec  (18228): [OMX.qcom.video.decoder.avc] allocated meta buffer with ID 0xb9858e18 (pointer = 0xa48ee000)
I/ACodec  (18228): [OMX.qcom.video.decoder.avc] allocated meta buffer with ID 0xb9858e68 (pointer = 0xa48ee020)
I/ACodec  (18228): [OMX.qcom.video.decoder.avc] allocated meta buffer with ID 0xb9858eb8 (pointer = 0xa48ee040)
I/ACodec  (18228): [OMX.qcom.video.decoder.avc] allocated meta buffer with ID 0xb9858f08 (pointer = 0xa48ee060)
I/ACodec  (18228): [OMX.qcom.video.decoder.avc] allocated meta buffer with ID 0xb9858f58 (pointer = 0xa48ee080)
I/ACodec  (18228): [OMX.qcom.video.decoder.avc] allocated meta buffer with ID 0xb9858fa8 (pointer = 0xa48ee0a0)
I/ACodec  (18228): [OMX.qcom.video.decoder.avc] allocated meta buffer with ID 0xb9858ff8 (pointer = 0xa48ee0c0)
I/ACodec  (18228): [OMX.qcom.video.decoder.avc] allocated meta buffer with ID 0xb9859048 (pointer = 0xa48ee0e0)
I/ACodec  (18228): [OMX.qcom.video.decoder.avc] allocated meta buffer with ID 0xb9859098 (pointer = 0xa48ee100)
I/ACodec  (18228): [OMX.qcom.video.decoder.avc] allocated meta buffer with ID 0xb98590e8 (pointer = 0xa48ee120)
I/ACodec  (18228): [OMX.qcom.video.decoder.avc] allocated meta buffer with ID 0xb9859138 (pointer = 0xa48ee140)
I/ACodec  (18228): [OMX.qcom.video.decoder.avc] allocated meta buffer with ID 0xb9859188 (pointer = 0xa48ee160)
I/ACodec  (18228): [OMX.qcom.video.decoder.avc] allocated meta buffer with ID 0xb98591d8 (pointer = 0xa48ee180)
I/ACodec  (18228): [OMX.qcom.video.decoder.avc] allocated meta buffer with ID 0xb9859228 (pointer = 0xa48ee1a0)
I/ACodec  (18228): [OMX.qcom.video.decoder.avc] allocated meta buffer with ID 0xb9859278 (pointer = 0xa48ee1c0)
I/ACodec  (18228): [OMX.qcom.video.decoder.avc] allocated meta buffer with ID 0xb98592c8 (pointer = 0xa48ee1e0)
I/ACodec  (18228): [OMX.qcom.video.decoder.avc] allocated meta buffer with ID 0xb9859318 (pointer = 0xa48ee200)
I/ACodec  (18228): [OMX.qcom.video.decoder.avc] allocated meta buffer with ID 0xb9859368 (pointer = 0xa48ee220)
I/ACodec  (18228): [OMX.qcom.video.decoder.avc] allocated meta buffer with ID 0xb98593b8 (pointer = 0xa48ee240)
I/ACodec  (18228): [OMX.qcom.video.decoder.avc] allocated meta buffer with ID 0xb9859408 (pointer = 0xa48ee260)
I/ACodec  (18228): [OMX.qcom.video.decoder.avc] allocated meta buffer with ID 0xb9859458 (pointer = 0xa48ee280)
I/ACodec  (18228): [OMX.qcom.video.decoder.avc] allocated meta buffer with ID 0xb98594a8 (pointer = 0xa48ee2a0)
D/VLC     (18228): [b882c750/4885] mediacodec decoder: MediaCodec via NDK opened
D/VLC     (18228): [b882c750/4885] core decoder: using decoder module "mediacodec"
I/ACodec  (18228): [OMX.qcom.video.decoder.avc] Now Idle->Executing
D/VLC     (18228): [b8833810/4885] core decoder: looking for decoder module matching "mediacodec_ndk,iomx,all": 39 candidates
I/ACodec  (18228): [OMX.qcom.video.decoder.avc] Now Executing
D/VLC     (18228): [b8833810/4885] avcodec decoder: CPU flags: 0x0000003f
D/Mms/ArtClassLoader(18622): init [DONE] art
W/ResourcesManager(18622): Asset path '/system/framework/com.google.android.media.effects.jar' does not exist or contains no resources.
D/Mms/TelephonyPermission(18622): DefaultSmsApp is com.android.mms
D/Mms/TelephonyPermission(18622): isDefault true
D/Mms/MmsApp(18622): onCreate() com.android.mms
D/VLC     (18228): [b8833810/4885] avcodec decoder: codec (aac) started
D/VLC     (18228): [b8833810/4885] core decoder: using decoder module "avcodec"
D/VLC     (18228): [b883f5f0/4885] core demux meta: looking for meta reader module matching "any": 1 candidates
D/VLC     (18228): [b883f5f0/4885] core demux meta: no meta reader modules matched
D/VLC     (18228): [b8604860/4885] core input: `http://media3.krasview.ru/video/e1c2d995f7c87d1/66a2f2e1fccd53f.mp4' successfully opened
D/VLC     (18228): [b862cdb8/4885] mp4 demux: elst (0) gives 0ms (movie)-> 0ms (track)
D/VLC     (18228): [b862cdb8/4885] mp4 demux: track[Id 0x1] using Sync Sample Box (stss)
D/VLC     (18228): [b862cdb8/4885] mp4 demux: stss gives 0 --> 0 (sample number)
D/VLC     (18228): [b862cdb8/4885] mp4 demux: elst (0) gives 0ms (movie)-> 33ms (track)
D/VLC     (18228): [b8609278/48db] transport access: resolving media3.krasview.ru ...
D/EnterpriseController(  272): uids 10237
D/EnterpriseController(  272): mIsMarkChainAdded is 18 mIsBlockChainAdded is 252 netId is 0
D/Netd    (  272): getNetworkForDns: using netid 530 for uid 10237
D/VLC     (18228): [b8609278/48db] transport access: connecting to media3.krasview.ru port 80 ...
D/VLC     (18228): [b8609278/4885] h1conn access: outgoing request:
D/VLC     (18228): GET /video/e1c2d995f7c87d1/66a2f2e1fccd53f.mp4 HTTP/1.1
D/VLC     (18228): Host: media3.krasview.ru
D/VLC     (18228): Accept: */*
D/VLC     (18228): Accept-Language: en_US
D/VLC     (18228): User-Agent: VLC/3.0.0-git LibVLC/3.0.0-git
D/VLC     (18228): Range: bytes=652564-
D/VLC     (18228): 
D/DisplayManager(18622): DisplayManager()
D/VLC     (18228): [b8609278/4885] h1conn access: incoming response:
D/VLC     (18228): HTTP/1.1 206 Partial Content
D/VLC     (18228): Server: nginx
D/VLC     (18228): Date: Mon, 11 Jul 2016 09:28:10 GMT
D/VLC     (18228): Content-Type: video/mp4
D/VLC     (18228): Content-Length: 164200624
D/VLC     (18228): Last-Modified: Sun, 26 Oct 2014 02:20:04 GMT
D/VLC     (18228): Connection: keep-alive
D/VLC     (18228): ETag: "544c5a54-9d375c4"
D/VLC     (18228): Expires: Thu, 31 Dec 2037 23:55:55 GMT
D/VLC     (18228): Cache-Control: max-age=315360000
D/VLC     (18228): Content-Range: bytes 652564-164853187/164853188
D/VLC     (18228): 
D/VLC     (18228): [b8604860/4885] core input: Buffering 0%
D/VLC     (18228): [b8604860/4885] core input: control type=3
D/VLC     (18228): [b862cdb8/4885] mp4 demux: elst (0) gives 0ms (movie)-> 0ms (track)
D/VLC     (18228): [b862cdb8/4885] mp4 demux: track[Id 0x1] using Sync Sample Box (stss)
D/VLC     (18228): [b862cdb8/4885] mp4 demux: stss gives 0 --> 0 (sample number)
D/VLC     (18228): [b862cdb8/4885] mp4 demux: elst (0) gives 0ms (movie)-> 33ms (track)
D/VLC     (18228): [b8604860/4885] core input: Buffering 0%
D/VLC     (18228): [b8604860/4885] core input: Buffering 2%
D/VLC     (18228): [b8604860/4885] core input: Buffering 3%
D/VLC     (18228): [b8604860/4885] core input: Buffering 4%
D/VLC     (18228): [b8604860/4885] core input: Buffering 5%
D/VLC     (18228): [b8604860/4885] core input: Buffering 6%
D/VLC     (18228): [b8604860/4885] core input: Buffering 7%
D/VLC     (18228): [b8604860/4885] core input: Buffering 8%
D/VLC     (18228): [b8604860/4885] core input: Buffering 9%
D/VLC     (18228): [b8604860/4885] core input: Buffering 10%
D/VLC     (18228): [b8604860/4885] core input: Buffering 11%
D/VLC     (18228): [b8604860/4885] core input: Buffering 12%
D/VLC     (18228): [b8604860/4885] core input: Buffering 13%
I/ACodec  (18228): [OMX.qcom.video.decoder.avc] Now handling output port settings change
I/ACodec  (18228): [OMX.qcom.video.decoder.avc] configureOutputBuffersFromNativeWindow setBufferCount : 9, minUndequeuedBuffers : 4
I/ACodec  (18228): [OMX.qcom.video.decoder.avc] allocated meta buffer with ID 0xb9859940 (pointer = 0xa48ee000)
I/ACodec  (18228): [OMX.qcom.video.decoder.avc] allocated meta buffer with ID 0xb9859990 (pointer = 0xa48ee020)
D/VLC     (18228): [b8604860/4885] core input: Buffering 14%
D/VLC     (18228): [b8604860/4885] core input: Buffering 16%
I/ACodec  (18228): [OMX.qcom.video.decoder.avc] allocated meta buffer with ID 0xb98599e0 (pointer = 0xa48ee040)
I/ACodec  (18228): [OMX.qcom.video.decoder.avc] allocated meta buffer with ID 0xb9859a30 (pointer = 0xa48ee060)
I/ACodec  (18228): [OMX.qcom.video.decoder.avc] allocated meta buffer with ID 0xb9859a80 (pointer = 0xa48ee080)
I/ACodec  (18228): [OMX.qcom.video.decoder.avc] allocated meta buffer with ID 0xb9859ad0 (pointer = 0xa48ee0a0)
I/ACodec  (18228): [OMX.qcom.video.decoder.avc] allocated meta buffer with ID 0xb9859b20 (pointer = 0xa48ee0c0)
I/ACodec  (18228): [OMX.qcom.video.decoder.avc] allocated meta buffer with ID 0xb9859b70 (pointer = 0xa48ee0e0)
I/ACodec  (18228): [OMX.qcom.video.decoder.avc] allocated meta buffer with ID 0xb9859bc0 (pointer = 0xa48ee100)
D/VLC     (18228): [b8600118/48da] core generic: reusing audio output
I/ACodec  (18228): [OMX.qcom.video.decoder.avc] Now Executing
D/StatusBarManagerService(  983): manageDisableList userId=0 what=0x0 pkg=WindowManager.LayoutParams
V/AudioPolicyManager(  279): getOutput() device 2, stream 3, samplingRate 0, format 0, channelMask 0, flags 3
V/AudioPolicyManager(  279): getOutputsForDevice device 0002 -> 0002
V/AudioPolicyManager(  279): getOutput() returns output 2
W/ACodec  (18228): do not know color format 0x7fa30c04 = 2141391876
E/VLC     (18228): [b882c750/48d8] mediacodec decoder: output: 2141391876 unknown, 720x400 stride 768 416, crop 0 0 0 0
D/VLC     (18228): [b882c750/48d8] core decoder: Received first picture
D/VLC     (18228): [b8640160/48cd] core video output: Detected interlaced video
D/VLC     (18228): [b8640160/48cd] core video output: deinterlace 0, mode blend, is_needed 1
D/Mms/MessageUtils(18622): getMessagingSimType() simSlotCount : 2 , mInsertedSimNum : 1
D/VLC     (18228): [b8604860/4885] core input: Buffering 17%
D/VLC     (18228): [b8604860/4885] core input: Buffering 19%
D/VLC     (18228): [b8604860/4885] core input: Buffering 20%
D/VLC     (18228): [b8604860/4885] core input: Buffering 21%
D/VLC     (18228): [b8604860/4885] core input: Buffering 22%
D/VLC     (18228): [b8604860/4885] core input: Buffering 23%
D/VLC     (18228): [b8604860/4885] core input: Buffering 24%
D/VLC     (18228): [b8604860/4885] core input: Buffering 25%
D/VLC     (18228): [b8604860/4885] core input: Buffering 26%
D/VLC     (18228): [b8604860/4885] core input: Buffering 27%
D/VLC     (18228): [b8604860/4885] core input: Buffering 29%
D/VLC     (18228): [b8604860/4885] core input: Buffering 30%
D/VLC     (18228): [b8604860/4885] core input: Buffering 31%
D/VLC     (18228): [b8604860/4885] core input: Buffering 33%
D/NtpTrustedTime(  983): currentTimeMillis() cache hit
V/NetworkStats(  983): performPollLocked(flags=0x1)
D/VLC     (18228): [b8604860/4885] core input: Buffering 34%
V/AudioPolicyManager(  279): getOutputForAttr() usage=1, content=2, tag= flags=00000000
V/AudioPolicyManager(  279): getOutputForAttr() device 2, samplingRate 48000, format 1, channelMask 3, flags 4
V/AudioPolicyManager(  279): getOutputsForDevice device 0002 -> 0002
V/AudioPolicyManager(  279): selectOutput() commonFlags for output 4, 0001
E/VLC-std (18228): aout_get_native_sample_rate: 48000
V/AudioPolicyManager(  279): getOutput() returns output 4
D/NetworkStatsFactory(  983): UpdateStatsForKnox updated
D/VLC     (18228): [b8604860/4885] core input: Buffering 36%
D/VLC     (18228): [b8604860/4885] core input: Buffering 37%
D/VLC     (18228): [b8604860/4885] core input: Buffering 38%
D/VLC     (18228): [b8604860/4885] core input: Buffering 39%
W/AudioPolicyIntefaceImpl(  279): Skipped to add effects on session 708
V/AudioPolicyManager(  279): startOutput() output 4, stream 3, session 708
V/AudioPolicyManager(  279): changeRefCount() stream 3, count 1
V/AudioPolicyManager(  279): getNewOutputDevice() selected device 2
V/AudioPolicyManager(  279): setOutputDevice() output 4 device 0002 delayMs 0
V/AudioPolicyManager(  279): setOutputDevice() prevDevice 0002
V/AudioPolicyManager(  279): setOutputDevice() setting same device 0002 or null device for output 4
V/AudioPolicyManager(  279): getOutputsForDevice device 0002 -> 0002
V/AudioPolicyManager(  279): getOutputsForDevice device 0002 -> 0002
D/VLC     (18228): [b8602b40/48da] core audio output: output 's16l' 48000 Hz Stereo frame=1 samples/4 bytes
D/VLC     (18228): [b8652d08/48da] core volume: looking for audio volume module matching "any": 3 candidates
D/VLC     (18228): [b8652d08/48da] core volume: using audio volume module "integer_mixer"
D/VLC     (18228): [b8602b40/48da] core audio output: input 'f32l' 48000 Hz Stereo frame=1 samples/8 bytes
D/Mms/MmsApp(18622): [start]    initCountryIso consume time = 437.860104
D/VLC     (18228): [b8604860/4885] core input: Buffering 40%
D/VLC     (18228): [b88ce640/48da] core audio filter: looking for audio filter module matching "scaletempo": 13 candidates
D/VLC     (18228): [b88ce640/48da] scaletempo audio filter: format: 48000 rate, 2 nch, 4 bps, fl32
D/VLC     (18228): [b88ce640/48da] scaletempo audio filter: params: 30 stride, 0.200 overlap, 14 search
D/VLC     (18228): [b88ce640/48da] scaletempo audio filter: 1.000 scale, 1440.000 stride_in, 1440 stride_out, 1152 standing, 288 overlap, 672 search, 2400 queue, fl32 mode
D/VLC     (18228): [b88ce640/48da] core audio filter: using audio filter module "scaletempo"
D/VLC     (18228): [b8602b40/48da] core audio output: conversion: 'f32l'->'f32l' 48000 Hz->48000 Hz Stereo->Stereo
D/VLC     (18228): [b8602b40/48da] core audio output: conversion pipeline complete
D/VLC     (18228): [b8602b40/48da] core audio output: conversion: 'f32l'->'s16l' 48000 Hz->48000 Hz Stereo->Stereo
D/VLC     (18228): [b88d7ca0/48da] core audio converter: looking for audio converter module matching "any": 9 candidates
D/VLC     (18228): [b88d7ca0/48da] audio_format audio converter: f32l->s16l, bits per sample: 32->16
D/VLC     (18228): [b88d7ca0/48da] core audio converter: using audio converter module "audio_format"
D/VLC     (18228): [b8602b40/48da] core audio output: conversion pipeline complete
D/VLC     (18228): [b88d7fe8/48da] core audio resampler: looking for audio resampler module matching "any": 2 candidates
D/VLC     (18228): [b88d7fe8/48da] core audio resampler: using audio resampler module "ugly"
D/VLC     (18228): [b8604860/4885] core input: Buffering 41%
D/audio_hw_primary(  279): start_output_stream: enter: stream(0xb8e08ff0)usecase(1: low-latency-playback) devices(0x2)
V/audio_hw_primary(  279): select_devices: ENTER
V/audio_hw_primary(  279): select_devices: usecase(normal)
V/audio_hw_primary(  279): select_devices: usecase(PCM_PLAYBACK)
V/msm8974_platform(  279): platform_get_output_snd_device: enter: output devices(0x2)
V/msm8974_platform(  279): get_OUTPUT_snd_device: for Normal Playback
V/msm8974_platform(  279): platform_get_output_snd_device: exit: snd_device(speaker)
D/audio_hw_primary(  279): select_devices: out_snd_device(2: speaker)
D/audio_hw_primary(  279): select_devices: in_snd_device(0: dummy)
D/hardware_info(  279): hw_info_append_hw_type : device_name = speaker
V/msm8974_platform(  279): platform_send_audio_calibration: sending audio calibration for snd_device(2) acdb_id(15)
D/VLC     (18228): [b8604860/4885] core input: Buffering 43%
D/ACDB-LOADER(  279): ACDB -> send_audio_cal, acdb_id = 15, path =  0
D/ACDB-LOADER(  279): ACDB -> send_asm_topology
D/ACDB-LOADER(  279): ACDB -> ACDB_CMD_GET_AUDPROC_STREAM_TOPOLOGY_ID
D/VLC     (18228): [b8604860/4885] core input: Buffering 44%
D/ACDB-LOADER(  279): ACDB -> send_adm_topology
D/ACDB-LOADER(  279): ACDB -> ACDB_CMD_GET_AUDPROC_COMMON_TOPOLOGY_ID
D/ACDB-LOADER(  279): ACDB -> send_audtable
D/ACDB-LOADER(  279): ACDB -> ACDB_CMD_GET_AUDPROC_COMMON_TABLE
D/ACDB-LOADER(  279): ACDB -> AUDIO_SET_AUDPROC_CAL
D/ACDB-LOADER(  279): ACDB -> send_audvoltable
D/ACDB-LOADER(  279): ACDB -> ACDB_CMD_GET_AUDPROC_GAIN_DEP_STEP_TABLE
D/ACDB-LOADER(  279): ACDB -> AUDIO_SET_AUDPROC_VOL_CAL
D/ACDB-LOADER(  279): ACDB -> send_afe_cal
D/ACDB-LOADER(  279): ACDB -> ACDB_CMD_GET_AFE_COMMON_TABLE
D/ACDB-LOADER(  279): ACDB -> AUDIO_SET_AFE_CAL
D/ACDB-LOADER(  279): ACDB -> send_hw_delay : acdb_id = 15 path = 0
D/ACDB-LOADER(  279): ACDB -> ACDB_AVSYNC_INFO: ACDB_CMD_GET_DEVICE_PROPERTY
V/audio_hw_primary(  279): enable_snd_device: snd_device(2: speaker, speaker)
D/audio_route(  279): ++++ audio_route_update_path ==============
D/audio_route(  279): Setting mixer control: MI2S_RX Channels, value: 1
D/audio_route(  279): Setting mixer control: RX3 MIX1 INP1, value: 3
D/audio_route(  279): Setting mixer control: RX3 MIX1 INP2, value: 4
D/audio_route(  279): Setting mixer control: SPK DAC Switch, value: 1
D/audio_route(  279): Setting mixer control: RX3 Digital Volume, value: 79
D/audio_route(  279): ---- audio_route_update_path ==============
D/audio_route(  279): ++++ audio_route_update_mixer ==============
D/VLC     (18228): [b8604860/4885] core input: Buffering 46%
D/audio_route(  279): ------ audio_route_update_mixer ==============
V/audio_hw_primary(  279): enable_audio_route: enter: usecase(1)
V/audio_hw_primary(  279): enable_audio_route: apply mixer path: low-latency-playback
D/audio_route(  279): ++++ audio_route_update_mixer ==============
D/VLC     (18228): [b8604860/4885] core input: Buffering 47%
D/audio_route(  279): Setting mixer control: PRI_MI2S_RX Audio Mixer MultiMedia5, value: 1
D/VLC     (18228): [b8604860/4885] core input: Buffering 48%
D/audio_route(  279): ------ audio_route_update_mixer ==============
V/audio_hw_primary(  279): enable_audio_route: exit
V/msm8974_platform(  279): platform_get_output_snd_device: enter: output devices(0x2)
V/msm8974_platform(  279): get_OUTPUT_snd_device: for Normal Playback
V/msm8974_platform(  279): platform_get_output_snd_device: exit: snd_device(speaker)
V/msm8974_platform(  279): platform_send_audio_calibration: sending audio calibration for snd_device(2) acdb_id(15)
D/ACDB-LOADER(  279): ACDB -> send_audio_cal, acdb_id = 15, path =  0
D/ACDB-LOADER(  279): ACDB -> send_asm_topology
D/ACDB-LOADER(  279): ACDB -> ACDB_CMD_GET_AUDPROC_STREAM_TOPOLOGY_ID
D/ACDB-LOADER(  279): ACDB -> send_adm_topology
D/ACDB-LOADER(  279): ACDB -> ACDB_CMD_GET_AUDPROC_COMMON_TOPOLOGY_ID
D/ACDB-LOADER(  279): ACDB -> send_audtable
D/ACDB-LOADER(  279): ACDB -> ACDB_CMD_GET_AUDPROC_COMMON_TABLE
D/ACDB-LOADER(  279): ACDB -> AUDIO_SET_AUDPROC_CAL
D/ACDB-LOADER(  279): ACDB -> send_audvoltable
D/ACDB-LOADER(  279): ACDB -> ACDB_CMD_GET_AUDPROC_GAIN_DEP_STEP_TABLE
D/NetworkStatsFactory(  983): UpdateStatsForKnox main else ---
D/ACDB-LOADER(  279): ACDB -> AUDIO_SET_AUDPROC_VOL_CAL
D/ACDB-LOADER(  279): ACDB -> send_afe_cal
D/ACDB-LOADER(  279): ACDB -> ACDB_CMD_GET_AFE_COMMON_TABLE
D/ACDB-LOADER(  279): ACDB -> AUDIO_SET_AFE_CAL
D/ACDB-LOADER(  279): ACDB -> send_hw_delay : acdb_id = 15 path = 0
D/ACDB-LOADER(  279): ACDB -> ACDB_AVSYNC_INFO: ACDB_CMD_GET_DEVICE_PROPERTY
V/audio_hw_primary(  279): start_output_stream: Opening PCM device card_id(0) device_id(12)
V/audio_hw_primary(  279): start_output_stream: exit
D/VLC     (18228): [b8604860/4885] core input: Buffering 50%
D/VLC     (18228): [b8604860/4885] core input: Buffering 51%
D/VLC     (18228): [b8604860/4885] core input: Buffering 52%
D/VLC     (18228): [b8604860/4885] core input: Buffering 53%
D/VLC     (18228): [b8604860/4885] core input: Buffering 54%
D/VLC     (18228): [b8604860/4885] core input: Buffering 55%
D/VLC     (18228): [b8604860/4885] core input: Buffering 56%
D/VLC     (18228): [b8604860/4885] core input: Buffering 57%
D/VLC     (18228): [b8604860/4885] core input: Buffering 58%
D/VLC     (18228): [b8604860/4885] core input: Buffering 60%
D/VLC     (18228): [b8604860/4885] core input: Buffering 61%
D/VLC     (18228): [b8604860/4885] core input: Buffering 63%
D/Mms/MmsApp(18622): [end]    initCountryIso consume time = 57.089479
D/Mms/MmsConfig(18622): [start]    MmsConfig.init() consume time = 0.117917
D/VLC     (18228): [b8604860/4885] core input: Buffering 64%
D/VLC     (18228): [b8604860/4885] core input: Buffering 66%
D/VLC     (18228): [b8604860/4885] core input: Buffering 67%
D/VLC     (18228): [b8604860/4885] core input: Buffering 68%
D/VLC     (18228): [b8604860/4885] core input: Buffering 69%
D/VLC     (18228): [b8604860/4885] core input: Buffering 70%
D/VLC     (18228): [b8604860/4885] core input: Buffering 71%
D/VLC     (18228): [b8604860/4885] core input: Buffering 72%
D/VLC     (18228): [b8604860/4885] core input: Buffering 73%
D/VLC     (18228): [b8604860/4885] core input: Buffering 74%
D/VLC     (18228): [b8604860/4885] core input: Buffering 75%
D/VLC     (18228): [b8604860/4885] core input: Buffering 76%
D/VLC     (18228): [b8604860/4885] core input: Buffering 77%
D/VLC     (18228): [b8604860/4885] core input: Buffering 78%
D/VLC     (18228): [b8604860/4885] core input: Buffering 80%
D/VLC     (18228): [b88508a0/48cd] core vout display: auto hiding mouse cursor
D/VLC     (18228): [b8604860/4885] core input: Buffering 81%
D/VLC     (18228): [b8604860/4885] core input: Buffering 83%
D/VLC     (18228): [b8604860/4885] core input: Buffering 84%
D/VLC     (18228): [b8604860/4885] core input: Buffering 85%
D/VLC     (18228): [b8604860/4885] core input: Buffering 86%
D/VLC     (18228): [b8604860/4885] core input: Buffering 87%
D/VLC     (18228): [b8604860/4885] core input: Buffering 88%
D/VLC     (18228): [b8604860/4885] core input: Buffering 90%
D/VLC     (18228): [b8604860/4885] core input: Buffering 91%
D/VLC     (18228): [b8604860/4885] core input: Buffering 93%
D/VLC     (18228): [b8604860/4885] core input: Buffering 94%
D/VLC     (18228): [b8604860/4885] core input: Buffering 95%
D/VLC     (18228): [b8604860/4885] core input: Buffering 97%
D/VLC     (18228): [b8604860/4885] core input: Buffering 98%
D/VLC     (18228): [b8604860/4885] core input: Stream buffering done (1501 ms in 240 ms)
D/VLC     (18228): [b8604860/4885] core input: Decoder wait done in 0 ms
D/StatusBar.MSimNetworkController( 1152): onSignalStrengthsChanged received on getPhoneId :0signalStrength=SignalStrength: 11 99 -120 -160 -120 -1 -1 99 2147483647 2147483647 2147483647 -1 2147483647 0x3 gsm|lte level=3
D/StatusBar.MSimNetworkController( 1152): updateTelephonySignalStrength: phoneId =0
D/StatusBar.MSimNetworkController( 1152): getNumberOfActiveSim:1
D/Mms/MmsConfig(18622): before partial update
D/StatusBar.MSimNetworkController( 1152): getPhoneSignalIconList: mMaxLevelOfSignalStrengthIndicator = 4 inetCondition = 0
D/StatusBar.MSimNetworkController( 1152): getDataSignalIconId: mMaxLevelOfSignalStrengthIndicator = 4 inetCondition = 0 iconLevel = 3
D/StatusBar.MSimNetworkController( 1152): updateTelephonySignalStrength: iconLevel=3
D/StatusBar.MSimNetworkController( 1152): updateTelephonySignalStrength iconLevel = 3 mInetCondition = 0
D/StatusBar.MSimNetworkController( 1152): refreshViews phoneId =0, mMSimDataConnected =false mMSimDataActivity =0
D/STATUSBAR-WifiQuickSettingButton( 1152): onWifiSignalChanged enabled=true enabledDesc:"f1comp"
D/StatusBar.MSimNetworkController( 1152): refreshViews connected={ wifi } level=3 mMSimcombinedSignalIconId=0x7f0202f6/com.android.systemui:drawable/stat_sys_wifi_signal_4 mMSimcombinedActivityIconId=0x7f0202d1 mAirplaneMode=false mMSimDataActivity=0 mMSimPhoneSignalIconId=0x7f0202ac/com.android.systemui:drawable/stat_sys_signal_3_auto_rotate mMSimDataDirectionIconId=0x0 mMSimDataSignalIconId=0x7f0202ac mMSimDataTypeIconId=0x0/(null) mNoMSimIconId=0x0/(null) mMSimMobileActivityIconId=0x0/(null) mWifiIconId=0x7f0202f6 mBluetoothTetherIconId=0x7f0202d4 mRoamingIconId=0x 0/(null)
D/MSim-SignalClusterView( 1152): mBtTetherState :falsemNWBoosterRunning :false
D/MSim-SignalClusterView( 1152): mBtTetherState :falsemNWBoosterRunning :false
D/MSim-SignalClusterView( 1152): mMobileDataState (0)0
D/MSim-SignalClusterView( 1152): mBtTetherState :falsemNWBoosterRunning :false
D/MSim-SignalClusterView( 1152): mBtTetherState :falsemNWBoosterRunning :false
D/MSim-SignalClusterView( 1152): mBtTetherState :falsemNWBoosterRunning :false
D/StatusBar.MSimNetworkController( 1152): refreshSignalCluster, phoneId = 0 mMSimPhoneSignalIconId[0]=com.android.systemui:drawable/stat_sys_signal_3_auto_rotate mMSimDataSignalIconId[0]=com.android.systemui:drawable/stat_sys_signal_3_auto_rotate mMSimDataTypeIconId[0]=(null) mMSimMobileActivityIconId[0]=(null) mNoMSimIconId[0]=(null)
D/MSim-SignalClusterView( 1152): mBtTetherState :falsemNWBoosterRunning :false
D/MSim-SignalClusterView( 1152): mBtTetherState :falsemNWBoosterRunning :false
D/MSim-SignalClusterView( 1152): mMobileDataState (0)0
D/MSim-SignalClusterView( 1152): mBtTetherState :falsemNWBoosterRunning :false
D/MSim-SignalClusterView( 1152): mBtTetherState :falsemNWBoosterRunning :false
D/MSim-SignalClusterView( 1152): mBtTetherState :falsemNWBoosterRunning :false
D/StatusBar.MSimNetworkController( 1152): refreshSignalCluster, phoneId = 0 mMSimPhoneSignalIconId[0]=com.android.systemui:drawable/stat_sys_signal_3_auto_rotate mMSimDataSignalIconId[0]=com.android.systemui:drawable/stat_sys_signal_3_auto_rotate mMSimDataTypeIconId[0]=(null) mMSimMobileActivityIconId[0]=(null) mNoMSimIconId[0]=(null)
D/MSim-SignalClusterView( 1152): mBtTetherState :falsemNWBoosterRunning :false
D/MSim-SignalClusterView( 1152): mBtTetherState :falsemNWBoosterRunning :false
D/MSim-SignalClusterView( 1152): mMobileDataState (0)0
D/MSim-SignalClusterView( 1152): mBtTetherState :falsemNWBoosterRunning :false
D/MSim-SignalClusterView( 1152): mBtTetherState :falsemNWBoosterRunning :false
D/MSim-SignalClusterView( 1152): mBtTetherState :falsemNWBoosterRunning :false
D/StatusBar.MSimNetworkController( 1152): refreshSignalCluster, phoneId = 0 mMSimPhoneSignalIconId[0]=com.android.systemui:drawable/stat_sys_signal_3_auto_rotate mMSimDataSignalIconId[0]=com.android.systemui:drawable/stat_sys_signal_3_auto_rotate mMSimDataTypeIconId[0]=(null) mMSimMobileActivityIconId[0]=(null) mNoMSimIconId[0]=(null)
D/MSim-SignalClusterView( 1152): mBtTetherState :falsemNWBoosterRunning :false
D/MSim-SignalClusterView( 1152): mBtTetherState :falsemNWBoosterRunning :false
D/MSim-SignalClusterView( 1152): mMobileDataState (0)0
D/MSim-SignalClusterView( 1152): mBtTetherState :falsemNWBoosterRunning :false
