E/VLC     ( 1305): [b842c7a8/53c] filesystem access: cannot open file /vendor/etc/fallback_fonts.xml (No such file or directory)
E/VLC     ( 1305): [b842c7a8/53c] core access: File reading failed
E/VLC     ( 1305): [b842c7a8/53c] core access: VLC could not open the file "/vendor/etc/fallback_fonts.xml" (No such file or directory).
D/VLC     ( 1305): [b842c7a8/53c] core access: no access modules matched
E/VLC     ( 1305): [b83d8bc0/53c] core spu text: no suitable access module for `file:///vendor/etc/fallback_fonts.xml'
D/VLC     ( 1305): [b83d8bc0/53c] core spu text: using text renderer module "freetype"
I/ACodec  ( 1305):  [] Now uninitialized
I/OMXClient( 1305): Using client-side OMX mux.
D/StatusBar.MSimNetworkController( 1152): getNumberOfActiveSim:1
D/StatusBar.MSimNetworkController( 1152): getPhoneSignalIconList: mMaxLevelOfSignalStrengthIndicator = 4 inetCondition = 0
D/StatusBar.MSimNetworkController( 1152): getDataSignalIconId: mMaxLevelOfSignalStrengthIndicator = 4 inetCondition = 0 iconLevel = 4
D/StatusBar.MSimNetworkController( 1152): updateTelephonySignalStrength: iconLevel=4
D/STATUSBAR-WifiQuickSettingButton( 1152): onWifiSignalChanged enabled=true enabledDesc:"f1comp"
W/art     ( 1349): Suspending all threads took: 16.923ms
I/OMX-VDEC-1080P(  279): component_init: OMX.qcom.video.decoder.avc : fd=42
I/OMX-VDEC-1080P(  279): Capabilities: driver_name = msm_vidc_driver, card = msm_vdec_8974, bus_info = , version = 1, capabilities = 4003000
I/OMX-VDEC-1080P(  279): omx_vdec::component_init() success : fd=42
D/OMX     (  279): SendBroadCasting VIDEO_PLAYBACK_START
I/ACodec  ( 1305): [OMX.qcom.video.decoder.avc] Now Loaded
I/art     (  983): Explicit concurrent mark sweep GC freed 25741(1390KB) AllocSpace objects, 3(356KB) LOS objects, 19% free, 33MB/41MB, paused 2.648ms total 246.308ms
E/ACodec  ( 1305): onConfigureComponent mime.c_str() = video/avc
I/ACodec  ( 1305): [OMX.qcom.video.decoder.avc] DRC Mode: Dynamic Buffer Mode
I/OMX     (  279): width (1280), height (720), fps (30)
I/ExtendedCodec( 1305): Decoder will be in frame by frame mode
I/ACodec  ( 1305): [OMX.qcom.video.decoder.avc] OMX_QCOM_FramePacking_OnlyOneCompleteFrame is setting
W/ACodec  ( 1305): do not know color format 0x7fa30c04 = 2141391876
I/ACodec  ( 1305): [OMX.qcom.video.decoder.avc] Now Loaded->Idle
D/DisplayManager( 1349): DisplayManager()
I/ACodec  ( 1305): [OMX.qcom.video.decoder.avc] configureOutputBuffersFromNativeWindow setBufferCount : 15, minUndequeuedBuffers : 4
I/ACodec  ( 1305): [OMX.qcom.video.decoder.avc] allocated meta buffer with ID 0xb98b58c8 (pointer = 0xa0c28000)
D/ChimeraResource( 1055): Successfully parsed resource with package name: com.google.android.gms and resource name string/icing_apps_corpus_label
I/ACodec  ( 1305): [OMX.qcom.video.decoder.avc] allocated meta buffer with ID 0xb98b5918 (pointer = 0xa0c28020)
I/ACodec  ( 1305): [OMX.qcom.video.decoder.avc] allocated meta buffer with ID 0xb98b5968 (pointer = 0xa0c28040)
I/ACodec  ( 1305): [OMX.qcom.video.decoder.avc] allocated meta buffer with ID 0xb98b59b8 (pointer = 0xa0c28060)
I/ACodec  ( 1305): [OMX.qcom.video.decoder.avc] allocated meta buffer with ID 0xb98b5a08 (pointer = 0xa0c28080)
I/ACodec  ( 1305): [OMX.qcom.video.decoder.avc] allocated meta buffer with ID 0xb98b5a58 (pointer = 0xa0c280a0)
I/ACodec  ( 1305): [OMX.qcom.video.decoder.avc] allocated meta buffer with ID 0xb98b5aa8 (pointer = 0xa0c280c0)
I/ACodec  ( 1305): [OMX.qcom.video.decoder.avc] allocated meta buffer with ID 0xb98b5af8 (pointer = 0xa0c280e0)
I/ACodec  ( 1305): [OMX.qcom.video.decoder.avc] allocated meta buffer with ID 0xb98b5b48 (pointer = 0xa0c28100)
I/ACodec  ( 1305): [OMX.qcom.video.decoder.avc] allocated meta buffer with ID 0xb98b5b98 (pointer = 0xa0c28120)
I/ACodec  ( 1305): [OMX.qcom.video.decoder.avc] allocated meta buffer with ID 0xb98b5be8 (pointer = 0xa0c28140)
I/ACodec  ( 1305): [OMX.qcom.video.decoder.avc] allocated meta buffer with ID 0xb98b5c38 (pointer = 0xa0c28160)
I/ACodec  ( 1305): [OMX.qcom.video.decoder.avc] allocated meta buffer with ID 0xb98b5c88 (pointer = 0xa0c28180)
I/ACodec  ( 1305): [OMX.qcom.video.decoder.avc] allocated meta buffer with ID 0xb98b5cd8 (pointer = 0xa0c281a0)
I/ACodec  ( 1305): [OMX.qcom.video.decoder.avc] allocated meta buffer with ID 0xb98b5d28 (pointer = 0xa0c281c0)
D/VLC     ( 1305): [b83c0e90/53c] mediacodec decoder: MediaCodec via NDK opened
D/VLC     ( 1305): [b83c0e90/53c] core decoder: using decoder module "mediacodec"
D/VLC     ( 1305): [b84328e0/53c] core decoder: looking for decoder module matching "mediacodec_ndk,iomx,all": 39 candidates
I/ACodec  ( 1305): [OMX.qcom.video.decoder.avc] Now Idle->Executing
I/ACodec  ( 1305): [OMX.qcom.video.decoder.avc] Now Executing
D/VLC     ( 1305): [b84328e0/53c] avcodec decoder: CPU flags: 0x0000003f
D/ChimeraResource( 1055): Successfully parsed resource with package name: com.google.android.gms and resource name string/icing_apps_corpus_description
D/ChimeraResource( 1055): Successfully parsed resource with package name: com.google.android.gms and resource name drawable/ic_device_source_apps_normal
D/ChimeraResource( 1055): Successfully parsed resource with package name: com.google.android.gms and resource name string/icing_contacts_corpus_label
D/ChimeraResource( 1055): Successfully parsed resource with package name: com.google.android.gms and resource name string/icing_contacts_corpus_description
D/ChimeraResource( 1055): Successfully parsed resource with package name: com.google.android.gms and resource name drawable/ic_device_source_contacts
D/VLC     ( 1305): [b84328e0/53c] avcodec decoder: codec (aac) started
D/VLC     ( 1305): [b84328e0/53c] core decoder: using decoder module "avcodec"
I/Icing   ( 1055): Not enough disk space for indexing trimmable
I/Icing   ( 1055): Internal init done: storage state 1
D/VLC     ( 1305): [b84397c0/53c] core demux meta: looking for meta reader module matching "any": 1 candidates
I/Icing   ( 1055): Post-init done
D/VLC     ( 1305): [b84397c0/53c] core demux meta: using meta reader module "taglib"
D/VLC     ( 1305): [b83a27f0/53c] core demux: removing module "taglib"
D/VLC     ( 1305): [b839a5f0/53c] core input: `file:///storage/emulated/0/Android/data/com.example.anya.videoexample/files/radioastron.mp4' successfully opened
D/VLC     ( 1305): [b83a27f0/53c] mp4 demux: elst (0) gives 0ms (movie)-> 0ms (track)
D/VLC     ( 1305): [b83a27f0/53c] mp4 demux: track[Id 0x1] using Sync Sample Box (stss)
D/VLC     ( 1305): [b83a27f0/53c] mp4 demux: stss gives 0 --> 0 (sample number)
D/VLC     ( 1305): [b83a27f0/53c] mp4 demux: elst (0) gives 0ms (movie)-> 36ms (track)
D/VLC     ( 1305): [b839a5f0/53c] core input: Buffering 0%
D/VLC     ( 1305): [b839a5f0/53c] core input: Buffering 2%
D/VLC     ( 1305): [b839a5f0/53c] core input: Buffering 3%
D/VLC     ( 1305): [b839a5f0/53c] core input: Buffering 5%
D/VLC     ( 1305): [b839a5f0/53c] core input: Buffering 6%
D/VLC     ( 1305): [b839a5f0/53c] core input: Buffering 8%
D/VLC     ( 1305): [b839a5f0/53c] core input: Buffering 9%
D/VLC     ( 1305): [b839a5f0/53c] core input: Buffering 11%
D/VLC     ( 1305): [b839a5f0/53c] core input: Buffering 13%
D/VLC     ( 1305): [b839a5f0/53c] core input: Buffering 14%
D/VLC     ( 1305): [b839a5f0/53c] core input: Buffering 16%
D/VLC     ( 1305): [b839a5f0/53c] core input: Buffering 17%
D/VLC     ( 1305): [b839a5f0/53c] core input: Buffering 19%
D/VLC     ( 1305): [b839a5f0/53c] core input: Buffering 20%
D/VLC     ( 1305): [b839a5f0/53c] core input: Buffering 22%
D/VLC     ( 1305): [b839a5f0/53c] core input: Buffering 23%
D/VLC     ( 1305): [b839a5f0/53c] core input: Buffering 25%
D/VLC     ( 1305): [b839a5f0/53c] core input: Buffering 26%
D/VLC     ( 1305): [b839a5f0/53c] core input: Buffering 27%
D/VLC     ( 1305): [b839a5f0/53c] core input: Buffering 28%
D/VLC     ( 1305): [b839a5f0/53c] core input: Buffering 30%
D/VLC     ( 1305): [b839a5f0/53c] core input: Buffering 31%
D/VLC     ( 1305): [b839a5f0/53c] core input: Buffering 33%
D/VLC     ( 1305): [b8312a00/566] core generic: reusing audio output
D/VLC     ( 1305): [b839a5f0/53c] core input: Buffering 34%
D/VLC     ( 1305): [b839a5f0/53c] core input: Buffering 36%
D/VLC     ( 1305): [b839a5f0/53c] core input: Buffering 37%
D/VLC     ( 1305): [b839a5f0/53c] core input: Buffering 38%
D/VLC     ( 1305): [b839a5f0/53c] core input: Buffering 39%
D/VLC     ( 1305): [b839a5f0/53c] core input: Buffering 40%
D/VLC     ( 1305): [b839a5f0/53c] core input: Buffering 41%
D/VLC     ( 1305): [b839a5f0/53c] core input: Buffering 42%
D/VLC     ( 1305): [b839a5f0/53c] core input: Buffering 44%
D/VLC     ( 1305): [b839a5f0/53c] core input: Buffering 45%
D/VLC     ( 1305): [b839a5f0/53c] core input: Buffering 47%
D/VLC     ( 1305): [b839a5f0/53c] core input: Buffering 48%
D/VLC     ( 1305): [b839a5f0/53c] core input: Buffering 50%
I/ACodec  ( 1305): [OMX.qcom.video.decoder.avc] Now handling output port settings change
D/VLC     ( 1305): [b839a5f0/53c] core input: Buffering 51%
I/ACodec  ( 1305): [OMX.qcom.video.decoder.avc] configureOutputBuffersFromNativeWindow setBufferCount : 11, minUndequeuedBuffers : 4
I/ACodec  ( 1305): [OMX.qcom.video.decoder.avc] allocated meta buffer with ID 0xb9850bf0 (pointer = 0xa0c28000)
I/ACodec  ( 1305): [OMX.qcom.video.decoder.avc] allocated meta buffer with ID 0xb9850c40 (pointer = 0xa0c28020)
I/ACodec  ( 1305): [OMX.qcom.video.decoder.avc] allocated meta buffer with ID 0xb9850c90 (pointer = 0xa0c28040)
I/ACodec  ( 1305): [OMX.qcom.video.decoder.avc] allocated meta buffer with ID 0xb9850ce0 (pointer = 0xa0c28060)
I/ACodec  ( 1305): [OMX.qcom.video.decoder.avc] allocated meta buffer with ID 0xb9850d30 (pointer = 0xa0c28080)
I/ACodec  ( 1305): [OMX.qcom.video.decoder.avc] allocated meta buffer with ID 0xb9850d80 (pointer = 0xa0c280a0)
I/ACodec  ( 1305): [OMX.qcom.video.decoder.avc] allocated meta buffer with ID 0xb9850dd0 (pointer = 0xa0c280c0)
I/ACodec  ( 1305): [OMX.qcom.video.decoder.avc] allocated meta buffer with ID 0xb9850e20 (pointer = 0xa0c280e0)
I/ACodec  ( 1305): [OMX.qcom.video.decoder.avc] allocated meta buffer with ID 0xb9850e70 (pointer = 0xa0c28100)
I/ACodec  ( 1305): [OMX.qcom.video.decoder.avc] allocated meta buffer with ID 0xb9850ec0 (pointer = 0xa0c28120)
I/ACodec  ( 1305): [OMX.qcom.video.decoder.avc] allocated meta buffer with ID 0xb9850f10 (pointer = 0xa0c28140)
I/ACodec  ( 1305): [OMX.qcom.video.decoder.avc] Now Executing
V/AudioPolicyManager(  279): getOutput() device 2, stream 3, samplingRate 0, format 0, channelMask 0, flags 3
V/AudioPolicyManager(  279): getOutputsForDevice device 0002 -> 0002
V/AudioPolicyManager(  279): getOutput() returns output 2
W/ACodec  ( 1305): do not know color format 0x7fa30c04 = 2141391876
E/VLC     ( 1305): [b83c0e90/564] mediacodec decoder: output: 2141391876 unknown, 1280x720 stride 1280 736, crop 0 0 0 0
D/VLC     ( 1305): [b83c0e90/564] core decoder: Received first picture
E/VLC-std ( 1305): aout_get_native_sample_rate: 48000
V/AudioPolicyManager(  279): getOutputForAttr() usage=1, content=2, tag=8\¹ flags=00000000
V/AudioPolicyManager(  279): getOutputForAttr() device 2, samplingRate 44100, format 1, channelMask 3, flags 4
V/AudioPolicyManager(  279): getOutputsForDevice device 0002 -> 0002
V/AudioPolicyManager(  279): selectOutput() commonFlags for output 4, 0001
V/AudioPolicyManager(  279): getOutput() returns output 4
W/AudioTrack( 1305): AUDIO_OUTPUT_FLAG_FAST denied by client
D/VLC     ( 1305): [b839a5f0/53c] core input: Buffering 52%
D/VLC     ( 1305): [b839a5f0/53c] core input: Buffering 53%
D/VLC     ( 1305): [b839a5f0/53c] core input: Buffering 54%
D/VLC     ( 1305): [b839a5f0/53c] core input: Buffering 55%
D/VLC     ( 1305): [b839a5f0/53c] core input: Buffering 56%
D/VLC     ( 1305): [b839a5f0/53c] core input: Buffering 57%
D/VLC     ( 1305): [b839a5f0/53c] core input: Buffering 58%
D/VLC     ( 1305): [b839a5f0/53c] core input: Buffering 59%
D/VLC     ( 1305): [b839a5f0/53c] core input: Buffering 61%
W/AudioPolicyIntefaceImpl(  279): Skipped to add effects on session 675
V/AudioPolicyManager(  279): startOutput() output 4, stream 3, session 675
V/AudioPolicyManager(  279): changeRefCount() stream 3, count 1
V/AudioPolicyManager(  279): getNewOutputDevice() selected device 2
V/AudioPolicyManager(  279): setOutputDevice() output 4 device 0002 delayMs 0
V/AudioPolicyManager(  279): setOutputDevice() prevDevice 0001
D/VLC     ( 1305): [b839a5f0/53c] core input: Buffering 62%
V/AudioPolicyManager(  279): setOutputDevice() changing device
V/AudioPolicyManager(  279): DeviceVector::refreshTypes() mDeviceTypes 00000002
V/AudioPolicyManager(  279): DeviceVector::getDevicesFromType() for type 2 found 0xb8dcc3f8
D/VLC     ( 1305): [b839a5f0/53c] core input: Buffering 63%
D/VLC     ( 1305): [b839a5f0/53c] core input: Buffering 64%
D/VLC     ( 1305): [b839a5f0/53c] core input: Buffering 65%
D/audio_hw_primary(  279): out_set_parameters: enter: usecase(1: low-latency-playback) kvpairs: routing=2
V/audio_hw_primary(  279): out_set_parameters: exit: code(0)
V/AudioPolicyManager(  279): setOutputDevice() createAudioPatch returned 0 patchHandle 676num_sources 1 num_sinks 1
V/AudioPolicyManager(  279): checkAndSetVolume() cannot set stream 6 volume with force use = 0 for comm
V/AudioPolicyManager(  279): getOutputsForDevice device 0002 -> 0002
V/AudioPolicyManager(  279): getOutputsForDevice device 0002 -> 0002
D/VLC     ( 1305): [b839a5f0/53c] core input: Buffering 66%
D/VLC     ( 1305): [b839a5f0/53c] core input: Buffering 67%
D/VLC     ( 1305): [b839a5f0/53c] core input: Buffering 68%
D/VLC     ( 1305): [b839a5f0/53c] core input: Buffering 69%
D/VLC     ( 1305): [b839a5f0/53c] core input: Buffering 70%
D/VLC     ( 1305): [b839a5f0/53c] core input: Buffering 71%
D/VLC     ( 1305): [b839a5f0/53c] core input: Buffering 72%
D/VLC     ( 1305): [b839a5f0/53c] core input: Buffering 73%
D/VLC     ( 1305): [b839a5f0/53c] core input: Buffering 74%
D/VLC     ( 1305): [b839a5f0/53c] core input: Buffering 75%
D/VLC     ( 1305): [b839a5f0/53c] core input: Buffering 76%
D/VLC     ( 1305): [b839a5f0/53c] core input: Buffering 77%
D/VLC     ( 1305): [b839a5f0/53c] core input: Buffering 78%
D/VLC     ( 1305): [b839a5f0/53c] core input: Buffering 79%
D/VLC     ( 1305): [b839a5f0/53c] core input: Buffering 80%
D/VLC     ( 1305): [b839a5f0/53c] core input: Buffering 81%
D/VLC     ( 1305): [b839a5f0/53c] core input: Buffering 82%
D/VLC     ( 1305): [b839a5f0/53c] core input: Buffering 83%
D/VLC     ( 1305): [b839a5f0/53c] core input: Buffering 84%
D/VLC     ( 1305): [b839a5f0/53c] core input: Buffering 85%
D/VLC     ( 1305): [b839a5f0/53c] core input: Buffering 86%
D/VLC     ( 1305): [b839a5f0/53c] core input: Buffering 87%
D/VLC     ( 1305): [b839a5f0/53c] core input: Buffering 88%
D/VLC     ( 1305): [b839a5f0/53c] core input: Buffering 90%
D/VLC     ( 1305): [b839a5f0/53c] core input: Buffering 91%
D/VLC     ( 1305): [b839a5f0/53c] core input: Buffering 92%
D/VLC     ( 1305): [b839a5f0/53c] core input: Buffering 93%
D/VLC     ( 1305): [b839a5f0/53c] core input: Buffering 94%
D/VLC     ( 1305): [b839a5f0/53c] core input: Buffering 95%
D/VLC     ( 1305): [b839a5f0/53c] core input: Buffering 96%
V/AudioPolicyManager(  279): stopOutput() output 4, stream 3, session 675
V/AudioPolicyManager(  279): changeRefCount() stream 3, count 0
V/AudioPolicyManager(  279): getNewOutputDevice() selected device 0
V/AudioPolicyManager(  279): setOutputDevice() output 4 device 0000 delayMs 100
V/AudioPolicyManager(  279): setOutputDevice() prevDevice 0002
V/AudioPolicyManager(  279): setOutputDevice() setting same device 0000 or null device for output 4
V/AudioPolicyManager(  279): getOutputsForDevice device 0002 -> 0002
V/AudioPolicyManager(  279): getOutputsForDevice device 0002 -> 0002
D/VLC     ( 1305): [b8315448/566] core audio output: output 's16l' 44100 Hz Stereo frame=1 samples/4 bytes
D/VLC     ( 1305): [b83b6558/566] core volume: looking for audio volume module matching "any": 3 candidates
D/VLC     ( 1305): [b83b6558/566] core volume: using audio volume module "integer_mixer"
D/VLC     ( 1305): [b8245638/544] core video output: Detected interlaced video
D/VLC     ( 1305): [b8245638/544] core video output: deinterlace 0, mode blend, is_needed 1
D/VLC     ( 1305): [b8315448/566] core audio output: input 'f32l' 44100 Hz Stereo frame=1 samples/8 bytes
D/VLC     ( 1305): [b84ce5a8/566] core audio filter: looking for audio filter module matching "scaletempo": 13 candidates
D/VLC     ( 1305): [b84ce5a8/566] scaletempo audio filter: format: 44100 rate, 2 nch, 4 bps, fl32
D/VLC     ( 1305): [b84ce5a8/566] scaletempo audio filter: params: 30 stride, 0.200 overlap, 14 search
D/VLC     ( 1305): [b84ce5a8/566] scaletempo audio filter: 1.000 scale, 1323.000 stride_in, 1323 stride_out, 1059 standing, 264 overlap, 617 search, 2204 queue, fl32 mode
D/VLC     ( 1305): [b84ce5a8/566] core audio filter: using audio filter module "scaletempo"
D/VLC     ( 1305): [b8315448/566] core audio output: conversion: 'f32l'->'f32l' 44100 Hz->44100 Hz Stereo->Stereo
D/VLC     ( 1305): [b8315448/566] core audio output: conversion pipeline complete
D/VLC     ( 1305): [b8315448/566] core audio output: conversion: 'f32l'->'s16l' 44100 Hz->44100 Hz Stereo->Stereo
D/VLC     ( 1305): [b84d9380/566] core audio converter: looking for audio converter module matching "any": 9 candidates
D/VLC     ( 1305): [b84d9380/566] audio_format audio converter: f32l->s16l, bits per sample: 32->16
D/VLC     ( 1305): [b84d9380/566] core audio converter: using audio converter module "audio_format"
D/VLC     ( 1305): [b8315448/566] core audio output: conversion pipeline complete
D/VLC     ( 1305): [b84d96c8/566] core audio resampler: looking for audio resampler module matching "any": 2 candidates
D/VLC     ( 1305): [b84d96c8/566] core audio resampler: using audio resampler module "ugly"
D/VLC     ( 1305): [b839a5f0/53c] core input: Buffering 97%
D/VLC     ( 1305): [b839a5f0/53c] core input: Buffering 98%
D/VLC     ( 1305): [b839a5f0/53c] core input: Buffering 99%
D/VLC     ( 1305): [b839a5f0/53c] core input: Buffering 100%
D/VLC     ( 1305): [b839a5f0/53c] core input: Stream buffering done (1519 ms in 145 ms)
D/VLC     ( 1305): [b839a5f0/53c] core input: Decoder wait done in 0 ms
W/AudioPolicyIntefaceImpl(  279): Skipped to add effects on session 675
V/AudioPolicyManager(  279): startOutput() output 4, stream 3, session 675
V/AudioPolicyManager(  279): changeRefCount() stream 3, count 1
V/AudioPolicyManager(  279): getNewOutputDevice() selected device 2
V/AudioPolicyManager(  279): setOutputDevice() output 4 device 0002 delayMs 0
V/AudioPolicyManager(  279): setOutputDevice() prevDevice 0002
V/AudioPolicyManager(  279): setOutputDevice() setting same device 0002 or null device for output 4
V/AudioPolicyManager(  279): getOutputsForDevice device 0002 -> 0002
V/AudioPolicyManager(  279): getOutputsForDevice device 0002 -> 0002
W/VLC     ( 1305): [b8315448/566] core audio output: playback too early (-47990): down-sampling
D/SoundAliveResampler(  279): [SoundAliveResampler] Init+++
D/audio_hw_primary(  279): start_output_stream: enter: stream(0xb8e08ff0)usecase(1: low-latency-playback) devices(0x2)
V/audio_hw_primary(  279): select_devices: ENTER
V/audio_hw_primary(  279): select_devices: usecase(normal)
V/audio_hw_primary(  279): select_devices: usecase(PCM_PLAYBACK)
V/msm8974_platform(  279): platform_get_output_snd_device: enter: output devices(0x2)
V/msm8974_platform(  279): get_OUTPUT_snd_device: for Normal Playback
V/msm8974_platform(  279): platform_get_output_snd_device: exit: snd_device(speaker)
D/audio_hw_primary(  279): select_devices: out_snd_device(2: speaker)
D/audio_hw_primary(  279): select_devices: in_snd_device(0: dummy)
D/hardware_info(  279): hw_info_append_hw_type : device_name = speaker
V/msm8974_platform(  279): platform_send_audio_calibration: sending audio calibration for snd_device(2) acdb_id(15)
D/ACDB-LOADER(  279): ACDB -> send_audio_cal, acdb_id = 15, path =  0
D/ACDB-LOADER(  279): ACDB -> send_asm_topology
D/ACDB-LOADER(  279): ACDB -> ACDB_CMD_GET_AUDPROC_STREAM_TOPOLOGY_ID
D/ACDB-LOADER(  279): ACDB -> send_adm_topology
D/ACDB-LOADER(  279): ACDB -> ACDB_CMD_GET_AUDPROC_COMMON_TOPOLOGY_ID
D/ACDB-LOADER(  279): ACDB -> send_audtable
D/ACDB-LOADER(  279): ACDB -> ACDB_CMD_GET_AUDPROC_COMMON_TABLE
D/ACDB-LOADER(  279): ACDB -> AUDIO_SET_AUDPROC_CAL
D/ACDB-LOADER(  279): ACDB -> send_audvoltable
D/ACDB-LOADER(  279): ACDB -> ACDB_CMD_GET_AUDPROC_GAIN_DEP_STEP_TABLE
D/ACDB-LOADER(  279): ACDB -> AUDIO_SET_AUDPROC_VOL_CAL
D/ACDB-LOADER(  279): ACDB -> send_afe_cal
D/ACDB-LOADER(  279): ACDB -> ACDB_CMD_GET_AFE_COMMON_TABLE
D/ACDB-LOADER(  279): ACDB -> AUDIO_SET_AFE_CAL
D/ACDB-LOADER(  279): ACDB -> send_hw_delay : acdb_id = 15 path = 0
D/ACDB-LOADER(  279): ACDB -> ACDB_AVSYNC_INFO: ACDB_CMD_GET_DEVICE_PROPERTY
V/audio_hw_primary(  279): enable_snd_device: snd_device(2: speaker, speaker)
D/audio_route(  279): ++++ audio_route_update_path ==============
D/audio_route(  279): Setting mixer control: MI2S_RX Channels, value: 1
D/audio_route(  279): Setting mixer control: RX3 MIX1 INP1, value: 3
D/audio_route(  279): Setting mixer control: RX3 MIX1 INP2, value: 4
D/audio_route(  279): Setting mixer control: SPK DAC Switch, value: 1
D/audio_route(  279): Setting mixer control: RX3 Digital Volume, value: 79
D/audio_route(  279): ---- audio_route_update_path ==============
D/audio_route(  279): ++++ audio_route_update_mixer ==============
D/audio_route(  279): ------ audio_route_update_mixer ==============
V/audio_hw_primary(  279): enable_audio_route: enter: usecase(1)
V/audio_hw_primary(  279): enable_audio_route: apply mixer path: low-latency-playback
D/audio_route(  279): ++++ audio_route_update_mixer ==============
D/audio_route(  279): Setting mixer control: PRI_MI2S_RX Audio Mixer MultiMedia5, value: 1
D/audio_route(  279): ------ audio_route_update_mixer ==============
V/audio_hw_primary(  279): enable_audio_route: exit
V/msm8974_platform(  279): platform_get_output_snd_device: enter: output devices(0x2)
V/msm8974_platform(  279): get_OUTPUT_snd_device: for Normal Playback
V/msm8974_platform(  279): platform_get_output_snd_device: exit: snd_device(speaker)
V/msm8974_platform(  279): platform_send_audio_calibration: sending audio calibration for snd_device(2) acdb_id(15)
D/ACDB-LOADER(  279): ACDB -> send_audio_cal, acdb_id = 15, path =  0
D/ACDB-LOADER(  279): ACDB -> send_asm_topology
D/ACDB-LOADER(  279): ACDB -> ACDB_CMD_GET_AUDPROC_STREAM_TOPOLOGY_ID
D/ACDB-LOADER(  279): ACDB -> send_adm_topology
D/ACDB-LOADER(  279): ACDB -> ACDB_CMD_GET_AUDPROC_COMMON_TOPOLOGY_ID
D/ACDB-LOADER(  279): ACDB -> send_audtable
D/ACDB-LOADER(  279): ACDB -> ACDB_CMD_GET_AUDPROC_COMMON_TABLE
D/ACDB-LOADER(  279): ACDB -> AUDIO_SET_AUDPROC_CAL
D/ACDB-LOADER(  279): ACDB -> send_audvoltable
D/ACDB-LOADER(  279): ACDB -> ACDB_CMD_GET_AUDPROC_GAIN_DEP_STEP_TABLE
D/ACDB-LOADER(  279): ACDB -> AUDIO_SET_AUDPROC_VOL_CAL
D/ACDB-LOADER(  279): ACDB -> send_afe_cal
D/ACDB-LOADER(  279): ACDB -> ACDB_CMD_GET_AFE_COMMON_TABLE
D/ACDB-LOADER(  279): ACDB -> AUDIO_SET_AFE_CAL
D/ACDB-LOADER(  279): ACDB -> send_hw_delay : acdb_id = 15 path = 0
D/ACDB-LOADER(  279): ACDB -> ACDB_AVSYNC_INFO: ACDB_CMD_GET_DEVICE_PROPERTY
V/audio_hw_primary(  279): start_output_stream: Opening PCM device card_id(0) device_id(12)
V/audio_hw_primary(  279): start_output_stream: exit
D/StatusBar.MSimNetworkController( 1152): getNumberOfActiveSim:1
D/DataRouter(  274): After the usb select
D/DataRouter(  274): read usb data[len:1]
D/DataRouter(  274): read usb data message:A
D/DataRouter(  274): Before the usb select
E/SMD     (  275): ***Received data notification[DR->SMD]***
E/SMD     (  275): Message:A
E/SMD     (  275): Sending data to SMD: Len = [1]
E/SMD     (  275):  buffer = [A]
E/SMD     (  275): Wrote 1 chars to SMD PORT fd=7 ch = 41
D/DataRouter(  274): After the usb select
D/DataRouter(  274): read usb data[len:1]
D/DataRouter(  274): read usb data message:T
D/DataRouter(  274): Before the usb select
E/SMD     (  275): ***Received data notification[DR->SMD]***
E/SMD     (  275): Message:T
E/SMD     (  275): Sending data to SMD: Len = [1]
E/SMD     (  275):  buffer = [T]
E/SMD     (  275): Wrote 1 chars to SMD PORT fd=7 ch = 54
D/StatusBar.MSimNetworkController( 1152): getPhoneSignalIconList: mMaxLevelOfSignalStrengthIndicator = 4 inetCondition = 0
D/StatusBar.MSimNetworkController( 1152): getDataSignalIconId: mMaxLevelOfSignalStrengthIndicator = 4 inetCondition = 0 iconLevel = 4
D/StatusBar.MSimNetworkController( 1152): updateTelephonySignalStrength: iconLevel=4
D/DataRouter(  274): After the usb select
D/DataRouter(  274): read usb data[len:1]
D/DataRouter(  274): read usb data message:+
D/DataRouter(  274): Before the usb select
E/SMD     (  275): ***Received data notification[DR->SMD]***
E/SMD     (  275): Message:+
E/SMD     (  275): Sending data to SMD: Len = [1]
E/SMD     (  275):  buffer = [+]
E/SMD     (  275): Wrote 1 chars to SMD PORT fd=7 ch = 2b
D/DataRouter(  274): After the usb select
D/DataRouter(  274): read usb data[len:1]
D/DataRouter(  274): read usb data message:C
D/DataRouter(  274): Before the usb select
E/SMD     (  275): ***Received data notification[DR->SMD]***
E/SMD     (  275): Message:C
E/SMD     (  275): Sending data to SMD: Len = [1]
E/SMD     (  275):  buffer = [C]
E/SMD     (  275): Wrote 1 chars to SMD PORT fd=7 ch = 43
D/DataRouter(  274): After the usb select
D/DataRouter(  274): read usb data[len:1]
D/DataRouter(  274): read usb data message:I
D/DataRouter(  274): Before the usb select
E/SMD     (  275): ***Received data notification[DR->SMD]***
E/SMD     (  275): Message:I
E/SMD     (  275): Sending data to SMD: Len = [1]
E/SMD     (  275):  buffer = [I]
E/SMD     (  275): Wrote 1 chars to SMD PORT fd=7 ch = 49
D/DataRouter(  274): After the usb select
D/DataRouter(  274): read usb data[len:1]
D/DataRouter(  274): read usb data message:N
D/DataRouter(  274): Before the usb select
E/SMD     (  275): ***Received data notification[DR->SMD]***
E/SMD     (  275): Message:N
E/SMD     (  275): Sending data to SMD: Len = [1]
E/SMD     (  275):  buffer = [N]
E/SMD     (  275): Wrote 1 chars to SMD PORT fd=7 ch = 4e
D/DataRouter(  274): After the usb select
D/DataRouter(  274): read usb data[len:1]
D/DataRouter(  274): read usb data message:D
D/DataRouter(  274): Before the usb select
E/SMD     (  275): ***Received data notification[DR->SMD]***
E/SMD     (  275): Message:D
E/SMD     (  275): Sending data to SMD: Len = [1]
E/SMD     (  275):  buffer = [D]
E/SMD     (  275): Wrote 1 chars to SMD PORT fd=7 ch = 44
D/DataRouter(  274): After the usb select
D/DataRouter(  274): read usb data[len:1]
D/DataRouter(  274): read usb data message:?
D/DataRouter(  274): Before the usb select
E/SMD     (  275): ***Received data notification[DR->SMD]***
E/SMD     (  275): Message:?
E/SMD     (  275): Sending data to SMD: Len = [1]
E/SMD     (  275):  buffer = [?]
E/SMD     (  275): Wrote 1 chars to SMD PORT fd=7 ch = 3f
D/DataRouter(  274): After the usb select
D/DataRouter(  274): read usb data[len:1]
D/DataRouter(  274): read usb data message:
D/DataRouter(  274): Before the usb select
E/SMD     (  275): ***Received data notification[DR->SMD]***
E/SMD     (  275): Message:
E/SMD     (  275): Sending data to SMD: Len = [1]
E/SMD     (  275):  buffer = []
E/SMD     (  275): Wrote 1 chars to SMD PORT fd=7 ch = d
E/SMD     (  275): After the Modem Read select 
E/SMD     (  275): Read 32 chars from SMD Modem file fd = 7
E/SMD     (  275):  Message: 
E/SMD     (  275): +CIND: 0,3,1,0,0,0,1,0
E/SMD     (  275): 
E/SMD     (  275): OK
E/SMD     (  275): 
E/SMD     (  275): 
E/SMD     (  275): OK
E/SMD     (  275): 5)),("service",(0-1)),("call",(0-1)),("roam",(0-1)),("smsfull",(0-1)),("GPRS coverage",(0-1)),("callsetup",(0-3))
E/SMD     (  275): 
E/SMD     (  275): OK
E/SMD     (  275): 
E/SMD     (  275): 
E/SMD     (  275): Before the Modem Read select 
D/DataRouter(  274): write [32] bytes of data to USB fd[10]
D/STATUSBAR-WifiQuickSettingButton( 1152): onWifiSignalChanged enabled=true enabledDesc:"f1comp"
D/VLC     ( 1305): [b84271a0/544] core vout display: auto hiding mouse cursor
D/SensorService(  983): [SO] -0.958 6.426 7.481
D/STATUSBAR-WifiQuickSettingButton( 1152): onWifiSignalChanged enabled=true enabledDesc:"f1comp"
I/Icing   ( 1055): Indexing ED24D1D6BCABE3E5F7B76C86F0D93ABC5E6ED812 from com.google.android.gms
I/Icing   ( 1055): Not enough disk space for indexing trimmable
D/Icing   ( 1055): Loaded CLD2 Version V2.0 - 20141016
I/Icing   ( 1055): Not enough disk space for indexing trimmable
I/Icing   ( 1055): Indexing done ED24D1D6BCABE3E5F7B76C86F0D93ABC5E6ED812
E/Zygote  ( 1397): v2
I/SELinux ( 1397): Function: selinux_compare_spd_ram, SPD-policy is existed. and_ver=SEPF_SM-G530H_5.0.2-1 ver=48
I/SELinux ( 1397): Function: selinux_compare_spd_ram , priority [1] , priority version is VE=SEPF_SM-G530H_5.0.2-1_0048
E/SELinux ( 1397): [DEBUG] get_category: variable seinfo: untrusted sensitivity: NULL, cateogry: NULL
D/TimaKeyStoreProvider( 1397): in addTimaSignatureService
D/TimaKeyStoreProvider( 1397): Cannot add TimaSignature Service, License check Failed
D/ActivityThread( 1397): Added TimaKesytore provider
D/SensorService(  983): [SO] -2.012 4.321 9.380
D/SensorService(  983): [SO] Update [0 -> 255]
E/SMD     (  275): DCD OFF
W/art     ( 1397): Suspending all threads took: 24.360ms
D/STATUSBAR-WifiQuickSettingButton( 1152): onWifiSignalChanged enabled=true enabledDesc:"f1comp"
W/art     ( 1397): Suspending all threads took: 9.550ms
I/Finsky  ( 1212): [1] com.google.android.finsky.utils.dm.onTrimMemory(25): Memory trim requested to level 60
E/Zygote  ( 1424): v2
I/SELinux ( 1424): Function: selinux_compare_spd_ram, SPD-policy is existed. and_ver=SEPF_SM-G530H_5.0.2-1 ver=48
I/SELinux ( 1424): Function: selinux_compare_spd_ram , priority [1] , priority version is VE=SEPF_SM-G530H_5.0.2-1_0048
E/SELinux ( 1424): [DEBUG] get_category: variable seinfo: default sensitivity: NULL, cateogry: NULL
I/art     (  294): Explicit concurrent mark sweep GC freed 8742(372KB) AllocSpace objects, 0(0B) LOS objects, 34% free, 3MB/5MB, paused 2.987ms total 17.408ms
I/art     (  294): Explicit concurrent mark sweep GC freed 5(160B) AllocSpace objects, 0(0B) LOS objects, 34% free, 3MB/5MB, paused 539us total 7.153ms
I/art     (  294): Explicit concurrent mark sweep GC freed 5(160B) AllocSpace objects, 0(0B) LOS objects, 34% free, 3MB/5MB, paused 543us total 7.216ms
I/SurfaceFlinger(  253): id=2993 Removed Uoast (9/9)
I/SurfaceFlinger(  253): id=2993 Removed Uoast (-2/9)
D/TimaKeyStoreProvider( 1424): in addTimaSignatureService
D/TimaKeyStoreProvider( 1424): Cannot add TimaSignature Service, License check Failed
D/ActivityThread( 1424): Added TimaKesytore provider
I/UpdateIcingCorporaServi( 1397): Updating corpora: APPS=com.example.anya.videoexample, CONTACTS=MAYBE
I/MultiDex( 1424): VM with version 2.1.0 has multidex support
I/MultiDex( 1424): install
I/MultiDex( 1424): VM has multidex support, MultiDex support library is disabled.
I/MultiDex( 1424): install
I/MultiDex( 1424): VM has multidex support, MultiDex support library is disabled.
D/SecContentProvider2(  983): uri = 15 selection = getToastGravityEnabledState
D/SecContentProvider2(  983): mCursor = null
D/SecContentProvider2(  983): uri = 15 selection = getToastGravity
D/SecContentProvider2(  983): mCursor = null
D/SecContentProvider2(  983): uri = 15 selection = getToastGravityXOffset
D/SecContentProvider2(  983): mCursor = null
D/SecContentProvider2(  983): uri = 15 selection = getToastGravityYOffset
D/SecContentProvider2(  983): mCursor = null
D/KeyguardUpdateMonitor( 1152): received broadcast android.intent.action.BATTERY_CHANGED
D/KeyguardUpdateMonitor( 1152): handleBatteryUpdate
D/DisplayManager( 1424): DisplayManager()
I/Finsky  ( 1212): [1] com.google.android.finsky.utils.dm.onTrimMemory(25): Memory trim requested to level 60
D/InputReader(  983): Input event: value=1
E/lights  (  983): write_int failed to open -1
D/InputReader(  983): Input event: value=0
W/ResourceType( 1152): No package identifier when getting value for resource number 0x00000000
W/PackageManager( 1152): Failure retrieving resources for com.example.anya.videoexample: Resource ID #0x0
I/UpdateIcingCorporaServi( 1397): UpdateCorporaTask done [took 735 ms] updated apps [took 706 ms] 
E/PersonaManagerService(  983): inState():  stateMachine is null !!
I/PersonaManagerService(  983): PersonaId don't exist
I/ActivityManager(  983): do not start freezing screen for locked container getKeyguardshowstate = false
I/MemoryTrimmer( 1397): Trimming objects from memory, since app is in the background.
E/Zygote  ( 1470): v2
I/SELinux ( 1470): Function: selinux_compare_spd_ram, SPD-policy is existed. and_ver=SEPF_SM-G530H_5.0.2-1 ver=48
I/SELinux ( 1470): Function: selinux_compare_spd_ram , priority [1] , priority version is VE=SEPF_SM-G530H_5.0.2-1_0048
D/InputDispatcher(  983): Focused application set to: xxxx
E/SELinux ( 1470): [DEBUG] get_category: variable seinfo: platform sensitivity: NULL, cateogry: NULL
D/InputDispatcher(  983): Focus left window: 1305
I/StatusBar( 1152): Icon Only
W/Settings( 1152): Setting airplane_mode_on has moved from android.provider.Settings.System to android.provider.Settings.Global, returning read-only value.
E/FlurryAgent( 1424): GOOGLE PLAY SERVICES EXCEPTION: com.google.android.gms.common.GooglePlayServicesUtil
E/FlurryAgent( 1424): There is a problem with the Google Play Services library, which is required for Android Advertising ID support. The Google Play Services library should be integrated in any app shipping in the Play Store that uses analytics or advertising.
D/StatusBar( 1152): getNumberOfActiveSim:1
D/PanelView( 1152): There is/are notification(s) 
D/PhoneStatusBar( 1152): animateCollapse(): mExpandedVisible=false flags=2
D/StatusBar-Window( 1152): fnf=true sanc=false, kni=false, sbf=false
D/CoverUI ( 1152): applyFocusableFlag() : Remove SAMSUNG_FLAG_SVIEW_COVER
I/ACodec  ( 1305): [OMX.qcom.video.decoder.avc] Now Flushing
I/ACodec  ( 1305): [OMX.qcom.video.decoder.avc] Now Executing
E/NdkMediaCodec( 1305): sf error code: -13
D/VLC     ( 1305): [b83c0e90/53c] core decoder: killing decoder fourcc `h264', 27 PES in FIFO
D/VLC     ( 1305): [b83c0e90/53c] core decoder: removing module "mediacodec"
I/ACodec  ( 1305): [OMX.qcom.video.decoder.avc] Now Executing->Idle
I/ACodec  ( 1305): [OMX.qcom.video.decoder.avc] Now Idle->Loaded
I/ACodec  ( 1305): [OMX.qcom.video.decoder.avc] Now Loaded
I/OMX-VDEC-1080P(  279): omx_vdec::component_deinit() complete
I/OMX-VDEC-1080P(  279): Exit OMX vdec Destructor: fd=42
D/OMX     (  279): SendBroadCasting VIDEO_PLAYBACK_STOP
I/ACodec  ( 1305):  [OMX.qcom.video.decoder.avc] Now uninitialized
D/VLC     ( 1305): [b83c0e90/53c] mediacodec decoder: MediaCodec via NDK closed
D/VLC     ( 1305): [b8312a00/53c] core generic: saving a free vout
D/VLC     ( 1305): [b8312a00/53c] core generic: reusing provided vout
W/art     ( 1305): Native thread exiting without having called DetachCurrentThread (maybe it's going to use a pthread_key_create destructor?): Thread[16,tid=1382,Native,Thread*=0xb844e290,peer=0x12d21500,"opensles"]
D/VLC     ( 1305): [b84328e0/53c] core decoder: killing decoder fourcc `mp4a', 0 PES in FIFO
D/VLC     ( 1305): [b84328e0/53c] core decoder: removing module "avcodec"
D/VLC     ( 1305): [b84328e0/53c] avcodec decoder: ffmpeg codec (aac) stopped
D/VLC     ( 1305): [b84d96c8/53c] core audio resampler: removing module "ugly"
D/VLC     ( 1305): [b84ce5a8/53c] core audio filter: removing module "scaletempo"
D/VLC     ( 1305): [b84d9380/53c] core audio converter: removing module "audio_format"
D/AudioFlinger(  279): releaseAudioSessionId
D/AudioFlinger(  279): releasing 675 from 1305 for 1305
D/AudioFlinger(  279): purging stale effects ++
D/AudioFlinger(  279): purging stale effects --
D/VLC     ( 1305): [b83b6558/53c] core volume: removing module "integer_mixer"
D/VLC     ( 1305): [b8312a00/53c] core generic: keeping audio output
D/VLC     ( 1305): [b83a27f0/53c] core demux: removing module "mp4"
D/VLC     ( 1305): [b83a27f0/53c] mp4 demux: freeing all memory
D/VLC     ( 1305): [b839a5f0/53c] core input: Program doesn't contain anymore ES
D/VLC     ( 1305): [b83a2710/53c] core stream: removing module "record"
D/VLC     ( 1305): [b83a2500/53c] core stream: removing module "cache_read"
D/VLC     ( 1305): [b83a0d98/53c] core access: removing module "filesystem"
W/art     ( 1305): Native thread exiting without having called DetachCurrentThread (maybe it's going to use a pthread_key_create destructor?): Thread[12,tid=1340,Native,Thread*=0xb83a0448,peer=0x12e9e080,"VlcObject"]
D/VLC     ( 1305): [b839a5f0/519] core input: Destroying the input for 'radioastron.mp4'
D/VLC     ( 1305): [b8315448/519] core audio output: removing module "opensles_android"
D/VLC     ( 1305): [b8245638/519] core video output: destroying useless vout
D/VLC     ( 1305): [b84271a0/544] core vout display: removing module "android_window"
I/System.out( 1424): Thread-64577(ApacheHTTPLog):Reading from variable values from setDefaultValuesToVariables
I/System.out( 1424): Thread-64577(ApacheHTTPLog):isSBSettingEnabled false
I/System.out( 1424): Thread-64577(ApacheHTTPLog):isShipBuild true
I/System.out( 1424): Thread-64577(ApacheHTTPLog):SMARTBONDING_ENABLED is false
I/System.out( 1424): Thread-64577(ApacheHTTPLog):SmartBonding Enabling is false, SHIP_BUILD is true, log to file is false, DBG is false
W/art     ( 1305): Native thread exiting without having called DetachCurrentThread (maybe it's going to use a pthread_key_create destructor?): Thread[13,tid=1348,Native,Thread*=0xb8427378,peer=0x12c00080,"AWindowHandler"]
D/VLC     ( 1305): [b83d8bc0/519] core spu text: removing module "freetype"
D/VLC     ( 1305): [b84263f0/519] core scale: removing module "yuvp"
D/PanelView( 1152): mClearAll.setVisibility - mIsFullyOpened : false isShade : true mHasNotification : true mIsUpwardFling : false mQsFullyExpanded : true isShadeLocked : false mClearAllVisible : false
D/VLC     ( 1305): [b83d70d0/519] core scale: removing module "swscale"
D/TimaKeyStoreProvider( 1470): in addTimaSignatureService
D/EnterpriseController(  272): uids 10123
D/EnterpriseController(  272): mIsMarkChainAdded is 18 mIsBlockChainAdded is 252 netId is 0
D/Netd    (  272): getNetworkForDns: using netid 530 for uid 10123
D/TimaKeyStoreProvider( 1470): Cannot add TimaSignature Service, License check Failed
D/ActivityThread( 1470): Added TimaKesytore provider
D/DisplayManager(  983): addAllDisplaysLocked()
I/System.out( 1424): (HTTPLog)-Static: isSBSettingEnabled false
I/System.out( 1424): (HTTPLog)-Static: isShipBuild true
I/System.out( 1424): (HTTPLog)-Thread-64583-430445814: SmartBonding Enabling is false, SHIP_BUILD is true, log to file is false, DBG is false
I/System.out( 1424): (HTTPLog)-Thread-64583-430445814: SMARTBONDING_FEATURE_ENABLED is false
I/System.out( 1424): (HTTPLog)-Static: isSBSettingEnabled false
D/EnterpriseController(  272): uids 10123
D/EnterpriseController(  272): mIsMarkChainAdded is 18 mIsBlockChainAdded is 252 netId is 0
D/Netd    (  272): getNetworkForDns: using netid 530 for uid 10123
V/AudioPolicyManager(  279): stopOutput() output 4, stream 3, session 675
V/AudioPolicyManager(  279): changeRefCount() stream 3, count 0
V/AudioPolicyManager(  279): getNewOutputDevice() selected device 0
V/AudioPolicyManager(  279): setOutputDevice() output 4 device 0000 delayMs 100
V/AudioPolicyManager(  279): setOutputDevice() prevDevice 0002
V/AudioPolicyManager(  279): setOutputDevice() setting same device 0000 or null device for output 4
V/AudioPolicyManager(  279): getOutputsForDevice device 0002 -> 0002
V/AudioPolicyManager(  279): getOutputsForDevice device 0002 -> 0002
V/AudioPolicyManager(  279): releaseOutput() 4
E/OpenGLRenderer( 1305): SFEffectCache:clear(), mSize = 0
I/Timeline( 1424): Timeline: Activity_launch_request id:com.estrongs.android.pop time:237342961
E/PersonaManagerService(  983): inState():  stateMachine is null !!
I/PersonaManagerService(  983): Failed to execute isKioskModeEnabled. java.lang.SecurityException: You need MANAGE_USERS permission to: query user
I/ActivityManager(  983): do not start freezing screen for locked container getKeyguardshowstate = false
D/InputDispatcher(  983): Focused application set to: xxxx
D/DisplayManager( 1470): DisplayManager()
D/SensorService(  983): [SO] -2.257 5.397 8.262
D/STATUSBAR-WifiQuickSettingButton( 1152): onWifiSignalChanged enabled=true enabledDesc:"f1comp"
E/Zygote  ( 1513): v2
I/SELinux ( 1513): Function: selinux_compare_spd_ram, SPD-policy is existed. and_ver=SEPF_SM-G530H_5.0.2-1 ver=48
I/SELinux ( 1513): Function: selinux_compare_spd_ram , priority [1] , priority version is VE=SEPF_SM-G530H_5.0.2-1_0048
E/SELinux ( 1513): [DEBUG] get_category: variable seinfo: platform sensitivity: NULL, cateogry: NULL
I/System.out( 1424): stts calls detatch()
D/TimaKeyStoreProvider( 1513): in addTimaSignatureService
D/TimaKeyStoreProvider( 1513): Cannot add TimaSignature Service, License check Failed
D/ActivityThread( 1513): Added TimaKesytore provider
D/DisplayManager(  983): addAllDisplaysLocked()
W/ResourceType( 1470): No package identifier when getting value for resource number 0x00000000
W/PackageManager( 1470): Failure retrieving resources for com.vkontakte.android: Resource ID #0x0
D/WVMDrmPlugIn(  278): WVMDrmPlugin::onInitialize : 6914
D/WVMDrmPlugIn(  278): WVMDrmPlugin::onSetOnInfoListener : add 6914
D/WVMDrmPlugIn(  278): WVMDrmPlugin::onTerminate : 6914
I/Icing   ( 1055): Indexing 71832839B0DEA0E587AEEBAC0073D175C6CFACF5 from com.google.android.googlequicksearchbox
I/Icing   ( 1055): Not enough disk space for indexing trimmable
I/System.out( 1424): (HTTPLog)-Static: isSBSettingEnabled false
D/EnterpriseController(  272): uids 10123
D/EnterpriseController(  272): mIsMarkChainAdded is 18 mIsBlockChainAdded is 252 netId is 0
D/Netd    (  272): getNetworkForDns: using netid 530 for uid 10123
W/ResourceType( 1470): No package identifier when getting value for resource number 0x00000000
W/PackageManager( 1470): Failure retrieving resources for com.android.mms: Resource ID #0x0
W/art     (23428): Suspending all threads took: 14.634ms
D/WVMDrmPlugIn(  278): WVMDrmPlugin::onInitialize : 5836
D/WVMDrmPlugIn(  278): WVMDrmPlugin::onSetOnInfoListener : add 5836
D/WVMDrmPlugIn(  278): WVMDrmPlugin::onTerminate : 5836
W/ResourceType( 1470): No package identifier when getting value for resource number 0x00000000
W/PackageManager( 1470): Failure retrieving resources for com.devhd.feedly: Resource ID #0x0
I/MemoryTrimmer( 1397): Trimming objects from memory, since app is in the background.
I/Icing   ( 1055): Not enough disk space for indexing trimmable
W/FlurryAgent( 1424): Flurry session started for context:com.estrongs.android.pop.app.InstallMonitorActivity@16d3a4a9
W/FlurryAgent( 1424): Flurry session resumed for context:com.estrongs.android.pop.app.InstallMonitorActivity@16d3a4a9
I/MemoryTrimmer( 1397): Trimming objects from memory, since app is in the background.
I/Icing   ( 1055): Indexing done 71832839B0DEA0E587AEEBAC0073D175C6CFACF5
I/MemoryTrimmer( 1397): Trimming objects from memory, since app is in the background.
I/art     ( 1470): Background partial concurrent mark sweep GC freed 731(46KB) AllocSpace objects, 0(0B) LOS objects, 25% free, 5MB/7MB, paused 705us total 103.710ms
W/ResourceType( 1470): No package identifier when getting value for resource number 0x00000000
W/PackageManager( 1470): Failure retrieving resources for ru.krasview.tv: Resource ID #0x0
E/lights  (  983): write_int failed to open -1
W/ResourceType( 1470): No package identifier when getting value for resource number 0x00000000
W/PackageManager( 1470): Failure retrieving resources for com.toggl.timer: Resource ID #0x0
W/ResourceType( 1470): No package identifier when getting value for resource number 0x00000000
W/PackageManager( 1470): Failure retrieving resources for com.example.anya.videoexample: Resource ID #0x0
D/SecContentProvider2(  983): uri = 13 selection = isTaskManagerAllowed
D/SecContentProvider2(  983): mCursor = null
E/SMD     (  275): DCD OFF
W/OpenGLRenderer( 1470): can't set property, no Caches instance
I/System.out( 1424): (HTTPLog)-Static: isSBSettingEnabled false
D/EnterpriseController(  272): uids 10123
D/EnterpriseController(  272): mIsMarkChainAdded is 18 mIsBlockChainAdded is 252 netId is 0
D/Netd    (  272): getNetworkForDns: using netid 530 for uid 10123
I/WebViewFactory( 1424): Loading com.google.android.webview version 51.0.2704.81 (code 270408100)
W/ResourceType( 1470): No package identifier when getting value for resource number 0x00000000
W/PackageManager( 1470): Failure retrieving resources for com.estrongs.android.pop: Resource ID #0x0
D/SecContentProvider2(  983): uri = 13 selection = isTaskManagerAllowed
D/SecContentProvider2(  983): mCursor = null
I/cr_LibraryLoader( 1424): Time to load native libraries: 55 ms (timestamps 4215-4270)
D/OpenGLRenderer( 1470): Render dirty regions requested: true
I/cr_LibraryLoader( 1424): Expected native library version number "51.0.2704.81", actual native library version number "51.0.2704.81"
D/ActivityManager(  983): post active user change for 0 fullscreen true
D/KnoxTimeoutHandler(  983): postActiveUserChange for user 0
I/KnoxTimeoutHandler(  983): postActiveUserChange, showWhenLocked: false
D/KnoxTimeoutHandler(  983): handleActiveUserChange for user 0
E/Zygote  ( 1557): v2
I/SELinux ( 1557): Function: selinux_compare_spd_ram, SPD-policy is existed. and_ver=SEPF_SM-G530H_5.0.2-1 ver=48
I/SELinux ( 1557): Function: selinux_compare_spd_ram , priority [1] , priority version is VE=SEPF_SM-G530H_5.0.2-1_0048
E/SELinux ( 1557): [DEBUG] get_category: variable seinfo: platform sensitivity: NULL, cateogry: NULL
V/WebViewChromiumFactoryProvider( 1424): Binding Chromium to main looper Looper (main, tid 1) {1c9b9560}
D/TimaKeyStoreProvider( 1557): in addTimaSignatureService
D/TimaKeyStoreProvider( 1557): Cannot add TimaSignature Service, License check Failed
D/ActivityThread( 1557): Added TimaKesytore provider
D/InputDispatcher(  983): Focused application set to: xxxx
D/ActivityManager(  983): post active user change for 0 fullscreen false
D/KnoxTimeoutHandler(  983): postActiveUserChange for user 0
I/KnoxTimeoutHandler(  983): postActiveUserChange, showWhenLocked: false
D/KnoxTimeoutHandler(  983): handleActiveUserChange for user 0
I/KnoxTimeoutHandler(  983): Target Activity is not fullscreen. We will not show this activity0
I/cr_LibraryLoader( 1424): Expected native library version number "51.0.2704.81", actual native library version number "51.0.2704.81"
D/SensorService(  983): [SO] activate (ident=0xb8391a10, enabled=0)
I/Sensors (  983): AccelerometerSensor enable: mEnabled 1, handle 0, en 0
D/SensorManager(  983): unregisterListener ::   
I/PCWCLIENTTRACE_LOG( 1557): DEFAULT_LOGON : true
I/PCWCLIENTTRACE_LOG( 1557): DEFAULT_LOGLEVEL : 3
I/PCWCLIENTTRACE_DMDBOpenHelper( 1557): new DMDBOpenHelper instance
I/Sensors (  983): AccelerometerSensor(0) setDelay : 200000000(ns)
D/SensorService(  983): [SO] changed settle time [0]
D/SensorService(  983): [SO] activate (ident=0xb8391a10, enabled=1)
D/SensorService(  983): [SO] AR_init
I/Sensors (  983): AccelerometerSensor enable: mEnabled 0, handle 0, en 1
D/SensorManager(  983): registerListener :: 1600221811, Screen Orientation Sensor, 200000, 0,  
I/chromium( 1424): [INFO:library_loader_hooks.cc(143)] Chromium logging enabled: level = 0, default verbosity = 0
I/PCWCLIENTTRACE_PushUtil( 1557): SPPPushClient is installed : true
I/PCWCLIENTTRACE_PushUtil( 1557): sales region : global
I/PCWCLIENTTRACE_PushUtil( 1557): getPushTypeList : [SPP, GCM]
I/PCWCLIENTTRACE_SYSTEMReceiver( 1557): [onReceive] - android.intent.action.PACKAGE_REPLACED
D/PCWCLIENTTRACE_SYSTEMReceiver( 1557): ACTION_PACKAGE_REPLACED_START
E/Zygote  ( 1584): v2
I/SELinux ( 1584): Function: selinux_compare_spd_ram, SPD-policy is existed. and_ver=SEPF_SM-G530H_5.0.2-1 ver=48
I/SELinux ( 1584): Function: selinux_compare_spd_ram , priority [1] , priority version is VE=SEPF_SM-G530H_5.0.2-1_0048
E/SELinux ( 1584): [DEBUG] get_category: variable seinfo: release sensitivity: NULL, cateogry: NULL
I/System.out( 1424): (HTTPLog)-Static: isSBSettingEnabled false
D/EnterpriseController(  272): uids 10123
D/EnterpriseController(  272): mIsMarkChainAdded is 18 mIsBlockChainAdded is 252 netId is 0
D/Netd    (  272): getNetworkForDns: using netid 530 for uid 10123
E/EmojiFactory_jni( 1470): Failed to load libemoji.so: dlopen failed: library "libemoji.so" not found
I/SurfaceFlinger(  253): id=2994 createSurf (1x1),1 flag=4, SecentsActi
D/TimaKeyStoreProvider( 1584): in addTimaSignatureService
I/cr_BrowserStartup( 1424): Initializing chromium process, singleProcess=true
I/Adreno-EGL( 1470): <qeglDrvAPI_eglInitialize:379>: EGL 1.4 QUALCOMM build:  (Ib51f183a9b)
I/Adreno-EGL( 1470): OpenGL ES Shader Compiler Version: E031.25.03.02
I/Adreno-EGL( 1470): Build Date: 04/21/15 Tue
I/Adreno-EGL( 1470): Local Branch: skarajga_1.1.2_rb1_18_For_SS_SR#01986467
I/Adreno-EGL( 1470): Remote Branch: 
I/Adreno-EGL( 1470): Local Patches: 
I/Adreno-EGL( 1470): Reconstruct Branch: 
I/OpenGLRenderer( 1470): Initialized EGL, version 1.4
D/SensorService(  983): [SO] Reset Rotation Old [100], Init [1]
E/SMD     (  275): After the Modem Read select 
E/SMD     (  275): Read 14 chars from SMD Modem file fd = 7
E/SMD     (  275):  Message: 
E/SMD     (  275): +CIEV: 1,2
E/SMD     (  275): ,0,0,0,1,0
E/SMD     (  275): 
E/SMD     (  275): OK
E/SMD     (  275): 
E/SMD     (  275): 
E/SMD     (  275): OK
E/SMD     (  275): 5)),("service",(0-1)),("call",(0-1)),("roam",(0-1)),("smsfull",(0-1)),("GPRS coverage",(0-1)),("callsetup",(0-3))
E/SMD     (  275): 
