D/STATUSBAR-WifiQuickSettingButton( 1152): onWifiSignalChanged enabled=true enabledDesc:"f1comp"
D/SensorService(  983): [SO] 1.161 -0.053 10.064
E/SMD     (  275): DCD OFF
D/StatusBar.MSimNetworkController( 1152): getNumberOfActiveSim:1
D/StatusBar.MSimNetworkController( 1152): getPhoneSignalIconList: mMaxLevelOfSignalStrengthIndicator = 4 inetCondition = 0
D/StatusBar.MSimNetworkController( 1152): getDataSignalIconId: mMaxLevelOfSignalStrengthIndicator = 4 inetCondition = 0 iconLevel = 4
D/StatusBar.MSimNetworkController( 1152): updateTelephonySignalStrength: iconLevel=4
D/STATUSBAR-WifiQuickSettingButton( 1152): onWifiSignalChanged enabled=true enabledDesc:"f1comp"
D/STATUSBAR-WifiQuickSettingButton( 1152): onWifiSignalChanged enabled=true enabledDesc:"f1comp"
I/Auth    (23687): [AuthDelegateWrapper] Service intent: Intent { cmp=com.google.android.gms/.auth.account.authenticator.DefaultAuthDelegateService }.
I/Auth    (23687): [AuthDelegateWrapper] Service intent: Intent { cmp=com.google.android.gms/.auth.account.authenticator.DefaultAuthDelegateService }.
I/Auth    (23687): [AuthDelegateWrapper] Service intent: Intent { cmp=com.google.android.gms/.auth.account.authenticator.DefaultAuthDelegateService }.
I/System.out(23064): (HTTPLog)-Static: isSBSettingEnabled false
I/System.out(23064): (HTTPLog)-Static: isShipBuild true
I/System.out(23064): (HTTPLog)-Thread-35821-185103887: SmartBonding Enabling is false, SHIP_BUILD is true, log to file is false, DBG is false
I/System.out(23064): (HTTPLog)-Thread-35821-185103887: SMARTBONDING_FEATURE_ENABLED is false
I/System.out(23064): (HTTPLog)-Static: isSBSettingEnabled false
D/EnterpriseController(  272): uids 10019
D/EnterpriseController(  272): mIsMarkChainAdded is 18 mIsBlockChainAdded is 252 netId is 0
D/Netd    (  272): getNetworkForDns: using netid 516 for uid 10019
E/SMD     (  275): DCD OFF
D/STATUSBAR-WifiQuickSettingButton( 1152): onWifiSignalChanged enabled=true enabledDesc:"f1comp"
D/SensorService(  983): [SO] 1.155 -0.051 10.080
E/Zygote  (23480): v2
I/SELinux (23480): Function: selinux_compare_spd_ram, SPD-policy is existed. and_ver=SEPF_SM-G530H_5.0.2-1 ver=48
I/SELinux (23480): Function: selinux_compare_spd_ram , priority [1] , priority version is VE=SEPF_SM-G530H_5.0.2-1_0048
E/SELinux (23480): [DEBUG] get_category: variable seinfo: default sensitivity: NULL, cateogry: NULL
D/TimaKeyStoreProvider(23480): in addTimaSignatureService
D/TimaKeyStoreProvider(23480): Cannot add TimaSignature Service, License check Failed
D/ActivityThread(23480): Added TimaKesytore provider
I/MultiDex(23480): VM with version 2.1.0 has multidex support
I/MultiDex(23480): install
I/MultiDex(23480): VM has multidex support, MultiDex support library is disabled.
I/GMPM    (23480): App measurement is starting up, version: 8487
I/GMPM    (23480): To enable debug logging run: adb shell setprop log.tag.GMPM VERBOSE
E/GMPM    (23480): GoogleService failed to initialize, status: 10, Missing an expected resource: 'R.string.google_app_id' for initializing Google services.  Possible causes are missing google-services.json or com.google.gms.google-services gradle plugin.
E/GMPM    (23480): Scheduler not set. Not logging error/warn.
D/EnterpriseController(  272): uids 10108
D/EnterpriseController(  272): mIsMarkChainAdded is 18 mIsBlockChainAdded is 252 netId is 0
D/Netd    (  272): getNetworkForDns: using netid 516 for uid 10108
E/GMPM    (23480): Uploading is not possible. App measurement disabled
I/art     (23687): Explicit concurrent mark sweep GC freed 50131(2MB) AllocSpace objects, 10(448KB) LOS objects, 25% free, 14MB/19MB, paused 1.596ms total 277.687ms
D/ACRA    (23480): ACRA is enabled for com.vkontakte.android, initializing...
D/ACRA    (23480): Using custom Report Fields
D/ACRA    (23480): Looking for error files in /data/data/com.vkontakte.android/files
D/ACRA    (23480): Looking for error files in /data/data/com.vkontakte.android/files
I/[myTracker](23480): Tracker initialized. Version: 1.2.2. ID: 39905392329609327611
W/art     (23480): Suspending all threads took: 15.848ms
W/ContextImpl(23480): Failed to ensure directory: /storage/extSdCard/Android/data/com.vkontakte.android/cache
D/StatusBar.MSimNetworkController( 1152): getNumberOfActiveSim:1
D/StatusBar.MSimNetworkController( 1152): getPhoneSignalIconList: mMaxLevelOfSignalStrengthIndicator = 4 inetCondition = 0
D/StatusBar.MSimNetworkController( 1152): getDataSignalIconId: mMaxLevelOfSignalStrengthIndicator = 4 inetCondition = 0 iconLevel = 4
D/StatusBar.MSimNetworkController( 1152): updateTelephonySignalStrength: iconLevel=4
D/STATUSBAR-WifiQuickSettingButton( 1152): onWifiSignalChanged enabled=true enabledDesc:"f1comp"
I/vk_longpoll(23480): Before get long poll history, pts=11212
I/vk_longpoll(23480): Before get long poll history, pts=11212
D/EnterpriseController(  272): uids 10113
D/EnterpriseController(  272): mIsMarkChainAdded is 18 mIsBlockChainAdded is 252 netId is 0
D/Netd    (  272): getNetworkForDns: using netid 516 for uid 10113
D/EnterpriseController(  272): uids 10113
D/EnterpriseController(  272): mIsMarkChainAdded is 18 mIsBlockChainAdded is 252 netId is 0
D/Netd    (  272): getNetworkForDns: using netid 516 for uid 10113
D/vk_longpoll(23480): Msg diff=2 [server=3536, client=3534]
I/vk_longpoll(23480): Get long poll history, old ts=11212
D/vk_longpoll(23480): Msg diff=2 [server=3536, client=3534]
I/vk_longpoll(23480): Get long poll history, old ts=11212
E/SQLiteLog(23480): (2067) abort at 20 in [INSERT INTO messages_top_ids(msg_time,peer,msg_id) VALUES (?,?,?)]: UNIQUE constraint failed: messages_top_ids.peer
E/SQLiteLog(23480): (2067) abort at 20 in [INSERT INTO messages_top_ids(msg_time,msg_id,peer) VALUES (?,?,?)]: UNIQUE constraint failed: messages_top_ids.peer
E/SQLiteLog(23480): (2067) abort at 20 in [INSERT INTO messages_top_ids(msg_time,peer,msg_id) VALUES (?,?,?)]: UNIQUE constraint failed: messages_top_ids.peer
E/SQLiteLog(23480): (2067) abort at 20 in [INSERT INTO messages_top_ids(msg_time,msg_id,peer) VALUES (?,?,?)]: UNIQUE constraint failed: messages_top_ids.peer
I/vk      (23480): count=20
E/SQLiteLog(23480): (284) automatic index on friends_hints_order(uid)
D/DisplayManager(23480): DisplayManager()
I/vk      (23480): read from parcel NewsEntry {id=-36492047_81140, text=, repostText=, flags=3, type=0, attachments=[photo-36492047_420684568_04803eaa8a51dd6cae, http://vkontakte.ru/id7483358], repostAttachments=[]}
I/vk      (23480): read from parcel NewsEntry {id=-83515968_48236, text=Это я вдыхаю запах лета, repostText=, flags=1, type=0, attachments=[photo-83515968_416420894_806b3920845340d6a6, http://vkontakte.ru/id163062308], repostAttachments=[]}
E/SMD     (  275): DCD OFF
I/vk      (23480): count=20
D/vk_longpoll(23480): More=false
I/vk_longpoll(23480): Get long poll hisrory done.
I/vk      (23480): read from parcel NewsEntry {id=-36492047_81140, text=, repostText=, flags=3, type=0, attachments=[photo-36492047_420684568_04803eaa8a51dd6cae, http://vkontakte.ru/id7483358], repostAttachments=[]}
I/vk      (23480): read from parcel NewsEntry {id=-83515968_48236, text=Это я вдыхаю запах лета, repostText=, flags=1, type=0, attachments=[photo-83515968_416420894_806b3920845340d6a6, http://vkontakte.ru/id163062308], repostAttachments=[]}
D/StatusBar.MSimNetworkController( 1152): getNumberOfActiveSim:1
D/StatusBar.MSimNetworkController( 1152): getPhoneSignalIconList: mMaxLevelOfSignalStrengthIndicator = 4 inetCondition = 0
D/StatusBar.MSimNetworkController( 1152): getDataSignalIconId: mMaxLevelOfSignalStrengthIndicator = 4 inetCondition = 0 iconLevel = 4
D/StatusBar.MSimNetworkController( 1152): updateTelephonySignalStrength: iconLevel=4
D/STATUSBAR-WifiQuickSettingButton( 1152): onWifiSignalChanged enabled=true enabledDesc:"f1comp"
D/vk_longpoll(23480): More=false
I/vk_longpoll(23480): Get long poll hisrory done.
I/vk      (23480): On users loaded [User {id=7115902, name=Дмитрий Чирков [Дмитрий/Чирков], photo=http://cs411926.vk.me/v411926902/c79e/ZfFXcI3tgVs.jpg, online=0, extra=null, gender=false}, User {id=16002716, name=Артем Наркевич [Артем/Наркевич], photo=http://cs11353.vk.me/u16002716/d_070edeee.jpg, online=0, extra=null, gender=false}]
D/vk      (23480): U={7115902=User {id=7115902, name=Дмитрий Чирков [Дмитрий/Чирков], photo=http://cs411926.vk.me/v411926902/c79e/ZfFXcI3tgVs.jpg, online=0, extra=null, gender=false}, 16002716=User {id=16002716, name=Артем Наркевич [Артем/Наркевич], photo=http://cs11353.vk.me/u16002716/d_070edeee.jpg, online=0, extra=null, gender=false}}
I/vk      (23480): On users loaded [User {id=7115902, name=Дмитрий Чирков [Дмитрий/Чирков], photo=http://cs411926.vk.me/v411926902/c79e/ZfFXcI3tgVs.jpg, online=0, extra=null, gender=false}, User {id=16002716, name=Артем Наркевич [Артем/Наркевич], photo=http://cs11353.vk.me/u16002716/d_070edeee.jpg, online=0, extra=null, gender=false}]
D/vk      (23480): U={7115902=User {id=7115902, name=Дмитрий Чирков [Дмитрий/Чирков], photo=http://cs411926.vk.me/v411926902/c79e/ZfFXcI3tgVs.jpg, online=0, extra=null, gender=false}, 16002716=User {id=16002716, name=Артем Наркевич [Артем/Наркевич], photo=http://cs11353.vk.me/u16002716/d_070edeee.jpg, online=0, extra=null, gender=false}}
D/EnterpriseController(  272): uids 10113
D/EnterpriseController(  272): mIsMarkChainAdded is 18 mIsBlockChainAdded is 252 netId is 0
D/Netd    (  272): getNetworkForDns: using netid 516 for uid 10113
D/SensorService(  983): [SO] 1.145 -0.047 10.069
I/vk_longpoll(23480): 0->1
I/vk_longpoll(23480): 1->1
V/AudioPolicyManager(  279): getOutputsForDevice device 0002 -> 0002
I/AudioService(  983): getStreamVolume 5 index 80
I/art     (  983): Background sticky concurrent mark sweep GC freed 96593(5MB) AllocSpace objects, 106(1697KB) LOS objects, 17% free, 33MB/41MB, paused 14.284ms total 103.829ms
V/Vibrator(  983): Called vibrate(int, int, AudioAttributes, MagnitudeTypes) API - PUID: 1000, repeat: -1, PackageName: android, MagnitudeType: NotificationMagnitude
V/Vibrator(  983): vibrate - PUID: 1000, PackageName: android, type: 17, repeat: -1, mag: 10000, AudioAttr : null
V/AudioPolicyManager(  279): getOutputsForDevice device 0002 -> 0002
I/AudioService(  983): getStreamVolume 5 index 80
V/Vibrator(  983): Called vibrate(int, int, AudioAttributes, MagnitudeTypes) API - PUID: 1000, repeat: -1, PackageName: android, MagnitudeType: NotificationMagnitude
V/Vibrator(  983): vibrate - PUID: 1000, PackageName: android, type: 17, repeat: -1, mag: 10000, AudioAttr : null
V/MediaPlayer-JNI( 1152): native_setup
V/MediaPlayer( 1152): constructor
V/MediaPlayer( 1152): setListener
E/MediaPlayer-JNI( 1152): QCMediaPlayer mediaplayer NOT present
V/MediaPlayer-JNI( 1152): setParameter: key 1400
V/MediaPlayer( 1152): MediaPlayer::setParameter(1400)
D/RingtoneManager( 1152): getActualDefaultRingtoneUri  type    :2
D/RingtoneManager( 1152): checkDefaultRingtoneProperUri : InternalMediaAudio uriString not null    type:2
V/MediaPlayer-JNI( 1152): setDataSourceFD: fd 72
V/MediaPlayer( 1152): setDataSource(72, 0, 576460752303423487)
V/MediaPlayerService(  279): Create new client(141) from pid 1152, uid 10014, 
V/MediaPlayerService(  279): setDataSource fd=43, offset=0, length=576460752303423487
V/MediaPlayerService(  279): st_dev  = 45848
V/MediaPlayerService(  279): st_mode = 33188
V/MediaPlayerService(  279): st_uid  = 0
V/MediaPlayerService(  279): st_gid  = 0
V/MediaPlayerService(  279): st_size = 25929
V/MediaPlayerService(  279): calculated length = 25929
V/MediaPlayerService(  279): player type = 3
V/AwesomePlayer(  279): constructor
V/AwesomePlayer(  279): reset_l()
V/AwesomePlayer(  279): notifyListner_l() msg (8-MEDIA_STOPPED), ext1 (0), ext2 (0)
V/AwesomePlayer(  279): cancelPlayerEvents (keepNotifications=0)
V/AwesomePlayer(  279): mAudioTrackVector clear
V/AwesomePlayer(  279): reset_l() mAudioPlayer successfully deleted
V/AwesomePlayer(  279): mSecMediaClock clear
V/StagefrightPlayer(  279): StagefrightPlayer
V/AwesomePlayer(  279): setListener
V/StagefrightPlayer(  279): initCheck
V/AwesomePlayer(  279): AwesomePlayer running on behalf of uid 10014
V/AudioSink(  279): AudioOutput(586)
V/AwesomePlayer(  279): setAudioSink
V/StagefrightPlayer(  279): setDataSource(43, 0, 25929)
V/AwesomePlayer(  279): reset_l()
V/AwesomePlayer(  279): notifyListner_l() msg (8-MEDIA_STOPPED), ext1 (0), ext2 (0)
V/MediaPlayerService(  279): [141] notify (0xb8e86108, 8, 0, 0)
V/MediaPlayer( 1152): message received msg=8, ext1=0, ext2=0
V/AwesomePlayer(  279): cancelPlayerEvents (keepNotifications=0)
V/AwesomePlayer(  279): mAudioTrackVector clear
V/AwesomePlayer(  279): reset_l() mAudioPlayer successfully deleted
V/AwesomePlayer(  279): mSecMediaClock clear
V/MediaPlayer( 1152): notify(8, 0, 0) callback on disconnected mediaplayer
V/AwesomePlayer(  279): track of type 'audio/vorbis' does not publish bitrate
V/AwesomePlayer(  279): mBitrate = -1 bits/sec
I/OggExtractor(  279): OggSource::OggSource() mExtractor ref count = 4
V/AwesomePlayer(  279): current audio track index (0) is added to vector
V/AwesomePlayer(  279): setDataSource_l: Audio(1), Video(0)
V/MediaPlayerService(  279): [141] setParameter(1604)
V/StagefrightPlayer(  279): setParameter(key=1604)
V/AwesomePlayer(  279): setParameter key (1604)
V/AwesomePlayer(  279): Current Contet PID : 1152
V/MediaPlayerService(  279): [141] getParameter(1700)
V/MediaPlayer-JNI( 1152): setLooping: 0
V/MediaPlayer( 1152): MediaPlayer::setLooping
V/MediaPlayerService(  279): [141] setLooping(0)
V/StagefrightPlayer(  279): setLooping
V/AwesomePlayer(  279): setLooping (0)
V/MediaPlayer( 1152): setVideoSurfaceTexture
V/MediaPlayerService(  279): [141] setVideoSurfaceTexture(0x0)
V/MediaPlayer( 1152): prepare
V/MediaPlayerService(  279): [141] setAudioStreamType(3)
V/MediaPlayerService(  279): [141] setParameter(1400)
V/MediaPlayerService(  279): setAudioAttributes_l() usage=5 content=4 flags=0x0 tags=
V/MediaPlayerService(  279): [141] prepareAsync
V/AwesomePlayer(  279): prepareAsync
V/AwesomePlayer(  279): onPrepareAsyncEvent
I/SecMediaClock(  279): SecMediaClock constructor
I/SecMediaClock(  279): reset
V/AwesomePlayer(  279): initAudioDecoder
V/AwesomePlayer(  279): checkOffloadExceptions is true
V/AudioPolicyManager(  279): isOffloadSupported: SR=44100, CM=0x3, Format=0x7000000, StreamType=3, BitRate=4294967295, duration=1620000 us, has_video=0
V/AudioPolicyManager(  279): Offload denied by duration < audio.offload.min.duration.secs(=30)
I/OMXCodec(  279): Attempting to allocate OMX node 'OMX.google.vorbis.decoder'
I/OMXCodec(  279): Successfully allocated OMX node 'OMX.google.vorbis.decoder'
I/AwesomePlayer(  279): Could not offload audio decode, try pcm offload
V/AudioPolicyManager(  279): isOffloadSupported: SR=44100, CM=0x1, Format=0x1c000001, StreamType=3, BitRate=4294967295, duration=1620000 us, has_video=0
V/AudioPolicyManager(  279): Offload denied by duration < audio.offload.min.duration.secs(=30)
I/OMXCodec(  279): [OMX.google.vorbis.decoder] OMXCodec::start mState=1
I/OMXCodec(  279): [OMX.google.vorbis.decoder] allocating 4 buffers of size 8192 on input port
I/OMXCodec(  279): [OMX.google.vorbis.decoder] allocating 4 buffers of size 32768 on output port
I/OMXCodec(  279): [OMX.google.vorbis.decoder] Now Idle. Component sends idle done Event 
V/AwesomePlayer(  279): finishAsyncPrepare_l
V/AwesomePlayer(  279): notifyListner_l() msg (200-MEDIA_INFO), ext1 (973), ext2 (0)
V/MediaPlayerService(  279): [141] notify (0xb8e86108, 200, 973, 0)
V/AwesomePlayer(  279): notifyListner_l() msg (5-MEDIA_SET_VIDEO_SIZE), ext1 (0), ext2 (0)
V/MediaPlayerService(  279): [141] notify (0xb8e86108, 5, 0, 0)
V/AwesomePlayer(  279): notifyListner_l() msg (1-MEDIA_PREPARED), ext1 (0), ext2 (0)
V/MediaPlayerService(  279): [141] notify (0xb8e86108, 1, 0, 0)
V/MediaPlayer( 1152): message received msg=200, ext1=973, ext2=0
W/MediaPlayer( 1152): info/warning (973, 0)
V/MediaPlayer( 1152): callback application
V/MediaPlayer( 1152): back from callback
V/MediaPlayer( 1152): message received msg=5, ext1=0, ext2=0
V/MediaPlayer( 1152): New video size 0 x 0
V/MediaPlayer( 1152): callback application
V/MediaPlayer( 1152): back from callback
V/MediaPlayer( 1152): message received msg=1, ext1=0, ext2=0
V/MediaPlayer( 1152): prepared
V/MediaPlayer( 1152): signal application thread
V/MediaPlayer( 1152): callback application
V/MediaPlayer( 1152): prepare complete - status=0
V/MediaPlayer( 1152): back from callback
E/MediaPlayer( 1152): Should have subtitle controller already set
I/MediaFocusControl(  983):  AudioFocus  requestAudioFocus() from android.media.AudioManager$16486955 hint:3
V/MediaPlayer-JNI( 1152): start
V/MediaPlayer( 1152): start
V/MediaPlayerService(  279): [141] setLooping(0)
V/StagefrightPlayer(  279): setLooping
V/AwesomePlayer(  279): setLooping (0)
V/MediaPlayerService(  279): [141] setVolume(1.000000, 1.000000)
V/MediaPlayerService(  279): [141] setVolume(1.000000, 1.000000)
V/AudioSink(  279): setVolume(1.000000, 1.000000)
V/MediaPlayerService(  279): [141] setAuxEffectSendLevel(0.000000)
V/AudioSink(  279): setAuxEffectSendLevel(0.000000)
V/MediaPlayerService(  279): [141] start
V/StagefrightPlayer(  279): setLooping
V/AwesomePlayer(  279): setLooping (0)
E/MediaPlayerService(  279): WFD client is not created 
V/MediaPlayerService(  279): [141] start() ContextAware send information
V/StagefrightPlayer(  279): start
V/AwesomePlayer(  279): play
V/AwesomePlayer(  279): startAudioPlayer_l, sendErrorNotification (0)
V/MediaPlayer( 1152): message received msg=300, ext1=0, ext2=0
D/AudioPlayer(  279): start of Playback, useOffload 0
I/OMXCodec(  279): [OMX.google.vorbis.decoder] allocating 4 buffers of size 32768 on output port
I/AudioPlayer(  279): Audioplayer kKeyAudioPCMFormat:0, 1, 0
I/AudioPlayer(  279): Audioplayer kKeyAudioPCMFormat read fail(2, 1)
V/AudioSink(  279): open(44100, 2, 0x0, 0x1, 0, 4 0x24a)
V/AudioPolicyManager(  279): getOutput() device 2, stream 3, samplingRate 0, format 0, channelMask 0, flags 3
V/AudioPolicyManager(  279): getOutputsForDevice device 0002 -> 0002
V/AudioPolicyManager(  279): getOutput() returns output 2
V/AudioPolicyManager(  279): getOutput() device 2, stream 3, samplingRate 0, format 0, channelMask 0, flags 3
V/AudioPolicyManager(  279): getOutputsForDevice device 0002 -> 0002
V/AudioPolicyManager(  279): getOutput() returns output 2
V/AudioSink(  279): no track available to recycle
V/AudioSink(  279): creating new AudioTrack
V/AudioPolicyManager(  279): getOutputForAttr() usage=5, content=4, tag= flags=00000000
V/AudioPolicyManager(  279): getOutputForAttr() device 2, samplingRate 44100, format 1, channelMask 3, flags 440000
V/AudioPolicyManager(  279): getOutputsForDevice device 0002 -> 0002
V/AudioPolicyManager(  279): getOutput() returns output 2
V/AudioSink(  279): deleteRecycledTrack
V/AudioSink(  279): setVolume
V/AudioPolicyManager(  279): getOutputForAttr() usage=5, content=4, tag= flags=00000000
V/AudioPolicyManager(  279): getOutputForAttr() device 2, samplingRate 0, format 0, channelMask 3, flags 0
V/AudioPolicyManager(  279): getOutputsForDevice device 0002 -> 0002
V/AudioPolicyManager(  279): getOutput() returns output 2
V/AudioSink(  279): open() DONE status 0
V/AudioSink(  279): start
V/AudioPolicyManager(  279): startOutput() output 2, stream 5, session 586
V/AudioPolicyManager(  279): changeRefCount() stream 5, count 1
V/AudioPolicyManager(  279): getNewOutputDevice() selected device 2
V/AudioPolicyManager(  279): setOutputDevice() output 2 device 0002 delayMs 0
V/AudioPolicyManager(  279): setOutputDevice() prevDevice 0002
V/AudioPolicyManager(  279): setOutputDevice() setting same device 0002 or null device for output 2
V/AwesomePlayer(  279): notifyListner_l() msg (6-MEDIA_STARTED), ext1 (0), ext2 (0)
V/MediaPlayerService(  279): [141] notify (0xb8e86108, 6, 0, 0)
I/AudioPlayer(  279): First fillBuffer call!!
V/AwesomePlayer(  279): addBatteryData
V/MediaPlayer( 1152): Received SEC_MM_PLAYER_CONTEXT_AWARE
V/MediaPlayer( 1152): callback application
D/audio_hw_primary(  279): start_output_stream: enter: stream(0xb8e05c80)usecase(0: deep-buffer-playback) devices(0x2)
V/audio_hw_primary(  279): select_devices: ENTER
V/audio_hw_primary(  279): select_devices: usecase(normal)
V/audio_hw_primary(  279): select_devices: usecase(PCM_PLAYBACK)
V/msm8974_platform(  279): platform_get_output_snd_device: enter: output devices(0x2)
V/msm8974_platform(  279): get_OUTPUT_snd_device: for Normal Playback
V/msm8974_platform(  279): platform_get_output_snd_device: exit: snd_device(speaker)
D/audio_hw_primary(  279): select_devices: out_snd_device(2: speaker)
D/audio_hw_primary(  279): select_devices: in_snd_device(0: dummy)
D/hardware_info(  279): hw_info_append_hw_type : device_name = speaker
V/msm8974_platform(  279): platform_send_audio_calibration: sending audio calibration for snd_device(2) acdb_id(15)
D/ACDB-LOADER(  279): ACDB -> send_audio_cal, acdb_id = 15, path =  0
D/ACDB-LOADER(  279): ACDB -> send_asm_topology
D/ACDB-LOADER(  279): ACDB -> ACDB_CMD_GET_AUDPROC_STREAM_TOPOLOGY_ID
D/ACDB-LOADER(  279): ACDB -> send_adm_topology
D/ACDB-LOADER(  279): ACDB -> ACDB_CMD_GET_AUDPROC_COMMON_TOPOLOGY_ID
D/ACDB-LOADER(  279): ACDB -> send_audtable
D/ACDB-LOADER(  279): ACDB -> ACDB_CMD_GET_AUDPROC_COMMON_TABLE
D/ACDB-LOADER(  279): ACDB -> AUDIO_SET_AUDPROC_CAL
D/ACDB-LOADER(  279): ACDB -> send_audvoltable
D/ACDB-LOADER(  279): ACDB -> ACDB_CMD_GET_AUDPROC_GAIN_DEP_STEP_TABLE
D/ACDB-LOADER(  279): ACDB -> AUDIO_SET_AUDPROC_VOL_CAL
D/ACDB-LOADER(  279): ACDB -> send_afe_cal
D/ACDB-LOADER(  279): ACDB -> ACDB_CMD_GET_AFE_COMMON_TABLE
D/ACDB-LOADER(  279): ACDB -> AUDIO_SET_AFE_CAL
D/ACDB-LOADER(  279): ACDB -> send_hw_delay : acdb_id = 15 path = 0
D/ACDB-LOADER(  279): ACDB -> ACDB_AVSYNC_INFO: ACDB_CMD_GET_DEVICE_PROPERTY
V/audio_hw_primary(  279): enable_snd_device: snd_device(2: speaker, speaker)
D/audio_route(  279): ++++ audio_route_update_path ==============
D/audio_route(  279): Setting mixer control: MI2S_RX Channels, value: 1
D/audio_route(  279): Setting mixer control: RX3 MIX1 INP1, value: 3
D/audio_route(  279): Setting mixer control: RX3 MIX1 INP2, value: 4
D/audio_route(  279): Setting mixer control: SPK DAC Switch, value: 1
D/audio_route(  279): Setting mixer control: RX3 Digital Volume, value: 79
D/audio_route(  279): ---- audio_route_update_path ==============
D/audio_route(  279): ++++ audio_route_update_mixer ==============
D/audio_route(  279): ------ audio_route_update_mixer ==============
V/audio_hw_primary(  279): enable_audio_route: enter: usecase(0)
V/audio_hw_primary(  279): enable_audio_route: apply mixer path: deep-buffer-playback
D/audio_route(  279): ++++ audio_route_update_mixer ==============
D/audio_route(  279): Setting mixer control: PRI_MI2S_RX Audio Mixer MultiMedia1, value: 1
D/audio_route(  279): ------ audio_route_update_mixer ==============
V/audio_hw_primary(  279): enable_audio_route: exit
V/msm8974_platform(  279): platform_get_output_snd_device: enter: output devices(0x2)
V/msm8974_platform(  279): get_OUTPUT_snd_device: for Normal Playback
V/msm8974_platform(  279): platform_get_output_snd_device: exit: snd_device(speaker)
V/msm8974_platform(  279): platform_send_audio_calibration: sending audio calibration for snd_device(2) acdb_id(15)
D/ACDB-LOADER(  279): ACDB -> send_audio_cal, acdb_id = 15, path =  0
D/ACDB-LOADER(  279): ACDB -> send_asm_topology
D/ACDB-LOADER(  279): ACDB -> ACDB_CMD_GET_AUDPROC_STREAM_TOPOLOGY_ID
D/ACDB-LOADER(  279): ACDB -> send_adm_topology
D/ACDB-LOADER(  279): ACDB -> ACDB_CMD_GET_AUDPROC_COMMON_TOPOLOGY_ID
D/ACDB-LOADER(  279): ACDB -> send_audtable
D/ACDB-LOADER(  279): ACDB -> ACDB_CMD_GET_AUDPROC_COMMON_TABLE
D/ACDB-LOADER(  279): ACDB -> AUDIO_SET_AUDPROC_CAL
D/ACDB-LOADER(  279): ACDB -> send_audvoltable
D/ACDB-LOADER(  279): ACDB -> ACDB_CMD_GET_AUDPROC_GAIN_DEP_STEP_TABLE
D/ACDB-LOADER(  279): ACDB -> AUDIO_SET_AUDPROC_VOL_CAL
D/ACDB-LOADER(  279): ACDB -> send_afe_cal
D/ACDB-LOADER(  279): ACDB -> ACDB_CMD_GET_AFE_COMMON_TABLE
D/ACDB-LOADER(  279): ACDB -> AUDIO_SET_AFE_CAL
D/ACDB-LOADER(  279): ACDB -> send_hw_delay : acdb_id = 15 path = 0
D/ACDB-LOADER(  279): ACDB -> ACDB_AVSYNC_INFO: ACDB_CMD_GET_DEVICE_PROPERTY
V/audio_hw_primary(  279): start_output_stream: Opening PCM device card_id(0) device_id(0)
V/MediaPlayer-JNI( 1152): native_setup
V/MediaPlayer( 1152): constructor
V/MediaPlayer( 1152): setListener
E/MediaPlayer-JNI( 1152): QCMediaPlayer mediaplayer NOT present
V/MediaPlayer-JNI( 1152): setParameter: key 1400
V/MediaPlayer( 1152): MediaPlayer::setParameter(1400)
D/RingtoneManager( 1152): getActualDefaultRingtoneUri  type    :2
V/audio_hw_primary(  279): start_output_stream: exit
D/RingtoneManager( 1152): checkDefaultRingtoneProperUri : InternalMediaAudio uriString not null    type:2
D/KnoxNotification( 1152): ----- inflateViews : modified publicViewLocal -----
V/MediaPlayer-JNI( 1152): setDataSourceFD: fd 75
V/MediaPlayer( 1152): setDataSource(75, 0, 576460752303423487)
V/MediaPlayerService(  279): Create new client(142) from pid 1152, uid 10014, 
V/MediaPlayerService(  279): setDataSource fd=50, offset=0, length=576460752303423487
V/MediaPlayerService(  279): st_dev  = 45848
V/MediaPlayerService(  279): st_mode = 33188
V/MediaPlayerService(  279): st_uid  = 0
V/MediaPlayerService(  279): st_gid  = 0
V/MediaPlayerService(  279): st_size = 25929
V/MediaPlayerService(  279): calculated length = 25929
V/MediaPlayerService(  279): player type = 3
V/AwesomePlayer(  279): constructor
V/AwesomePlayer(  279): reset_l()
V/AwesomePlayer(  279): notifyListner_l() msg (8-MEDIA_STOPPED), ext1 (0), ext2 (0)
V/AwesomePlayer(  279): cancelPlayerEvents (keepNotifications=0)
V/AwesomePlayer(  279): mAudioTrackVector clear
V/AwesomePlayer(  279): reset_l() mAudioPlayer successfully deleted
V/AwesomePlayer(  279): mSecMediaClock clear
V/StagefrightPlayer(  279): StagefrightPlayer
V/AwesomePlayer(  279): setListener
V/StagefrightPlayer(  279): initCheck
V/AwesomePlayer(  279): AwesomePlayer running on behalf of uid 10014
V/AudioSink(  279): AudioOutput(587)
V/AwesomePlayer(  279): setAudioSink
V/StagefrightPlayer(  279): setDataSource(50, 0, 25929)
V/AwesomePlayer(  279): reset_l()
V/AwesomePlayer(  279): notifyListner_l() msg (8-MEDIA_STOPPED), ext1 (0), ext2 (0)
V/MediaPlayerService(  279): [142] notify (0xb8e72e30, 8, 0, 0)
V/AwesomePlayer(  279): cancelPlayerEvents (keepNotifications=0)
V/AwesomePlayer(  279): mAudioTrackVector clear
V/AwesomePlayer(  279): reset_l() mAudioPlayer successfully deleted
V/AwesomePlayer(  279): mSecMediaClock clear
V/MediaPlayer( 1152): message received msg=8, ext1=0, ext2=0
V/MediaPlayer( 1152): notify(8, 0, 0) callback on disconnected mediaplayer
V/AwesomePlayer(  279): track of type 'audio/vorbis' does not publish bitrate
V/AwesomePlayer(  279): mBitrate = -1 bits/sec
I/OggExtractor(  279): OggSource::OggSource() mExtractor ref count = 4
V/AwesomePlayer(  279): current audio track index (0) is added to vector
V/AwesomePlayer(  279): setDataSource_l: Audio(1), Video(0)
V/MediaPlayerService(  279): [142] setParameter(1604)
V/StagefrightPlayer(  279): setParameter(key=1604)
V/AwesomePlayer(  279): setParameter key (1604)
V/AwesomePlayer(  279): Current Contet PID : 1152
V/MediaPlayerService(  279): [142] getParameter(1700)
V/MediaPlayer-JNI( 1152): setLooping: 0
V/MediaPlayer( 1152): MediaPlayer::setLooping
V/MediaPlayerService(  279): [142] setLooping(0)
V/StagefrightPlayer(  279): setLooping
V/AwesomePlayer(  279): setLooping (0)
V/MediaPlayer( 1152): setVideoSurfaceTexture
V/MediaPlayerService(  279): [142] setVideoSurfaceTexture(0x0)
V/MediaPlayer( 1152): prepare
V/MediaPlayerService(  279): [142] setAudioStreamType(3)
V/MediaPlayerService(  279): [142] setParameter(1400)
V/MediaPlayerService(  279): setAudioAttributes_l() usage=5 content=4 flags=0x0 tags=
V/MediaPlayerService(  279): [142] prepareAsync
V/AwesomePlayer(  279): prepareAsync
V/AwesomePlayer(  279): onPrepareAsyncEvent
I/SecMediaClock(  279): SecMediaClock constructor
I/SecMediaClock(  279): reset
V/AwesomePlayer(  279): initAudioDecoder
V/AwesomePlayer(  279): checkOffloadExceptions is true
V/AudioPolicyManager(  279): isOffloadSupported: SR=44100, CM=0x3, Format=0x7000000, StreamType=3, BitRate=4294967295, duration=1620000 us, has_video=0
V/AudioPolicyManager(  279): Offload denied by duration < audio.offload.min.duration.secs(=30)
I/OMXCodec(  279): Attempting to allocate OMX node 'OMX.google.vorbis.decoder'
I/OMXCodec(  279): Successfully allocated OMX node 'OMX.google.vorbis.decoder'
I/AwesomePlayer(  279): Could not offload audio decode, try pcm offload
V/AudioPolicyManager(  279): isOffloadSupported: SR=44100, CM=0x1, Format=0x1c000001, StreamType=3, BitRate=4294967295, duration=1620000 us, has_video=0
V/AudioPolicyManager(  279): Offload denied by duration < audio.offload.min.duration.secs(=30)
I/OMXCodec(  279): [OMX.google.vorbis.decoder] OMXCodec::start mState=1
I/OMXCodec(  279): [OMX.google.vorbis.decoder] allocating 4 buffers of size 8192 on input port
I/OMXCodec(  279): [OMX.google.vorbis.decoder] allocating 4 buffers of size 32768 on output port
I/OMXCodec(  279): [OMX.google.vorbis.decoder] Now Idle. Component sends idle done Event 
V/AwesomePlayer(  279): finishAsyncPrepare_l
V/AwesomePlayer(  279): notifyListner_l() msg (200-MEDIA_INFO), ext1 (973), ext2 (0)
V/MediaPlayerService(  279): [142] notify (0xb8e72e30, 200, 973, 0)
V/AwesomePlayer(  279): notifyListner_l() msg (5-MEDIA_SET_VIDEO_SIZE), ext1 (0), ext2 (0)
V/MediaPlayerService(  279): [142] notify (0xb8e72e30, 5, 0, 0)
V/AwesomePlayer(  279): notifyListner_l() msg (1-MEDIA_PREPARED), ext1 (0), ext2 (0)
V/MediaPlayerService(  279): [142] notify (0xb8e72e30, 1, 0, 0)
V/MediaPlayer( 1152): message received msg=200, ext1=973, ext2=0
W/MediaPlayer( 1152): info/warning (973, 0)
V/MediaPlayer( 1152): callback application
V/MediaPlayer( 1152): back from callback
V/MediaPlayer( 1152): message received msg=5, ext1=0, ext2=0
V/MediaPlayer( 1152): New video size 0 x 0
V/MediaPlayer( 1152): callback application
V/MediaPlayer( 1152): back from callback
V/MediaPlayer( 1152): message received msg=1, ext1=0, ext2=0
D/KnoxNotification( 1152): ----- inflateViews : modified KnoxViewLocal -----
V/MediaPlayer( 1152): prepared
V/MediaPlayer( 1152): signal application thread
V/MediaPlayer( 1152): callback application
V/MediaPlayer( 1152): back from callback
V/MediaPlayer( 1152): prepare complete - status=0
E/MediaPlayer( 1152): Should have subtitle controller already set
V/MediaPlayer-JNI( 1152): start
V/MediaPlayer( 1152): start
V/MediaPlayerService(  279): [142] setLooping(0)
V/StagefrightPlayer(  279): setLooping
V/AwesomePlayer(  279): setLooping (0)
V/MediaPlayerService(  279): [142] setVolume(1.000000, 1.000000)
V/MediaPlayerService(  279): [142] setVolume(1.000000, 1.000000)
V/AudioSink(  279): setVolume(1.000000, 1.000000)
V/MediaPlayerService(  279): [142] setAuxEffectSendLevel(0.000000)
V/AudioSink(  279): setAuxEffectSendLevel(0.000000)
V/MediaPlayerService(  279): [142] start
V/StagefrightPlayer(  279): setLooping
V/AwesomePlayer(  279): setLooping (0)
E/MediaPlayerService(  279): WFD client is not created 
V/MediaPlayerService(  279): [142] start() ContextAware send information
V/StagefrightPlayer(  279): start
V/AwesomePlayer(  279): play
V/AwesomePlayer(  279): startAudioPlayer_l, sendErrorNotification (0)
D/AudioPlayer(  279): start of Playback, useOffload 0
V/MediaPlayer( 1152): message received msg=300, ext1=0, ext2=0
I/OMXCodec(  279): [OMX.google.vorbis.decoder] allocating 4 buffers of size 32768 on output port
I/AudioPlayer(  279): Audioplayer kKeyAudioPCMFormat:0, 1, 0
I/AudioPlayer(  279): Audioplayer kKeyAudioPCMFormat read fail(2, 1)
V/AudioSink(  279): open(44100, 2, 0x0, 0x1, 0, 4 0x24b)
V/AudioPolicyManager(  279): getOutput() device 2, stream 3, samplingRate 0, format 0, channelMask 0, flags 3
V/AudioPolicyManager(  279): getOutputsForDevice device 0002 -> 0002
V/AudioPolicyManager(  279): getOutput() returns output 2
V/AudioPolicyManager(  279): getOutput() device 2, stream 3, samplingRate 0, format 0, channelMask 0, flags 3
V/AudioPolicyManager(  279): getOutputsForDevice device 0002 -> 0002
V/AudioPolicyManager(  279): getOutput() returns output 2
V/AudioSink(  279): no track available to recycle
V/AudioSink(  279): creating new AudioTrack
V/AudioPolicyManager(  279): getOutputForAttr() usage=5, content=4, tag= flags=00000000
V/AudioPolicyManager(  279): getOutputForAttr() device 2, samplingRate 44100, format 1, channelMask 3, flags 440000
V/AudioPolicyManager(  279): getOutputsForDevice device 0002 -> 0002
V/AudioPolicyManager(  279): getOutput() returns output 2
V/AudioSink(  279): deleteRecycledTrack
V/AudioSink(  279): setVolume
V/AudioPolicyManager(  279): getOutputForAttr() usage=5, content=4, tag= flags=00000000
V/AudioPolicyManager(  279): getOutputForAttr() device 2, samplingRate 0, format 0, channelMask 3, flags 0
V/AudioPolicyManager(  279): getOutputsForDevice device 0002 -> 0002
V/AudioPolicyManager(  279): getOutput() returns output 2
V/AudioSink(  279): open() DONE status 0
V/AudioSink(  279): start
V/AudioPolicyManager(  279): startOutput() output 2, stream 5, session 587
V/AudioPolicyManager(  279): changeRefCount() stream 5, count 2
V/AwesomePlayer(  279): notifyListner_l() msg (6-MEDIA_STARTED), ext1 (0), ext2 (0)
V/MediaPlayerService(  279): [142] notify (0xb8e72e30, 6, 0, 0)
V/AwesomePlayer(  279): addBatteryData
I/AudioPlayer(  279): First fillBuffer call!!
V/MediaPlayer( 1152): Received SEC_MM_PLAYER_CONTEXT_AWARE
V/MediaPlayer( 1152): callback application
V/MediaPlayer( 1152): back from callback
V/MediaPlayer( 1152): message received msg=6, ext1=0, ext2=0
D/SoundAliveResampler(  279): [SoundAliveResampler] Init+++
V/MediaPlayer( 1152): Received MEDIA_STARTED
V/MediaPlayer( 1152): callback application
V/MediaPlayer( 1152): back from callback
D/SoundAliveResampler(  279): [SoundAliveResampler] Init+++
E/AudioSink(  279): received unknown event type: 1 inside CallbackWrapper !
I/PhoneStatusBar( 1152): Icon Only
E/AudioSink(  279): received unknown event type: 1 inside CallbackWrapper !
W/MessageQueue( 1152): Handler (android.media.MediaPlayer$EventHandler) {3b7345d1} sending message to a Handler on a dead thread
W/MessageQueue( 1152): java.lang.IllegalStateException: Handler (android.media.MediaPlayer$EventHandler) {3b7345d1} sending message to a Handler on a dead thread
W/MessageQueue( 1152): 	at android.os.MessageQueue.enqueueMessage(MessageQueue.java:325)
W/MessageQueue( 1152): 	at android.os.Handler.enqueueMessage(Handler.java:631)
W/MessageQueue( 1152): 	at android.os.Handler.sendMessageAtTime(Handler.java:600)
W/MessageQueue( 1152): 	at android.os.Handler.sendMessageDelayed(Handler.java:570)
W/MessageQueue( 1152): 	at android.os.Handler.sendMessage(Handler.java:507)
W/MessageQueue( 1152): 	at android.media.MediaPlayer.postEventFromNative(MediaPlayer.java:3541)
V/MediaPlayer( 1152): back from callback
V/MediaPlayer-JNI( 1152): release
V/MediaPlayer( 1152): setListener
V/MediaPlayer( 1152): disconnect
V/MediaPlayer( 1152): message received msg=6, ext1=0, ext2=0
V/MediaPlayerService(  279): disconnect(141) from pid 1152
V/StagefrightPlayer(  279): reset
V/AwesomePlayer(  279): reset_l()
V/AwesomePlayer(  279): notifyListner_l() msg (8-MEDIA_STOPPED), ext1 (0), ext2 (0)
V/AwesomePlayer(  279): addBatteryData
V/AwesomePlayer(  279): cancelPlayerEvents (keepNotifications=0)
V/AwesomePlayer(  279): mAudioTrackVector clear
D/AudioPlayer(  279): reset: mPlaying=1 mReachedEOS=0 useOffload=0
V/AudioSink(  279): stop
V/AudioSink(  279): flush
V/AudioSink(  279): +++ close
D/AudioFlinger(  279): releaseAudioSessionId
D/AudioFlinger(  279): releasing 586 from 1152 for 1152
D/AudioFlinger(  279): purging stale effects ++
D/AudioFlinger(  279): purging stale effects --
V/AudioSink(  279): --- close
I/OMXCodec(  279): [OMX.google.vorbis.decoder] stop mState=4
I/OMXCodec(  279): [OMX.google.vorbis.decoder] stop() sendCommand(0x27b, OMX_CommandStateSet, OMX_StateIdle)
V/MediaPlayer( 1152): notify(6, 0, 0) callback on disconnected mediaplayer
I/OMXCodec(  279): [OMX.google.vorbis.decoder] Now Idle. Component sends idle done Event 
I/OMXCodec(  279): [OMX.google.vorbis.decoder] stopOmxComponent_l() mstate = 1
I/OggExtractor(  279): OggSource::stop() mExtractor ref count = 1
I/OggExtractor(  279): OggSource::~OggSource() mExtractor !mStarted ref count = 1
I/OggExtractor(  279): ~OggSource --
I/OggExtractor(  279): ~OggExtractor ++
I/OggExtractor(  279): ~MyVorbisExtractor ++ 
I/OggExtractor(  279): ~MyVorbisExtractor --
I/OggExtractor(  279): ~OggExtractor --
I/AudioPlayer(  279): reset out
V/AwesomePlayer(  279): reset_l() mAudioPlayer successfully deleted
I/SecMediaClock(  279): SecMediaClock destructor
V/AwesomePlayer(  279): mSecMediaClock clear
V/StagefrightPlayer(  279): ~StagefrightPlayer
V/StagefrightPlayer(  279): reset
V/AwesomePlayer(  279): reset_l()
V/AwesomePlayer(  279): notifyListner_l() msg (8-MEDIA_STOPPED), ext1 (0), ext2 (0)
V/AwesomePlayer(  279): cancelPlayerEvents (keepNotifications=0)
V/AwesomePlayer(  279): mAudioTrackVector clear
V/AwesomePlayer(  279): reset_l() mAudioPlayer successfully deleted
V/AwesomePlayer(  279): mSecMediaClock clear
V/AwesomePlayer(  279): destructor
V/AwesomePlayer(  279): reset_l()
V/AwesomePlayer(  279): notifyListner_l() msg (8-MEDIA_STOPPED), ext1 (0), ext2 (0)
V/AwesomePlayer(  279): cancelPlayerEvents (keepNotifications=0)
V/AwesomePlayer(  279): mAudioTrackVector clear
V/AwesomePlayer(  279): reset_l() mAudioPlayer successfully deleted
V/AwesomePlayer(  279): mSecMediaClock clear
V/MediaPlayer( 1152): destructor
D/AudioFlinger(  279): releaseAudioSessionId
D/AudioFlinger(  279): releasing 586 from 1152 for -1
D/AudioFlinger(  279): purging stale effects ++
D/AudioFlinger(  279): purging stale effects --
V/MediaPlayer( 1152): disconnect
V/MediaPlayerService(  279): Client(141) destructor pid = 1152
V/AudioSink(  279): +++ close
V/AudioSink(  279): --- close
V/MediaPlayerService(  279): disconnect(141) from pid 1152
I/MediaPlayer( 1152): Don't send intent. msg.arg1 = 0, msg.arg2 = 0
E/MediaPlayer( 1152): Should have subtitle controller already set
V/MediaPlayer-JNI( 1152): getCurrentPosition: 222 (msec)
V/MediaPlayer-JNI( 1152): isPlaying: 1
I/StatusBar( 1152): Icon Only
W/Settings( 1152): Setting airplane_mode_on has moved from android.provider.Settings.System to android.provider.Settings.Global, returning read-only value.
D/StatusBar( 1152): getNumberOfActiveSim:1
D/PanelView( 1152): There is/are notification(s) 
D/PanelView( 1152): kidsfalse mQsExpansionEnabled:true
I/PhoneStatusBar( 1152): Icon Only
I/StatusBar( 1152): Icon Only
W/Settings( 1152): Setting airplane_mode_on has moved from android.provider.Settings.System to android.provider.Settings.Global, returning read-only value.
D/StatusBar( 1152): getNumberOfActiveSim:1
D/PanelView( 1152): There is/are notification(s) 
D/PanelView( 1152): kidsfalse mQsExpansionEnabled:true
D/StatusBar( 1152): ----- contentsUnchanged : true, bigContentsUnchanged - true, headsUpContentsUnchanged - true , publicUnchanged true
I/PhoneStatusBar( 1152): Icon Only
I/StatusBar( 1152): Icon Only
W/Settings( 1152): Setting airplane_mode_on has moved from android.provider.Settings.System to android.provider.Settings.Global, returning read-only value.
D/StatusBar( 1152): getNumberOfActiveSim:1
D/PanelView( 1152): There is/are notification(s) 
D/PanelView( 1152): kidsfalse mQsExpansionEnabled:true
I/PhoneStatusBar( 1152): Icon Only
I/StatusBar( 1152): Icon Only
W/Settings( 1152): Setting airplane_mode_on has moved from android.provider.Settings.System to android.provider.Settings.Global, returning read-only value.
D/StatusBar( 1152): getNumberOfActiveSim:1
D/PanelView( 1152): There is/are notification(s) 
D/PanelView( 1152): kidsfalse mQsExpansionEnabled:true
D/PanelView( 1152): mClearAll.setVisibility - mIsFullyOpened : false isShade : true mHasNotification : true mIsUpwardFling : false mQsFullyExpanded : false isShadeLocked : false mClearAllVisible : true
V/AudioPolicyManager(  279): stopOutput() output 2, stream 5, session 586
V/AudioPolicyManager(  279): changeRefCount() stream 5, count 1
V/AudioPolicyManager(  279): releaseOutput() 2
D/PanelView( 1152): mClearAll.setVisibility - mIsFullyOpened : false isShade : true mHasNotification : true mIsUpwardFling : false mQsFullyExpanded : false isShadeLocked : false mClearAllVisible : true
D/KeyguardUpdateMonitor( 1152): received broadcast android.intent.action.BATTERY_CHANGED
D/KeyguardUpdateMonitor( 1152): handleBatteryUpdate
I/OMXCodec(  279): [OMX.google.vorbis.decoder] End Of Stream
I/AudioPlayer(  279): getNumFramesPendingPlayout() mNumFramesPlayed (70560), numFramesPlayedOut (68182)
V/AwesomePlayer(  279): postAudioEOS delayUs (233922)
V/AwesomePlayer(  279): onCheckAudioStatus
V/AwesomePlayer(  279): onCheckAudioStatus() set AUDIO_AT_EOS flag
V/AwesomePlayer(  279): onStreamDone
V/AwesomePlayer(  279): MEDIA_PLAYBACK_COMPLETE
V/AwesomePlayer(  279): notifyListner_l() msg (2-MEDIA_PLAYBACK_COMPLETE), ext1 (0), ext2 (0)
V/MediaPlayerService(  279): [142] notify (0xb8e72e30, 2, 0, 0)
V/AwesomePlayer(  279): notifyListner_l() msg (7-MEDIA_PAUSED), ext1 (0), ext2 (0)
V/MediaPlayerService(  279): [142] notify (0xb8e72e30, 7, 0, 0)
V/AwesomePlayer(  279): cancelPlayerEvents (keepNotifications=1)
V/AudioSink(  279): stop
V/AwesomePlayer(  279): addBatteryData
V/MediaPlayer( 1152): message received msg=2, ext1=0, ext2=0
V/MediaPlayer( 1152): playback complete
V/MediaPlayer( 1152): callback application
V/MediaPlayer( 1152): back from callback
V/MediaPlayer( 1152): message received msg=7, ext1=0, ext2=0
I/MediaFocusControl(  983):  AudioFocus  abandonAudioFocus() from android.media.AudioManager$16486955
V/MediaPlayer( 1152): unrecognized message: (7, 0, 0)
V/MediaPlayer( 1152): callback application
V/MediaPlayer( 1152): back from callback
V/AudioPolicyManager(  279): stopOutput() output 2, stream 5, session 587
V/AudioPolicyManager(  279): changeRefCount() stream 5, count 0
V/AudioPolicyManager(  279): getNewOutputDevice() selected device 0
V/AudioPolicyManager(  279): setOutputDevice() output 2 device 0000 delayMs 160
V/AudioPolicyManager(  279): setOutputDevice() prevDevice 0002
V/AudioPolicyManager(  279): setOutputDevice() setting same device 0000 or null device for output 2
E/SMD     (  275): DCD OFF
D/STATUSBAR-WifiQuickSettingButton( 1152): onWifiSignalChanged enabled=true enabledDesc:"f1comp"
E/dhcpcd  (13439): wlan0: invalid prefix in RA
D/SensorService(  983): [SO] -8.451 0.675 3.432
D/SensorService(  983): [SO] Update [255 -> 3]
V/WindowOrientationListener(  983): Rotation Event [SO Sensor : x = 3.0]
V/WindowOrientationListener(  983): Proposed rotation changed!  proposedRotation=3currentRotation = 0
V/WindowOrientationListener(  983): ScreenOrientationEventListenerImpl.getProposedRotationLocked, Rotation: 3
D/InputDispatcher(  983): setInputDispatchMode: enabled=1, frozen=1
I/SurfaceFlinger(  253): id=2323 createSurf (540x960),2 flag=4, TcreenshotS
D/DisplayManager(  983): addAllDisplaysLocked()
D/DisplayManager(  983): addAllDisplaysLocked()
D/SensorService(  983): [SO] -9.536 0.527 4.259
D/TelecommApp( 1406): onConfigurationChanged {0 1.0 250mcc2mnc ru_RU ldltr sw360dp w640dp h336dp 240dpi nrml long land finger -keyb/v/h -nav/h s.75}
I/InputReader(  983): Reconfiguring input devices.  changes=0x00000004
I/InputReader(  983): Device reconfigured: id=4, name='input_mt_wrapper', size 540x960, orientation 0, mode 4, display id 0
D/VLC     (23185): [b83999b8/5a91] core input: Destroying the input for '/storage/emulated/0/Android/data/com.example.anya.videoexample/files/radioastron.mp4'
D/VLC     (23185): [b8314838/5a91] core audio output: removing module "opensles_android"
I/SamsungIME(23274): [Before] hardKeyboardHidden(2) keyboardType(1)
I/SamsungIME(23274):          mHwKeyboardShown [isHWKeyboardOpen()] = false --> false
E/SamsungIME(23274):          isHWKeyboardConnected() = false --> false
I/InputReader(  983): Device reconfigured: id=7, name='sec_touchscreen', size 540x960, orientation 3, mode 1, display id 0
D/SecVolumePanel( 1152): ===== Start onConfigurationChanged =====
D/SecVolumePanel( 1152): onConfigurationChanged : call updateLayout
D/SecVolumePanel( 1152): ===== Start updateLayout =====
D/SecVolumePanel( 1152): updateLayout : lp.width = 474, lp.y = 72
D/StatusBar-QSPanel( 1152): adjustCellWidth mButtonWidth : 101, displayWidth : 936
D/StatusBar-QSPanel( 1152): updateButtonInfo mButtonWidth : 101 mColumns:8 orien: 2 mButtonCorrectionWidth:9
I/StatusBar( 1152): Icon Only
W/Settings( 1152): Setting airplane_mode_on has moved from android.provider.Settings.System to android.provider.Settings.Global, returning read-only value.
D/StatusBar( 1152): getNumberOfActiveSim:1
D/PanelView( 1152): There is/are notification(s) 
I/SurfaceFlinger(  253): id=2321 Removed TurfaceView (3/9)
D/BluetoothAdapter( 1152): 53255815: getState() :  mService = null. Returning STATE_OFF
I/SurfaceFlinger(  253): id=2321 Removed TurfaceView (-2/9)
I/SurfaceFlinger(  253): id=2320 Removed TimpleActiv (3/8)
I/SurfaceFlinger(  253): id=2320 Removed TimpleActiv (-2/8)
D/InputDispatcher(  983): Focus left window: 23185
D/PanelView( 1152): onConfigurationChanged
D/SecKeyguardClockView( 1152): isNetworkRoaming=false, isHomeTimeZoneExist=true
D/SecKeyguardClockView( 1152): updateClock() : mShouldShowDualClock=false, mShowImageClock=false
V/KeyguardUpdateMonitor( 1152): *** unregister callback for com.android.keyguard.sec.SecKeyguardClockSingleView$2@27ae8e22
W/ContextImpl(23185): Failed to ensure directory: /storage/extSdCard/Android/data/com.example.anya.videoexample/files
D/SecKeyguardStatusUtils( 1152): regionalDateFormat = 22.11.3333 isRTLlanguage = false returnDateFormat = E, d MMMM
D/SecKeyguardStatusUtils( 1152): regionalDateFormat = 22.11.3333 isRTLlanguage = false returnDateFormat = E, d MMMM
V/KeyguardUpdateMonitor( 1152): *** register callback for com.android.keyguard.sec.SecKeyguardClockSingleView$2@26700be
V/KeyguardUpdateMonitor( 1152): *** unregister callback for null
D/StatusBar-QSPanel( 1152): setSingleLine:true
D/StatusBar-QSPanel( 1152): adjustCellWidth mButtonWidth : 101, displayWidth : 936
D/StatusBar-QSPanel( 1152): updateButtonInfo mButtonWidth : 101 mColumns:8 orien: 2 mButtonCorrectionWidth:9
D/StatusBar-QSPanel( 1152): setSingleLine height:145
I/SamsungIME(23274): [hasToCallSuper] true
W/Settings(  983): Setting tether_dun_required has moved from android.provider.Settings.System to android.provider.Settings.Global
D/SettingsProvider(  983): name = tether_dun_required
D/AudioService(  983): cameraSoundForced : false mCameraSoundForced : false
D/STATUSBAR-WifiQuickSettingButton( 1152): onWifiSignalChanged enabled=true enabledDesc:"f1comp"
D/SamsungIME(23274): Dismiss ExpandCandiate
D/SensorService(  983): [SO] -7.072 4.368 7.553
D/SensorService(  983): [SO] Update [3 -> 255]
D/PanelView( 1152): mClearAll.setVisibility - mIsFullyOpened : false isShade : true mHasNotification : true mIsUpwardFling : false mQsFullyExpanded : false isShadeLocked : false mClearAllVisible : true
D/SecVolumePanel( 1152): updateSliderProgress : progress = -1
I/AudioService(  983): getStreamVolume 3 index 80
I/AudioService(  983): getStreamVolume 3 index 80
I/AudioService(  983): getStreamVolume 3 index 80
D/SecVolumePanel( 1152): updateSliderProgress : progress = -1
V/AudioPolicyManager(  279): getOutputsForDevice device 0002 -> 0002
I/AudioService(  983): getStreamVolume 2 index 130
V/AudioPolicyManager(  279): getOutputsForDevice device 0002 -> 0002
I/AudioService(  983): getStreamVolume 2 index 130
D/SecVolumePanel( 1152): updateSliderProgress : progress = -1
V/AudioPolicyManager(  279): getOutputsForDevice device 0002 -> 0002
I/AudioService(  983): getStreamVolume 5 index 80
V/AudioPolicyManager(  279): getOutputsForDevice device 0002 -> 0002
I/AudioService(  983): getStreamVolume 5 index 80
D/SecVolumePanel( 1152): updateSliderProgress : progress = -1
I/AudioService(  983): getStreamVolume 1 index 90
I/AudioService(  983): getStreamVolume 1 index 90
D/STATUSBAR-WifiQuickSettingButton( 1152): onWifiSignalChanged enabled=true enabledDesc:"f1comp"
W/ContextImpl(23185): Failed to ensure directory: /storage/extSdCard/Android/data/com.example.anya.videoexample/files
D/MyVLC   (23185): existstrue
D/SecContentProvider2(  983): uri = 15 selection = getToastGravityEnabledState
D/SecContentProvider2(  983): mCursor = null
D/SecContentProvider2(  983): uri = 15 selection = getToastGravity
D/SecContentProvider2(  983): mCursor = null
D/SecContentProvider2(  983): uri = 15 selection = getToastGravityXOffset
D/SecContentProvider2(  983): mCursor = null
D/SecContentProvider2(  983): uri = 15 selection = getToastGravityYOffset
D/SecContentProvider2(  983): mCursor = null
D/SecContentProvider2(  983): uri = 15 selection = getToastEnabledState
D/SecContentProvider2(  983): mCursor = null
D/SecContentProvider2(  983): uri = 15 selection = getToastShowPackageNameState
D/SecContentProvider2(  983): mCursor = null
D/VLC     (23185): [b83d1cd8/72662f6b] core libvlc: VLC media player - 3.0.0-git Vetinari
D/VLC     (23185): [b83d1cd8/b6cdb990] core libvlc: Copyright © 1996-2016 the VideoLAN team
D/VLC     (23185): [b83d1cd8/0] core libvlc: revision 2.2.0-git-7979-g5c24252
