D/Netd    (  272): getNetworkForDns: using netid 516 for uid 10050
V/BroadcastQueue(  983): [background] Process cur broadcast BroadcastRecord{3f0eb748 u0 null} DELIVERED for app ProcessRecord{30d858b0 23662:com.android.chrome/u0a50}
D/ActivityManager(  983): startService callerProcessName:com.android.chrome, calleePkgName: com.android.chrome
D/ActivityManager(  983): retrieveServiceLocked(): component = com.android.chrome/com.google.ipc.invalidation.ticl.android2.TiclService; callingUser = 0; userId(target) = 0
D/ActivityManager(  983): caller:android.app.ApplicationThreadProxy@1ecc29e1, r.packageName :com.android.chrome
D/ActivityManager(  983): startService callerProcessName:com.android.chrome, calleePkgName: com.android.chrome
D/ActivityManager(  983): retrieveServiceLocked(): component = com.android.chrome/org.chromium.chrome.browser.services.gcm.InvalidationGcmUpstreamSender; callingUser = 0; userId(target) = 0
D/ActivityManager(  983): caller:android.app.ApplicationThreadProxy@92c9dc7, r.packageName :com.android.chrome
D/ActivityManager(  983): bindService callerProcessName:com.android.chrome, calleePkgName: com.google.android.gms, action: null
D/ActivityManager(  983): retrieveServiceLocked(): component = com.google.android.gms/com.google.android.gms.auth.GetToken; callingUser = 0; userId(target) = 0
I/Auth    (23687): [AuthDelegateWrapper] Service intent: Intent { cmp=com.google.android.gms/.auth.account.authenticator.DefaultAuthDelegateService }.
I/Auth    (23687): [AuthDelegateWrapper] Service intent: Intent { cmp=com.google.android.gms/.auth.account.authenticator.DefaultAuthDelegateService }.
D/ActivityManager(  983): retrieveServiceLocked(): component = null; callingUser = 0; userId(target) = 0
D/ActivityManager(  983): bindService callerProcessName:com.google.android.gms, calleePkgName: com.google.android.gms, action: null
D/ActivityManager(  983): retrieveServiceLocked(): component = com.google.android.gms/com.google.android.gms.gcm.http.GoogleHttpService; callingUser = 0; userId(target) = 0
I/System.out(23687): (HTTPLog)-Static: isSBSettingEnabled false
D/EnterpriseController(  272): uids 10008
D/EnterpriseController(  272): mIsMarkChainAdded is 18 mIsBlockChainAdded is 252 netId is 0
D/Netd    (  272): getNetworkForDns: using netid 516 for uid 10008
I/qtaguid (23687): Tagging socket 43 with tag 3000040100000000{805307393,0} for uid 10008, pid: 23687, getuid(): 10008
E/SMD     (  275): DCD OFF
I/qtaguid (23687): Tagging socket 68 with tag 3000040100000000{805307393,0} for uid 10008, pid: 23687, getuid(): 10008
D/ActivityManager(  983): retrieveServiceLocked(): component = null; callingUser = 0; userId(target) = 0
D/ActivityManager(  983): caller:android.app.ApplicationThreadProxy@386208ea, r.packageName :com.google.android.gms
D/ActivityManager(  983): startService callerProcessName:com.android.chrome, calleePkgName: com.android.chrome
D/ActivityManager(  983): retrieveServiceLocked(): component = com.android.chrome/org.chromium.chrome.browser.omaha.OmahaClient; callingUser = 0; userId(target) = 0
D/ActivityManager(  983): caller:android.app.ApplicationThreadProxy@2f7147db, r.packageName :com.android.chrome
D/ActivityManager(  983): retrieveServiceLocked(): component = com.android.chrome/org.chromium.chrome.browser.omaha.OmahaClient; callingUser = 0; userId(target) = 0
D/ActivityManager(  983): caller:null, r.packageName :com.android.chrome
D/ActivityManager(  983): startService callerProcessName:com.android.chrome, calleePkgName: com.android.chrome
D/ActivityManager(  983): retrieveServiceLocked(): component = com.android.chrome/org.chromium.chrome.browser.omaha.OmahaClient; callingUser = 0; userId(target) = 0
D/ActivityManager(  983): caller:android.app.ApplicationThreadProxy@1d224d51, r.packageName :com.android.chrome
I/System.out(23662): (HTTPLog)-Static: isSBSettingEnabled false
I/System.out(23662): (HTTPLog)-Static: isShipBuild true
I/System.out(23662): (HTTPLog)-Thread-35882-796260982: SmartBonding Enabling is false, SHIP_BUILD is true, log to file is false, DBG is false
I/System.out(23662): (HTTPLog)-Thread-35882-796260982: SMARTBONDING_FEATURE_ENABLED is false
I/System.out(23662): (HTTPLog)-Static: isSBSettingEnabled false
D/EnterpriseController(  272): uids 10050
D/EnterpriseController(  272): mIsMarkChainAdded is 18 mIsBlockChainAdded is 252 netId is 0
D/Netd    (  272): getNetworkForDns: using netid 516 for uid 10050
D/EnterpriseController(  272): uids 10050
D/EnterpriseController(  272): mIsMarkChainAdded is 18 mIsBlockChainAdded is 252 netId is 0
D/Netd    (  272): getNetworkForDns: using netid 516 for uid 10050
D/EnterpriseController(  272): uids 10050
D/EnterpriseController(  272): mIsMarkChainAdded is 18 mIsBlockChainAdded is 252 netId is 0
D/Netd    (  272): getNetworkForDns: using netid 516 for uid 10050
D/EnterpriseController(  272): uids 10050
D/EnterpriseController(  272): mIsMarkChainAdded is 18 mIsBlockChainAdded is 252 netId is 0
D/Netd    (  272): getNetworkForDns: using netid 516 for uid 10050
D/ActivityManager(  983): retrieveServiceLocked(): component = null; callingUser = 0; userId(target) = 0
D/ActivityManager(  983): caller:android.app.ApplicationThreadProxy@38cfc9b6, r.packageName :com.google.android.gms
D/ActivityManager(  983): retrieveServiceLocked(): component = null; callingUser = 0; userId(target) = 0
D/ActivityManager(  983): caller:android.app.ApplicationThreadProxy@38b286b7, r.packageName :com.google.android.gms
V/BroadcastQueue(  983): [background] Process cur broadcast BroadcastRecord{31994e24 u0 com.google.android.gcm.intent.SEND} DELIVERED for app ProcessRecord{486f70b 23687:com.google.android.gms.persistent/u0a8}
D/ActivityManager(  983): retrieveServiceLocked(): component = null; callingUser = 0; userId(target) = 0
D/ActivityManager(  983): caller:android.app.ApplicationThreadProxy@27ed6d8d, r.packageName :com.google.android.gms
D/ActivityManager(  983): startService callerProcessName:com.google.android.gms, calleePkgName: com.google.android.gms
D/ActivityManager(  983): retrieveServiceLocked(): component = com.google.android.gms/com.google.android.gms.gcm.GcmService; callingUser = 0; userId(target) = 0
D/ActivityManager(  983): caller:android.app.ApplicationThreadProxy@1f86cb42, r.packageName :com.google.android.gms
D/GCM     (23687): GcmService start Intent { act=com.google.android.gcm.intent.SEND flg=0x10 pkg=com.google.android.gms cmp=com.google.android.gms/.gcm.GcmService (has extras) } com.google.android.gcm.intent.SEND
D/ActivityManager(  983): retrieveServiceLocked(): component = null; callingUser = 0; userId(target) = 0
D/ActivityManager(  983): caller:android.app.ApplicationThreadProxy@355ed753, r.packageName :com.google.android.gms
V/BroadcastQueue(  983): [background] Process cur broadcast BroadcastRecord{3c2f2890 u0 com.google.android.c2dm.intent.RECEIVE} DELIVERED for app ProcessRecord{30d858b0 23662:com.android.chrome/u0a50}
D/ActivityManager(  983): startService callerProcessName:com.android.chrome, calleePkgName: com.android.chrome
D/ActivityManager(  983): retrieveServiceLocked(): component = com.android.chrome/org.chromium.chrome.browser.services.gcm.ChromeGcmListenerService; callingUser = 0; userId(target) = 0
D/ActivityManager(  983): caller:android.app.ApplicationThreadProxy@2dd05589, r.packageName :com.android.chrome
D/ChromeGcmListener(23662): Message sent successfully. Message id: 8750a6cb-2a3b-47a2-bbb4-54a5984ea59e
I/cr_omaha(23662): Request to Server Successful. Timestamp for next request:1467901750026
D/EnterpriseController(  272): uids 10050
D/EnterpriseController(  272): mIsMarkChainAdded is 18 mIsBlockChainAdded is 252 netId is 0
D/Netd    (  272): getNetworkForDns: using netid 516 for uid 10050
D/EnterpriseController(  272): uids 10050
D/EnterpriseController(  272): mIsMarkChainAdded is 18 mIsBlockChainAdded is 252 netId is 0
D/Netd    (  272): getNetworkForDns: using netid 516 for uid 10050
D/EnterpriseController(  272): uids 10050
D/EnterpriseController(  272): mIsMarkChainAdded is 18 mIsBlockChainAdded is 252 netId is 0
D/Netd    (  272): getNetworkForDns: using netid 516 for uid 10050
V/BroadcastQueue(  983): [background] Process cur broadcast BroadcastRecord{247595af u0 com.google.android.c2dm.intent.RECEIVE} DELIVERED for app ProcessRecord{30d858b0 23662:com.android.chrome/u0a50}
D/ActivityManager(  983): startService callerProcessName:com.android.chrome, calleePkgName: com.android.chrome
D/ActivityManager(  983): retrieveServiceLocked(): component = com.android.chrome/org.chromium.chrome.browser.services.gcm.ChromeGcmListenerService; callingUser = 0; userId(target) = 0
D/ActivityManager(  983): caller:android.app.ApplicationThreadProxy@e063dbc, r.packageName :com.android.chrome
D/ActivityManager(  983): startService callerProcessName:com.android.chrome, calleePkgName: com.android.chrome
D/ActivityManager(  983): retrieveServiceLocked(): component = com.android.chrome/com.google.ipc.invalidation.ticl.android2.TiclService; callingUser = 0; userId(target) = 0
D/ActivityManager(  983): caller:android.app.ApplicationThreadProxy@1e86809a, r.packageName :com.android.chrome
D/ActivityManager(  983): startService callerProcessName:com.android.chrome, calleePkgName: com.android.chrome
D/ActivityManager(  983): retrieveServiceLocked(): component = com.android.chrome/org.chromium.components.invalidation.InvalidationClientService; callingUser = 0; userId(target) = 0
D/ActivityManager(  983): caller:android.app.ApplicationThreadProxy@17d779a8, r.packageName :com.android.chrome
D/ActivityManager(  983): startService callerProcessName:com.android.chrome, calleePkgName: com.android.chrome
D/ActivityManager(  983): retrieveServiceLocked(): component = com.android.chrome/org.chromium.components.invalidation.InvalidationClientService; callingUser = 0; userId(target) = 0
D/ActivityManager(  983): caller:android.app.ApplicationThreadProxy@6bc0c66, r.packageName :com.android.chrome
D/ActivityManager(  983): startService callerProcessName:com.android.chrome, calleePkgName: com.android.chrome
D/ActivityManager(  983): retrieveServiceLocked(): component = com.android.chrome/org.chromium.components.invalidation.InvalidationClientService; callingUser = 0; userId(target) = 0
D/ActivityManager(  983): caller:android.app.ApplicationThreadProxy@26bc8ba7, r.packageName :com.android.chrome
D/ActivityManager(  983): startService callerProcessName:com.android.chrome, calleePkgName: com.android.chrome
D/ActivityManager(  983): retrieveServiceLocked(): component = com.android.chrome/org.chromium.components.invalidation.InvalidationClientService; callingUser = 0; userId(target) = 0
D/ActivityManager(  983): caller:android.app.ApplicationThreadProxy@1afe8854, r.packageName :com.android.chrome
D/ActivityManager(  983): startService callerProcessName:com.android.chrome, calleePkgName: com.android.chrome
D/ActivityManager(  983): retrieveServiceLocked(): component = com.android.chrome/org.chromium.components.invalidation.InvalidationClientService; callingUser = 0; userId(target) = 0
D/ActivityManager(  983): caller:android.app.ApplicationThreadProxy@10e1d3fd, r.packageName :com.android.chrome
D/ActivityManager(  983): startService callerProcessName:com.android.chrome, calleePkgName: com.android.chrome
D/ActivityManager(  983): retrieveServiceLocked(): component = com.android.chrome/org.chromium.components.invalidation.InvalidationClientService; callingUser = 0; userId(target) = 0
D/ActivityManager(  983): caller:android.app.ApplicationThreadProxy@316c88f2, r.packageName :com.android.chrome
D/ActivityManager(  983): startService callerProcessName:com.android.chrome, calleePkgName: com.android.chrome
D/ActivityManager(  983): retrieveServiceLocked(): component = com.android.chrome/org.chromium.components.invalidation.InvalidationClientService; callingUser = 0; userId(target) = 0
D/ActivityManager(  983): caller:android.app.ApplicationThreadProxy@3a1c3b43, r.packageName :com.android.chrome
D/ActivityManager(  983): startService callerProcessName:com.android.chrome, calleePkgName: com.android.chrome
D/ActivityManager(  983): retrieveServiceLocked(): component = com.android.chrome/org.chromium.components.invalidation.InvalidationClientService; callingUser = 0; userId(target) = 0
D/ActivityManager(  983): caller:android.app.ApplicationThreadProxy@30e5d5c0, r.packageName :com.android.chrome
D/cr.invalidation(23662): Registration status for Oid: <1004, AUTOFILL_WALLET>: REGISTERED
D/ActivityManager(  983): startService callerProcessName:com.android.chrome, calleePkgName: com.android.chrome
D/ActivityManager(  983): retrieveServiceLocked(): component = com.android.chrome/org.chromium.components.invalidation.InvalidationClientService; callingUser = 0; userId(target) = 0
D/ActivityManager(  983): caller:android.app.ApplicationThreadProxy@2b7cb2f9, r.packageName :com.android.chrome
D/ActivityManager(  983): startService callerProcessName:com.android.chrome, calleePkgName: com.android.chrome
D/ActivityManager(  983): retrieveServiceLocked(): component = com.android.chrome/org.chromium.components.invalidation.InvalidationClientService; callingUser = 0; userId(target) = 0
D/ActivityManager(  983): caller:android.app.ApplicationThreadProxy@2836423e, r.packageName :com.android.chrome
D/ActivityManager(  983): startService callerProcessName:com.android.chrome, calleePkgName: com.android.chrome
D/ActivityManager(  983): retrieveServiceLocked(): component = com.android.chrome/org.chromium.components.invalidation.InvalidationClientService; callingUser = 0; userId(target) = 0
D/ActivityManager(  983): caller:android.app.ApplicationThreadProxy@213d489f, r.packageName :com.android.chrome
D/ActivityManager(  983): startService callerProcessName:com.android.chrome, calleePkgName: com.android.chrome
D/ActivityManager(  983): retrieveServiceLocked(): component = com.android.chrome/org.chromium.components.invalidation.InvalidationClientService; callingUser = 0; userId(target) = 0
D/ActivityManager(  983): caller:android.app.ApplicationThreadProxy@1d328dec, r.packageName :com.android.chrome
D/ActivityManager(  983): startService callerProcessName:com.android.chrome, calleePkgName: com.android.chrome
D/ActivityManager(  983): retrieveServiceLocked(): component = com.android.chrome/org.chromium.components.invalidation.InvalidationClientService; callingUser = 0; userId(target) = 0
D/ActivityManager(  983): caller:android.app.ApplicationThreadProxy@64c85b5, r.packageName :com.android.chrome
D/ActivityManager(  983): startService callerProcessName:com.android.chrome, calleePkgName: com.android.chrome
D/ActivityManager(  983): retrieveServiceLocked(): component = com.android.chrome/org.chromium.components.invalidation.InvalidationClientService; callingUser = 0; userId(target) = 0
D/ActivityManager(  983): caller:android.app.ApplicationThreadProxy@1e50444a, r.packageName :com.android.chrome
D/cr.invalidation(23662): Registration status for Oid: <1004, PRIORITY_PREFERENCE>: REGISTERED
D/ActivityManager(  983): retrieveServiceLocked(): component = null; callingUser = 0; userId(target) = 0
D/ActivityManager(  983): caller:android.app.ApplicationThreadProxy@3837cfbb, r.packageName :com.google.android.gms
D/cr.invalidation(23662): Registration status for Oid: <1004, DEVICE_INFO>: REGISTERED
I/chromium(23662): [INFO:CONSOLE(15)] "", source: https://apis.google.com/js/plusone.js (15)
D/EnterpriseController(  272): uids 10050
D/EnterpriseController(  272): mIsMarkChainAdded is 18 mIsBlockChainAdded is 252 netId is 0
D/Netd    (  272): getNetworkForDns: using netid 516 for uid 10050
D/EnterpriseController(  272): uids 10050
D/EnterpriseController(  272): mIsMarkChainAdded is 18 mIsBlockChainAdded is 252 netId is 0
D/Netd    (  272): getNetworkForDns: using netid 516 for uid 10050
D/EnterpriseController(  272): uids 10050
D/EnterpriseController(  272): mIsMarkChainAdded is 18 mIsBlockChainAdded is 252 netId is 0
D/Netd    (  272): getNetworkForDns: using netid 516 for uid 10050
D/EnterpriseController(  272): uids 10050
D/EnterpriseController(  272): mIsMarkChainAdded is 18 mIsBlockChainAdded is 252 netId is 0
D/Netd    (  272): getNetworkForDns: using netid 516 for uid 10050
D/EnterpriseController(  272): uids 10050
D/EnterpriseController(  272): mIsMarkChainAdded is 18 mIsBlockChainAdded is 252 netId is 0
D/Netd    (  272): getNetworkForDns: using netid 516 for uid 10050
D/EnterpriseController(  272): uids 10050
D/EnterpriseController(  272): mIsMarkChainAdded is 18 mIsBlockChainAdded is 252 netId is 0
D/Netd    (  272): getNetworkForDns: using netid 516 for uid 10050
D/cr.invalidation(23662): Registration status for Oid: <1004, TYPED_URL>: REGISTERED
D/EnterpriseController(  272): uids 10050
D/EnterpriseController(  272): mIsMarkChainAdded is 18 mIsBlockChainAdded is 252 netId is 0
D/Netd    (  272): getNetworkForDns: using netid 516 for uid 10050
D/EnterpriseController(  272): uids 10050
D/EnterpriseController(  272): mIsMarkChainAdded is 18 mIsBlockChainAdded is 252 netId is 0
D/Netd    (  272): getNetworkForDns: using netid 516 for uid 10050
D/EnterpriseController(  272): uids 10050
D/EnterpriseController(  272): mIsMarkChainAdded is 18 mIsBlockChainAdded is 252 netId is 0
D/Netd    (  272): getNetworkForDns: using netid 516 for uid 10050
D/EnterpriseController(  272): uids 10050
D/EnterpriseController(  272): mIsMarkChainAdded is 18 mIsBlockChainAdded is 252 netId is 0
D/Netd    (  272): getNetworkForDns: using netid 516 for uid 10050
D/EnterpriseController(  272): uids 10050
D/EnterpriseController(  272): mIsMarkChainAdded is 18 mIsBlockChainAdded is 252 netId is 0
D/Netd    (  272): getNetworkForDns: using netid 516 for uid 10050
D/EnterpriseController(  272): uids 10050
D/EnterpriseController(  272): mIsMarkChainAdded is 18 mIsBlockChainAdded is 252 netId is 0
D/Netd    (  272): getNetworkForDns: using netid 516 for uid 10050
D/EnterpriseController(  272): uids 10050
D/EnterpriseController(  272): mIsMarkChainAdded is 18 mIsBlockChainAdded is 252 netId is 0
D/Netd    (  272): getNetworkForDns: using netid 516 for uid 10050
D/EnterpriseController(  272): uids 10050
D/EnterpriseController(  272): mIsMarkChainAdded is 18 mIsBlockChainAdded is 252 netId is 0
D/Netd    (  272): getNetworkForDns: using netid 516 for uid 10050
D/EnterpriseController(  272): uids 10050
D/EnterpriseController(  272): mIsMarkChainAdded is 18 mIsBlockChainAdded is 252 netId is 0
D/Netd    (  272): getNetworkForDns: using netid 516 for uid 10050
D/cr.invalidation(23662): Registration status for Oid: <1004, WALLET_METADATA>: REGISTERED
D/ActivityManager(  983): retrieveServiceLocked(): component = null; callingUser = 0; userId(target) = 0
D/ActivityManager(  983): caller:android.app.ApplicationThreadProxy@16b09cd8, r.packageName :com.google.android.gms
D/cr.invalidation(23662): Registration status for Oid: <1004, MANAGED_USER_SETTING>: REGISTERED
D/cr.invalidation(23662): Registration status for Oid: <1004, PASSWORD>: REGISTERED
D/cr.invalidation(23662): Registration status for Oid: <1004, HISTORY_DELETE_DIRECTIVE>: REGISTERED
D/ActivityManager(  983): retrieveServiceLocked(): component = null; callingUser = 0; userId(target) = 0
D/ActivityManager(  983): caller:android.app.ApplicationThreadProxy@200cc831, r.packageName :com.google.android.gms
D/ActivityManager(  983): retrieveServiceLocked(): component = null; callingUser = 0; userId(target) = 0
D/ActivityManager(  983): caller:android.app.ApplicationThreadProxy@11565b16, r.packageName :com.google.android.gms
D/EnterpriseController(  272): uids 10050
D/EnterpriseController(  272): mIsMarkChainAdded is 18 mIsBlockChainAdded is 252 netId is 0
D/Netd    (  272): getNetworkForDns: using netid 516 for uid 10050
D/cr.invalidation(23662): Registration status for Oid: <1004, EXPERIMENTS>: REGISTERED
D/cr.invalidation(23662): Registration status for Oid: <1004, BOOKMARK>: REGISTERED
D/cr.invalidation(23662): Registration status for Oid: <1004, NIGORI>: REGISTERED
D/cr.invalidation(23662): Registration status for Oid: <1004, AUTOFILL_PROFILE>: REGISTERED
V/NetworkStats(  983): performPollLocked(flags=0x1)
D/NtpTrustedTime(  983): currentTimeMillis() cache hit
D/NetworkStatsFactory(  983): UpdateStatsForKnox updated
D/NetworkStatsFactory(  983): UpdateStatsForKnox main else ---
D/cr.invalidation(23662): Registration status for Oid: <1004, AUTOFILL>: REGISTERED
D/cr.invalidation(23662): Registration status for Oid: <1004, MANAGED_USER_WHITELIST>: REGISTERED
D/NtpTrustedTime(  983): currentTimeMillis() cache hit
V/NetworkStats(  983): performPollLocked() took 225ms
D/NtpTrustedTime(  983): currentTimeMillis() cache hit
D/NtpTrustedTime(  983): currentTimeMillis() cache hit
W/NetworkStats(  983): getDevSummary: NetworkStats: elapsedRealtime=0
W/NetworkStats(  983): getXtSummary: NetworkStats: elapsedRealtime=1369752894
W/NetworkStats(  983):   [0] iface=null uid=-1 set=ALL tag=0x0 rxBytes=44227493 rxPackets=77802 txBytes=12658721 txPackets=91923 operations=0
D/ActivityManager(  983): retrieveServiceLocked(): component = null; callingUser = 0; userId(target) = 0
D/ActivityManager(  983): caller:android.app.ApplicationThreadProxy@3a89ac97, r.packageName :com.google.android.gms
D/ActivityManager(  983): retrieveServiceLocked(): component = null; callingUser = 0; userId(target) = 0
D/ActivityManager(  983): caller:android.app.ApplicationThreadProxy@32feae84, r.packageName :com.google.android.gms
D/EnterpriseController(  272): uids 10050
D/EnterpriseController(  272): mIsMarkChainAdded is 18 mIsBlockChainAdded is 252 netId is 0
D/Netd    (  272): getNetworkForDns: using netid 516 for uid 10050
D/ActivityManager(  983): retrieveServiceLocked(): component = null; callingUser = 0; userId(target) = 0
D/ActivityManager(  983): caller:android.app.ApplicationThreadProxy@db4b66d, r.packageName :com.google.android.gms
D/ActivityManager(  983): retrieveServiceLocked(): component = null; callingUser = 0; userId(target) = 0
D/ActivityManager(  983): caller:android.app.ApplicationThreadProxy@2ad512a2, r.packageName :com.google.android.gms
D/EnterpriseController(  272): uids 10050
D/EnterpriseController(  272): mIsMarkChainAdded is 18 mIsBlockChainAdded is 252 netId is 0
D/Netd    (  272): getNetworkForDns: using netid 516 for uid 10050
D/ActivityManager(  983): retrieveServiceLocked(): component = null; callingUser = 0; userId(target) = 0
D/ActivityManager(  983): caller:android.app.ApplicationThreadProxy@33b27b33, r.packageName :com.google.android.gms
D/ActivityManager(  983): retrieveServiceLocked(): component = null; callingUser = 0; userId(target) = 0
D/ActivityManager(  983): caller:android.app.ApplicationThreadProxy@20fa2ef0, r.packageName :com.google.android.gms
D/EnterpriseController(  272): uids 10050
D/EnterpriseController(  272): mIsMarkChainAdded is 18 mIsBlockChainAdded is 252 netId is 0
D/Netd    (  272): getNetworkForDns: using netid 516 for uid 10050
D/ActivityManager(  983): retrieveServiceLocked(): component = null; callingUser = 0; userId(target) = 0
D/ActivityManager(  983): caller:android.app.ApplicationThreadProxy@2734c69, r.packageName :com.google.android.gms
D/SensorService(  983): [SO] 1.538 7.934 5.738
E/SMD     (  275): DCD OFF
D/ActivityManager(  983): retrieveServiceLocked(): component = null; callingUser = 0; userId(target) = 0
D/ActivityManager(  983): caller:android.app.ApplicationThreadProxy@2e95b6ee, r.packageName :com.google.android.gms
D/StatusBar.MSimNetworkController( 1152): getNumberOfActiveSim:1
D/StatusBar.MSimNetworkController( 1152): getPhoneSignalIconList: mMaxLevelOfSignalStrengthIndicator = 4 inetCondition = 0
D/StatusBar.MSimNetworkController( 1152): getDataSignalIconId: mMaxLevelOfSignalStrengthIndicator = 4 inetCondition = 0 iconLevel = 4
D/StatusBar.MSimNetworkController( 1152): updateTelephonySignalStrength: iconLevel=4
D/StatusBar.MSimNetworkController( 1152): onSignalStrengthsChanged received on getPhoneId :0signalStrength=SignalStrength: 14 99 -120 -160 -120 -1 -1 99 2147483647 2147483647 2147483647 -1 2147483647 0x4 gsm|lte level=4
D/StatusBar.MSimNetworkController( 1152): updateTelephonySignalStrength: phoneId =0
D/StatusBar.MSimNetworkController( 1152): updateTelephonySignalStrength iconLevel = 4 mInetCondition = 0
D/StatusBar.MSimNetworkController( 1152): refreshViews phoneId =0, mMSimDataConnected =false mMSimDataActivity =0
D/STATUSBAR-WifiQuickSettingButton( 1152): onWifiSignalChanged enabled=true enabledDesc:"f1comp"
D/StatusBar.MSimNetworkController( 1152): refreshViews connected={ wifi } level=4 mMSimcombinedSignalIconId=0x7f0202f6/com.android.systemui:drawable/stat_sys_wifi_signal_4 mMSimcombinedActivityIconId=0x7f0202c7 mAirplaneMode=false mMSimDataActivity=0 mMSimPhoneSignalIconId=0x7f0202b5/com.android.systemui:drawable/stat_sys_signal_4_auto_rotate mMSimDataDirectionIconId=0x0 mMSimDataSignalIconId=0x7f0202b5 mMSimDataTypeIconId=0x0/(null) mNoMSimIconId=0x0/(null) mMSimMobileActivityIconId=0x0/(null) mWifiIconId=0x7f0202f6 mBluetoothTetherIconId=0x7f0202d4 mRoamingIconId=0x 0/(null)
D/MSim-SignalClusterView( 1152): mBtTetherState :falsemNWBoosterRunning :false
D/MSim-SignalClusterView( 1152): mBtTetherState :falsemNWBoosterRunning :false
D/MSim-SignalClusterView( 1152): mMobileDataState (0)-1
D/MSim-SignalClusterView( 1152): mBtTetherState :falsemNWBoosterRunning :false
D/MSim-SignalClusterView( 1152): mBtTetherState :falsemNWBoosterRunning :false
D/MSim-SignalClusterView( 1152): mBtTetherState :falsemNWBoosterRunning :false
D/StatusBar.MSimNetworkController( 1152): refreshSignalCluster, phoneId = 0 mMSimPhoneSignalIconId[0]=com.android.systemui:drawable/stat_sys_signal_4_auto_rotate mMSimDataSignalIconId[0]=com.android.systemui:drawable/stat_sys_signal_4_auto_rotate mMSimDataTypeIconId[0]=(null) mMSimMobileActivityIconId[0]=(null) mNoMSimIconId[0]=(null)
D/MSim-SignalClusterView( 1152): mBtTetherState :falsemNWBoosterRunning :false
D/MSim-SignalClusterView( 1152): mBtTetherState :falsemNWBoosterRunning :false
D/MSim-SignalClusterView( 1152): mMobileDataState (0)-1
D/MSim-SignalClusterView( 1152): mBtTetherState :falsemNWBoosterRunning :false
D/MSim-SignalClusterView( 1152): mBtTetherState :falsemNWBoosterRunning :false
D/MSim-SignalClusterView( 1152): mBtTetherState :falsemNWBoosterRunning :false
D/StatusBar.MSimNetworkController( 1152): refreshSignalCluster, phoneId = 0 mMSimPhoneSignalIconId[0]=com.android.systemui:drawable/stat_sys_signal_4_auto_rotate mMSimDataSignalIconId[0]=com.android.systemui:drawable/stat_sys_signal_4_auto_rotate mMSimDataTypeIconId[0]=(null) mMSimMobileActivityIconId[0]=(null) mNoMSimIconId[0]=(null)
D/MSim-SignalClusterView( 1152): mBtTetherState :falsemNWBoosterRunning :false
D/MSim-SignalClusterView( 1152): mBtTetherState :falsemNWBoosterRunning :false
D/MSim-SignalClusterView( 1152): mMobileDataState (0)-1
D/MSim-SignalClusterView( 1152): mBtTetherState :falsemNWBoosterRunning :false
D/MSim-SignalClusterView( 1152): mBtTetherState :falsemNWBoosterRunning :false
D/MSim-SignalClusterView( 1152): mBtTetherState :falsemNWBoosterRunning :false
D/StatusBar.MSimNetworkController( 1152): refreshSignalCluster, phoneId = 0 mMSimPhoneSignalIconId[0]=com.android.systemui:drawable/stat_sys_signal_4_auto_rotate mMSimDataSignalIconId[0]=com.android.systemui:drawable/stat_sys_signal_4_auto_rotate mMSimDataTypeIconId[0]=(null) mMSimMobileActivityIconId[0]=(null) mNoMSimIconId[0]=(null)
D/MSim-SignalClusterView( 1152): mBtTetherState :falsemNWBoosterRunning :false
D/MSim-SignalClusterView( 1152): mBtTetherState :falsemNWBoosterRunning :false
D/InputReader(  983): Input event: value=1
I/InputReader(  983): Touch event's action is 0x0 (deviceType=0) [pCnt=1, s=0.10420 ] when=111095745676000
I/InputDispatcher(  983): Delivering touch to (1152): action: 0x4, toolType: 1
I/InputDispatcher(  983): Delivering touch to (23662): action: 0x0, toolType: 1
D/MSim-SignalClusterView( 1152): mMobileDataState (0)-1
D/MSim-SignalClusterView( 1152): mBtTetherState :falsemNWBoosterRunning :false
D/MSim-SignalClusterView( 1152): mBtTetherState :falsemNWBoosterRunning :false
D/MSim-SignalClusterView( 1152): mBtTetherState :falsemNWBoosterRunning :false
D/StatusBar.MSimNetworkController( 1152): refreshSignalCluster, phoneId = 0 mMSimPhoneSignalIconId[0]=com.android.systemui:drawable/stat_sys_signal_4_auto_rotate mMSimDataSignalIconId[0]=com.android.systemui:drawable/stat_sys_signal_4_auto_rotate mMSimDataTypeIconId[0]=(null) mMSimMobileActivityIconId[0]=(null) mNoMSimIconId[0]=(null)
D/ViewRootImpl(23662): ViewPostImeInputStage ACTION_DOWN
E/Watchdog(  983): !@Sync 3702 [07-07 20:29:13.784]
D/ActivityManager(  983): retrieveServiceLocked(): component = null; callingUser = 0; userId(target) = 0
D/ActivityManager(  983): caller:android.app.ApplicationThreadProxy@1d8f978f, r.packageName :com.google.android.gms
D/InputReader(  983): Input event: value=0
I/InputReader(  983): Touch event's action is 0x1 (deviceType=0) [pCnt=1, s=] when=111096891187000
I/InputDispatcher(  983): Delivering touch to (23662): action: 0x1, toolType: 1
D/EnterpriseController(  272): uids 10050
D/EnterpriseController(  272): mIsMarkChainAdded is 18 mIsBlockChainAdded is 252 netId is 0
D/Netd    (  272): getNetworkForDns: using netid 516 for uid 10050
D/ActivityManager(  983): retrieveServiceLocked(): component = null; callingUser = 0; userId(target) = 0
D/ActivityManager(  983): caller:android.app.ApplicationThreadProxy@1deb4a1c, r.packageName :com.google.android.gms
D/EnterpriseController(  272): uids 10050
D/EnterpriseController(  272): mIsMarkChainAdded is 18 mIsBlockChainAdded is 252 netId is 0
D/Netd    (  272): getNetworkForDns: using netid 516 for uid 10050
D/EnterpriseController(  272): uids 10050
D/EnterpriseController(  272): mIsMarkChainAdded is 18 mIsBlockChainAdded is 252 netId is 0
D/Netd    (  272): getNetworkForDns: using netid 516 for uid 10050
D/ActivityManager(  983): retrieveServiceLocked(): component = null; callingUser = 0; userId(target) = 0
D/ActivityManager(  983): caller:android.app.ApplicationThreadProxy@1b6b4625, r.packageName :com.google.android.gms
D/ActivityManager(  983): retrieveServiceLocked(): component = null; callingUser = 0; userId(target) = 0
D/ActivityManager(  983): caller:android.app.ApplicationThreadProxy@1aa53fa, r.packageName :com.google.android.gms
D/EnterpriseController(  272): uids 10050
D/EnterpriseController(  272): mIsMarkChainAdded is 18 mIsBlockChainAdded is 252 netId is 0
D/Netd    (  272): getNetworkForDns: using netid 516 for uid 10050
E/SMD     (  275): DCD OFF
D/StatusBar.MSimNetworkController( 1152): getNumberOfActiveSim:1
D/StatusBar.MSimNetworkController( 1152): onSignalStrengthsChanged received on getPhoneId :0signalStrength=SignalStrength: 13 99 -120 -160 -120 -1 -1 99 2147483647 2147483647 2147483647 -1 2147483647 0x4 gsm|lte level=4
D/StatusBar.MSimNetworkController( 1152): updateTelephonySignalStrength: phoneId =0
D/StatusBar.MSimNetworkController( 1152): getPhoneSignalIconList: mMaxLevelOfSignalStrengthIndicator = 4 inetCondition = 0
D/StatusBar.MSimNetworkController( 1152): getDataSignalIconId: mMaxLevelOfSignalStrengthIndicator = 4 inetCondition = 0 iconLevel = 4
D/StatusBar.MSimNetworkController( 1152): updateTelephonySignalStrength: iconLevel=4
D/STATUSBAR-WifiQuickSettingButton( 1152): onWifiSignalChanged enabled=true enabledDesc:"f1comp"
D/StatusBar.MSimNetworkController( 1152): updateTelephonySignalStrength iconLevel = 4 mInetCondition = 0
D/StatusBar.MSimNetworkController( 1152): refreshViews phoneId =0, mMSimDataConnected =false mMSimDataActivity =0
D/StatusBar.MSimNetworkController( 1152): refreshViews connected={ wifi } level=4 mMSimcombinedSignalIconId=0x7f0202f6/com.android.systemui:drawable/stat_sys_wifi_signal_4 mMSimcombinedActivityIconId=0x7f0202c7 mAirplaneMode=false mMSimDataActivity=0 mMSimPhoneSignalIconId=0x7f0202b5/com.android.systemui:drawable/stat_sys_signal_4_auto_rotate mMSimDataDirectionIconId=0x0 mMSimDataSignalIconId=0x7f0202b5 mMSimDataTypeIconId=0x0/(null) mNoMSimIconId=0x0/(null) mMSimMobileActivityIconId=0x0/(null) mWifiIconId=0x7f0202f6 mBluetoothTetherIconId=0x7f0202d4 mRoamingIconId=0x 0/(null)
D/MSim-SignalClusterView( 1152): mBtTetherState :falsemNWBoosterRunning :false
D/MSim-SignalClusterView( 1152): mBtTetherState :falsemNWBoosterRunning :false
D/MSim-SignalClusterView( 1152): mMobileDataState (0)-1
D/MSim-SignalClusterView( 1152): mBtTetherState :falsemNWBoosterRunning :false
D/MSim-SignalClusterView( 1152): mBtTetherState :falsemNWBoosterRunning :false
D/MSim-SignalClusterView( 1152): mBtTetherState :falsemNWBoosterRunning :false
D/StatusBar.MSimNetworkController( 1152): refreshSignalCluster, phoneId = 0 mMSimPhoneSignalIconId[0]=com.android.systemui:drawable/stat_sys_signal_4_auto_rotate mMSimDataSignalIconId[0]=com.android.systemui:drawable/stat_sys_signal_4_auto_rotate mMSimDataTypeIconId[0]=(null) mMSimMobileActivityIconId[0]=(null) mNoMSimIconId[0]=(null)
D/MSim-SignalClusterView( 1152): mBtTetherState :falsemNWBoosterRunning :false
D/MSim-SignalClusterView( 1152): mBtTetherState :falsemNWBoosterRunning :false
D/MSim-SignalClusterView( 1152): mMobileDataState (0)-1
D/MSim-SignalClusterView( 1152): mBtTetherState :falsemNWBoosterRunning :false
D/MSim-SignalClusterView( 1152): mBtTetherState :falsemNWBoosterRunning :false
D/MSim-SignalClusterView( 1152): mBtTetherState :falsemNWBoosterRunning :false
D/StatusBar.MSimNetworkController( 1152): refreshSignalCluster, phoneId = 0 mMSimPhoneSignalIconId[0]=com.android.systemui:drawable/stat_sys_signal_4_auto_rotate mMSimDataSignalIconId[0]=com.android.systemui:drawable/stat_sys_signal_4_auto_rotate mMSimDataTypeIconId[0]=(null) mMSimMobileActivityIconId[0]=(null) mNoMSimIconId[0]=(null)
D/MSim-SignalClusterView( 1152): mBtTetherState :falsemNWBoosterRunning :false
D/MSim-SignalClusterView( 1152): mBtTetherState :falsemNWBoosterRunning :false
D/MSim-SignalClusterView( 1152): mMobileDataState (0)-1
D/MSim-SignalClusterView( 1152): mBtTetherState :falsemNWBoosterRunning :false
D/MSim-SignalClusterView( 1152): mBtTetherState :falsemNWBoosterRunning :false
D/MSim-SignalClusterView( 1152): mBtTetherState :falsemNWBoosterRunning :false
D/StatusBar.MSimNetworkController( 1152): refreshSignalCluster, phoneId = 0 mMSimPhoneSignalIconId[0]=com.android.systemui:drawable/stat_sys_signal_4_auto_rotate mMSimDataSignalIconId[0]=com.android.systemui:drawable/stat_sys_signal_4_auto_rotate mMSimDataTypeIconId[0]=(null) mMSimMobileActivityIconId[0]=(null) mNoMSimIconId[0]=(null)
D/MSim-SignalClusterView( 1152): mBtTetherState :falsemNWBoosterRunning :false
D/MSim-SignalClusterView( 1152): mBtTetherState :falsemNWBoosterRunning :false
D/MSim-SignalClusterView( 1152): mMobileDataState (0)-1
D/MSim-SignalClusterView( 1152): mBtTetherState :falsemNWBoosterRunning :false
D/MSim-SignalClusterView( 1152): mBtTetherState :falsemNWBoosterRunning :false
D/MSim-SignalClusterView( 1152): mBtTetherState :falsemNWBoosterRunning :false
D/StatusBar.MSimNetworkController( 1152): refreshSignalCluster, phoneId = 0 mMSimPhoneSignalIconId[0]=com.android.systemui:drawable/stat_sys_signal_4_auto_rotate mMSimDataSignalIconId[0]=com.android.systemui:drawable/stat_sys_signal_4_auto_rotate mMSimDataTypeIconId[0]=(null) mMSimMobileActivityIconId[0]=(null) mNoMSimIconId[0]=(null)
D/InputReader(  983): Input event: value=1
I/InputReader(  983): Touch event's action is 0x0 (deviceType=0) [pCnt=1, s=0.10421 ] when=111098333445000
I/InputDispatcher(  983): Delivering touch to (1152): action: 0x4, toolType: 1
I/InputDispatcher(  983): Delivering touch to (23662): action: 0x0, toolType: 1
D/ViewRootImpl(23662): ViewPostImeInputStage ACTION_DOWN
D/PowerManagerService(  983): [api] userActivityFromNative : 50 (event: 2 flags: 0) eventTime = 111098333
D/SensorService(  983): [SO] 1.492 8.072 5.808
D/ActivityManager(  983): retrieveServiceLocked(): component = null; callingUser = 0; userId(target) = 0
D/ActivityManager(  983): caller:android.app.ApplicationThreadProxy@8781dab, r.packageName :com.google.android.gms
D/ActivityManager(  983): retrieveServiceLocked(): component = null; callingUser = 0; userId(target) = 0
D/ActivityManager(  983): caller:android.app.ApplicationThreadProxy@1170ec08, r.packageName :com.google.android.gms
D/InputReader(  983): Input event: value=0
I/InputReader(  983): Touch event's action is 0x1 (deviceType=0) [pCnt=1, s=] when=111099826024000
I/InputDispatcher(  983): Delivering touch to (23662): action: 0x1, toolType: 1
D/ActivityManager(  983): retrieveServiceLocked(): component = null; callingUser = 0; userId(target) = 0
D/ActivityManager(  983): caller:android.app.ApplicationThreadProxy@2b2f1fa1, r.packageName :com.google.android.gms
D/ActivityManager(  983): retrieveServiceLocked(): component = null; callingUser = 0; userId(target) = 0
D/ActivityManager(  983): caller:android.app.ApplicationThreadProxy@1639b5c6, r.packageName :com.google.android.gms
D/EnterpriseController(  272): uids 10050
D/EnterpriseController(  272): mIsMarkChainAdded is 18 mIsBlockChainAdded is 252 netId is 0
D/Netd    (  272): getNetworkForDns: using netid 516 for uid 10050
D/ActivityManager(  983): startService callerProcessName:com.android.chrome, calleePkgName: com.android.chrome
D/ActivityManager(  983): retrieveServiceLocked(): component = com.android.chrome/org.chromium.chrome.browser.download.DownloadNotificationService; callingUser = 0; userId(target) = 0
D/ActivityManager(  983): caller:android.app.ApplicationThreadProxy@2918e987, r.packageName :com.android.chrome
D/ActivityManager(  983): bindService callerProcessName:com.android.chrome, calleePkgName: com.android.chrome, action: null
D/ActivityManager(  983): retrieveServiceLocked(): component = com.android.chrome/org.chromium.chrome.browser.download.DownloadNotificationService; callingUser = 0; userId(target) = 0
D/ActivityManager(  983): retrieveServiceLocked(): component = com.android.chrome/org.chromium.chrome.browser.download.DownloadNotificationService; callingUser = 0; userId(target) = 0
D/BatteryService(  983): !@BatteryListener : batteryPropertiesChanged!
D/BatteryService(  983): level:100, scale:100, status:5, health:2, present:true, voltage: 4293, temperature: 382, technology: Li-ion, AC powered:false, USB powered:true, POGO powered:false, Wireless powered:false, icon:17303202, invalid charger:0
D/BatteryService(  983): online:4, current avg:-1, charge type:1, power sharing:false, high voltage charger:false, capacity:190000, current_now:-1
D/BatteryService(  983): Sending ACTION_BATTERY_CHANGED.
D/KeyguardUpdateMonitor( 1152): received broadcast android.intent.action.BATTERY_CHANGED
D/KeyguardUpdateMonitor( 1152): handleBatteryUpdate
D/BatteryMeterView( 1152): ACTION_BATTERY_CHANGED : level:100 status:5 health:2
D/BatteryMeterView( 1152): ACTION_BATTERY_CHANGED : level:100 status:5 health:2
D/BatteryMeterView( 1152): ACTION_BATTERY_CHANGED : level:100 status:5 health:2
I/art     (23662): Background sticky concurrent mark sweep GC freed 4446(161KB) AllocSpace objects, 0(0B) LOS objects, 2% free, 9MB/9MB, paused 15.623ms total 27.535ms
D/ActivityManager(  983): retrieveServiceLocked(): component = null; callingUser = 0; userId(target) = 0
D/ActivityManager(  983): caller:android.app.ApplicationThreadProxy@28109723, r.packageName :com.google.android.gms
D/EnterpriseController(  272): uids 10050
D/EnterpriseController(  272): mIsMarkChainAdded is 18 mIsBlockChainAdded is 252 netId is 0
D/Netd    (  272): getNetworkForDns: using netid 516 for uid 10050
D/ActivityManager(  983): retrieveServiceLocked(): component = null; callingUser = 0; userId(target) = 0
D/ActivityManager(  983): caller:android.app.ApplicationThreadProxy@252f3420, r.packageName :com.google.android.gms
D/ActivityManager(  983): retrieveServiceLocked(): component = null; callingUser = 0; userId(target) = 0
D/ActivityManager(  983): caller:android.app.ApplicationThreadProxy@27bb21d9, r.packageName :com.google.android.gms
E/SMD     (  275): DCD OFF
D/ActivityManager(  983): retrieveServiceLocked(): component = null; callingUser = 0; userId(target) = 0
D/EnterpriseController(  272): uids 10050
D/EnterpriseController(  272): mIsMarkChainAdded is 18 mIsBlockChainAdded is 252 netId is 0
D/Netd    (  272): getNetworkForDns: using netid 516 for uid 10050
D/ActivityManager(  983): caller:android.app.ApplicationThreadProxy@18b30295, r.packageName :com.google.android.gms
D/ActivityManager(  983): retrieveServiceLocked(): component = null; callingUser = 0; userId(target) = 0
D/ActivityManager(  983): caller:android.app.ApplicationThreadProxy@233fafaa, r.packageName :com.google.android.gms
D/ActivityManager(  983): retrieveServiceLocked(): component = null; callingUser = 0; userId(target) = 0
D/EnterpriseController(  272): uids 10050
D/EnterpriseController(  272): mIsMarkChainAdded is 18 mIsBlockChainAdded is 252 netId is 0
D/Netd    (  272): getNetworkForDns: using netid 516 for uid 10050
D/ActivityManager(  983): caller:android.app.ApplicationThreadProxy@311fc79b, r.packageName :com.google.android.gms
D/SSRM:n  (  983): SIOP:: AP = 440, CUR = -1
D/SensorService(  983): [SO] 1.448 8.088 5.563
D/ActivityManager(  983): retrieveServiceLocked(): component = null; callingUser = 0; userId(target) = 0
D/ActivityManager(  983): caller:android.app.ApplicationThreadProxy@163b6738, r.packageName :com.google.android.gms
D/EnterpriseController(  272): uids 10050
D/EnterpriseController(  272): mIsMarkChainAdded is 18 mIsBlockChainAdded is 252 netId is 0
D/Netd    (  272): getNetworkForDns: using netid 516 for uid 10050
D/ActivityManager(  983): retrieveServiceLocked(): component = null; callingUser = 0; userId(target) = 0
D/ActivityManager(  983): caller:android.app.ApplicationThreadProxy@1e0e3311, r.packageName :com.google.android.gms
D/NtpTrustedTime(  983): currentTimeMillis() cache hit
V/NetworkStats(  983): performPollLocked(flags=0x1)
D/NetworkStatsFactory(  983): UpdateStatsForKnox updated
D/NetworkStatsFactory(  983): UpdateStatsForKnox main else ---
D/NtpTrustedTime(  983): currentTimeMillis() cache hit
V/NetworkStats(  983): performPollLocked() took 91ms
D/NtpTrustedTime(  983): currentTimeMillis() cache hit
D/NtpTrustedTime(  983): currentTimeMillis() cache hit
W/NetworkStats(  983): getDevSummary: NetworkStats: elapsedRealtime=0
W/NetworkStats(  983): getXtSummary: NetworkStats: elapsedRealtime=1369761004
W/NetworkStats(  983):   [0] iface=null uid=-1 set=ALL tag=0x0 rxBytes=44227493 rxPackets=77802 txBytes=12658721 txPackets=91923 operations=0
D/InputReader(  983): Input event: value=1
I/InputReader(  983): Touch event's action is 0x0 (deviceType=0) [pCnt=1, s=0.10422 ] when=111102386347000
I/InputDispatcher(  983): Delivering touch to (1152): action: 0x4, toolType: 1
I/InputDispatcher(  983): Delivering touch to (23662): action: 0x0, toolType: 1
D/ViewRootImpl(23662): ViewPostImeInputStage ACTION_DOWN
D/WifiDisplayAdapter(  983): getWifiDisplayStatusLocked: result=WifiDisplayStatus{featureState=2, scanState=0, activeDisplayState=0, activeDisplay=null, displays=[], sessionInfo=WifiDisplaySessionInfo:
D/WifiDisplayAdapter(  983):     Client/Owner: Client
D/WifiDisplayAdapter(  983):     GroupId: 
D/WifiDisplayAdapter(  983):     Passphrase: 
D/WifiDisplayAdapter(  983):     SessionId: 0
D/WifiDisplayAdapter(  983):     IP Address: , connectedState=-1, networkQoS=0}
D/WifiDisplayAdapter(  983): getWifiDisplayStatusLocked: result=WifiDisplayStatus{featureState=2, scanState=0, activeDisplayState=0, activeDisplay=null, displays=[], sessionInfo=WifiDisplaySessionInfo:
D/WifiDisplayAdapter(  983):     Client/Owner: Client
D/WifiDisplayAdapter(  983):     GroupId: 
D/WifiDisplayAdapter(  983):     Passphrase: 
D/WifiDisplayAdapter(  983):     SessionId: 0
D/WifiDisplayAdapter(  983):     IP Address: , connectedState=-1, networkQoS=0}
I/AudioService(  983): getStreamVolume 3 index 80
I/MediaRouter(23662): Found default route: MediaRouter.RouteInfo{ uniqueId=android/.support.v7.media.W:DEFAULT_ROUTE, name=Телефон, description=null, iconUri=null, enabled=true, connecting=false, connectionState=0, canDisconnect=false, playbackType=0, playbackStream=3, deviceType=0, volumeHandling=1, volume=8, volumeMax=15, presentationDisplayId=-1, extras=null, settingsIntent=null, providerPackageName=android }
D/Wif