D/TimaKeyStoreProvider(22727): Cannot add TimaSignature Service, License check Failed
D/ActivityThread(22727): Added TimaKesytore provider
I/MultiDex(22727): VM with version 2.1.0 has multidex support
I/MultiDex(22727): install
I/MultiDex(22727): VM has multidex support, MultiDex support library is disabled.
I/MultiDex(22727): install
I/MultiDex(22727): VM has multidex support, MultiDex support library is disabled.
D/STATUSBAR-WifiQuickSettingButton( 1152): onWifiSignalChanged enabled=true enabledDesc:"f1comp"
D/SecContentProvider2(  983): uri = 15 selection = getToastGravityEnabledState
D/SecContentProvider2(  983): mCursor = null
D/SecContentProvider2(  983): uri = 15 selection = getToastGravity
D/SecContentProvider2(  983): mCursor = null
D/SecContentProvider2(  983): uri = 15 selection = getToastGravityXOffset
D/SecContentProvider2(  983): mCursor = null
D/SecContentProvider2(  983): uri = 15 selection = getToastGravityYOffset
D/SecContentProvider2(  983): mCursor = null
D/DisplayManager(22727): DisplayManager()
I/UpdateIcingCorporaServi(22707): Updating corpora: APPS=com.example.anya.videoexample, CONTACTS=MAYBE
D/StatusBar.MSimNetworkController( 1152): getNumberOfActiveSim:1
D/StatusBar.MSimNetworkController( 1152): getPhoneSignalIconList: mMaxLevelOfSignalStrengthIndicator = 4 inetCondition = 0
D/StatusBar.MSimNetworkController( 1152): getDataSignalIconId: mMaxLevelOfSignalStrengthIndicator = 4 inetCondition = 0 iconLevel = 4
D/StatusBar.MSimNetworkController( 1152): updateTelephonySignalStrength: iconLevel=4
D/STATUSBAR-WifiQuickSettingButton( 1152): onWifiSignalChanged enabled=true enabledDesc:"f1comp"
E/FlurryAgent(22727): GOOGLE PLAY SERVICES EXCEPTION: com.google.android.gms.common.GooglePlayServicesUtil
E/FlurryAgent(22727): There is a problem with the Google Play Services library, which is required for Android Advertising ID support. The Google Play Services library should be integrated in any app shipping in the Play Store that uses analytics or advertising.
W/IcingInternalCorpora(20984): getNumBytesRead when not calculated.
D/STATUSBAR-WifiQuickSettingButton( 1152): onWifiSignalChanged enabled=true enabledDesc:"f1comp"
I/System.out(22727): (HTTPLog)-Static: isSBSettingEnabled false
I/System.out(22727): (HTTPLog)-Static: isShipBuild true
I/System.out(22727): (HTTPLog)-Thread-35766-531008440: SmartBonding Enabling is false, SHIP_BUILD is true, log to file is false, DBG is false
I/System.out(22727): (HTTPLog)-Thread-35766-531008440: SMARTBONDING_FEATURE_ENABLED is false
I/System.out(22727): (HTTPLog)-Static: isSBSettingEnabled false
D/EnterpriseController(  272): uids 10123
D/EnterpriseController(  272): mIsMarkChainAdded is 18 mIsBlockChainAdded is 252 netId is 0
D/Netd    (  272): getNetworkForDns: using netid 516 for uid 10123
I/UpdateIcingCorporaServi(22707): UpdateCorporaTask done [took 668 ms] updated apps [took 658 ms] 
I/Timeline(22727): Timeline: Activity_launch_request id:com.estrongs.android.pop time:110754551
E/PersonaManagerService(  983): inState():  stateMachine is null !!
I/PersonaManagerService(  983): Failed to execute isKioskModeEnabled. java.lang.SecurityException: You need MANAGE_USERS permission to: query user
I/ActivityManager(  983): do not start freezing screen for locked container getKeyguardshowstate = false
D/Launcher(23428): onPause, Launcher: 818805098
D/Launcher.HomeView(23428): onPause
D/Launcher.Workspace(23428): exitWidgetResizeMode mState: 0, newDragStarted: false
D/InputDispatcher(  983): Focused application set to: xxxx
D/InputDispatcher(  983): Focus left window: 23428
D/DisplayManager(  983): addAllDisplaysLocked()
D/SensorService(  983): [SO] activate (ident=0xb87e6910, enabled=0)
I/Sensors (  983): AccelerometerSensor enable: mEnabled 1, handle 0, en 0
W/art     (22727): Suspending all threads took: 12.408ms
D/SensorManager(  983): unregisterListener ::   
I/Sensors (  983): AccelerometerSensor(0) setDelay : 66000000(ns)
D/SensorService(  983): [SO] changed settle time [1]
D/SensorService(  983): [SO] activate (ident=0xb87e6910, enabled=1)
D/SensorService(  983): [SO] AR_init
I/Sensors (  983): AccelerometerSensor enable: mEnabled 0, handle 0, en 1
I/art     (22727): Background sticky concurrent mark sweep GC freed 7306(587KB) AllocSpace objects, 9(144KB) LOS objects, 5% free, 7MB/7MB, paused 30.556ms total 208.437ms
D/SensorManager(  983): registerListener :: 1600221811, Screen Orientation Sensor, 66000, 0,  
D/SensorService(  983): [SO] Reset Rotation Old [100], Init [1]
I/System.out(22727): (HTTPLog)-Static: isSBSettingEnabled false
D/EnterpriseController(  272): uids 10123
D/EnterpriseController(  272): mIsMarkChainAdded is 18 mIsBlockChainAdded is 252 netId is 0
D/Netd    (  272): getNetworkForDns: using netid 516 for uid 10123
D/SensorService(  983): [SO] process [curr = 292388769394827] : [prev = 292388458818317] : [diff = 310576510] [-0.866 1.038 10.120]
D/SensorService(  983): [SO] -0.866 1.038 10.120
D/SensorService(  983): [SO] Update [100 -> 255]
W/art     (22727): Suspending all threads took: 10.181ms
I/art     (22727): Background partial concurrent mark sweep GC freed 14204(830KB) AllocSpace objects, 0(0B) LOS objects, 25% free, 7MB/9MB, paused 16.985ms total 88.384ms
W/FlurryAgent(22727): Flurry session started for context:com.estrongs.android.pop.app.InstallMonitorActivity@9b54656
W/FlurryAgent(22727): Flurry session resumed for context:com.estrongs.android.pop.app.InstallMonitorActivity@9b54656
D/InputDispatcher(  983): Focused application set to: xxxx
D/InputDispatcher(  983): Focus entered window: 23428
D/ActivityManager(  983): post active user change for 0 fullscreen false
D/KnoxTimeoutHandler(  983): postActiveUserChange for user 0
I/KnoxTimeoutHandler(  983): postActiveUserChange, showWhenLocked: false
D/KnoxTimeoutHandler(  983): handleActiveUserChange for user 0
I/KnoxTimeoutHandler(  983): Target Activity is not fullscreen. We will not show this activity0
E/Zygote  (22786): v2
I/SELinux (22786): Function: selinux_compare_spd_ram, SPD-policy is existed. and_ver=SEPF_SM-G530H_5.0.2-1 ver=48
I/SELinux (22786): Function: selinux_compare_spd_ram , priority [1] , priority version is VE=SEPF_SM-G530H_5.0.2-1_0048
E/SELinux (22786): [DEBUG] get_category: variable seinfo: platform sensitivity: NULL, cateogry: NULL
D/Launcher(23428): setSystemUiTransparency.SettingNotFoundException : set as TRUE
D/InputMethodManagerService(  983): windowGainedFocus mCurrentFocusedUserId - 0 and mSecureKeypadEnabled-false
D/DisplayManager(  983): addAllDisplaysLocked()
D/Launcher(23428): onResume, Launcher: 818805098
D/Launcher(23428): setSystemUiTransparency.SettingNotFoundException : set as TRUE
D/Launcher.HomeView(23428): onResume
D/MenuAppsGridFragment(23428): onResume
D/ActivityManager(  983): handle home activity for 0
I/WallpaperService(  983): switchPersonaWallpaper is called for personaId-0
D/KnoxTimeoutHandler(  983): post home show event for user 0
D/ActivityManager(  983): post active user change for 0 fullscreen true
D/KnoxTimeoutHandler(  983): postActiveUserChange for user 0
I/KnoxTimeoutHandler(  983): postActiveUserChange, showWhenLocked: false
D/WallpaperService(  983):  force update = false; persona id = 0; current user =0; current persona = 0
D/KnoxTimeoutHandler(  983): handleHomeShow for 0 and current 0
D/KnoxTimeoutHandler(  983): handleActiveUserChange for user 0
I/Timeline(23428): Timeline: Activity_idle id: android.os.BinderProxy@34f0638d time:110755108
D/TimaKeyStoreProvider(22786): in addTimaSignatureService
I/WebViewFactory(22727): Loading com.google.android.webview version 51.0.2704.81 (code 270408100)
D/TimaKeyStoreProvider(22786): Cannot add TimaSignature Service, License check Failed
D/ActivityThread(22786): Added TimaKesytore provider
I/System.out(22727): (HTTPLog)-Static: isSBSettingEnabled false
D/EnterpriseController(  272): uids 10123
D/EnterpriseController(  272): mIsMarkChainAdded is 18 mIsBlockChainAdded is 252 netId is 0
D/Netd    (  272): getNetworkForDns: using netid 516 for uid 10123
I/cr_LibraryLoader(22727): Time to load native libraries: 51 ms (timestamps 5314-5365)
I/cr_LibraryLoader(22727): Expected native library version number "51.0.2704.81", actual native library version number "51.0.2704.81"
D/SensorService(  983): [SO] -0.864 1.033 10.115
D/STATUSBAR-WifiQuickSettingButton( 1152): onWifiSignalChanged enabled=true enabledDesc:"f1comp"
D/SensorService(  983): [SO] activate (ident=0xb87e6910, enabled=0)
I/Sensors (  983): AccelerometerSensor enable: mEnabled 1, handle 0, en 0
D/SensorManager(  983): unregisterListener ::   
I/Sensors (  983): AccelerometerSensor(0) setDelay : 200000000(ns)
V/WebViewChromiumFactoryProvider(22727): Binding Chromium to main looper Looper (main, tid 1) {1e841792}
D/SensorService(  983): [SO] changed settle time [0]
D/SensorService(  983): [SO] activate (ident=0xb87e6910, enabled=1)
D/SensorService(  983): [SO] AR_init
I/Sensors (  983): AccelerometerSensor enable: mEnabled 0, handle 0, en 1
I/cr_LibraryLoader(22727): Expected native library version number "51.0.2704.81", actual native library version number "51.0.2704.81"
D/SensorManager(  983): registerListener :: 1600221811, Screen Orientation Sensor, 200000, 0,  
I/PCWCLIENTTRACE_PushUtil(22518): SPPPushClient is installed : true
I/PCWCLIENTTRACE_PushUtil(22518): sales region : global
I/PCWCLIENTTRACE_PushUtil(22518): getPushTypeList : [SPP, GCM]
I/PCWCLIENTTRACE_SYSTEMReceiver(22518): [onReceive] - android.intent.action.PACKAGE_REPLACED
D/PCWCLIENTTRACE_SYSTEMReceiver(22518): ACTION_PACKAGE_REPLACED_START
E/JavaBinder(  983): !!! FAILED BINDER TRANSACTION !!!
I/Icing   (20984): Indexing 71832839B0DEA0E587AEEBAC0073D175C6CFACF5 from com.google.android.googlequicksearchbox
I/Icing   (20984): Not enough disk space for indexing trimmable
I/chromium(22727): [INFO:library_loader_hooks.cc(143)] Chromium logging enabled: level = 0, default verbosity = 0
E/Zygote  (22806): v2
I/SELinux (22806): Function: selinux_compare_spd_ram, SPD-policy is existed. and_ver=SEPF_SM-G530H_5.0.2-1 ver=48
I/SELinux (22806): Function: selinux_compare_spd_ram , priority [1] , priority version is VE=SEPF_SM-G530H_5.0.2-1_0048
E/SELinux (22806): [DEBUG] get_category: variable seinfo: release sensitivity: NULL, cateogry: NULL
D/SensorService(  983): [SO] Reset Rotation Old [100], Init [1]
D/TimaKeyStoreProvider(22806): in addTimaSignatureService
D/TimaKeyStoreProvider(22806): Cannot add TimaSignature Service, License check Failed
D/ActivityThread(22806): Added TimaKesytore provider
I/cr_BrowserStartup(22727): Initializing chromium process, singleProcess=true
D/Compatibility(22806): onReceive() it will make start service
I/Icing   (20984): Not enough disk space for indexing trimmable
D/Compatibility(22806): onHandleIntent()
D/Compatibility(22806): intentservice saw: Intent { act=android.intent.action.PACKAGE_REPLACED dat=package:com.example.anya.videoexample flg=0x4000010 cmp=com.sec.android.app.soundalive/.compatibility.Compatibility$Receiver (has extras) } Bundle[{android.intent.extra.UID=10042, android.intent.extra.REPLACING=true, android.intent.extra.user_handle=0}]
D/Compatibility(22806): found: 2
I/Icing   (20984): Indexing done 71832839B0DEA0E587AEEBAC0073D175C6CFACF5
D/Compatibility(22806): saved default: com.sec.android.app.soundalive.SAControlPanelActivity
D/Compatibility(22806): skipping ResolveInfo{116b65e3 com.sec.android.app.soundalive/.compatibility.Compatibility$Redirector p=2147483647 m=0x108000}
D/Compatibility(22806): considering ResolveInfo{1457bbe0 com.sec.android.app.soundalive/.SAControlPanelActivity m=0x108000}
D/Compatibility(22806): default: com.sec.android.app.soundalive.SAControlPanelActivity
D/Compatibility(22806): enabling receiver ResolveInfo{13d96e99 com.sec.android.app.soundalive/.SAControlPanelReceiver m=0x108000}
D/Compatibility(22806): enabling receiver ResolveInfo{169ce55e com.sec.android.app.soundalive/.compatibility.HelperGooglePlayMusic m=0x108000}
D/Compatibility(22806): enabling receiver ResolveInfo{33647d3f com.sec.android.app.soundalive/.SAControlPanelReceiver m=0x108000}
D/Compatibility(22806): enabling receiver ResolveInfo{1dacb60c com.sec.android.app.soundalive/.compatibility.HelperGooglePlayMusic m=0x108000}
D/Compatibility(22806): wrote com.sec.android.app.soundalive/com.sec.android.app.soundalive.SAControlPanelActivity as default
E/ApkAssets(22727): Error while loading asset assets/natives_blob_64.bin: java.io.FileNotFoundException: assets/natives_blob_64.bin
E/ApkAssets(22727): Error while loading asset assets/snapshot_blob_64.bin: java.io.FileNotFoundException: assets/snapshot_blob_64.bin
D/AsyncTaskServiceImpl(20984): Submit a task: nwp
D/PkgBroadcastIntentOp(20984): Received broadcast action=android.intent.action.PACKAGE_REPLACED and uri=com.example.anya.videoexample
D/nwp     (20984): Processing package: com.example.anya.videoexample
E/NetworkScheduler.SR(23687): Invalid parameter app
E/NetworkScheduler.SR(23687): Invalid package name : Perhaps you didn't include a PendingIntent in the extras?
E/Zygote  (22829): v2
I/SELinux (22829): Function: selinux_compare_spd_ram, SPD-policy is existed. and_ver=SEPF_SM-G530H_5.0.2-1 ver=48
I/SELinux (22829): Function: selinux_compare_spd_ram , priority [1] , priority version is VE=SEPF_SM-G530H_5.0.2-1_0048
E/SELinux (22829): [DEBUG] get_category: variable seinfo: samsung sensitivity: NULL, cateogry: NULL
D/GassUtils(20984): Found app info for package com.example.anya.videoexample:1. Hash: 18ac97831719ad140eabbb9e1799d3d712f54d2066a061665ecd0fbb3d9c8433
D/nwp     (20984): Found info for package com.example.anya.videoexample in db.
D/SensorService(  983): [SO] process [curr = 292389722722848] : [prev = 292389231387119] : [diff = 491335729] [-0.861 1.040 10.124]
D/SensorService(  983): [SO] -0.861 1.040 10.124
D/SensorService(  983): [SO] Update [100 -> 255]
D/TimaKeyStoreProvider(22829): in addTimaSignatureService
D/TimaKeyStoreProvider(22829): Cannot add TimaSignature Service, License check Failed
D/ActivityThread(22829): Added TimaKesytore provider
I/Adreno-EGL(22727): <qeglDrvAPI_eglInitialize:379>: EGL 1.4 QUALCOMM build:  (Ib51f183a9b)
I/Adreno-EGL(22727): OpenGL ES Shader Compiler Version: E031.25.03.02
I/Adreno-EGL(22727): Build Date: 04/21/15 Tue
I/Adreno-EGL(22727): Local Branch: skarajga_1.1.2_rb1_18_For_SS_SR#01986467
I/Adreno-EGL(22727): Remote Branch: 
I/Adreno-EGL(22727): Local Patches: 
I/Adreno-EGL(22727): Reconstruct Branch: 
E/SMD     (  275): DCD OFF
I/System.out(22727): (HTTPLog)-Static: isSBSettingEnabled false
D/EnterpriseController(  272): uids 10123
D/EnterpriseController(  272): mIsMarkChainAdded is 18 mIsBlockChainAdded is 252 netId is 0
D/Netd    (  272): getNetworkForDns: using netid 516 for uid 10123
I/System.out(22727): Thread-35803(ApacheHTTPLog):Reading from variable values from setDefaultValuesToVariables
I/System.out(22727): Thread-35803(ApacheHTTPLog):isSBSettingEnabled false
I/System.out(22727): Thread-35803(ApacheHTTPLog):isShipBuild true
I/System.out(22727): Thread-35803(ApacheHTTPLog):SMARTBONDING_ENABLED is false
I/System.out(22727): Thread-35803(ApacheHTTPLog):SmartBonding Enabling is false, SHIP_BUILD is true, log to file is false, DBG is false
D/EnterpriseController(  272): uids 10123
D/EnterpriseController(  272): mIsMarkChainAdded is 18 mIsBlockChainAdded is 252 netId is 0
D/Netd    (  272): getNetworkForDns: using netid 516 for uid 10123
I/System.out(22727): Thread-35802(ApacheHTTPLog):isSBSettingEnabled false
I/System.out(22727): Thread-35802(ApacheHTTPLog):isShipBuild true
I/System.out(22727): Thread-35802(ApacheHTTPLog):SMARTBONDING_ENABLED is false
I/System.out(22727): Thread-35802(ApacheHTTPLog):SmartBonding Enabling is false, SHIP_BUILD is true, log to file is false, DBG is false
D/EnterpriseController(  272): uids 10123
D/EnterpriseController(  272): mIsMarkChainAdded is 18 mIsBlockChainAdded is 252 netId is 0
D/Netd    (  272): getNetworkForDns: using netid 516 for uid 10123
I/System.out(22727): Thread-35804(ApacheHTTPLog):isSBSettingEnabled false
I/System.out(22727): Thread-35804(ApacheHTTPLog):isShipBuild true
I/System.out(22727): Thread-35804(ApacheHTTPLog):SMARTBONDING_ENABLED is false
I/System.out(22727): Thread-35804(ApacheHTTPLog):SmartBonding Enabling is false, SHIP_BUILD is true, log to file is false, DBG is false
D/AdSettings(22727): Test mode device hash: 57dd9226452b44d20eba58fa0e0069bc
D/AdSettings(22727): When testing your app with Facebook's ad units you must specify the device hashed ID to ensure the delivery of test ads, add the following code before loading an ad: AdSettings.addTestDevice("57dd9226452b44d20eba58fa0e0069bc");
E/Zygote  (22868): v2
I/SELinux (22868): Function: selinux_compare_spd_ram, SPD-policy is existed. and_ver=SEPF_SM-G530H_5.0.2-1 ver=48
I/SELinux (22868): Function: selinux_compare_spd_ram , priority [1] , priority version is VE=SEPF_SM-G530H_5.0.2-1_0048
E/SELinux (22868): [DEBUG] get_category: variable seinfo: untrusted sensitivity: NULL, cateogry: NULL
D/TimaKeyStoreProvider(22868): in addTimaSignatureService
D/TimaKeyStoreProvider(22868): Cannot add TimaSignature Service, License check Failed
D/ActivityThread(22868): Added TimaKesytore provider
D/BluetoothAdapter(22727): 982218565: getState() :  mService = null. Returning STATE_OFF
E/FlurryAgent(22727): GOOGLE PLAY SERVICES EXCEPTION: com.google.android.gms.common.GooglePlayServicesUtil
E/FlurryAgent(22727): There is a problem with the Google Play Services library, which is required for Android Advertising ID support. The Google Play Services library should be integrated in any app shipping in the Play Store that uses analytics or advertising.
D/ConnectivityManager.CallbackHandler(22727): CM callback handler got msg 524290
W/FlurryAgent(22727): Flurry session paused for context:com.estrongs.android.pop.app.InstallMonitorActivity@9b54656
I/System.out(22727): TooboxThread #1 calls detatch()
I/System.out(22727): (HTTPLog)-Static: isSBSettingEnabled false
D/EnterpriseController(  272): uids 10123
D/EnterpriseController(  272): mIsMarkChainAdded is 18 mIsBlockChainAdded is 252 netId is 0
D/Netd    (  272): getNetworkForDns: using netid 516 for uid 10123
W/art     (22868): Suspending all threads took: 6.066ms
I/MultiDex(22868): VM with version 2.1.0 has multidex support
I/MultiDex(22868): install
I/MultiDex(22868): VM has multidex support, MultiDex support library is disabled.
I/Icing   (20984): Indexing ED24D1D6BCABE3E5F7B76C86F0D93ABC5E6ED812 from com.google.android.gms
I/Icing   (20984): Not enough disk space for indexing trimmable
I/System.out(22727): TooboxThread #3 calls detatch()
I/System.out(22727): TooboxThread #2 calls detatch()
I/Icing   (20984): Not enough disk space for indexing trimmable
I/Icing   (20984): Indexing done ED24D1D6BCABE3E5F7B76C86F0D93ABC5E6ED812
I/System.out(22727): Thread-35816(ApacheHTTPLog):isSBSettingEnabled false
I/System.out(22727): Thread-35816(ApacheHTTPLog):isShipBuild true
I/System.out(22727): Thread-35816(ApacheHTTPLog):SMARTBONDING_ENABLED is false
I/System.out(22727): Thread-35816(ApacheHTTPLog):SmartBonding Enabling is false, SHIP_BUILD is true, log to file is false, DBG is false
D/EnterpriseController(  272): uids 10123
D/EnterpriseController(  272): mIsMarkChainAdded is 18 mIsBlockChainAdded is 252 netId is 0
D/Netd    (  272): getNetworkForDns: using netid 516 for uid 10123
I/GAv4    (22868): Google Analytics 7.5.71 is starting up. To enable debug logging on a device run:
I/GAv4    (22868):   adb shell setprop log.tag.GAv4 DEBUG
I/GAv4    (22868):   adb logcat -s GAv4
W/ContextImpl(22868): Failed to ensure directory: /storage/extSdCard/Android/data/com.google.android.apps.magazines/cache
W/GAv4    (22868): AnalyticsReceiver is not registered or is disabled. Register the receiver for reliable dispatching on non-Google Play devices. See http://goo.gl/8Rd3yj for instructions.
W/GAv4    (22868): CampaignTrackingReceiver is not registered, not exported or is disabled. Installation campaign tracking is not possible. See http://goo.gl/8Rd3yj for instructions.
W/GAv4    (22868): AnalyticsService not registered in the app manifest. Hits might not be delivered reliably. See http://goo.gl/8Rd3yj for instructions.
W/ContextImpl(22868): Failed to ensure directory: /storage/extSdCard/Android/data/com.google.android.apps.magazines/files
W/ContextImpl(22868): Failed to ensure directory: /storage/extSdCard/Android/data/com.google.android.apps.magazines/cache
W/ContextImpl(22868): Failed to ensure directory: /storage/extSdCard/Android/data/com.google.android.apps.magazines/files
I/System.out(22727): com.facebook.ads thread-1 2016-07-07 20:23:34 calls detatch()
D/DisplayManager(22868): DisplayManager()
W/FlurryAgent(22727): Analytics report sent.
I/WebViewFactory(22868): Loading com.google.android.webview version 51.0.2704.81 (code 270408100)
I/cr_LibraryLoader(22868): Time to load native libraries: 3 ms (timestamps 8326-8329)
I/cr_LibraryLoader(22868): Expected native library version number "51.0.2704.81", actual native library version number "51.0.2704.81"
V/WebViewChromiumFactoryProvider(22868): Binding Chromium to main looper Looper (main, tid 1) {196b2da3}
I/cr_LibraryLoader(22868): Expected native library version number "51.0.2704.81", actual native library version number "51.0.2704.81"
I/chromium(22868): [INFO:library_loader_hooks.cc(143)] Chromium logging enabled: level = 0, default verbosity = 0
D/KeyguardUpdateMonitor( 1152): received broadcast android.intent.action.BATTERY_CHANGED
D/KeyguardUpdateMonitor( 1152): handleBatteryUpdate
I/cr_BrowserStartup(22868): Initializing chromium process, singleProcess=true
E/ApkAssets(22868): Error while loading asset assets/natives_blob_64.bin: java.io.FileNotFoundException: assets/natives_blob_64.bin
E/ApkAssets(22868): Error while loading asset assets/snapshot_blob_64.bin: java.io.FileNotFoundException: assets/snapshot_blob_64.bin
I/Adreno-EGL(22868): <qeglDrvAPI_eglInitialize:379>: EGL 1.4 QUALCOMM build:  (Ib51f183a9b)
I/Adreno-EGL(22868): OpenGL ES Shader Compiler Version: E031.25.03.02
I/Adreno-EGL(22868): Build Date: 04/21/15 Tue
I/Adreno-EGL(22868): Local Branch: skarajga_1.1.2_rb1_18_For_SS_SR#01986467
I/Adreno-EGL(22868): Remote Branch: 
I/Adreno-EGL(22868): Local Patches: 
I/Adreno-EGL(22868): Reconstruct Branch: 
W/cr_media(22868): Requires BLUETOOTH permission
I/NSApplication(22868): Starting up...
E/Zygote  (22932): v2
I/SELinux (22932): Function: selinux_compare_spd_ram, SPD-policy is existed. and_ver=SEPF_SM-G530H_5.0.2-1 ver=48
I/SELinux (22932): Function: selinux_compare_spd_ram , priority [1] , priority version is VE=SEPF_SM-G530H_5.0.2-1_0048
E/SELinux (22932): [DEBUG] get_category: variable seinfo: untrusted sensitivity: NULL, cateogry: NULL
D/TimaKeyStoreProvider(22932): in addTimaSignatureService
D/TimaKeyStoreProvider(22932): Cannot add TimaSignature Service, License check Failed
D/ActivityThread(22932): Added TimaKesytore provider
I/art     (  983): Explicit concurrent mark sweep GC freed 30798(1789KB) AllocSpace objects, 3(48KB) LOS objects, 19% free, 33MB/41MB, paused 2.900ms total 219.457ms
D/ConnectivityManager.CallbackHandler(22868): CM callback handler got msg 524290
E/SMD     (  275): DCD OFF
D/StatusBar.MSimNetworkController( 1152): getNumberOfActiveSim:1
D/StatusBar.MSimNetworkController( 1152): getPhoneSignalIconList: mMaxLevelOfSignalStrengthIndicator = 4 inetCondition = 0
D/StatusBar.MSimNetworkController( 1152): getDataSignalIconId: mMaxLevelOfSignalStrengthIndicator = 4 inetCondition = 0 iconLevel = 4
D/StatusBar.MSimNetworkController( 1152): updateTelephonySignalStrength: iconLevel=4
D/STATUSBAR-WifiQuickSettingButton( 1152): onWifiSignalChanged enabled=true enabledDesc:"f1comp"
E/Zygote  (22950): v2
I/SELinux (22950): Function: selinux_compare_spd_ram, SPD-policy is existed. and_ver=SEPF_SM-G530H_5.0.2-1 ver=48
I/SELinux (22950): Function: selinux_compare_spd_ram , priority [1] , priority version is VE=SEPF_SM-G530H_5.0.2-1_0048
E/SELinux (22950): [DEBUG] get_category: variable seinfo: default sensitivity: NULL, cateogry: NULL
D/STATUSBAR-WifiQuickSettingButton( 1152): onWifiSignalChanged enabled=true enabledDesc:"f1comp"
D/TimaKeyStoreProvider(22950): in addTimaSignatureService
D/TimaKeyStoreProvider(22950): Cannot add TimaSignature Service, License check Failed
D/ActivityThread(22950): Added TimaKesytore provider
D/STATUSBAR-WifiQuickSettingButton( 1152): onWifiSignalChanged enabled=true enabledDesc:"f1comp"
I/IgDiscardableRuntime(22950): JNI_OnLoad
V/IgBitmapFactory(22950): decode image
W/ColdStartPerformanceTracer(22950): .                   TOTAL   THREAD
W/ColdStartPerformanceTracer(22950): ____0 00.000 Start    ...     ...   ColdStartPerformanceTracer
W/ColdStartPerformanceTracer(22950): __875 00.875 Done __875 ms __303 ms ColdStartPerformanceTracer
V/IgBitmapReference(22950): onStrongRefDestroyed - unlock the memory -1205530608 -1205530504
V/IgBitmapReference(22950): IgDiscardableBitmapCacheEntry detached from Java -1205530608
V/IgBitmapReference(22950): detachFromJava - unlock the memory -1205530608
V/IgBitmapReference(22950): Deallocate -1205530608
E/Zygote  (22992): v2
I/SELinux (22992): Function: selinux_compare_spd_ram, SPD-policy is existed. and_ver=SEPF_SM-G530H_5.0.2-1 ver=48
I/SELinux (22992): Function: selinux_compare_spd_ram , priority [1] , priority version is VE=SEPF_SM-G530H_5.0.2-1_0048
E/SELinux (22992): [DEBUG] get_category: variable seinfo: untrusted sensitivity: NULL, cateogry: NULL
D/TimaKeyStoreProvider(22992): in addTimaSignatureService
D/TimaKeyStoreProvider(22992): Cannot add TimaSignature Service, License check Failed
D/ActivityThread(22992): Added TimaKesytore provider
D/DisplayManager(22950): DisplayManager()
D/ConnectivityManager.CallbackHandler(22950): CM callback handler got msg 524290
E/SMD     (  275): DCD OFF
D/EnterpriseController(  272): uids 10108
D/EnterpriseController(  272): mIsMarkChainAdded is 18 mIsBlockChainAdded is 252 netId is 0
D/Netd    (  272): getNetworkForDns: using netid 516 for uid 10108
W/EasBundling(22992): in EasBundling.init, isBundlingEnabled=true
I/Gmail   (22992): getAccountsCursor
I/Auth    (23687): [AuthDelegateWrapper] Service intent: Intent { cmp=com.google.android.gms/.auth.account.authenticator.DefaultAuthDelegateService }.
W/GAV2    (22992): Thread[main,5,main]: Need to call initialize() and be in fallback mode to start dispatch.
I/Gmail   (22992): Initiated Service map for: [gPop3, gLegacyImap, gEas, gmail]
I/Gmail   (22992): No Email application installed
I/EmailMigration(22992): No data to migrate
W/EmailMigration(22992): No Exchange migration, not the right Email provider version
I/Gmail   (22992): getAccountsCursor
I/Auth    (23687): [AuthDelegateWrapper] Service intent: Intent { cmp=com.google.android.gms/.auth.account.authenticator.DefaultAuthDelegateService }.
I/Exchange(22992): EasService.onCreate
I/Exchange(22992): EasService.onCreate stoppedOldService=false
I/Exchange(22992): RestartPingTask
D/StatusBar.MSimNetworkController( 1152): getNumberOfActiveSim:1
D/StatusBar.MSimNetworkController( 1152): getPhoneSignalIconList: mMaxLevelOfSignalStrengthIndicator = 4 inetCondition = 0
D/StatusBar.MSimNetworkController( 1152): getDataSignalIconId: mMaxLevelOfSignalStrengthIndicator = 4 inetCondition = 0 iconLevel = 4
D/StatusBar.MSimNetworkController( 1152): updateTelephonySignalStrength: iconLevel=4
D/STATUSBAR-WifiQuickSettingButton( 1152): onWifiSignalChanged enabled=true enabledDesc:"f1comp"
D/        (24378): getInstance
D/        (24378): actionWC : com.sec.android.intent.action.HOME_PAUSE rebootFlag = 0
I/Gmail   (22992): Observing account changes for notifications
I/        (24378): cp query  pt : 2
I/Exchange(22992): RestartPingsTask did not start any pings.
I/Exchange(22992): PSS stopIfIdle
I/Exchange(22992): PSS has no active accounts; stopping service.
I/Exchange(22992): onDestroy
E/Zygote  (23042): v2
I/SELinux (23042): Function: selinux_compare_spd_ram, SPD-policy is existed. and_ver=SEPF_SM-G530H_5.0.2-1 ver=48
I/SELinux (23042): Function: selinux_compare_spd_ram , priority [1] , priority version is VE=SEPF_SM-G530H_5.0.2-1_0048
E/SELinux (23042): [DEBUG] get_category: variable seinfo: release sensitivity: NULL, cateogry: NULL
I/Auth    (23687): [AuthDelegateWrapper] Service intent: Intent { cmp=com.google.android.gms/.auth.account.authenticator.DefaultAuthDelegateService }.
E/SQLiteLog(22992): (283) recovered 12 frames from WAL file /data/data/com.google.android.gm/databases/mailstore.akaygorodova@issart.com.db-wal
D/TimaKeyStoreProvider(23042): in addTimaSignatureService
D/TimaKeyStoreProvider(23042): Cannot add TimaSignature Service, License check Failed
D/ActivityThread(23042): Added TimaKesytore provider
W/art     (23042): Suspending all threads took: 11.013ms
I/Gmail   (22992): notifyAccountChanged
I/Gmail   (22992): getAccountsCursor
D/Mms/MmsApp(23042): [start]    onCreate() consume time = 0.0
D/MediaScanner(15203): scanSingleFile : 7klwibgf7fvntblfd7(7vfdrb7bndrw7uwlrercblrwuk7ebcfawws_iruglwuf_hwh5v,b
I/Auth    (23687): [AuthDelegateWrapper] Service intent: Intent { cmp=com.google.android.gms/.auth.account.authenticator.DefaultAuthDelegateService }.
D/Mms/ArtClassLoader(23042): init before art
D/Mms/TelephonyPermission(23042): start operation mode monitor
I/Auth    (23687): [AuthDelegateWrapper] Service intent: Intent { cmp=com.google.android.gms/.auth.account.authenticator.DefaultAuthDelegateService }.
I/Auth    (23687): [AuthDelegateWrapper] Service intent: Intent { cmp=com.google.android.gms/.auth.account.authenticator.DefaultAuthDelegateService }.
I/Gmail   (22992): calculateUnknownSyncRationalesAndPurgeInBackground: queueing
W/art     (15203): Suspending all threads took: 50.242ms
D/Mms/TelephonyPermission(23042): DefaultSmsApp is com.android.mms
D/Mms/TelephonyPermission(23042): isDefault true
E/SQLiteLog(22992): (283) recovered 37 frames from WAL file /data/data/com.google.android.gm/databases/mailstore.anutakay@gmail.com.db-wal
D/Mms/MmsApp(23042): onCreate() com.android.mms
E/Zygote  (23064): v2
I/SELinux (23064): Function: selinux_compare_spd_ram, SPD-policy is existed. and_ver=SEPF_SM-G530H_5.0.2-1 ver=48
I/SELinux (23064): Function: selinux_compare_spd_ram , priority [1] , priority version is VE=SEPF_SM-G530H_5.0.2-1_0048
E/SELinux (23064): [DEBUG] get_category: variable seinfo: untrusted sensitivity: NULL, cateogry: NULL
I/Gmail   (22992): calculateUnknownSyncRationalesAndPurgeInBackground: queueing
D/DisplayManager(23042): DisplayManager()
D/MediaScanner(15203): Prescan. DB items number : 996 DB_FILES_NUMBER_CACHING_LIMITATION : 7000  Caching mode : true
D/Mms/ArtClassLoader(23042): init [DONE] art
I/Gmail   (22992): notifyAccountChanged
D/Mms/MessageUtils(23042): getMessagingSimType() simSlotCount : 2 , mInsertedSimNum : 1
I/Gmail   (22992): calculateUnknownSyncRationalesAndPurgeInBackground: queueing
D/TimaKeyStoreProvider(23064): in addTimaSignatureService
D/Mms/MmsApp(23042): [start]    initCountryIso consume time = 311.918489
I/Gmail   (22992): calculateUnknownSyncRationalesAndPurgeInBackground: queueing
I/Gmail   (22992): calculateUnknownSyncRationalesAndPurgeInBackground: running
D/TimaKeyStoreProvider(23064): Cannot add TimaSignature Service, License check Failed
D/ActivityThread(23064): Added TimaKesytore provider
D/Mms/MmsApp(23042): [end]    initCountryIso consume time = 32.441302
D/Mms/MmsConfig(23042): [start]    MmsConfig.init() consume time = 0.664531
I/Gmail   (22992): calculateUnknownSyncRationalesAndPurgeInBackground: running
I/Gmail   (22992): getAccountsCursor
I/Auth    (23687): [AuthDelegateWrapper] Service intent: Intent { cmp=com.google.android.gms/.auth.account.authenticator.DefaultAuthDelegateService }.
D/Mms/MmsConfig(23042): before partial update
V/MediaPlayerService(  279): Create new media retriever from pid 15203
W/SavsMetadataRetriever(  279): SavsMetadataRetriever::setDataSource CreateFromFD(46) offset= 0,  length=4440
I/Gmail   (22992): calculateUnknownSyncRationalesAndPurgeInBackground: running
I/Gmail   (22992): calculateUnknownSyncRationalesAndPurgeInBackground: running
D/Mms/MmsConfig(23042): Load Resize quality : 80
D/EasySignUpManager(23042): serviceId : 1, features : -1
D/EasySignUpManager(23042): isAuth is false
D/Mms/MmsConfig(23042): setFreeMessageEnabled, getSupportedFeatures = -1 isAuth = false
D/TP/MmsSmsProvider( 1416): query,matched:2117, calling pid = 23042
D/TP/MmsSmsProvider( 1416): match 2117:Elapsed time : 1,842 ms
D/EasySignUpManager(23042): getServiceStatus : serviceId (1) is OFF
E/CscParser(23042): mps_code.dat does not exist
E/CscParser(23042): customer_path =/system/csc/customer.xml
E/CscParser(23042): fileName + /system/csc/customer.xml
E/CscParser(23042): mps_code.dat does not exist
E/CscParser(23042): customer_path =/system/csc/customer.xml
E/CscParser(23042): fileName + /system/csc/customer.xml
D/CscParser(23042): getInstance fileName =/system/csc/customer.xml
D/Mms/MmsConfig(23042):  enable multiwindow = false
E/Mms/MessageUtils(23042): setCountryDetector : update country detector info 
E/Mms/MessageUtils(23042): updateCountryIso : update country iso info 
D/Mms/MmsConfig(23042): [end]    init() consume time = 351.126459
D/Mms/Contact(23042): [start]    init() consume time = 3.003281
D/TP/MmsSmsProvider( 1416): query,matched:13, calling pid = 23042
D/TP/MmsSmsProvider( 1416): match 13:Elapsed time : 1,575 ms
D/Mms/Contact(23042): [end]    init consume time = 30.114166
D/Mms/DraftCache(23042): [start]    rebuildCache consume time = 9.347969
D/TP/MmsSmsProvider( 1416): query,matched:12, calling pid = 23042
D/TP/MmsSmsProvider( 1416): match 12:Elapsed time : 1,514 ms
D/Mms/TelephonyUtils(23042): getSubId from simSlot 0, return Value = 1
D/Mms/DownloadManager(23042): roaming -> false (slotId = 0)
D/Mms/DownloadManager(23042): [NotificationTransaction] getAutoDownloadState simSlot : 0
D/Mms/DownloadManager(23042): auto download without roaming -> true
D/Mms/DownloadManager(23042): [NotificationTransaction] getAutoDownloadState alwaysAuto : false, roaming : false
D/Mms/TelephonyUtils(23042): getSubId from simSlot 1, return Value = -2
D/Mms/DraftCache(23042): [end]    rebuildCache consume time = 11.462761
D/Mms/DownloadManager(23042): roaming -> false (slotId = 1)
D/Mms/DownloadManager(23042): [NotificationTransaction] getAutoDownloadState simSlot : 1
D/Mms/DownloadManager(23042): auto download without roaming -> true
D/Mms/DownloadManager(23042): [NotificationTransaction] getAutoDownloadState alwaysAutoSecondary : false, roaming : false
D/Mms/DownloadManager(23042): auto download during roaming secondary -> false
D/Mms/DownloadManager(23042): mAutoDownload ------> true
I/Mms/ReservationManager(23042): ReservationManager()
I/Mms/ReservationManager(23042): resetAfterConnected()
D/TP/MmsSmsProvider( 1416): query,matched:7, calling pid = 23042
D/TP/MmsSmsProvider( 1416): match 7:Elapsed time : 2,458 ms
D/Mms/Conversation(23042): [start]    init() consume time = 35.837447
D/TP/MmsSmsProvider( 1416): deleteConversation threadId: 9223372036854775807
I/Mms/ReservationManager(23042): getReservedSendMessageCount(): retMessageCount=0
D/TP/MmsSmsProvider( 1416): delete URI_CONVERSATIONS_MESSAGES affectedRows=0 isIntegrated=false
V/TP/MmsSmsDatabaseHelper( 1416): updateThread(), thread_id = 9223372036854775807
V/TP/MmsSmsDatabaseHelper( 1416): sUpgradeVersion = 0, db.getVersion() = 81
V/TP/MmsSmsDatabaseHelper( 1416): updateThread() end, affectedRows = 0
D/TP/MmsSmsProvider( 1416): delete URI_CONVERSATIONS_MESSAGES affectedRows=0
D/TP/MmsSmsProvider( 1416): delete threadId: 9223372036854775807
D/TP/MmsSmsProvider( 1416): need read changed broadcast:false
D/Mms/Conversation(23042): [end]    init consume time = 14.662084
D/Mms/MmsApp(23042): [end]    onCreate() consume time = 10.343802
D/Mms/UIEventReceiver(23042): ui event
D/Mms/DownloadManager(23042): Service state changed: Bundle[mParcelledData.dataSize=800]
D/Mms/DownloadManager(23042): roaming ------> false, mSimSlot = 0
D/Mms/TelephonyUtils(23042): getSubId from simSlot 0, return Value = 1
D/Mms/DownloadManager(23042): roaming -> false (slotId = 0)
D/Mms/DownloadManager(23042): [NotificationTransaction] getAutoDownloadState simSlot : 0
D/Mms/DownloadManager(23042): auto download without roaming -> true
D/Mms/DownloadManager(23042): [NotificationTransaction] getAutoDownloadState alwaysAuto : false, roaming : false
D/Mms/DownloadManager(23042): mAutoDownload ------> true
D/        (24378): getInstance
D/        (24378): actionWC : com.sec.android.intent.action.HOME_RESUME rebootFlag = 0
I/        (24378): cp query  pt : 1
I/        (24378): cp query  pt : 0
D/Mms/MessagingNotification(23042): [start]    init() consume time = 33.37151
I/        (24378): cp query  pt : 1
D/Mms/MessagingNotification(23042): [end]    init consume time = 2.448698
D/        (24378): AR_S_T : 3
D/Mms/SpamFilter(23042): [start]    SpamFilter fill() begin consume time = 5.044688
I/        (24378): cp query  pt : 0
D/TP/MmsSmsProvider( 1416): query,matched:0, calling pid = 23042
V/TP/MmsSmsProvider( 1416): getSimpleConversations entered.
D/Mms/Synchronizer(23042): [start]    doSync consume time = 5.289218
D/        (24378):  cUI : cnt = 2
D/        (24378):  cUI : cnt = not empty
I/        (24378): cp query  pt : 0
D/TP/MmsSmsProvider( 1416): query,matched:400, calling pid = 23042
D/TP/MmsSmsProvider( 1416): match 0:Elapsed time : 1,287 ms
D/TP/MmsSmsProvider( 1416): update, matched:300, calling pid = 23042
V/TP/MmsSmsProvider( 1416): syncDBData start
V/TP/MmsSmsProvider( 1416): syncDBData sms end
D/Mms/SpamFilter(23042): [end]    SpamFilter fill() finished consume time = 5.702136
V/TP/MmsSmsProvider( 1416): syncDBData mms end
V/TP/MmsSmsProvider( 1416): syncDBData end
D/Mms/Synchronizer(23042): [end]    doSync consume time = 2.485781
D/        (24378):  cUI : cnt = not empty nr :true
D/        (24378):  cUI : cnt RWe= setui
I/        (24378): cp query  pt : 0
D/StatusBar.MSimNetworkController( 1152): getNumberOfActiveSim:1
D/StatusBar.MSimNetworkController( 1152): getPhoneSignalIconList: mMaxLevelOfSignalStrengthIndicator = 4 inetCondition = 0
D/StatusBar.MSimNetworkController( 1152): getDataSignalIconId: mMaxLevelOfSignalStrengthIndicator = 4 inetCondition = 0 iconLevel = 4
D/StatusBar.MSimNetworkController( 1152): updateTelephonySignalStrength: iconLevel=4
D/STATUSBAR-WifiQuickSettingButton( 1152): onWifiSignalChanged enabled=true enabledDesc:"f1comp"
D/        (24378):  cUI : cnt = not handler
I/        (24378): cp query  pt : 1
D/        (24378): convertTemp : fS = 1, tS = 1, v = 21.1
D/MAR     (24378): Locale: ru
D/        (24378): SS h:21, m:0
D/        (24378): convertTemp : fS = 1, tS = 1, v = 21.1
D/        (24378): getWeatherText : 14/true
D/        (24378): summmerTime_icon??:0
D/        (24378): mSUDH(): id = 293708, tZ=GMT+7
D/        (24378): ===== mSetUIDataHandler(): day = 04:13 AM, night=09:33 PM
I/Finsky  (23064): [1] com.google.android.finsky.FinskyApp.onCreate(428): Initializing network with DFE https://android.clients.google.com/fdfe/
D/MAR     (24378): Locale: ru
I/        (24378): cp query  pt : 0
I/        (24378): cp query  pt : 0
E/Zygote  (23093): v2
I/SELinux (23093): Function: selinux_compare_spd_ram, SPD-policy is existed. and_ver=SEPF_SM-G530H_5.0.2-1 ver=48
I/SELinux (23093): Function: selinux_compare_spd_ram , priority [1] , priority version is VE=SEPF_SM-G530H_5.0.2-1_0048
E/SELinux (23093): [DEBUG] get_category: variable seinfo: shared sensitivity: NULL, cateogry: NULL
I/        (24378): cp query  pt : 0
D/@@@     (24378): widget 1467897900000
D/        (24378): NT(1467897900000) - NOW(1467897821891) = 78109
D/        (24378): get UT pref:0
D/        (24378):  retryTime [ 0 ] 
I/art     (  294): Explicit concurrent mark sweep GC freed 8675(369KB) AllocSpace objects, 0(0B) LOS objects, 34% free, 3MB/5MB, paused 592us total 13.609ms
I/art     (  294): Explicit concurrent mark sweep GC freed 5(160B) AllocSpace objects, 0(0B) LOS objects, 34% free, 3MB/5MB, paused 539us total 7.105ms
I/art     (  294): Explicit concurrent mark sweep GC freed 5(160B) AllocSpace objects, 0(0B) LOS objects, 34% free, 3MB/5MB, paused 531us total 6.914ms
D/TimaKeyStoreProvider(23093): in addTimaSignatureService
D/TimaKeyStoreProvider(23093): Cannot add TimaSignature Service, License check Failed
D/ActivityThread(23093): Added TimaKesytore provider
I/art     (  983): Explicit concurrent mark sweep GC freed 22108(1316KB) AllocSpace objects, 4(61KB) LOS objects, 19% free, 33MB/41MB, paused 2.793ms total 305.698ms
D/Mms/MessagingNotification(23042): checkBadgeCount unreadCount=0 badgeCount=0
D/TP/SmsProvider( 1416): query,matched:26, calling pid = 23042
D/TP/SmsProvider( 1416): match 26:Elapsed time : 0,947 ms
D/STATUSBAR-WifiQuickSettingButton( 1152): onWifiSignalChanged enabled=true enabledDesc:"f1comp"
E/Zygote  (23113): v2
I/SELinux (23113): Function: selinux_compare_spd_ram, SPD-policy is existed. and_ver=SEPF_SM-G530H_5.0.2-1 ver=48
I/SELinux (23113): Function: selinux_compare_spd_ram , priority [1] , priority version is VE=SEPF_SM-G530H_5.0.2-1_0048
E/SELinux (23113): [DEBUG] get_category: variable seinfo: shared sensitivity: NULL, cateogry: NULL
D/TP/MmsSmsProvider( 1416): query,matched:6, calling pid = 23042
D/TP/MmsSmsProvider( 1416): match 6:Elapsed time : 1,193 ms
D/Mms/ArtClassLoader(23042): init before art
D/Mms/ArtClassLoader(23042): init [DONE] art
D/Mms/PerformanceUtils(23042): link cahcing start
W/art     (23064): Suspending all threads took: 55.044ms
D/TimaKeyStoreProvider(23113): in addTimaSignatureService
D/TimaKeyStoreProvider(23113): Cannot add TimaSignature Service, License check Failed
D/ActivityThread(23113): Added TimaKesytore provider
D/Mms:transaction(23042): [TransactionService] onStartCommand: #1
D/Mms:transaction(23042): [TransactionService] onStartCommand action : null simSlot: 0 isDataSwitchSuccess false
D/Mms:transaction(23042): [TransactionService] noNetwork: false mDatanetwork: 0 mDataDialog: false
D/Mms:transaction(23042): [SIM0][TransactionService]  mDataNetwork =  0, mDataDialog = false, mSwitching = false
D/Mms:transaction(23042): [SIM0][TransactionService]  mInsertedSimNum = (1,1), crossSimSlot = -1
D/Mms:transaction(23042): [TransactionService] ====> onStartCommand()---> Not switch simSlot = 0
D/Mms:transaction(23042): needApnchange = false, simSlot = 0
D/Mms/TelephonyUtils(23042): getMobileDataEnabled() simSlot = 0, mGetDataEnabled  = false
D/Mms:transaction(23042): [TransactionService] onStart: #1
D/Mms:transaction(23042): [TransactionService] getTransactionType=-1 simSlot=0
E/PduPersister(23042): sPersister is null
I/Finsky  (23064): [1] com.google.android.finsky.services.DailyHygiene.a(171): No need to run daily hygiene.
D/WVMDrmPlugIn(  278): WVMDrmPlugin::onInitialize : 73
D/WVMDrmPlugIn(  278): WVMDrmPlugin::onSetOnInfoListener : add 73
E/Zygote  (23145): v2
I/SELinux (23145): Function: selinux_compare_spd_ram, SPD-policy is existed. and_ver=SEPF_SM-G530H_5.0.2-1 ver=48
I/SELinux (23145): Function: selinux_compare_spd_ram , priority [1] , priority version is VE=SEPF_SM-G530H_5.0.2-1_0048
E/SELinux (23145): [DEBUG] get_category: variable seinfo: platform sensitivity: NULL, cateogry: NULL
D/TP/MmsSmsProvider( 1416): query,matched:6, calling pid = 23042
D/TP/MmsSmsProvider( 1416): match 6:Elapsed time : 1,607 ms
D/Mms:transaction(23042): [TransactionService] failureType : 0
D/Mms:transaction(23042): [TransactionService] MmsSms.NO_ERROR : 0
D/Mms:transaction(23042): [TransactionService] !isTransientFailure(failureType) : true
D/Mms:transaction(23042): [SIM0][TransactionService] crossSimSlot = -1, cursor.isLast() = false
D/Mms:transaction(23042): [TransactionService] failureType : 0
D/Mms:transaction(23042): [TransactionService] MmsSms.NO_ERROR : 0
D/Mms:transaction(23042): [TransactionService] !isTransientFailure(failureType) : true
D/Mms:transaction(23042): [SIM0][TransactionService] crossSimSlot = -1, cursor.isLast() = false
D/Mms:transaction(23042): [TransactionService] failureType : 0
D/Mms:transaction(23042): [TransactionService] MmsSms.NO_ERROR : 0
D/Mms:transaction(23042): [TransactionService] !isTransientFailure(failureType) : true
D/Mms:transaction(23042): [SIM0][TransactionService] crossSimSlot = -1, cursor.isLast() = true
D/Mms:transaction(23042): [SIM0][MmsSystemEventReceiver] unRegisterForConnectionStateChanges mFlagSim :0
W/Mms:transaction(23042): [TransactionService] ConnectivityBroadcastReceiver.onReceive() action: android.net.conn.CONNECTIVITY_CHANGE
D/Mms:transaction(23042): [TransactionService] crossSimSlot = -1, getLogicalSimSlot = 0
D/Mms:transaction(23042): [TransactionService] attached, but return mSavedIntent is null simSlot = 0
D/Mms:transaction(23042): needApnchange = false, simSlot = 0
D/Mms/PerformanceUtils(23042): link cahcing done
W/Settings(23064): Setting download_manager_max_bytes_over_mobile has moved from android.provider.Settings.Secure to android.provider.Settings.Global.
W/Settings(23064): Setting download_manager_recommended_max_bytes_over_mobile has moved from android.provider.Settings.Secure to android.provider.Settings.Global.
D/TimaKeyStoreProvider(23145): in addTimaSignatureService
D/TimaKeyStoreProvider(23145): Cannot add TimaSignature Service, License check Failed
D/ActivityThread(23145): Added TimaKesytore provider
I/Finsky  (23064): [1] com.google.android.finsky.utils.bk.a(177): Enabling bucket experiment: factor=2.000, zeroDelta=0ms, forceNetwork=false
I/Finsky  (23064): [1] com.google.android.finsky.receivers.j.a(1226): Installer kick - no action, not running yet
I/Finsky  (23064): [1] com.google.android.finsky.j.j.run(208): Loaded library for account: [AmUM7-TD5WYX2Shm55-6HoB_8X0]
E/WidgetProviderAssistiveLight(23145): buildUpdate PORTRAIT
D/WidgetProviderAssistiveLight(23145): getWidgetMode : false
D/WidgetProviderAssistiveLight(23145): updateButtons , icon_off
D/WidgetProviderAssistiveLight(23145): updateWidget : ComponentInfo{com.samsung.android.widgetapp.torch/com.samsung.android.widgetapp.torch.WidgetProviderAssistiveLight}
D/WidgetProviderAssistiveLight(23145): onReceive() PLUG:2 / STATUS:5 / LEVEL:100
D/WidgetProviderAssistiveLight(23145): onReceive() mBatteryLevel : 100 / Static Battery Level : 100
D/WidgetProviderAssistiveLight(23145): getWidgetMode : false
I/Finsky  (23064): [1] com.google.android.finsky.c.l.a(270): result=false type=4
I/Finsky  (23064): [1] com.google.android.finsky.j.j.run(208): Loaded library for account: [EepxLMv2ILBV_P4evHEgDz3uHNg]
I/Finsky  (23064): [1] com.google.android.finsky.j.j.run(214): Finished loading 2 libraries.
E/SMD     (  275): DCD OFF
I/Finsky  (23064): [1] com.google.android.finsky.services.bc.a(1050): Restore complete with 0 success and 0 failed.
I/Finsky  (23064): [35824] com.google.android.finsky.c.e.run(1151): Replicating app states via AMAS.
I/Finsky  (23064): [35824] com.google.android.finsky.c.c.a(311): Completed 0 account content syncs with 0 successful.
I/Finsky  (23064): [1] com.google.android.finsky.services.j.a(149): Installation state replication succeeded.
D/STATUSBAR-WifiQuickSettingButton( 1152): onWifiSignalChanged enabled=true enabledDesc:"f1comp"
D/SensorService(  983): [SO] -0.852 1.028 10.117
I/Mms/MmsApp(23042):  start initViewCache mms
D/Mms/ComposeMessageFragment(23042): [start]    fillCache consume time = 1947.657968
D/Mms/ComposeMessageFragment(23042): fillCache, easy = false
D/lights  (  983): lcd : 162 +
D/lights  (  983): lcd : 162 -
D/lights  (  983): lcd : 128 +
D/lights  (  983): lcd : 128 -
D/lights  (  983): lcd : 95 +
D/lights  (  983): lcd : 95 -
D/lights  (  983): lcd : 62 +
D/lights  (  983): lcd : 62 -
D/lights  (  983): lcd : 28 +
D/lights  (  983): lcd : 28 -
D/lights  (  983): lcd : 5 +
D/lights  (  983): lcd : 5 -
D/Mms/ComposeMessageFragment(23042): [end]    fillCache consume time = 282.827396
D/STATUSBAR-WifiQuickSettingButton( 1152): onWifiSignalChanged enabled=true enabledDesc:"f1comp"
W/FlurryAgent(22727): Flurry session ended
I/System.out(22727): (HTTPLog)-Static: isSBSettingEnabled false
D/EnterpriseController(  272): uids 10123
D/EnterpriseController(  272): mIsMarkChainAdded is 18 mIsBlockChainAdded is 252 netId is 0
D/Netd    (  272): getNetworkForDns: using netid 516 for uid 10123
D/Mms/BubbleViewCache(23042): fillCache bubble = 8
D/STATUSBAR-WifiQuickSettingButton( 1152): onWifiSignalChanged enabled=true enabledDesc:"f1comp"
I/GAV2    (22992): Thread[GAThread,5,main]: No campaign data found.
W/FlurryAgent(22727): Analytics report sent.
E/SMD     (  275): DCD OFF
D/KeyguardUpdateMonitor( 1152): received broadcast android.intent.action.BATTERY_CHANGED
D/KeyguardUpdateMonitor( 1152): handleBatteryUpdate
D/WidgetProviderAssistiveLight(23145): onReceive() PLUG:2 / STATUS:5 / LEVEL:100
D/WidgetProviderAssistiveLight(23145): onReceive() mBatteryLevel : 100 / Static Battery Level : 100
D/WidgetProviderAssistiveLight(23145): getWidgetMode : false
D/StatusBar.MSimNetworkController( 1152): getNumberOfActiveSim:1
D/StatusBar.MSimNetworkController( 1152): getPhoneSignalIconList: mMaxLevelOfSignalStrengthIndicator = 4 inetCondition = 0
D/StatusBar.MSimNetworkController( 1152): getDataSignalIconId: mMaxLevelOfSignalStrengthIndicator = 4 inetCondition = 0 iconLevel = 4
D/StatusBar.MSimNetworkController( 1152): updateTelephonySignalStrength: iconLevel=4
D/STATUSBAR-WifiQuickSettingButton( 1152): onWifiSignalChanged enabled=true enabledDesc:"f1comp"
D/STATUSBAR-WifiQuickSettingButton( 1152): onWifiSignalChanged enabled=true enabledDesc:"f1comp"
D/StatusBar.MSimNetworkController( 1152): getNumberOfActiveSim:1
D/StatusBar.MSimNetworkController( 1152): getPhoneSignalIconList: mMaxLevelOfSignalStrengthIndicator = 4 inetCondition = 0
D/StatusBar.MSimNetworkController( 1152): getDataSignalIconId: mMaxLevelOfSignalStrengthIndicator = 4 inetCondition = 0 iconLevel = 4
D/StatusBar.MSimNetworkController( 1152): updateTelephonySignalStrength: iconLevel=4
