D/TP/MmsSmsProvider( 1416): match 6:Elapsed time : 1,152 ms
D/Mms:transaction( 1855): [TransactionService] failureType : 0
D/Mms:transaction( 1855): [TransactionService] MmsSms.NO_ERROR : 0
D/Mms:transaction( 1855): [TransactionService] !isTransientFailure(failureType) : true
D/Mms:transaction( 1855): [SIM0][TransactionService] crossSimSlot = -1, cursor.isLast() = false
D/Mms:transaction( 1855): [TransactionService] failureType : 0
D/Mms:transaction( 1855): [TransactionService] MmsSms.NO_ERROR : 0
D/Mms:transaction( 1855): [TransactionService] !isTransientFailure(failureType) : true
D/Mms:transaction( 1855): [SIM0][TransactionService] crossSimSlot = -1, cursor.isLast() = false
D/Mms:transaction( 1855): [TransactionService] failureType : 0
D/Mms:transaction( 1855): [TransactionService] MmsSms.NO_ERROR : 0
D/Mms:transaction( 1855): [TransactionService] !isTransientFailure(failureType) : true
D/Mms:transaction( 1855): [SIM0][TransactionService] crossSimSlot = -1, cursor.isLast() = true
D/Mms:transaction( 1855): [SIM0][MmsSystemEventReceiver] unRegisterForConnectionStateChanges mFlagSim :0
W/Mms:transaction( 1855): [TransactionService] ConnectivityBroadcastReceiver.onReceive() action: android.net.conn.CONNECTIVITY_CHANGE
D/Mms:transaction( 1855): [TransactionService] crossSimSlot = -1, getLogicalSimSlot = 0
D/Mms:transaction( 1855): [TransactionService] attached, but return mSavedIntent is null simSlot = 0
D/Mms:transaction( 1855): needApnchange = false, simSlot = 0
D/MAR     (30424): Locale: ru
D/        (30424): SS h:21, m:0
D/        (30424): convertTemp : fS = 1, tS = 1, v = 22.8
D/        (30424): getWeatherText : 3/true
D/        (30424): summmerTime_icon??:0
D/        (30424): mSUDH(): id = 293708, tZ=GMT+7
D/        (30424): ===== mSetUIDataHandler(): day = 04:17 AM, night=09:30 PM
D/MAR     (30424): Locale: ru
I/        (30424): cp query  pt : 1
I/        (30424): cp query  pt : 0
I/        (30424): cp query  pt : 1
E/Zygote  ( 1909): v2
I/SELinux ( 1909): Function: selinux_compare_spd_ram, SPD-policy is existed. and_ver=SEPF_SM-G530H_5.0.2-1 ver=48
D/@@@     (30424): widget 1468169820000
D/        (30424): NT(1468169820000) - NOW(1468149699789) = 20120211
D/        (30424): get UT pref:0
I/SELinux ( 1909): Function: selinux_compare_spd_ram , priority [1] , priority version is VE=SEPF_SM-G530H_5.0.2-1_0048
D/        (30424):  retryTime [ 0 ] 
E/SELinux ( 1909): [DEBUG] get_category: variable seinfo: shared sensitivity: NULL, cateogry: NULL
D/Mms/PerformanceUtils( 1855): link cahcing done
D/TimaKeyStoreProvider( 1909): in addTimaSignatureService
D/TimaKeyStoreProvider( 1909): Cannot add TimaSignature Service, License check Failed
D/ActivityThread( 1909): Added TimaKesytore provider
D/STATUSBAR-WifiQuickSettingButton( 1152): onWifiSignalChanged enabled=true enabledDesc:"f1comp"
E/Zygote  ( 1924): v2
I/SELinux ( 1924): Function: selinux_compare_spd_ram, SPD-policy is existed. and_ver=SEPF_SM-G530H_5.0.2-1 ver=48
I/SELinux ( 1924): Function: selinux_compare_spd_ram , priority [1] , priority version is VE=SEPF_SM-G530H_5.0.2-1_0048
E/SELinux ( 1924): [DEBUG] get_category: variable seinfo: shared sensitivity: NULL, cateogry: NULL
D/TimaKeyStoreProvider( 1924): in addTimaSignatureService
D/TimaKeyStoreProvider( 1924): Cannot add TimaSignature Service, License check Failed
D/ActivityThread( 1924): Added TimaKesytore provider
E/Zygote  ( 1940): v2
I/SELinux ( 1940): Function: selinux_compare_spd_ram, SPD-policy is existed. and_ver=SEPF_SM-G530H_5.0.2-1 ver=48
I/SELinux ( 1940): Function: selinux_compare_spd_ram , priority [1] , priority version is VE=SEPF_SM-G530H_5.0.2-1_0048
E/SELinux ( 1940): [DEBUG] get_category: variable seinfo: platform sensitivity: NULL, cateogry: NULL
D/TimaKeyStoreProvider( 1940): in addTimaSignatureService
D/TimaKeyStoreProvider( 1940): Cannot add TimaSignature Service, License check Failed
D/ActivityThread( 1940): Added TimaKesytore provider
E/WidgetProviderAssistiveLight( 1940): buildUpdate PORTRAIT
D/WidgetProviderAssistiveLight( 1940): getWidgetMode : false
D/WidgetProviderAssistiveLight( 1940): updateButtons , icon_off
D/WidgetProviderAssistiveLight( 1940): updateWidget : ComponentInfo{com.samsung.android.widgetapp.torch/com.samsung.android.widgetapp.torch.WidgetProviderAssistiveLight}
D/WidgetProviderAssistiveLight( 1940): onReceive() PLUG:2 / STATUS:5 / LEVEL:100
D/WidgetProviderAssistiveLight( 1940): onReceive() mBatteryLevel : 100 / Static Battery Level : 100
D/WidgetProviderAssistiveLight( 1940): getWidgetMode : false
E/dhcpcd  ( 5521): wlan0: invalid prefix in RA
E/Zygote  ( 1958): v2
I/SELinux ( 1958): Function: selinux_compare_spd_ram, SPD-policy is existed. and_ver=SEPF_SM-G530H_5.0.2-1 ver=48
I/SELinux ( 1958): Function: selinux_compare_spd_ram , priority [1] , priority version is VE=SEPF_SM-G530H_5.0.2-1_0048
E/SELinux ( 1958): [DEBUG] get_category: variable seinfo: default sensitivity: NULL, cateogry: NULL
D/TimaKeyStoreProvider( 1958): in addTimaSignatureService
D/TimaKeyStoreProvider( 1958): Cannot add TimaSignature Service, License check Failed
D/ActivityThread( 1958): Added TimaKesytore provider
I/MultiDex( 1958): VM with version 2.1.0 has multidex support
I/MultiDex( 1958): install
I/MultiDex( 1958): VM has multidex support, MultiDex support library is disabled.
I/MultiDex( 1958): install
I/MultiDex( 1958): VM has multidex support, MultiDex support library is disabled.
D/SecContentProvider2(  983): uri = 15 selection = getToastGravityEnabledState
D/SecContentProvider2(  983): mCursor = null
D/SecContentProvider2(  983): uri = 15 selection = getToastGravity
D/SecContentProvider2(  983): mCursor = null
D/SecContentProvider2(  983): uri = 15 selection = getToastGravityXOffset
D/SecContentProvider2(  983): mCursor = null
D/SecContentProvider2(  983): uri = 15 selection = getToastGravityYOffset
D/SecContentProvider2(  983): mCursor = null
D/DisplayManager( 1958): DisplayManager()
D/STATUSBAR-WifiQuickSettingButton( 1152): onWifiSignalChanged enabled=true enabledDesc:"f1comp"
E/FlurryAgent( 1958): GOOGLE PLAY SERVICES EXCEPTION: com.google.android.gms.common.GooglePlayServicesUtil
E/FlurryAgent( 1958): There is a problem with the Google Play Services library, which is required for Android Advertising ID support. The Google Play Services library should be integrated in any app shipping in the Play Store that uses analytics or advertising.
I/System.out( 1958): Thread-64657(ApacheHTTPLog):Reading from variable values from setDefaultValuesToVariables
I/System.out( 1958): Thread-64657(ApacheHTTPLog):isSBSettingEnabled false
I/System.out( 1958): Thread-64657(ApacheHTTPLog):isShipBuild true
I/System.out( 1958): Thread-64657(ApacheHTTPLog):SMARTBONDING_ENABLED is false
I/System.out( 1958): Thread-64657(ApacheHTTPLog):SmartBonding Enabling is false, SHIP_BUILD is true, log to file is false, DBG is false
D/EnterpriseController(  272): uids 10123
D/EnterpriseController(  272): mIsMarkChainAdded is 18 mIsBlockChainAdded is 252 netId is 0
D/Netd    (  272): getNetworkForDns: using netid 530 for uid 10123
I/System.out( 1958): (HTTPLog)-Static: isSBSettingEnabled false
I/System.out( 1958): (HTTPLog)-Static: isShipBuild true
I/System.out( 1958): (HTTPLog)-Thread-64662-430445814: SmartBonding Enabling is false, SHIP_BUILD is true, log to file is false, DBG is false
I/System.out( 1958): (HTTPLog)-Thread-64662-430445814: SMARTBONDING_FEATURE_ENABLED is false
I/System.out( 1958): (HTTPLog)-Static: isSBSettingEnabled false
D/EnterpriseController(  272): uids 10123
D/EnterpriseController(  272): mIsMarkChainAdded is 18 mIsBlockChainAdded is 252 netId is 0
D/Netd    (  272): getNetworkForDns: using netid 530 for uid 10123
D/        (30424): getInstance
D/        (30424): actionWC : com.sec.android.intent.action.HOME_PAUSE rebootFlag = 0
I/        (30424): cp query  pt : 0
E/Zygote  ( 2004): v2
I/SELinux ( 2004): Function: selinux_compare_spd_ram, SPD-policy is existed. and_ver=SEPF_SM-G530H_5.0.2-1 ver=48
I/SELinux ( 2004): Function: selinux_compare_spd_ram , priority [1] , priority version is VE=SEPF_SM-G530H_5.0.2-1_0048
E/SELinux ( 2004): [DEBUG] get_category: variable seinfo: platform sensitivity: NULL, cateogry: NULL
D/TimaKeyStoreProvider( 2004): in addTimaSignatureService
D/TimaKeyStoreProvider( 2004): Cannot add TimaSignature Service, License check Failed
D/ActivityThread( 2004): Added TimaKesytore provider
I/Mms/MmsApp( 1855):  start initViewCache mms
D/Mms/ComposeMessageFragment( 1855): [start]    fillCache consume time = 2014.165989
D/Mms/ComposeMessageFragment( 1855): fillCache, easy = false
I/System.out( 1958): stts calls detatch()
E/SMD     (  275): DCD OFF
I/art     (  983): Explicit concurrent mark sweep GC freed 32663(1941KB) AllocSpace objects, 8(1167KB) LOS objects, 19% free, 33MB/41MB, paused 2.786ms total 265.578ms
D/STATUSBAR-WifiQuickSettingButton( 1152): onWifiSignalChanged enabled=true enabledDesc:"f1comp"
D/Mms/ComposeMessageFragment( 1855): [end]    fillCache consume time = 811.312552
D/Mms/BubbleViewCache( 1855): fillCache bubble = 8
D/Mms/UIEventReceiver( 1855): ui event
D/        (30424): getInstance
D/        (30424): actionWC : com.sec.android.intent.action.HOME_RESUME rebootFlag = 0
I/        (30424): cp query  pt : 0
I/        (30424): cp query  pt : 1
I/        (30424): cp query  pt : 0
D/        (30424): AR_S_T : 3
I/        (30424): cp query  pt : 0
D/        (30424):  cUI : cnt = 2
D/        (30424):  cUI : cnt = not empty
I/        (30424): cp query  pt : 0
D/        (30424):  cUI : cnt = not empty nr :true
D/        (30424):  cUI : cnt RWe= setui
I/        (30424): cp query  pt : 0
D/        (30424):  cUI : cnt = not handler
I/        (30424): cp query  pt : 0
D/        (30424): convertTemp : fS = 1, tS = 1, v = 22.8
D/MAR     (30424): Locale: ru
D/        (30424): SS h:21, m:0
D/        (30424): convertTemp : fS = 1, tS = 1, v = 22.8
D/        (30424): getWeatherText : 3/true
D/        (30424): summmerTime_icon??:0
D/        (30424): mSUDH(): id = 293708, tZ=GMT+7
D/        (30424): ===== mSetUIDataHandler(): day = 04:17 AM, night=09:30 PM
D/MAR     (30424): Locale: ru
I/        (30424): cp query  pt : 1
I/        (30424): cp query  pt : 0
I/        (30424): cp query  pt : 0
D/@@@     (30424): widget 1468169820000
D/        (30424): NT(1468169820000) - NOW(1468149703008) = 20116992
D/        (30424): get UT pref:0
D/        (30424):  retryTime [ 0 ] 
E/WidgetProviderAssistiveLight( 1940): buildUpdate PORTRAIT
D/WidgetProviderAssistiveLight( 1940): getWidgetMode : false
D/WidgetProviderAssistiveLight( 1940): updateButtons , icon_off
D/WidgetProviderAssistiveLight( 1940): updateWidget : ComponentInfo{com.samsung.android.widgetapp.torch/com.samsung.android.widgetapp.torch.WidgetProviderAssistiveLight}
D/        (30424): getInstance
D/        (30424): actionWC : com.sec.android.intent.action.HOME_PAUSE rebootFlag = 0
I/        (30424): cp query  pt : 0
D/Mms/UIEventReceiver( 1855): ui event
D/        (30424): getInstance
D/        (30424): actionWC : com.sec.android.intent.action.HOME_RESUME rebootFlag = 0
I/        (30424): cp query  pt : 0
I/        (30424): cp query  pt : 0
I/        (30424): cp query  pt : 0
D/        (30424): AR_S_T : 3
I/        (30424): cp query  pt : 1
D/        (30424):  cUI : cnt = 2
D/        (30424):  cUI : cnt = not empty
I/        (30424): cp query  pt : 0
D/        (30424):  cUI : cnt = not empty nr :true
D/        (30424):  cUI : cnt RWe= setui
I/        (30424): cp query  pt : 0
D/        (30424):  cUI : cnt = not handler
I/        (30424): cp query  pt : 0
D/        (30424): convertTemp : fS = 1, tS = 1, v = 22.8
D/MAR     (30424): Locale: ru
D/        (30424): SS h:21, m:0
D/        (30424): convertTemp : fS = 1, tS = 1, v = 22.8
D/        (30424): getWeatherText : 3/true
D/        (30424): summmerTime_icon??:0
D/        (30424): mSUDH(): id = 293708, tZ=GMT+7
D/        (30424): ===== mSetUIDataHandler(): day = 04:17 AM, night=09:30 PM
D/MAR     (30424): Locale: ru
I/        (30424): cp query  pt : 0
I/        (30424): cp query  pt : 1
I/        (30424): cp query  pt : 0
E/WidgetProviderAssistiveLight( 1940): buildUpdate PORTRAIT
D/WidgetProviderAssistiveLight( 1940): getWidgetMode : false
D/WidgetProviderAssistiveLight( 1940): updateButtons , icon_off
D/WidgetProviderAssistiveLight( 1940): updateWidget : ComponentInfo{com.samsung.android.widgetapp.torch/com.samsung.android.widgetapp.torch.WidgetProviderAssistiveLight}
D/@@@     (30424): widget 1468169820000
D/        (30424): NT(1468169820000) - NOW(1468149703127) = 20116873
D/        (30424): get UT pref:0
D/        (30424):  retryTime [ 0 ] 
D/STATUSBAR-WifiQuickSettingButton( 1152): onWifiSignalChanged enabled=true enabledDesc:"f1comp"
D/SensorService(  983): [SO] 0.092 0.114 10.101
E/SMD     (  275): DCD OFF
E/SMD     (  275): After the Modem Read select 
E/SMD     (  275): Read 14 chars from SMD Modem file fd = 7
E/SMD     (  275):  Message: 
E/SMD     (  275): +CIEV: 1,3
E/SMD     (  275): ,0,0,0,1,0
E/SMD     (  275): 
E/SMD     (  275): OK
E/SMD     (  275): 
E/SMD     (  275): 
E/SMD     (  275): OK
E/SMD     (  275): 5)),("service",(0-1)),("call",(0-1)),("roam",(0-1)),("smsfull",(0-1)),("GPRS coverage",(0-1)),("callsetup",(0-3))
E/SMD     (  275): 
E/SMD     (  275): OK
E/SMD     (  275): 
E/SMD     (  275): 
E/SMD     (  275): Before the Modem Read select 
D/DataRouter(  274): write [14] bytes of data to USB fd[10]
I/System.out( 1958): Thread-64664(ApacheHTTPLog):isSBSettingEnabled false
I/System.out( 1958): Thread-64664(ApacheHTTPLog):isShipBuild true
I/System.out( 1958): Thread-64664(ApacheHTTPLog):SMARTBONDING_ENABLED is false
I/System.out( 1958): Thread-64664(ApacheHTTPLog):SmartBonding Enabling is false, SHIP_BUILD is true, log to file is false, DBG is false
D/EnterpriseController(  272): uids 10123
D/EnterpriseController(  272): mIsMarkChainAdded is 18 mIsBlockChainAdded is 252 netId is 0
D/Netd    (  272): getNetworkForDns: using netid 530 for uid 10123
D/STATUSBAR-WifiQuickSettingButton( 1152): onWifiSignalChanged enabled=true enabledDesc:"f1comp"
E/SMD     (  275): DCD OFF
D/KeyguardUpdateMonitor( 1152): received broadcast android.intent.action.BATTERY_CHANGED
D/KeyguardUpdateMonitor( 1152): handleBatteryUpdate
D/WidgetProviderAssistiveLight( 1940): onReceive() PLUG:2 / STATUS:5 / LEVEL:100
D/WidgetProviderAssistiveLight( 1940): onReceive() mBatteryLevel : 100 / Static Battery Level : 100
D/WidgetProviderAssistiveLight( 1940): getWidgetMode : false
D/STATUSBAR-WifiQuickSettingButton( 1152): onWifiSignalChanged enabled=true enabledDesc:"f1comp"
D/STATUSBAR-WifiQuickSettingButton( 1152): onWifiSignalChanged enabled=true enabledDesc:"f1comp"
D/StatusBar.MSimNetworkController( 1152): getNumberOfActiveSim:1
D/StatusBar.MSimNetworkController( 1152): getPhoneSignalIconList: mMaxLevelOfSignalStrengthIndicator = 4 inetCondition = 0
D/StatusBar.MSimNetworkController( 1152): getDataSignalIconId: mMaxLevelOfSignalStrengthIndicator = 4 inetCondition = 0 iconLevel = 4
D/StatusBar.MSimNetworkController( 1152): updateTelephonySignalStrength: iconLevel=4
D/STATUSBAR-WifiQuickSettingButton( 1152): onWifiSignalChanged enabled=true enabledDesc:"f1comp"
E/SMD     (  275): DCD OFF
D/STATUSBAR-WifiQuickSettingButton( 1152): onWifiSignalChanged enabled=true enabledDesc:"f1comp"
D/STATUSBAR-WifiQuickSettingButton( 1152): onWifiSignalChanged enabled=true enabledDesc:"f1comp"
D/STATUSBAR-WifiQuickSettingButton( 1152): onWifiSignalChanged enabled=true enabledDesc:"f1comp"
E/SMD     (  275): DCD OFF
D/SensorService(  983): [SO] 0.101 0.110 10.099
D/DataRouter(  274): After the usb select
D/DataRouter(  274): read usb data[len:1]
D/DataRouter(  274): read usb data message:A
D/DataRouter(  274): Before the usb select
E/SMD     (  275): ***Received data notification[DR->SMD]***
E/SMD     (  275): Message:A
E/SMD     (  275): Sending data to SMD: Len = [1]
E/SMD     (  275):  buffer = [A]
E/SMD     (  275): Wrote 1 chars to SMD PORT fd=7 ch = 41
D/DataRouter(  274): After the usb select
D/DataRouter(  274): read usb data[len:1]
D/DataRouter(  274): read usb data message:T
D/DataRouter(  274): Before the usb select
E/SMD     (  275): ***Received data notification[DR->SMD]***
E/SMD     (  275): Message:T
E/SMD     (  275): Sending data to SMD: Len = [1]
E/SMD     (  275):  buffer = [T]
E/SMD     (  275): Wrote 1 chars to SMD PORT fd=7 ch = 54
D/DataRouter(  274): After the usb select
D/DataRouter(  274): read usb data[len:1]
D/DataRouter(  274): read usb data message:+
D/DataRouter(  274): Before the usb select
E/SMD     (  275): ***Received data notification[DR->SMD]***
E/SMD     (  275): Message:+
E/SMD     (  275): Sending data to SMD: Len = [1]
E/SMD     (  275):  buffer = [+]
E/SMD     (  275): Wrote 1 chars to SMD PORT fd=7 ch = 2b
D/DataRouter(  274): After the usb select
D/DataRouter(  274): read usb data[len:1]
D/DataRouter(  274): read usb data message:C
D/DataRouter(  274): Before the usb select
E/SMD     (  275): ***Received data notification[DR->SMD]***
E/SMD     (  275): Message:C
E/SMD     (  275): Sending data to SMD: Len = [1]
E/SMD     (  275):  buffer = [C]
E/SMD     (  275): Wrote 1 chars to SMD PORT fd=7 ch = 43
D/DataRouter(  274): After the usb select
D/DataRouter(  274): read usb data[len:1]
D/DataRouter(  274): read usb data message:I
D/DataRouter(  274): Before the usb select
E/SMD     (  275): ***Received data notification[DR->SMD]***
E/SMD     (  275): Message:I
E/SMD     (  275): Sending data to SMD: Len = [1]
E/SMD     (  275):  buffer = [I]
E/SMD     (  275): Wrote 1 chars to SMD PORT fd=7 ch = 49
D/DataRouter(  274): After the usb select
D/DataRouter(  274): read usb data[len:1]
D/DataRouter(  274): read usb data message:N
D/DataRouter(  274): Before the usb select
E/SMD     (  275): ***Received data notification[DR->SMD]***
E/SMD     (  275): Message:N
E/SMD     (  275): Sending data to SMD: Len = [1]
E/SMD     (  275):  buffer = [N]
E/SMD     (  275): Wrote 1 chars to SMD PORT fd=7 ch = 4e
D/DataRouter(  274): After the usb select
D/DataRouter(  274): read usb data[len:1]
D/DataRouter(  274): read usb data message:D
D/DataRouter(  274): Before the usb select
E/SMD     (  275): ***Received data notification[DR->SMD]***
E/SMD     (  275): Message:D
E/SMD     (  275): Sending data to SMD: Len = [1]
E/SMD     (  275):  buffer = [D]
E/SMD     (  275): Wrote 1 chars to SMD PORT fd=7 ch = 44
D/DataRouter(  274): After the usb select
D/DataRouter(  274): read usb data[len:1]
D/DataRouter(  274): read usb data message:?
E/SMD     (  275): ***Received data notification[DR->SMD]***
E/SMD     (  275): Message:?
E/SMD     (  275): Sending data to SMD: Len = [1]
E/SMD     (  275):  buffer = [?]
E/SMD     (  275): Wrote 1 chars to SMD PORT fd=7 ch = 3f
D/DataRouter(  274): Before the usb select
D/DataRouter(  274): After the usb select
D/DataRouter(  274): read usb data[len:1]
D/DataRouter(  274): read usb data message:
E/SMD     (  275): ***Received data notification[DR->SMD]***
E/SMD     (  275): Message:
E/SMD     (  275): Sending data to SMD: Len = [1]
E/SMD     (  275):  buffer = []
E/SMD     (  275): Wrote 1 chars to SMD PORT fd=7 ch = d
D/DataRouter(  274): Before the usb select
E/SMD     (  275): After the Modem Read select 
E/SMD     (  275): Read 32 chars from SMD Modem file fd = 7
E/SMD     (  275):  Message: 
E/SMD     (  275): +CIND: 0,3,1,0,0,0,1,0
E/SMD     (  275): 
E/SMD     (  275): OK
E/SMD     (  275): 
E/SMD     (  275): 
E/SMD     (  275): OK
E/SMD     (  275): 5)),("service",(0-1)),("call",(0-1)),("roam",(0-1)),("smsfull",(0-1)),("GPRS coverage",(0-1)),("callsetup",(0-3))
E/SMD     (  275): 
E/SMD     (  275): OK
E/SMD     (  275): 
E/SMD     (  275): 
E/SMD     (  275): Before the Modem Read select 
D/DataRouter(  274): write [32] bytes of data to USB fd[10]
E/SMD     (  275): DCD OFF
D/KeyguardUpdateMonitor( 1152): received broadcast android.intent.action.BATTERY_CHANGED
D/KeyguardUpdateMonitor( 1152): handleBatteryUpdate
D/WidgetProviderAssistiveLight( 1940): onReceive() PLUG:2 / STATUS:5 / LEVEL:100
D/WidgetProviderAssistiveLight( 1940): onReceive() mBatteryLevel : 100 / Static Battery Level : 100
D/WidgetProviderAssistiveLight( 1940): getWidgetMode : false
E/SMD     (  275): DCD OFF
D/KeyguardUpdateMonitor( 1152): received broadcast android.intent.action.TIME_TICK
D/KeyguardUpdateMonitor( 1152): handleTimeUpdate
D/SecKeyguardClockView( 1152): isNetworkRoaming=false, isHomeTimeZoneExist=true
D/SecKeyguardClockView( 1152): onTimeChanged() : mShouldShowDualClock - false, isDualClockSet() -false
D/SecKeyguardClockView( 1152): setAutoHomeTimezone() - autoHomeTimeZoneId: Asia/Krasnoyarsk
D/SecKeyguardClockView( 1152): isNetworkRoaming=false, isHomeTimeZoneExist=true
D/DateView( 1152): regionalDateFormat = 22.11.3333 isRTLlanguage = false returnDateFormat = E, d MMMM
D/DateView( 1152): regionalDateFormat = 22.11.3333 isRTLlanguage = false returnDateFormat = E, d MMMM
D/DateView( 1152): regionalDateFormat = 22.11.3333 isRTLlanguage = false returnDateFormat = E, d MMMM
D/KeyguardEffectViewController( 1152): onReceive action : android.intent.action.TIME_TICK
I/KeyguardEffectViewController( 1152): *** don't update sliding image ***
D/        (30424): action : android.intent.action.TIME_TICK
D/        (30424): getInstance
D/        (30424): direct update clock
D/MAR     (30424): Locale: ru
E/SMD     (  275): DCD OFF
D/SensorService(  983): [SO] 0.117 0.087 10.092
D/STATUSBAR-WifiQuickSettingButton( 1152): onWifiSignalChanged enabled=true enabledDesc:"f1comp"
E/SMD     (  275): DCD OFF
D/STATUSBAR-WifiQuickSettingButton( 1152): onWifiSignalChanged enabled=true enabledDesc:"f1comp"
D/STATUSBAR-WifiQuickSettingButton( 1152): onWifiSignalChanged enabled=true enabledDesc:"f1comp"
D/WidgetProviderAssistiveLight( 1940): onReceive() PLUG:2 / STATUS:5 / LEVEL:100
D/WidgetProviderAssistiveLight( 1940): onReceive() mBatteryLevel : 100 / Static Battery Level : 100
D/WidgetProviderAssistiveLight( 1940): getWidgetMode : false
D/KeyguardUpdateMonitor( 1152): received broadcast android.intent.action.BATTERY_CHANGED
D/KeyguardUpdateMonitor( 1152): handleBatteryUpdate
E/SMD     (  275): DCD OFF
D/STATUSBAR-WifiQuickSettingButton( 1152): onWifiSignalChanged enabled=true enabledDesc:"f1comp"
E/SMD     (  275): DCD OFF
D/SensorService(  983): [SO] 0.109 0.091 10.082
E/SMD     (  275): DCD OFF
E/SMD     (  275): DCD OFF
D/KeyguardUpdateMonitor( 1152): received broadcast android.intent.action.BATTERY_CHANGED
D/KeyguardUpdateMonitor( 1152): handleBatteryUpdate
D/WidgetProviderAssistiveLight( 1940): onReceive() PLUG:2 / STATUS:5 / LEVEL:100
D/WidgetProviderAssistiveLight( 1940): onReceive() mBatteryLevel : 100 / Static Battery Level : 100
D/WidgetProviderAssistiveLight( 1940): getWidgetMode : false
E/SMD     (  275): DCD OFF
E/SMD     (  275): DCD OFF
D/SensorService(  983): [SO] 0.122 0.105 10.078
D/DataRouter(  274): After the usb select
D/DataRouter(  274): read usb data[len:1]
D/DataRouter(  274): read usb data message:A
D/DataRouter(  274): Before the usb select
E/SMD     (  275): ***Received data notification[DR->SMD]***
E/SMD     (  275): Message:A
E/SMD     (  275): Sending data to SMD: Len = [1]
E/SMD     (  275):  buffer = [A]
E/SMD     (  275): Wrote 1 chars to SMD PORT fd=7 ch = 41
D/DataRouter(  274): After the usb select
D/DataRouter(  274): read usb data[len:1]
D/DataRouter(  274): read usb data message:T
D/DataRouter(  274): Before the usb select
E/SMD     (  275): ***Received data notification[DR->SMD]***
E/SMD     (  275): Message:T
E/SMD     (  275): Sending data to SMD: Len = [1]
E/SMD     (  275):  buffer = [T]
E/SMD     (  275): Wrote 1 chars to SMD PORT fd=7 ch = 54
D/DataRouter(  274): After the usb select
D/DataRouter(  274): read usb data[len:1]
D/DataRouter(  274): read usb data message:+
D/DataRouter(  274): Before the usb select
E/SMD     (  275): ***Received data notification[DR->SMD]***
E/SMD     (  275): Message:+
E/SMD     (  275): Sending data to SMD: Len = [1]
E/SMD     (  275):  buffer = [+]
E/SMD     (  275): Wrote 1 chars to SMD PORT fd=7 ch = 2b
D/DataRouter(  274): After the usb select
D/DataRouter(  274): read usb data[len:1]
D/DataRouter(  274): read usb data message:C
D/DataRouter(  274): Before the usb select
E/SMD     (  275): ***Received data notification[DR->SMD]***
E/SMD     (  275): Message:C
E/SMD     (  275): Sending data to SMD: Len = [1]
E/SMD     (  275):  buffer = [C]
E/SMD     (  275): Wrote 1 chars to SMD PORT fd=7 ch = 43
D/DataRouter(  274): After the usb select
D/DataRouter(  274): read usb data[len:1]
D/DataRouter(  274): read usb data message:I
D/DataRouter(  274): Before the usb select
E/SMD     (  275): ***Received data notification[DR->SMD]***
E/SMD     (  275): Message:I
E/SMD     (  275): Sending data to SMD: Len = [1]
E/SMD     (  275):  buffer = [I]
E/SMD     (  275): Wrote 1 chars to SMD PORT fd=7 ch = 49
D/DataRouter(  274): After the usb select
D/DataRouter(  274): read usb data[len:1]
D/DataRouter(  274): read usb data message:N
D/DataRouter(  274): Before the usb select
E/SMD     (  275): ***Received data notification[DR->SMD]***
E/SMD     (  275): Message:N
E/SMD     (  275): Sending data to SMD: Len = [1]
E/SMD     (  275):  buffer = [N]
E/SMD     (  275): Wrote 1 chars to SMD PORT fd=7 ch = 4e
D/DataRouter(  274): After the usb select
D/DataRouter(  274): read usb data[len:1]
D/DataRouter(  274): read usb data message:D
D/DataRouter(  274): Before the usb select
E/SMD     (  275): ***Received data notification[DR->SMD]***
E/SMD     (  275): Message:D
E/SMD     (  275): Sending data to SMD: Len = [1]
E/SMD     (  275):  buffer = [D]
E/SMD     (  275): Wrote 1 chars to SMD PORT fd=7 ch = 44
D/DataRouter(  274): After the usb select
D/DataRouter(  274): read usb data[len:1]
D/DataRouter(  274): read usb data message:?
D/DataRouter(  274): Before the usb select
E/SMD     (  275): ***Received data notification[DR->SMD]***
E/SMD     (  275): Message:?
E/SMD     (  275): Sending data to SMD: Len = [1]
E/SMD     (  275):  buffer = [?]
E/SMD     (  275): Wrote 1 chars to SMD PORT fd=7 ch = 3f
D/DataRouter(  274): After the usb select
D/DataRouter(  274): read usb data[len:1]
D/DataRouter(  274): read usb data message:
E/SMD     (  275): ***Received data notification[DR->SMD]***
E/SMD     (  275): Message:
E/SMD     (  275): Sending data to SMD: Len = [1]
E/SMD     (  275):  buffer = []
E/SMD     (  275): Wrote 1 chars to SMD PORT fd=7 ch = d
D/DataRouter(  274): Before the usb select
E/SMD     (  275): After the Modem Read select 
E/SMD     (  275): Read 32 chars from SMD Modem file fd = 7
E/SMD     (  275):  Message: 
E/SMD     (  275): +CIND: 0,3,1,0,0,0,1,0
E/SMD     (  275): 
E/SMD     (  275): OK
E/SMD     (  275): 
E/SMD     (  275): 
E/SMD     (  275): OK
E/SMD     (  275): 5)),("service",(0-1)),("call",(0-1)),("roam",(0-1)),("smsfull",(0-1)),("GPRS coverage",(0-1)),("callsetup",(0-3))
E/SMD     (  275): 
E/SMD     (  275): OK
E/SMD     (  275): 
E/SMD     (  275): 
E/SMD     (  275): Before the Modem Read select 
D/DataRouter(  274): write [32] bytes of data to USB fd[10]
D/STATUSBAR-WifiQuickSettingButton( 1152): onWifiSignalChanged enabled=true enabledDesc:"f1comp"
D/STATUSBAR-WifiQuickSettingButton( 1152): onWifiSignalChanged enabled=true enabledDesc:"f1comp"
E/SMD     (  275): DCD OFF
E/SMD     (  275): DCD OFF
D/lights  (  983): lcd : 156 +
D/lights  (  983): lcd : 156 -
D/lights  (  983): lcd : 123 +
D/lights  (  983): lcd : 123 -
D/lights  (  983): lcd : 90 +
D/lights  (  983): lcd : 90 -
D/lights  (  983): lcd : 56 +
D/lights  (  983): lcd : 56 -
D/lights  (  983): lcd : 23 +
D/lights  (  983): lcd : 23 -
D/lights  (  983): lcd : 5 +
D/lights  (  983): lcd : 5 -
E/SMD     (  275): DCD OFF
D/SensorService(  983): [SO] 0.132 0.102 10.083
D/STATUSBAR-WifiQuickSettingButton( 1152): onWifiSignalChanged enabled=true enabledDesc:"f1comp"
E/SMD     (  275): DCD OFF
D/STATUSBAR-WifiQuickSettingButton( 1152): onWifiSignalChanged enabled=true enabledDesc:"f1comp"
I/art     (32347): Explicit marksweep + semispace GC freed 1395(44KB) AllocSpace objects, 0(0B) LOS objects, 24% free, 14MB/18MB, paused 55.286ms total 55.782ms
D/KeyguardUpdateMonitor( 1152): received broadcast android.intent.action.BATTERY_CHANGED
D/KeyguardUpdateMonitor( 1152): handleBatteryUpdate
D/WidgetProviderAssistiveLight( 1940): onReceive() PLUG:2 / STATUS:5 / LEVEL:100
D/WidgetProviderAssistiveLight( 1940): onReceive() mBatteryLevel : 100 / Static Battery Level : 100
D/WidgetProviderAssistiveLight( 1940): getWidgetMode : false
E/SMD     (  275): DCD OFF
D/STATUSBAR-WifiQuickSettingButton( 1152): onWifiSignalChanged enabled=true enabledDesc:"f1comp"
E/SMD     (  275): DCD OFF
D/STATUSBAR-WifiQuickSettingButton( 1152): onWifiSignalChanged enabled=true enabledDesc:"f1comp"
D/STATUSBAR-WifiQuickSettingButton( 1152): onWifiSignalChanged enabled=true enabledDesc:"f1comp"
D/StatusBar.MSimNetworkController( 1152): getNumberOfActiveSim:1
D/StatusBar.MSimNetworkController( 1152): getPhoneSignalIconList: mMaxLevelOfSignalStrengthIndicator = 4 inetCondition = 0
D/StatusBar.MSimNetworkController( 1152): getDataSignalIconId: mMaxLevelOfSignalStrengthIndicator = 4 inetCondition = 0 iconLevel = 4
D/StatusBar.MSimNetworkController( 1152): updateTelephonySignalStrength: iconLevel=4
D/STATUSBAR-WifiQuickSettingButton( 1152): onWifiSignalChanged enabled=true enabledDesc:"f1comp"
D/STATUSBAR-WifiQuickSettingButton( 1152): onWifiSignalChanged enabled=true enabledDesc:"f1comp"
D/SensorService(  983): [SO] 0.133 0.101 10.069
E/SMD     (  275): DCD OFF
D/STATUSBAR-WifiQuickSettingButton( 1152): onWifiSignalChanged enabled=true enabledDesc:"f1comp"
D/StatusBar.MSimNetworkController( 1152): getNumberOfActiveSim:1
D/StatusBar.MSimNetworkController( 1152): getPhoneSignalIconList: mMaxLevelOfSignalStrengthIndicator = 4 inetCondition = 0
D/StatusBar.MSimNetworkController( 1152): getDataSignalIconId: mMaxLevelOfSignalStrengthIndicator = 4 inetCondition = 0 iconLevel = 4
D/StatusBar.MSimNetworkController( 1152): updateTelephonySignalStrength: iconLevel=4
D/STATUSBAR-WifiQuickSettingButton( 1152): onWifiSignalChanged enabled=true enabledDesc:"f1comp"
D/STATUSBAR-WifiQuickSettingButton( 1152): onWifiSignalChanged enabled=true enabledDesc:"f1comp"
E/SMD     (  275): DCD OFF
D/KeyguardUpdateMonitor( 1152): received broadcast android.intent.action.BATTERY_CHANGED
D/KeyguardUpdateMonitor( 1152): handleBatteryUpdate
D/WidgetProviderAssistiveLight( 1940): onReceive() PLUG:2 / STATUS:5 / LEVEL:100
D/WidgetProviderAssistiveLight( 1940): onReceive() mBatteryLevel : 100 / Static Battery Level : 100
D/WidgetProviderAssistiveLight( 1940): getWidgetMode : false
E/SMD     (  275): DCD OFF
D/StatusBar.MSimNetworkController( 1152): getNumberOfActiveSim:1
D/StatusBar.MSimNetworkController( 1152): getPhoneSignalIconList: mMaxLevelOfSignalStrengthIndicator = 4 inetCondition = 0
D/StatusBar.MSimNetworkController( 1152): getDataSignalIconId: mMaxLevelOfSignalStrengthIndicator = 4 inetCondition = 0 iconLevel = 4
D/StatusBar.MSimNetworkController( 1152): updateTelephonySignalStrength: iconLevel=4
D/STATUSBAR-WifiQuickSettingButton( 1152): onWifiSignalChanged enabled=true enabledDesc:"f1comp"
E/SMD     (  275): DCD OFF
D/StatusBar.MSimNetworkController( 1152): getNumberOfActiveSim:1
D/StatusBar.MSimNetworkController( 1152): getPhoneSignalIconList: mMaxLevelOfSignalStrengthIndicator = 4 inetCondition = 0
D/StatusBar.MSimNetworkController( 1152): getDataSignalIconId: mMaxLevelOfSignalStrengthIndicator = 4 inetCondition = 0 iconLevel = 4
D/StatusBar.MSimNetworkController( 1152): updateTelephonySignalStrength: iconLevel=4
D/STATUSBAR-WifiQuickSettingButton( 1152): onWifiSignalChanged enabled=true enabledDesc:"f1comp"
D/SensorService(  983): [SO] 0.142 0.101 10.074
D/DataRouter(  274): After the usb select
D/DataRouter(  274): read usb data[len:1]
D/DataRouter(  274): read usb data message:A
D/DataRouter(  274): Before the usb select
E/SMD     (  275): ***Received data notification[DR->SMD]***
E/SMD     (  275): Message:A
E/SMD     (  275): Sending data to SMD: Len = [1]
E/SMD     (  275):  buffer = [A]
E/SMD     (  275): Wrote 1 chars to SMD PORT fd=7 ch = 41
D/DataRouter(  274): After the usb select
D/DataRouter(  274): read usb data[len:1]
D/DataRouter(  274): read usb data message:T
D/DataRouter(  274): Before the usb select
E/SMD     (  275): ***Received data notification[DR->SMD]***
E/SMD     (  275): Message:T
E/SMD     (  275): Sending data to SMD: Len = [1]
E/SMD     (  275):  buffer = [T]
E/SMD     (  275): Wrote 1 chars to SMD PORT fd=7 ch = 54
D/DataRouter(  274): After the usb select
D/DataRouter(  274): read usb data[len:1]
D/DataRouter(  274): read usb data message:+
D/DataRouter(  274): Before the usb select
E/SMD     (  275): ***Received data notification[DR->SMD]***
E/SMD     (  275): Message:+
E/SMD     (  275): Sending data to SMD: Len = [1]
E/SMD     (  275):  buffer = [+]
E/SMD     (  275): Wrote 1 chars to SMD PORT fd=7 ch = 2b
D/DataRouter(  274): After the usb select
D/DataRouter(  274): read usb data[len:1]
D/DataRouter(  274): read usb data message:C
D/DataRouter(  274): Before the usb select
E/SMD     (  275): ***Received data notification[DR->SMD]***
E/SMD     (  275): Message:C
E/SMD     (  275): Sending data to SMD: Len = [1]
E/SMD     (  275):  buffer = [C]
E/SMD     (  275): Wrote 1 chars to SMD PORT fd=7 ch = 43
D/DataRouter(  274): After the usb select
D/DataRouter(  274): read usb data[len:1]
D/DataRouter(  274): read usb data message:I
D/DataRouter(  274): Before the usb select
E/SMD     (  275): ***Received data notification[DR->SMD]***
E/SMD     (  275): Message:I
E/SMD     (  275): Sending data to SMD: Len = [1]
E/SMD     (  275):  buffer = [I]
E/SMD     (  275): Wrote 1 chars to SMD PORT fd=7 ch = 49
D/DataRouter(  274): After the usb select
D/DataRouter(  274): read usb data[len:1]
D/DataRouter(  274): read usb data message:N
D/DataRouter(  274): Before the usb select
E/SMD     (  275): ***Received data notification[DR->SMD]***
E/SMD     (  275): Message:N
E/SMD     (  275): Sending data to SMD: Len = [1]
E/SMD     (  275):  buffer = [N]
E/SMD     (  275): Wrote 1 chars to SMD PORT fd=7 ch = 4e
D/DataRouter(  274): After the usb select
D/DataRouter(  274): read usb data[len:1]
D/DataRouter(  274): read usb data message:D
D/DataRouter(  274): Before the usb select
E/SMD     (  275): ***Received data notification[DR->SMD]***
E/SMD     (  275): Message:D
E/SMD     (  275): Sending data to SMD: Len = [1]
E/SMD     (  275):  buffer = [D]
E/SMD     (  275): Wrote 1 chars to SMD PORT fd=7 ch = 44
D/DataRouter(  274): After the usb select
D/DataRouter(  274): read usb data[len:1]
D/DataRouter(  274): read usb data message:?
E/SMD     (  275): ***Received data notification[DR->SMD]***
E/SMD     (  275): Message:?
E/SMD     (  275): Sending data to SMD: Len = [1]
E/SMD     (  275):  buffer = [?]
E/SMD     (  275): Wrote 1 chars to SMD PORT fd=7 ch = 3f
D/DataRouter(  274): Before the usb select
D/DataRouter(  274): After the usb select
D/DataRouter(  274): read usb data[len:1]
D/DataRouter(  274): read usb data message:
E/SMD     (  275): ***Received data notification[DR->SMD]***
E/SMD     (  275): Message:
E/SMD     (  275): Sending data to SMD: Len = [1]
E/SMD     (  275):  buffer = []
E/SMD     (  275): Wrote 1 chars to SMD PORT fd=7 ch = d
D/DataRouter(  274): Before the usb select
E/SMD     (  275): After the Modem Read select 
E/SMD     (  275): Read 32 chars from SMD Modem file fd = 7
E/SMD     (  275):  Message: 
E/SMD     (  275): +CIND: 0,3,1,0,0,0,1,0
E/SMD     (  275): 
E/SMD     (  275): OK
E/SMD     (  275): 
E/SMD     (  275): 
E/SMD     (  275): OK
E/SMD     (  275): 5)),("service",(0-1)),("call",(0-1)),("roam",(0-1)),("smsfull",(0-1)),("GPRS coverage",(0-1)),("callsetup",(0-3))
E/SMD     (  275): 
E/SMD     (  275): OK
E/SMD     (  275): 
E/SMD     (  275): 
E/SMD     (  275): Before the Modem Read select 
D/DataRouter(  274): write [32] bytes of data to USB fd[10]
E/SMD     (  275): DCD OFF
E/SMD     (  275): DCD OFF
D/KeyguardUpdateMonitor( 1152): received broadcast android.intent.action.TIME_TICK
D/KeyguardUpdateMonitor( 1152): handleTimeUpdate
D/SecKeyguardClockView( 1152): isNetworkRoaming=false, isHomeTimeZoneExist=true
D/SecKeyguardClockView( 1152): onTimeChanged() : mShouldShowDualClock - false, isDualClockSet() -false
D/SecKeyguardClockView( 1152): setAutoHomeTimezone() - autoHomeTimeZoneId: Asia/Krasnoyarsk
D/SecKeyguardClockView( 1152): isNetworkRoaming=false, isHomeTimeZoneExist=true
D/DateView( 1152): regionalDateFormat = 22.11.3333 isRTLlanguage = false returnDateFormat = E, d MMMM
D/DateView( 1152): regionalDateFormat = 22.11.3333 isRTLlanguage = false returnDateFormat = E, d MMMM
D/DateView( 1152): regionalDateFormat = 22.11.3333 isRTLlanguage = false returnDateFormat = E, d MMMM
D/KeyguardEffectViewController( 1152): onReceive action : android.intent.action.TIME_TICK
I/KeyguardEffectViewController( 1152): *** don't update sliding image ***
D/        (30424): action : android.intent.action.TIME_TICK
D/        (30424): getInstance
D/        (30424): direct update clock
D/MAR     (30424): Locale: ru
E/SMD     (  275): DCD OFF
D/SensorService(  983): [SO] 0.132 0.111 10.063
D/STATUSBAR-WifiQuickSettingButton( 1152): onWifiSignalChanged enabled=true enabledDesc:"f1comp"
E/SMD     (  275): DCD OFF
D/STATUSBAR-WifiQuickSettingButton( 1152): onWifiSignalChanged enabled=true enabledDesc:"f1comp"
E/SMD     (  275): DCD OFF
D/STATUSBAR-WifiQuickSettingButton( 1152): onWifiSignalChanged enabled=true enabledDesc:"f1comp"
D/STATUSBAR-WifiQuickSettingButton( 1152): onWifiSignalChanged enabled=true enabledDesc:"f1comp"
E/SMD     (  275): DCD OFF
D/SensorService(  983): [SO] 0.151 0.104 10.059
E/SMD     (  275): DCD OFF
E/SMD     (  275): DCD OFF
E/SMD     (  275): DCD OFF
E/SMD     (  275): DCD OFF
D/SensorService(  983): [SO] 0.156 0.095 10.060
D/DataRouter(  274): After the usb select
D/DataRouter(  274): read usb data[len:1]
D/DataRouter(  274): read usb data message:A
D/DataRouter(  274): Before the usb select
E/SMD     (  275): ***Received data notification[DR->SMD]***
E/SMD     (  275): Message:A
E/SMD     (  275): Sending data to SMD: Len = [1]
E/SMD     (  275):  buffer = [A]
E/SMD     (  275): Wrote 1 chars to SMD PORT fd=7 ch = 41
D/DataRouter(  274): After the usb select
D/DataRouter(  274): read usb data[len:1]
D/DataRouter(  274): read usb data message:T
D/DataRouter(  274): Before the usb select
E/SMD     (  275): ***Received data notification[DR->SMD]***
E/SMD     (  275): Message:T
E/SMD     (  275): Sending data to SMD: Len = [1]
E/SMD     (  275):  buffer = [T]
E/SMD     (  275): Wrote 1 chars to SMD PORT fd=7 ch = 54
D/DataRouter(  274): After the usb select
D/DataRouter(  274): read usb data[len:1]
D/DataRouter(  274): read usb data message:+
D/DataRouter(  274): Before the usb select
E/SMD     (  275): ***Received data notification[DR->SMD]***
E/SMD     (  275): Message:+
E/SMD     (  275): Sending data to SMD: Len = [1]
E/SMD     (  275):  buffer = [+]
E/SMD     (  275): Wrote 1 chars to SMD PORT fd=7 ch = 2b
D/DataRouter(  274): After the usb select
D/DataRouter(  274): read usb data[len:1]
D/DataRouter(  274): read usb data message:C
D/DataRouter(  274): Before the usb select
E/SMD     (  275): ***Received data notification[DR->SMD]***
E/SMD     (  275): Message:C
E/SMD     (  275): Sending data to SMD: Len = [1]
E/SMD     (  275):  buffer = [C]
E/SMD     (  275): Wrote 1 chars to SMD PORT fd=7 ch = 43
D/DataRouter(  274): After the usb select
D/DataRouter(  274): read usb data[len:1]
D/DataRouter(  274): read usb data message:I
D/DataRouter(  274): Before the usb select
E/SMD     (  275): ***Received data notification[DR->SMD]***
E/SMD     (  275): Message:I
E/SMD     (  275): Sending data to SMD: Len = [1]
E/SMD     (  275):  buffer = [I]
E/SMD     (  275): Wrote 1 chars to SMD PORT fd=7 ch = 49
D/DataRouter(  274): After the usb select
D/DataRouter(  274): read usb data[len:1]
D/DataRouter(  274): read usb data message:N
D/DataRouter(  274): Before the usb select
E/SMD     (  275): ***Received data notification[DR->SMD]***
E/SMD     (  275): Message:N
E/SMD     (  275): Sending data to SMD: Len = [1]
E/SMD     (  275):  buffer = [N]
E/SMD     (  275): Wrote 1 chars to SMD PORT fd=7 ch = 4e
D/DataRouter(  274): After the usb select
D/DataRouter(  274): read usb data[len:1]
D/DataRouter(  274): read usb data message:D
D/DataRouter(  274): Before the usb select
E/SMD     (  275): ***Received data notification[DR->SMD]***
E/SMD     (  275): Message:D
E/SMD     (  275): Sending data to SMD: Len = [1]
E/SMD     (  275):  buffer = [D]
E/SMD     (  275): Wrote 1 chars to SMD PORT fd=7 ch = 44
D/DataRouter(  274): After the usb select
D/DataRouter(  274): read usb data[len:1]
D/DataRouter(  274): read usb data message:?
E/SMD     (  275): ***Received data notification[DR->SMD]***
E/SMD     (  275): Message:?
E/SMD     (  275): Sending data to SMD: Len = [1]
E/SMD     (  275):  buffer = [?]
E/SMD     (  275): Wrote 1 chars to SMD PORT fd=7 ch = 3f
D/DataRouter(  274): Before the usb select
D/DataRouter(  274): After the usb select
D/DataRouter(  274): read usb data[len:1]
D/DataRouter(  274): read usb data message:
E/SMD     (  275): ***Received data notification[DR->SMD]***
E/SMD     (  275): Message:
E/SMD     (  275): Sending data to SMD: Len = [1]
E/SMD     (  275):  buffer = []
E/SMD     (  275): Wrote 1 chars to SMD PORT fd=7 ch = d
D/DataRouter(  274): Before the usb select
E/SMD     (  275): After the Modem Read select 
E/SMD     (  275): Read 32 chars from SMD Modem file fd = 7
E/SMD     (  275):  Message: 
E/SMD     (  275): +CIND: 0,3,1,0,0,0,1,0
E/SMD     (  275): 
E/SMD     (  275): OK
E/SMD     (  275): 
E/SMD     (  275): 
E/SMD     (  275): OK
E/SMD     (  275): 5)),("service",(0-1)),("call",(0-1)),("roam",(0-1)),("smsfull",(0-1)),("GPRS coverage",(0-1)),("callsetup",(0-3))
E/SMD     (  275): 
E/SMD     (  275): OK
E/SMD     (  275): 
E/SMD     (  275): 
E/SMD     (  275): Before the Modem Read select 
D/DataRouter(  274): write [32] bytes of data to USB fd[10]
D/StatusBar.MSimNetworkController( 1152): getNumberOfActiveSim:1
D/StatusBar.MSimNetworkController( 1152): getPhoneSignalIconList: mMaxLevelOfSignalStrengthIndicator = 4 inetCondition = 0
D/StatusBar.MSimNetworkController( 1152): getDataSignalIconId: mMaxLevelOfSignalStrengthIndicator = 4 inetCondition = 0 iconLevel = 4
D/StatusBar.MSimNetworkController( 1152): updateTelephonySignalStrength: iconLevel=4
D/STATUSBAR-WifiQuickSettingButton( 1152): onWifiSignalChanged enabled=true enabledDesc:"f1comp"
D/STATUSBAR-WifiQuickSettingButton( 1152): onWifiSignalChanged enabled=true enabledDesc:"f1comp"
D/STATUSBAR-WifiQuickSettingButton( 1152): onWifiSignalChanged enabled=true enabledDesc:"f1comp"
E/dhcpcd  ( 5521): wlan0: invalid prefix in RA
E/SMD     (  275): DCD OFF
D/STATUSBAR-WifiQuickSettingButton( 1152): onWifiSignalChanged enabled=true enabledDesc:"f1comp"
D/STATUSBAR-WifiQuickSettingButton( 1152): onWifiSignalChanged enabled=true enabledDesc:"f1comp"
E/SMD     (  275): DCD OFF
D/StatusBar.MSimNetworkController( 1152): getNumberOfActiveSim:1
D/StatusBar.MSimNetworkController( 1152): getPhoneSignalIconList: mMaxLevelOfSignalStrengthIndicator = 4 inetCondition = 0
D/StatusBar.MSimNetworkController( 1152): getDataSignalIconId: mMaxLevelOfSignalStrengthIndicator = 4 inetCondition = 0 iconLevel = 4
D/StatusBar.MSimNetworkController( 1152): updateTelephonySignalStrength: iconLevel=4
D/STATUSBAR-WifiQuickSettingButton( 1152): onWifiSignalChanged enabled=true enabledDesc:"f1comp"
D/STATUSBAR-WifiQuickSettingButton( 1152): onWifiSignalChanged enabled=true enabledDesc:"f1comp"
D/STATUSBAR-WifiQuickSettingButton( 1152): onWifiSignalChanged enabled=true enabledDesc:"f1comp"
D/StatusBar.MSimNetworkController( 1152): getNumberOfActiveSim:1
D/StatusBar.MSimNetworkController( 1152): getPhoneSignalIconList: mMaxLevelOfSignalStrengthIndicator = 4 inetCondition = 0
D/StatusBar.MSimNetworkController( 1152): getDataSignalIconId: mMaxLevelOfSignalStrengthIndicator = 4 inetCondition = 0 iconLevel = 4
D/StatusBar.MSimNetworkController( 1152): updateTelephonySignalStrength: iconLevel=4
D/STATUSBAR-WifiQuickSettingButton( 1152): onWifiSignalChanged enabled=true enabledDesc:"f1comp"
E/SMD     (  275): DCD OFF
D/SensorService(  983): [SO] 0.146 0.087 10.056
E/SMD     (  275): DCD OFF
D/StatusBar.MSimNetworkController( 1152): getNumberOfActiveSim:1
D/StatusBar.MSimNetworkController( 1152): getPhoneSignalIconList: mMaxLevelOfSignalStrengthIndicator = 4 inetCondition = 0
D/StatusBar.MSimNetworkController( 1152): getDataSignalIconId: mMaxLevelOfSignalStrengthIndicator = 4 inetCondition = 0 iconLevel = 4
D/StatusBar.MSimNetworkController( 1152): updateTelephonySignalStrength: iconLevel=4
D/STATUSBAR-WifiQuickSettingButton( 1152): onWifiSignalChanged enabled=true enabledDesc:"f1comp"
D/KeyguardUpdateMonitor( 1152): received broadcast android.intent.action.BATTERY_CHANGED
D/KeyguardUpdateMonitor( 1152): handleBatteryUpdate
D/WidgetProviderAssistiveLight( 1940): onReceive() PLUG:2 / STATUS:5 / LEVEL:100
D/WidgetProviderAssistiveLight( 1940): onReceive() mBatteryLevel : 100 / Static Battery Level : 100
D/WidgetProviderAssistiveLight( 1940): getWidgetMode : false
E/SMD     (  275): DCD OFF
I/Sensors (  983): AccelerometerSensor(0) setDelay : 20000000(ns)
D/SensorManager(17789): registerListener :: 0, K303C Accelerometer Sensor, 20000, 0,  
E/Zygote  ( 2093): v2
I/SELinux ( 2093): Function: selinux_compare_spd_ram, SPD-policy is existed. and_ver=SEPF_SM-G530H_5.0.2-1 ver=48
I/SELinux ( 2093): Function: selinux_compare_spd_ram , priority [1] , priority version is VE=SEPF_SM-G530H_5.0.2-1_0048
E/SELinux ( 2093): [DEBUG] get_category: variable seinfo: untrusted sensitivity: NULL, cateogry: NULL
D/TimaKeyStoreProvider( 2093): in addTimaSignatureService
D/TimaKeyStoreProvider( 2093): Cannot add TimaSignature Service, License check Failed
D/ActivityThread( 2093): Added TimaKesytore provider
W/art     ( 2093): Suspending all threads took: 26.688ms
I/MultiDex( 2093): VM with version 2.1.0 has multidex support
I/MultiDex( 2093): install
I/MultiDex( 2093): VM has multidex support, MultiDex support library is disabled.
D/SensorService(  983): [SO] 0.148 0.089 10.059
W/art     ( 2093): Suspending all threads took: 29.708ms
I/Sensors (  983): AccelerometerSensor(0) setDelay : 200000000(ns)
D/SensorManager(17789): unregisterListener ::   
E/Zygote  ( 2111): v2
I/SELinux ( 2111): Function: selinux_compare_spd_ram, SPD-policy is existed. and_ver=SEPF_SM-G530H_5.0.2-1 ver=48
I/SELinux ( 2111): Function: selinux_compare_spd_ram , priority [1] , priority version is VE=SEPF_SM-G530H_5.0.2-1_0048
E/SELinux ( 2111): [DEBUG] get_category: variable seinfo: untrusted sensitivity: NULL, cateogry: NULL
D/TimaKeyStoreProvider( 2111): in addTimaSignatureService
D/TimaKeyStoreProvider( 2111): Cannot add TimaSignature Service, License check Failed
D/ActivityThread( 2111): Added TimaKesytore provider
I/GservicesProvider( 2111): Gservices pushing to system: true; secure/global: true
I/GoogleHttpClient( 2111): GMS http client unavailable, use old client
I/GoogleHttpClient( 2111): GMS http client unavailable, use old client
V/JNIHelp ( 2093): Registering com/google/android/gms/org/conscrypt/NativeCrypto's 255 native methods...
W/System  ( 2093): Could not create com.google.android.gms.org.conscrypt.OpenSSLSocketFactoryImpl with ClassLoader android.app.LoadedApk$WarningContextClassLoader@3730232c: com.google.android.gms.org.conscrypt.OpenSSLSocketFactoryImpl
I/ProviderInstaller( 2093): Installed default security provider GmsCore_OpenSSL
D/ChimeraCfgMgr( 2093): Reading stored module config
D/NativeLibraryUtils( 2093): Install completed successfully. count=12 extracted=0
E/SMD     (  275): DCD OFF
W/art     ( 2093): Suspending all threads took: 26.243ms
I/EventLogChimeraService( 2093): Aggregate from 1468148019643 (log), 1468148019643 (data)
D/DropBoxEntryAddedChimeraService( 2093): User is not opted-in to Usage & Diagnostics or Lockbox.
E/SMD     (  275): DCD OFF
D/STATUSBAR-WifiQuickSettingButton( 1152): onWifiSignalChanged enabled=true enabledDesc:"f1comp"
D/STATUSBAR-WifiQuickSettingButton( 1152): onWifiSignalChanged enabled=true enabledDesc:"f1comp"
E/SMD     (  275): DCD OFF
D/SensorService(  983): [SO] 0.093 -0.060 10.097
E/SMD     (  275): DCD OFF
D/StatusBar.MSimNetworkController( 1152): getNumberOfActiveSim:1
D/StatusBar.MSimNetworkController( 1152): getPhoneSignalIconList: mMaxLevelOfSignalStrengthIndicator = 4 inetCondition = 0
D/StatusBar.MSimNetworkController( 1152): getDataSignalIconId: mMaxLevelOfSignalStrengthIndicator = 4 inetCondition = 0 iconLevel = 4
D/StatusBar.MSimNetworkController( 1152): updateTelephonySignalStrength: iconLevel=4
D/STATUSBAR-WifiQuickSettingButton( 1152): onWifiSignalChanged enabled=true enabledDesc:"f1comp"
E/SMD     (  275): DCD OFF
D/DataRouter(  274): After the usb select
D/DataRouter(  274): read usb data[len:1]
D/DataRouter(  274): read usb data message:A
D/DataRouter(  274): Before the usb select
E/SMD     (  275): ***Received data notification[DR->SMD]***
E/SMD     (  275): Message:A
E/SMD     (  275): Sending data to SMD: Len = [1]
E/SMD     (  275):  buffer = [A]
E/SMD     (  275): Wrote 1 chars to SMD PORT fd=7 ch = 41
D/DataRouter(  274): After the usb select
D/DataRouter(  274): read usb data[len:1]
D/DataRouter(  274): read usb data message:T
D/DataRouter(  274): Before the usb select
E/SMD     (  275): ***Received data notification[DR->SMD]***
E/SMD     (  275): Message:T
E/SMD     (  275): Sending data to SMD: Len = [1]
E/SMD     (  275):  buffer = [T]
E/SMD     (  275): Wrote 1 chars to SMD PORT fd=7 ch = 54
D/DataRouter(  274): After the usb select
D/DataRouter(  274): read usb data[len:1]
