D/DataRouter(  274): Before the usb select
E/SMD     (  275): ***Received data notification[DR->SMD]***
E/SMD     (  275): Message:D
E/SMD     (  275): Sending data to SMD: Len = [1]
E/SMD     (  275):  buffer = [D]
E/SMD     (  275): Wrote 1 chars to SMD PORT fd=7 ch = 44
D/DataRouter(  274): After the usb select
D/DataRouter(  274): read usb data[len:1]
D/DataRouter(  274): read usb data message:?
D/DataRouter(  274): Before the usb select
E/SMD     (  275): ***Received data notification[DR->SMD]***
E/SMD     (  275): Message:?
E/SMD     (  275): Sending data to SMD: Len = [1]
E/SMD     (  275):  buffer = [?]
E/SMD     (  275): Wrote 1 chars to SMD PORT fd=7 ch = 3f
D/DataRouter(  274): After the usb select
D/DataRouter(  274): read usb data[len:1]
D/DataRouter(  274): read usb data message:
D/DataRouter(  274): Before the usb select
E/SMD     (  275): ***Received data notification[DR->SMD]***
E/SMD     (  275): Message:
E/SMD     (  275): Sending data to SMD: Len = [1]
E/SMD     (  275):  buffer = []
E/SMD     (  275): Wrote 1 chars to SMD PORT fd=7 ch = d
E/SMD     (  275): After the Modem Read select 
E/SMD     (  275): Read 32 chars from SMD Modem file fd = 7
E/SMD     (  275):  Message: 
E/SMD     (  275): +CIND: 0,3,1,0,0,0,1,0
E/SMD     (  275): 
E/SMD     (  275): OK
E/SMD     (  275): 
E/SMD     (  275): 
E/SMD     (  275): OK
E/SMD     (  275): 5)),("service",(0-1)),("call",(0-1)),("roam",(0-1)),("smsfull",(0-1)),("GPRS coverage",(0-1)),("callsetup",(0-3))
E/SMD     (  275): 
E/SMD     (  275): OK
E/SMD     (  275): 
E/SMD     (  275): 
E/SMD     (  275): Before the Modem Read select 
D/DataRouter(  274): write [32] bytes of data to USB fd[10]
D/SensorService(  983): [SO] 0.169 0.069 10.030
D/STATUSBAR-WifiQuickSettingButton( 1152): onWifiSignalChanged enabled=true enabledDesc:"f1comp"
D/STATUSBAR-WifiQuickSettingButton( 1152): onWifiSignalChanged enabled=true enabledDesc:"f1comp"
E/SMD     (  275): DCD OFF
E/SMD     (  275): DCD OFF
E/SMD     (  275): DCD OFF
D/SensorService(  983): [SO] 0.176 0.095 10.026
D/STATUSBAR-WifiQuickSettingButton( 1152): onWifiSignalChanged enabled=true enabledDesc:"f1comp"
E/SMD     (  275): DCD OFF
D/STATUSBAR-WifiQuickSettingButton( 1152): onWifiSignalChanged enabled=true enabledDesc:"f1comp"
D/StatusBar.MSimNetworkController( 1152): getNumberOfActiveSim:1
D/StatusBar.MSimNetworkController( 1152): getPhoneSignalIconList: mMaxLevelOfSignalStrengthIndicator = 4 inetCondition = 0
D/StatusBar.MSimNetworkController( 1152): getDataSignalIconId: mMaxLevelOfSignalStrengthIndicator = 4 inetCondition = 0 iconLevel = 4
D/StatusBar.MSimNetworkController( 1152): updateTelephonySignalStrength: iconLevel=4
D/STATUSBAR-WifiQuickSettingButton( 1152): onWifiSignalChanged enabled=true enabledDesc:"f1comp"
E/SMD     (  275): DCD OFF
D/EnterpriseController(  272): uids 10108
D/EnterpriseController(  272): mIsMarkChainAdded is 18 mIsBlockChainAdded is 252 netId is 0
D/Netd    (  272): getNetworkForDns: using netid 530 for uid 10108
D/STATUSBAR-WifiQuickSettingButton( 1152): onWifiSignalChanged enabled=true enabledDesc:"f1comp"
D/STATUSBAR-WifiQuickSettingButton( 1152): onWifiSignalChanged enabled=true enabledDesc:"f1comp"
E/SMD     (  275): DCD OFF
E/SMD     (  275): DCD OFF
D/SensorService(  983): [SO] 0.168 0.083 10.031
D/STATUSBAR-WifiQuickSettingButton( 1152): onWifiSignalChanged enabled=true enabledDesc:"f1comp"
D/STATUSBAR-WifiQuickSettingButton( 1152): onWifiSignalChanged enabled=true enabledDesc:"f1comp"
E/SMD     (  275): DCD OFF
E/SMD     (  275): DCD OFF
E/SMD     (  275): DCD OFF
D/DataRouter(  274): After the usb select
D/DataRouter(  274): read usb data[len:1]
D/DataRouter(  274): read usb data message:A
D/DataRouter(  274): Before the usb select
E/SMD     (  275): ***Received data notification[DR->SMD]***
E/SMD     (  275): Message:A
E/SMD     (  275): Sending data to SMD: Len = [1]
E/SMD     (  275):  buffer = [A]
E/SMD     (  275): Wrote 1 chars to SMD PORT fd=7 ch = 41
D/DataRouter(  274): After the usb select
D/DataRouter(  274): read usb data[len:1]
D/DataRouter(  274): read usb data message:T
D/DataRouter(  274): Before the usb select
E/SMD     (  275): ***Received data notification[DR->SMD]***
E/SMD     (  275): Message:T
E/SMD     (  275): Sending data to SMD: Len = [1]
E/SMD     (  275):  buffer = [T]
E/SMD     (  275): Wrote 1 chars to SMD PORT fd=7 ch = 54
D/DataRouter(  274): After the usb select
D/DataRouter(  274): read usb data[len:1]
D/DataRouter(  274): read usb data message:+
D/DataRouter(  274): Before the usb select
E/SMD     (  275): ***Received data notification[DR->SMD]***
E/SMD     (  275): Message:+
E/SMD     (  275): Sending data to SMD: Len = [1]
E/SMD     (  275):  buffer = [+]
E/SMD     (  275): Wrote 1 chars to SMD PORT fd=7 ch = 2b
D/DataRouter(  274): After the usb select
D/DataRouter(  274): read usb data[len:1]
D/DataRouter(  274): read usb data message:C
D/DataRouter(  274): Before the usb select
E/SMD     (  275): ***Received data notification[DR->SMD]***
E/SMD     (  275): Message:C
E/SMD     (  275): Sending data to SMD: Len = [1]
E/SMD     (  275):  buffer = [C]
E/SMD     (  275): Wrote 1 chars to SMD PORT fd=7 ch = 43
D/DataRouter(  274): After the usb select
D/DataRouter(  274): read usb data[len:1]
D/DataRouter(  274): read usb data message:I
D/DataRouter(  274): Before the usb select
E/SMD     (  275): ***Received data notification[DR->SMD]***
E/SMD     (  275): Message:I
E/SMD     (  275): Sending data to SMD: Len = [1]
E/SMD     (  275):  buffer = [I]
E/SMD     (  275): Wrote 1 chars to SMD PORT fd=7 ch = 49
D/DataRouter(  274): After the usb select
D/DataRouter(  274): read usb data[len:1]
D/DataRouter(  274): read usb data message:N
D/DataRouter(  274): Before the usb select
E/SMD     (  275): ***Received data notification[DR->SMD]***
E/SMD     (  275): Message:N
E/SMD     (  275): Sending data to SMD: Len = [1]
E/SMD     (  275):  buffer = [N]
E/SMD     (  275): Wrote 1 chars to SMD PORT fd=7 ch = 4e
D/DataRouter(  274): After the usb select
D/DataRouter(  274): read usb data[len:1]
D/DataRouter(  274): read usb data message:D
D/DataRouter(  274): Before the usb select
E/SMD     (  275): ***Received data notification[DR->SMD]***
E/SMD     (  275): Message:D
E/SMD     (  275): Sending data to SMD: Len = [1]
E/SMD     (  275):  buffer = [D]
E/SMD     (  275): Wrote 1 chars to SMD PORT fd=7 ch = 44
D/DataRouter(  274): After the usb select
D/DataRouter(  274): read usb data[len:1]
D/DataRouter(  274): read usb data message:?
D/DataRouter(  274): Before the usb select
E/SMD     (  275): ***Received data notification[DR->SMD]***
E/SMD     (  275): Message:?
E/SMD     (  275): Sending data to SMD: Len = [1]
E/SMD     (  275):  buffer = [?]
E/SMD     (  275): Wrote 1 chars to SMD PORT fd=7 ch = 3f
D/DataRouter(  274): After the usb select
D/DataRouter(  274): read usb data[len:1]
D/DataRouter(  274): read usb data message:
D/DataRouter(  274): Before the usb select
E/SMD     (  275): ***Received data notification[DR->SMD]***
E/SMD     (  275): Message:
E/SMD     (  275): Sending data to SMD: Len = [1]
E/SMD     (  275):  buffer = []
E/SMD     (  275): Wrote 1 chars to SMD PORT fd=7 ch = d
E/SMD     (  275): After the Modem Read select 
E/SMD     (  275): Read 32 chars from SMD Modem file fd = 7
E/SMD     (  275):  Message: 
E/SMD     (  275): +CIND: 0,3,1,0,0,0,1,0
E/SMD     (  275): 
E/SMD     (  275): OK
E/SMD     (  275): 
E/SMD     (  275): 
E/SMD     (  275): OK
E/SMD     (  275): 5)),("service",(0-1)),("call",(0-1)),("roam",(0-1)),("smsfull",(0-1)),("GPRS coverage",(0-1)),("callsetup",(0-3))
E/SMD     (  275): 
E/SMD     (  275): OK
E/SMD     (  275): 
E/SMD     (  275): 
E/SMD     (  275): Before the Modem Read select 
D/DataRouter(  274): write [32] bytes of data to USB fd[10]
D/SensorService(  983): [SO] 0.172 0.064 10.036
E/SMD     (  275): DCD OFF
E/SMD     (  275): DCD OFF
D/KeyguardUpdateMonitor( 1152): received broadcast android.intent.action.TIME_TICK
D/KeyguardUpdateMonitor( 1152): handleTimeUpdate
D/SecKeyguardClockView( 1152): isNetworkRoaming=false, isHomeTimeZoneExist=true
D/SecKeyguardClockView( 1152): onTimeChanged() : mShouldShowDualClock - false, isDualClockSet() -false
D/SecKeyguardClockView( 1152): setAutoHomeTimezone() - autoHomeTimeZoneId: Asia/Krasnoyarsk
D/SecKeyguardClockView( 1152): isNetworkRoaming=false, isHomeTimeZoneExist=true
D/DateView( 1152): regionalDateFormat = 22.11.3333 isRTLlanguage = false returnDateFormat = E, d MMMM
D/DateView( 1152): regionalDateFormat = 22.11.3333 isRTLlanguage = false returnDateFormat = E, d MMMM
D/DateView( 1152): regionalDateFormat = 22.11.3333 isRTLlanguage = false returnDateFormat = E, d MMMM
D/KeyguardEffectViewController( 1152): onReceive action : android.intent.action.TIME_TICK
I/KeyguardEffectViewController( 1152): *** don't update sliding image ***
D/        (30424): action : android.intent.action.TIME_TICK
D/        (30424): getInstance
D/        (30424): direct update clock
D/MAR     (30424): Locale: ru
E/SMD     (  275): DCD OFF
D/SensorService(  983): [SO] 0.166 0.072 10.030
E/SMD     (  275): DCD OFF
E/SMD     (  275): DCD OFF
E/SMD     (  275): DCD OFF
E/dhcpcd  ( 5521): wlan0: invalid prefix in RA
D/STATUSBAR-WifiQuickSettingButton( 1152): onWifiSignalChanged enabled=true enabledDesc:"f1comp"
I/art     ( 1152): Background sticky concurrent mark sweep GC freed 68652(4MB) AllocSpace objects, 0(0B) LOS objects, 22% free, 15MB/20MB, paused 6.518ms total 77.011ms
E/SMD     (  275): DCD OFF
D/SensorService(  983): [SO] 0.165 0.079 10.045
D/STATUSBAR-WifiQuickSettingButton( 1152): onWifiSignalChanged enabled=true enabledDesc:"f1comp"
E/SMD     (  275): DCD OFF
I/art     (32347): Explicit marksweep + semispace GC freed 1699(53KB) AllocSpace objects, 0(0B) LOS objects, 25% free, 14MB/18MB, paused 43.436ms total 43.871ms
E/SMD     (  275): DCD OFF
E/SMD     (  275): DCD OFF
D/DataRouter(  274): After the usb select
D/DataRouter(  274): read usb data[len:1]
D/DataRouter(  274): read usb data message:A
D/DataRouter(  274): Before the usb select
E/SMD     (  275): ***Received data notification[DR->SMD]***
E/SMD     (  275): Message:A
E/SMD     (  275): Sending data to SMD: Len = [1]
E/SMD     (  275):  buffer = [A]
E/SMD     (  275): Wrote 1 chars to SMD PORT fd=7 ch = 41
D/DataRouter(  274): After the usb select
D/DataRouter(  274): read usb data[len:1]
D/DataRouter(  274): read usb data message:T
D/DataRouter(  274): Before the usb select
E/SMD     (  275): ***Received data notification[DR->SMD]***
E/SMD     (  275): Message:T
E/SMD     (  275): Sending data to SMD: Len = [1]
E/SMD     (  275):  buffer = [T]
E/SMD     (  275): Wrote 1 chars to SMD PORT fd=7 ch = 54
D/DataRouter(  274): After the usb select
D/DataRouter(  274): read usb data[len:1]
D/DataRouter(  274): read usb data message:+
D/DataRouter(  274): Before the usb select
E/SMD     (  275): ***Received data notification[DR->SMD]***
E/SMD     (  275): Message:+
E/SMD     (  275): Sending data to SMD: Len = [1]
E/SMD     (  275):  buffer = [+]
E/SMD     (  275): Wrote 1 chars to SMD PORT fd=7 ch = 2b
D/DataRouter(  274): After the usb select
D/DataRouter(  274): read usb data[len:1]
D/DataRouter(  274): read usb data message:C
D/DataRouter(  274): Before the usb select
E/SMD     (  275): ***Received data notification[DR->SMD]***
E/SMD     (  275): Message:C
E/SMD     (  275): Sending data to SMD: Len = [1]
E/SMD     (  275):  buffer = [C]
E/SMD     (  275): Wrote 1 chars to SMD PORT fd=7 ch = 43
D/DataRouter(  274): After the usb select
D/DataRouter(  274): read usb data[len:1]
D/DataRouter(  274): read usb data message:I
D/DataRouter(  274): Before the usb select
E/SMD     (  275): ***Received data notification[DR->SMD]***
E/SMD     (  275): Message:I
E/SMD     (  275): Sending data to SMD: Len = [1]
E/SMD     (  275):  buffer = [I]
E/SMD     (  275): Wrote 1 chars to SMD PORT fd=7 ch = 49
D/DataRouter(  274): After the usb select
D/DataRouter(  274): read usb data[len:1]
D/DataRouter(  274): read usb data message:N
D/DataRouter(  274): Before the usb select
E/SMD     (  275): ***Received data notification[DR->SMD]***
E/SMD     (  275): Message:N
E/SMD     (  275): Sending data to SMD: Len = [1]
E/SMD     (  275):  buffer = [N]
E/SMD     (  275): Wrote 1 chars to SMD PORT fd=7 ch = 4e
D/DataRouter(  274): After the usb select
D/DataRouter(  274): read usb data[len:1]
D/DataRouter(  274): read usb data message:D
D/DataRouter(  274): Before the usb select
E/SMD     (  275): ***Received data notification[DR->SMD]***
E/SMD     (  275): Message:D
E/SMD     (  275): Sending data to SMD: Len = [1]
E/SMD     (  275):  buffer = [D]
E/SMD     (  275): Wrote 1 chars to SMD PORT fd=7 ch = 44
D/DataRouter(  274): After the usb select
D/DataRouter(  274): read usb data[len:1]
D/DataRouter(  274): read usb data message:?
D/DataRouter(  274): Before the usb select
E/SMD     (  275): ***Received data notification[DR->SMD]***
E/SMD     (  275): Message:?
E/SMD     (  275): Sending data to SMD: Len = [1]
E/SMD     (  275):  buffer = [?]
E/SMD     (  275): Wrote 1 chars to SMD PORT fd=7 ch = 3f
D/DataRouter(  274): After the usb select
D/DataRouter(  274): read usb data[len:1]
D/DataRouter(  274): read usb data message:
D/DataRouter(  274): Before the usb select
E/SMD     (  275): ***Received data notification[DR->SMD]***
E/SMD     (  275): Message:
E/SMD     (  275): Sending data to SMD: Len = [1]
E/SMD     (  275):  buffer = []
E/SMD     (  275): Wrote 1 chars to SMD PORT fd=7 ch = d
E/SMD     (  275): After the Modem Read select 
E/SMD     (  275): Read 32 chars from SMD Modem file fd = 7
E/SMD     (  275):  Message: 
E/SMD     (  275): +CIND: 0,3,1,0,0,0,1,0
E/SMD     (  275): 
E/SMD     (  275): OK
E/SMD     (  275): 
E/SMD     (  275): 
E/SMD     (  275): OK
E/SMD     (  275): 5)),("service",(0-1)),("call",(0-1)),("roam",(0-1)),("smsfull",(0-1)),("GPRS coverage",(0-1)),("callsetup",(0-3))
E/SMD     (  275): 
E/SMD     (  275): OK
E/SMD     (  275): 
E/SMD     (  275): 
E/SMD     (  275): Before the Modem Read select 
D/DataRouter(  274): write [32] bytes of data to USB fd[10]
D/SensorService(  983): [SO] 0.165 0.081 10.029
E/SMD     (  275): DCD OFF
E/SMD     (  275): DCD OFF
E/SMD     (  275): DCD OFF
D/StatusBar.MSimNetworkController( 1152): getNumberOfActiveSim:1
D/StatusBar.MSimNetworkController( 1152): getPhoneSignalIconList: mMaxLevelOfSignalStrengthIndicator = 4 inetCondition = 0
D/StatusBar.MSimNetworkController( 1152): getDataSignalIconId: mMaxLevelOfSignalStrengthIndicator = 4 inetCondition = 0 iconLevel = 4
D/StatusBar.MSimNetworkController( 1152): updateTelephonySignalStrength: iconLevel=4
D/STATUSBAR-WifiQuickSettingButton( 1152): onWifiSignalChanged enabled=true enabledDesc:"f1comp"
D/SensorService(  983): [SO] 0.174 0.071 10.035
E/SMD     (  275): DCD OFF
E/SMD     (  275): DCD OFF
E/SMD     (  275): DCD OFF
E/SMD     (  275): DCD OFF
D/SensorService(  983): [SO] 0.180 0.068 10.030
D/StatusBar.MSimNetworkController( 1152): getNumberOfActiveSim:1
D/StatusBar.MSimNetworkController( 1152): getPhoneSignalIconList: mMaxLevelOfSignalStrengthIndicator = 4 inetCondition = 0
D/StatusBar.MSimNetworkController( 1152): getDataSignalIconId: mMaxLevelOfSignalStrengthIndicator = 4 inetCondition = 0 iconLevel = 4
D/StatusBar.MSimNetworkController( 1152): updateTelephonySignalStrength: iconLevel=4
D/STATUSBAR-WifiQuickSettingButton( 1152): onWifiSignalChanged enabled=true enabledDesc:"f1comp"
E/SMD     (  275): DCD OFF
I/TLC_TIMA_PKM_measure_kernel(  983): TIMA: response_id = 3
I/TLC_TIMA_PKM_measure_kernel(  983): TIMA: response ret = 0, result_ondemand = MSG=Kernel Verification Success;
D/KeyguardUpdateMonitor( 1152): received broadcast android.intent.action.BATTERY_CHANGED
D/KeyguardUpdateMonitor( 1152): handleBatteryUpdate
D/WidgetProviderAssistiveLight( 1940): onReceive() PLUG:2 / STATUS:5 / LEVEL:100
D/WidgetProviderAssistiveLight( 1940): onReceive() mBatteryLevel : 100 / Static Battery Level : 100
D/WidgetProviderAssistiveLight( 1940): getWidgetMode : false
E/SMD     (  275): DCD OFF
D/STATUSBAR-WifiQuickSettingButton( 1152): onWifiSignalChanged enabled=true enabledDesc:"f1comp"
E/SMD     (  275): DCD OFF
D/STATUSBAR-WifiQuickSettingButton( 1152): onWifiSignalChanged enabled=true enabledDesc:"f1comp"
D/DataRouter(  274): After the usb select
D/DataRouter(  274): read usb data[len:1]
D/DataRouter(  274): read usb data message:A
D/DataRouter(  274): Before the usb select
E/SMD     (  275): ***Received data notification[DR->SMD]***
E/SMD     (  275): Message:A
E/SMD     (  275): Sending data to SMD: Len = [1]
E/SMD     (  275):  buffer = [A]
E/SMD     (  275): Wrote 1 chars to SMD PORT fd=7 ch = 41
D/DataRouter(  274): After the usb select
D/DataRouter(  274): read usb data[len:1]
D/DataRouter(  274): read usb data message:T
D/DataRouter(  274): Before the usb select
E/SMD     (  275): ***Received data notification[DR->SMD]***
E/SMD     (  275): Message:T
E/SMD     (  275): Sending data to SMD: Len = [1]
E/SMD     (  275):  buffer = [T]
E/SMD     (  275): Wrote 1 chars to SMD PORT fd=7 ch = 54
D/DataRouter(  274): After the usb select
D/DataRouter(  274): read usb data[len:1]
D/DataRouter(  274): read usb data message:+
D/DataRouter(  274): Before the usb select
E/SMD     (  275): ***Received data notification[DR->SMD]***
E/SMD     (  275): Message:+
E/SMD     (  275): Sending data to SMD: Len = [1]
E/SMD     (  275):  buffer = [+]
E/SMD     (  275): Wrote 1 chars to SMD PORT fd=7 ch = 2b
D/DataRouter(  274): After the usb select
D/DataRouter(  274): read usb data[len:1]
D/DataRouter(  274): read usb data message:C
D/DataRouter(  274): Before the usb select
E/SMD     (  275): ***Received data notification[DR->SMD]***
E/SMD     (  275): Message:C
E/SMD     (  275): Sending data to SMD: Len = [1]
E/SMD     (  275):  buffer = [C]
E/SMD     (  275): Wrote 1 chars to SMD PORT fd=7 ch = 43
D/DataRouter(  274): After the usb select
D/DataRouter(  274): read usb data[len:1]
D/DataRouter(  274): read usb data message:I
D/DataRouter(  274): Before the usb select
E/SMD     (  275): ***Received data notification[DR->SMD]***
E/SMD     (  275): Message:I
E/SMD     (  275): Sending data to SMD: Len = [1]
E/SMD     (  275):  buffer = [I]
E/SMD     (  275): Wrote 1 chars to SMD PORT fd=7 ch = 49
D/DataRouter(  274): After the usb select
D/DataRouter(  274): read usb data[len:1]
D/DataRouter(  274): read usb data message:N
D/DataRouter(  274): Before the usb select
E/SMD     (  275): ***Received data notification[DR->SMD]***
E/SMD     (  275): Message:N
E/SMD     (  275): Sending data to SMD: Len = [1]
E/SMD     (  275):  buffer = [N]
E/SMD     (  275): Wrote 1 chars to SMD PORT fd=7 ch = 4e
D/DataRouter(  274): After the usb select
D/DataRouter(  274): read usb data[len:1]
D/DataRouter(  274): read usb data message:D
D/DataRouter(  274): Before the usb select
E/SMD     (  275): ***Received data notification[DR->SMD]***
E/SMD     (  275): Message:D
E/SMD     (  275): Sending data to SMD: Len = [1]
E/SMD     (  275):  buffer = [D]
E/SMD     (  275): Wrote 1 chars to SMD PORT fd=7 ch = 44
D/DataRouter(  274): After the usb select
D/DataRouter(  274): read usb data[len:1]
D/DataRouter(  274): read usb data message:?
D/DataRouter(  274): Before the usb select
E/SMD     (  275): ***Received data notification[DR->SMD]***
E/SMD     (  275): Message:?
E/SMD     (  275): Sending data to SMD: Len = [1]
E/SMD     (  275):  buffer = [?]
E/SMD     (  275): Wrote 1 chars to SMD PORT fd=7 ch = 3f
D/DataRouter(  274): After the usb select
D/DataRouter(  274): read usb data[len:1]
D/DataRouter(  274): read usb data message:
D/DataRouter(  274): Before the usb select
E/SMD     (  275): ***Received data notification[DR->SMD]***
E/SMD     (  275): Message:
E/SMD     (  275): Sending data to SMD: Len = [1]
E/SMD     (  275):  buffer = []
E/SMD     (  275): Wrote 1 chars to SMD PORT fd=7 ch = d
E/SMD     (  275): After the Modem Read select 
E/SMD     (  275): Read 32 chars from SMD Modem file fd = 7
E/SMD     (  275):  Message: 
E/SMD     (  275): +CIND: 0,3,1,0,0,0,1,0
E/SMD     (  275): 
E/SMD     (  275): OK
E/SMD     (  275): 
E/SMD     (  275): 
E/SMD     (  275): OK
E/SMD     (  275): 5)),("service",(0-1)),("call",(0-1)),("roam",(0-1)),("smsfull",(0-1)),("GPRS coverage",(0-1)),("callsetup",(0-3))
E/SMD     (  275): 
E/SMD     (  275): OK
E/SMD     (  275): 
E/SMD     (  275): 
E/SMD     (  275): Before the Modem Read select 
D/DataRouter(  274): write [32] bytes of data to USB fd[10]
D/SensorService(  983): [SO] 0.184 0.064 10.011
E/SMD     (  275): DCD OFF
D/StatusBar.MSimNetworkController( 1152): getNumberOfActiveSim:1
D/StatusBar.MSimNetworkController( 1152): getPhoneSignalIconList: mMaxLevelOfSignalStrengthIndicator = 4 inetCondition = 0
D/StatusBar.MSimNetworkController( 1152): getDataSignalIconId: mMaxLevelOfSignalStrengthIndicator = 4 inetCondition = 0 iconLevel = 4
D/StatusBar.MSimNetworkController( 1152): updateTelephonySignalStrength: iconLevel=4
D/STATUSBAR-WifiQuickSettingButton( 1152): onWifiSignalChanged enabled=true enabledDesc:"f1comp"
D/STATUSBAR-WifiQuickSettingButton( 1152): onWifiSignalChanged enabled=true enabledDesc:"f1comp"
D/STATUSBAR-WifiQuickSettingButton( 1152): onWifiSignalChanged enabled=true enabledDesc:"f1comp"
E/SMD     (  275): DCD OFF
D/KeyguardUpdateMonitor( 1152): received broadcast android.intent.action.TIME_TICK
D/KeyguardUpdateMonitor( 1152): handleTimeUpdate
D/SecKeyguardClockView( 1152): isNetworkRoaming=false, isHomeTimeZoneExist=true
D/SecKeyguardClockView( 1152): onTimeChanged() : mShouldShowDualClock - false, isDualClockSet() -false
D/SecKeyguardClockView( 1152): setAutoHomeTimezone() - autoHomeTimeZoneId: Asia/Krasnoyarsk
D/SecKeyguardClockView( 1152): isNetworkRoaming=false, isHomeTimeZoneExist=true
D/DateView( 1152): regionalDateFormat = 22.11.3333 isRTLlanguage = false returnDateFormat = E, d MMMM
D/DateView( 1152): regionalDateFormat = 22.11.3333 isRTLlanguage = false returnDateFormat = E, d MMMM
D/DateView( 1152): regionalDateFormat = 22.11.3333 isRTLlanguage = false returnDateFormat = E, d MMMM
D/KeyguardEffectViewController( 1152): onReceive action : android.intent.action.TIME_TICK
I/KeyguardEffectViewController( 1152): *** don't update sliding image ***
D/        (30424): action : android.intent.action.TIME_TICK
D/        (30424): getInstance
D/        (30424): direct update clock
D/MAR     (30424): Locale: ru
E/SMD     (  275): DCD OFF
D/StatusBar.MSimNetworkController( 1152): getNumberOfActiveSim:1
D/StatusBar.MSimNetworkController( 1152): getPhoneSignalIconList: mMaxLevelOfSignalStrengthIndicator = 4 inetCondition = 0
D/StatusBar.MSimNetworkController( 1152): getDataSignalIconId: mMaxLevelOfSignalStrengthIndicator = 4 inetCondition = 0 iconLevel = 4
D/StatusBar.MSimNetworkController( 1152): updateTelephonySignalStrength: iconLevel=4
D/STATUSBAR-WifiQuickSettingButton( 1152): onWifiSignalChanged enabled=true enabledDesc:"f1comp"
D/SensorService(  983): [SO] 0.165 0.077 10.028
D/STATUSBAR-WifiQuickSettingButton( 1152): onWifiSignalChanged enabled=true enabledDesc:"f1comp"
D/StatusBar.MSimNetworkController( 1152): getNumberOfActiveSim:1
D/StatusBar.MSimNetworkController( 1152): getPhoneSignalIconList: mMaxLevelOfSignalStrengthIndicator = 4 inetCondition = 0
D/StatusBar.MSimNetworkController( 1152): getDataSignalIconId: mMaxLevelOfSignalStrengthIndicator = 4 inetCondition = 0 iconLevel = 4
D/StatusBar.MSimNetworkController( 1152): updateTelephonySignalStrength: iconLevel=4
D/STATUSBAR-WifiQuickSettingButton( 1152): onWifiSignalChanged enabled=true enabledDesc:"f1comp"
E/SMD     (  275): DCD OFF
D/STATUSBAR-WifiQuickSettingButton( 1152): onWifiSignalChanged enabled=true enabledDesc:"f1comp"
D/StatusBar.MSimNetworkController( 1152): getNumberOfActiveSim:1
D/StatusBar.MSimNetworkController( 1152): getPhoneSignalIconList: mMaxLevelOfSignalStrengthIndicator = 4 inetCondition = 0
D/StatusBar.MSimNetworkController( 1152): getDataSignalIconId: mMaxLevelOfSignalStrengthIndicator = 4 inetCondition = 0 iconLevel = 4
D/StatusBar.MSimNetworkController( 1152): updateTelephonySignalStrength: iconLevel=4
D/STATUSBAR-WifiQuickSettingButton( 1152): onWifiSignalChanged enabled=true enabledDesc:"f1comp"
E/SMD     (  275): DCD OFF
D/StatusBar.MSimNetworkController( 1152): getNumberOfActiveSim:1
D/StatusBar.MSimNetworkController( 1152): getPhoneSignalIconList: mMaxLevelOfSignalStrengthIndicator = 4 inetCondition = 0
D/StatusBar.MSimNetworkController( 1152): getDataSignalIconId: mMaxLevelOfSignalStrengthIndicator = 4 inetCondition = 0 iconLevel = 4
D/StatusBar.MSimNetworkController( 1152): updateTelephonySignalStrength: iconLevel=4
D/STATUSBAR-WifiQuickSettingButton( 1152): onWifiSignalChanged enabled=true enabledDesc:"f1comp"
E/SMD     (  275): DCD OFF
E/SMD     (  275): DCD OFF
D/SensorService(  983): [SO] 0.156 0.125 10.022
D/StatusBar.MSimNetworkController( 1152): getNumberOfActiveSim:1
D/StatusBar.MSimNetworkController( 1152): getPhoneSignalIconList: mMaxLevelOfSignalStrengthIndicator = 4 inetCondition = 0
D/StatusBar.MSimNetworkController( 1152): getDataSignalIconId: mMaxLevelOfSignalStrengthIndicator = 4 inetCondition = 0 iconLevel = 4
D/StatusBar.MSimNetworkController( 1152): updateTelephonySignalStrength: iconLevel=4
D/STATUSBAR-WifiQuickSettingButton( 1152): onWifiSignalChanged enabled=true enabledDesc:"f1comp"
E/SMD     (  275): DCD OFF
D/StatusBar.MSimNetworkController( 1152): getNumberOfActiveSim:1
D/StatusBar.MSimNetworkController( 1152): getPhoneSignalIconList: mMaxLevelOfSignalStrengthIndicator = 4 inetCondition = 0
D/StatusBar.MSimNetworkController( 1152): getDataSignalIconId: mMaxLevelOfSignalStrengthIndicator = 4 inetCondition = 0 iconLevel = 4
D/StatusBar.MSimNetworkController( 1152): updateTelephonySignalStrength: iconLevel=4
D/STATUSBAR-WifiQuickSettingButton( 1152): onWifiSignalChanged enabled=true enabledDesc:"f1comp"
D/StatusBar.MSimNetworkController( 1152): getNumberOfActiveSim:1
D/StatusBar.MSimNetworkController( 1152): getPhoneSignalIconList: mMaxLevelOfSignalStrengthIndicator = 4 inetCondition = 0
D/StatusBar.MSimNetworkController( 1152): getDataSignalIconId: mMaxLevelOfSignalStrengthIndicator = 4 inetCondition = 0 iconLevel = 4
D/StatusBar.MSimNetworkController( 1152): updateTelephonySignalStrength: iconLevel=4
D/STATUSBAR-WifiQuickSettingButton( 1152): onWifiSignalChanged enabled=true enabledDesc:"f1comp"
E/SMD     (  275): DCD OFF
D/StatusBar.MSimNetworkController( 1152): getNumberOfActiveSim:1
D/StatusBar.MSimNetworkController( 1152): getPhoneSignalIconList: mMaxLevelOfSignalStrengthIndicator = 4 inetCondition = 0
D/StatusBar.MSimNetworkController( 1152): getDataSignalIconId: mMaxLevelOfSignalStrengthIndicator = 4 inetCondition = 0 iconLevel = 4
D/StatusBar.MSimNetworkController( 1152): updateTelephonySignalStrength: iconLevel=4
D/STATUSBAR-WifiQuickSettingButton( 1152): onWifiSignalChanged enabled=true enabledDesc:"f1comp"
E/SMD     (  275): DCD OFF
D/DataRouter(  274): After the usb select
D/DataRouter(  274): read usb data[len:1]
D/DataRouter(  274): read usb data message:A
D/DataRouter(  274): Before the usb select
E/SMD     (  275): ***Received data notification[DR->SMD]***
E/SMD     (  275): Message:A
E/SMD     (  275): Sending data to SMD: Len = [1]
E/SMD     (  275):  buffer = [A]
E/SMD     (  275): Wrote 1 chars to SMD PORT fd=7 ch = 41
D/DataRouter(  274): After the usb select
D/DataRouter(  274): read usb data[len:1]
D/DataRouter(  274): read usb data message:T
D/DataRouter(  274): Before the usb select
E/SMD     (  275): ***Received data notification[DR->SMD]***
E/SMD     (  275): Message:T
E/SMD     (  275): Sending data to SMD: Len = [1]
E/SMD     (  275):  buffer = [T]
E/SMD     (  275): Wrote 1 chars to SMD PORT fd=7 ch = 54
D/DataRouter(  274): After the usb select
D/DataRouter(  274): read usb data[len:1]
D/DataRouter(  274): read usb data message:+
D/DataRouter(  274): Before the usb select
E/SMD     (  275): ***Received data notification[DR->SMD]***
E/SMD     (  275): Message:+
E/SMD     (  275): Sending data to SMD: Len = [1]
E/SMD     (  275):  buffer = [+]
E/SMD     (  275): Wrote 1 chars to SMD PORT fd=7 ch = 2b
D/DataRouter(  274): After the usb select
D/DataRouter(  274): read usb data[len:1]
D/DataRouter(  274): read usb data message:C
D/DataRouter(  274): Before the usb select
E/SMD     (  275): ***Received data notification[DR->SMD]***
E/SMD     (  275): Message:C
E/SMD     (  275): Sending data to SMD: Len = [1]
E/SMD     (  275):  buffer = [C]
E/SMD     (  275): Wrote 1 chars to SMD PORT fd=7 ch = 43
D/DataRouter(  274): After the usb select
D/DataRouter(  274): read usb data[len:1]
D/DataRouter(  274): read usb data message:I
D/DataRouter(  274): Before the usb select
E/SMD     (  275): ***Received data notification[DR->SMD]***
E/SMD     (  275): Message:I
E/SMD     (  275): Sending data to SMD: Len = [1]
E/SMD     (  275):  buffer = [I]
E/SMD     (  275): Wrote 1 chars to SMD PORT fd=7 ch = 49
D/DataRouter(  274): After the usb select
D/DataRouter(  274): read usb data[len:1]
D/DataRouter(  274): read usb data message:N
D/DataRouter(  274): Before the usb select
E/SMD     (  275): ***Received data notification[DR->SMD]***
E/SMD     (  275): Message:N
E/SMD     (  275): Sending data to SMD: Len = [1]
E/SMD     (  275):  buffer = [N]
E/SMD     (  275): Wrote 1 chars to SMD PORT fd=7 ch = 4e
D/DataRouter(  274): After the usb select
D/DataRouter(  274): read usb data[len:1]
D/DataRouter(  274): read usb data message:D
D/DataRouter(  274): Before the usb select
E/SMD     (  275): ***Received data notification[DR->SMD]***
E/SMD     (  275): Message:D
E/SMD     (  275): Sending data to SMD: Len = [1]
E/SMD     (  275):  buffer = [D]
E/SMD     (  275): Wrote 1 chars to SMD PORT fd=7 ch = 44
D/DataRouter(  274): After the usb select
D/DataRouter(  274): read usb data[len:1]
D/DataRouter(  274): read usb data message:?
D/DataRouter(  274): Before the usb select
E/SMD     (  275): ***Received data notification[DR->SMD]***
E/SMD     (  275): Message:?
E/SMD     (  275): Sending data to SMD: Len = [1]
E/SMD     (  275):  buffer = [?]
E/SMD     (  275): Wrote 1 chars to SMD PORT fd=7 ch = 3f
D/DataRouter(  274): After the usb select
D/DataRouter(  274): read usb data[len:1]
D/DataRouter(  274): read usb data message:
D/DataRouter(  274): Before the usb select
E/SMD     (  275): ***Received data notification[DR->SMD]***
E/SMD     (  275): Message:
E/SMD     (  275): Sending data to SMD: Len = [1]
E/SMD     (  275):  buffer = []
E/SMD     (  275): Wrote 1 chars to SMD PORT fd=7 ch = d
E/SMD     (  275): After the Modem Read select 
E/SMD     (  275): Read 32 chars from SMD Modem file fd = 7
E/SMD     (  275):  Message: 
E/SMD     (  275): +CIND: 0,3,1,0,0,0,1,0
E/SMD     (  275): 
E/SMD     (  275): OK
E/SMD     (  275): 
E/SMD     (  275): 
E/SMD     (  275): OK
E/SMD     (  275): 5)),("service",(0-1)),("call",(0-1)),("roam",(0-1)),("smsfull",(0-1)),("GPRS coverage",(0-1)),("callsetup",(0-3))
E/SMD     (  275): 
E/SMD     (  275): OK
E/SMD     (  275): 
E/SMD     (  275): 
E/SMD     (  275): Before the Modem Read select 
D/DataRouter(  274): write [32] bytes of data to USB fd[10]
D/SensorService(  983): [SO] 0.161 0.053 10.040
D/STATUSBAR-WifiQuickSettingButton( 1152): onWifiSignalChanged enabled=true enabledDesc:"f1comp"
D/StatusBar.MSimNetworkController( 1152): getNumberOfActiveSim:1
D/StatusBar.MSimNetworkController( 1152): getPhoneSignalIconList: mMaxLevelOfSignalStrengthIndicator = 4 inetCondition = 0
D/StatusBar.MSimNetworkController( 1152): getDataSignalIconId: mMaxLevelOfSignalStrengthIndicator = 4 inetCondition = 0 iconLevel = 4
D/StatusBar.MSimNetworkController( 1152): updateTelephonySignalStrength: iconLevel=4
D/STATUSBAR-WifiQuickSettingButton( 1152): onWifiSignalChanged enabled=true enabledDesc:"f1comp"
D/STATUSBAR-WifiQuickSettingButton( 1152): onWifiSignalChanged enabled=true enabledDesc:"f1comp"
E/SMD     (  275): DCD OFF
E/SMD     (  275): DCD OFF
E/SMD     (  275): DCD OFF
D/SensorService(  983): [SO] 0.156 0.081 10.024
E/SMD     (  275): DCD OFF
E/dhcpcd  ( 5521): wlan0: invalid prefix in RA
D/STATUSBAR-WifiQuickSettingButton( 1152): onWifiSignalChanged enabled=true enabledDesc:"f1comp"
E/SMD     (  275): DCD OFF
D/STATUSBAR-WifiQuickSettingButton( 1152): onWifiSignalChanged enabled=true enabledDesc:"f1comp"
E/SMD     (  275): DCD OFF
D/StatusBar.MSimNetworkController( 1152): getNumberOfActiveSim:1
D/StatusBar.MSimNetworkController( 1152): getPhoneSignalIconList: mMaxLevelOfSignalStrengthIndicator = 4 inetCondition = 0
D/StatusBar.MSimNetworkController( 1152): getDataSignalIconId: mMaxLevelOfSignalStrengthIndicator = 4 inetCondition = 0 iconLevel = 4
D/StatusBar.MSimNetworkController( 1152): updateTelephonySignalStrength: iconLevel=4
D/STATUSBAR-WifiQuickSettingButton( 1152): onWifiSignalChanged enabled=true enabledDesc:"f1comp"
E/SMD     (  275): DCD OFF
D/SensorService(  983): [SO] 0.157 0.081 10.025
D/STATUSBAR-WifiQuickSettingButton( 1152): onWifiSignalChanged enabled=true enabledDesc:"f1comp"
D/STATUSBAR-WifiQuickSettingButton( 1152): onWifiSignalChanged enabled=true enabledDesc:"f1comp"
E/SMD     (  275): DCD OFF
E/SMD     (  275): DCD OFF
I/art     (32347): Explicit marksweep + semispace GC freed 1698(53KB) AllocSpace objects, 0(0B) LOS objects, 25% free, 14MB/18MB, paused 43.677ms total 44.115ms
E/dhcpcd  ( 5521): wlan0: invalid prefix in RA
D/STATUSBAR-WifiQuickSettingButton( 1152): onWifiSignalChanged enabled=true enabledDesc:"f1comp"
E/SMD     (  275): DCD OFF
D/STATUSBAR-WifiQuickSettingButton( 1152): onWifiSignalChanged enabled=true enabledDesc:"f1comp"
D/DataRouter(  274): After the usb select
D/DataRouter(  274): read usb data[len:1]
D/DataRouter(  274): read usb data message:A
D/DataRouter(  274): Before the usb select
E/SMD     (  275): ***Received data notification[DR->SMD]***
E/SMD     (  275): Message:A
E/SMD     (  275): Sending data to SMD: Len = [1]
E/SMD     (  275):  buffer = [A]
E/SMD     (  275): Wrote 1 chars to SMD PORT fd=7 ch = 41
D/DataRouter(  274): After the usb select
D/DataRouter(  274): read usb data[len:1]
D/DataRouter(  274): read usb data message:T
D/DataRouter(  274): Before the usb select
E/SMD     (  275): ***Received data notification[DR->SMD]***
E/SMD     (  275): Message:T
E/SMD     (  275): Sending data to SMD: Len = [1]
E/SMD     (  275):  buffer = [T]
E/SMD     (  275): Wrote 1 chars to SMD PORT fd=7 ch = 54
D/DataRouter(  274): After the usb select
D/DataRouter(  274): read usb data[len:1]
D/DataRouter(  274): read usb data message:+
D/DataRouter(  274): Before the usb select
E/SMD     (  275): ***Received data notification[DR->SMD]***
E/SMD     (  275): Message:+
E/SMD     (  275): Sending data to SMD: Len = [1]
E/SMD     (  275):  buffer = [+]
E/SMD     (  275): Wrote 1 chars to SMD PORT fd=7 ch = 2b
D/DataRouter(  274): After the usb select
D/DataRouter(  274): read usb data[len:1]
D/DataRouter(  274): read usb data message:C
D/DataRouter(  274): Before the usb select
E/SMD     (  275): ***Received data notification[DR->SMD]***
E/SMD     (  275): Message:C
E/SMD     (  275): Sending data to SMD: Len = [1]
E/SMD     (  275):  buffer = [C]
E/SMD     (  275): Wrote 1 chars to SMD PORT fd=7 ch = 43
D/DataRouter(  274): After the usb select
D/DataRouter(  274): read usb data[len:1]
D/DataRouter(  274): read usb data message:I
D/DataRouter(  274): Before the usb select
E/SMD     (  275): ***Received data notification[DR->SMD]***
E/SMD     (  275): Message:I
E/SMD     (  275): Sending data to SMD: Len = [1]
E/SMD     (  275):  buffer = [I]
E/SMD     (  275): Wrote 1 chars to SMD PORT fd=7 ch = 49
D/DataRouter(  274): After the usb select
D/DataRouter(  274): read usb data[len:1]
D/DataRouter(  274): read usb data message:N
D/DataRouter(  274): Before the usb select
E/SMD     (  275): ***Received data notification[DR->SMD]***
E/SMD     (  275): Message:N
E/SMD     (  275): Sending data to SMD: Len = [1]
E/SMD     (  275):  buffer = [N]
E/SMD     (  275): Wrote 1 chars to SMD PORT fd=7 ch = 4e
D/DataRouter(  274): After the usb select
D/DataRouter(  274): read usb data[len:1]
D/DataRouter(  274): read usb data message:D
D/DataRouter(  274): Before the usb select
E/SMD     (  275): ***Received data notification[DR->SMD]***
E/SMD     (  275): Message:D
E/SMD     (  275): Sending data to SMD: Len = [1]
E/SMD     (  275):  buffer = [D]
E/SMD     (  275): Wrote 1 chars to SMD PORT fd=7 ch = 44
D/DataRouter(  274): After the usb select
D/DataRouter(  274): read usb data[len:1]
D/DataRouter(  274): read usb data message:?
D/DataRouter(  274): Before the usb select
E/SMD     (  275): ***Received data notification[DR->SMD]***
E/SMD     (  275): Message:?
E/SMD     (  275): Sending data to SMD: Len = [1]
E/SMD     (  275):  buffer = [?]
E/SMD     (  275): Wrote 1 chars to SMD PORT fd=7 ch = 3f
D/DataRouter(  274): After the usb select
D/DataRouter(  274): read usb data[len:1]
D/DataRouter(  274): read usb data message:
D/DataRouter(  274): Before the usb select
E/SMD     (  275): ***Received data notification[DR->SMD]***
E/SMD     (  275): Message:
E/SMD     (  275): Sending data to SMD: Len = [1]
E/SMD     (  275):  buffer = []
E/SMD     (  275): Wrote 1 chars to SMD PORT fd=7 ch = d
E/SMD     (  275): After the Modem Read select 
E/SMD     (  275): Read 32 chars from SMD Modem file fd = 7
E/SMD     (  275):  Message: 
E/SMD     (  275): +CIND: 0,3,1,0,0,0,1,0
E/SMD     (  275): 
E/SMD     (  275): OK
E/SMD     (  275): 
E/SMD     (  275): 
E/SMD     (  275): OK
E/SMD     (  275): 5)),("service",(0-1)),("call",(0-1)),("roam",(0-1)),("smsfull",(0-1)),("GPRS coverage",(0-1)),("callsetup",(0-3))
E/SMD     (  275): 
E/SMD     (  275): OK
E/SMD     (  275): 
E/SMD     (  275): 
E/SMD     (  275): Before the Modem Read select 
D/DataRouter(  274): write [32] bytes of data to USB fd[10]
D/SensorService(  983): [SO] 0.159 0.083 10.032
E/SMD     (  275): DCD OFF
D/KeyguardUpdateMonitor( 1152): received broadcast android.intent.action.TIME_TICK
D/KeyguardUpdateMonitor( 1152): handleTimeUpdate
D/SecKeyguardClockView( 1152): isNetworkRoaming=false, isHomeTimeZoneExist=true
D/SecKeyguardClockView( 1152): onTimeChanged() : mShouldShowDualClock - false, isDualClockSet() -false
D/SecKeyguardClockView( 1152): setAutoHomeTimezone() - autoHomeTimeZoneId: Asia/Krasnoyarsk
D/SecKeyguardClockView( 1152): isNetworkRoaming=false, isHomeTimeZoneExist=true
E/SMD     (  275): DCD OFF
D/DateView( 1152): regionalDateFormat = 22.11.3333 isRTLlanguage = false returnDateFormat = E, d MMMM
D/DateView( 1152): regionalDateFormat = 22.11.3333 isRTLlanguage = false returnDateFormat = E, d MMMM
D/DateView( 1152): regionalDateFormat = 22.11.3333 isRTLlanguage = false returnDateFormat = E, d MMMM
D/KeyguardEffectViewController( 1152): onReceive action : android.intent.action.TIME_TICK
I/KeyguardEffectViewController( 1152): *** don't update sliding image ***
D/        (30424): action : android.intent.action.TIME_TICK
D/        (30424): getInstance
D/        (30424): direct update clock
D/MAR     (30424): Locale: ru
E/SMD     (  275): DCD OFF
D/StatusBar.MSimNetworkController( 1152): getNumberOfActiveSim:1
D/StatusBar.MSimNetworkController( 1152): getPhoneSignalIconList: mMaxLevelOfSignalStrengthIndicator = 4 inetCondition = 0
D/StatusBar.MSimNetworkController( 1152): getDataSignalIconId: mMaxLevelOfSignalStrengthIndicator = 4 inetCondition = 0 iconLevel = 4
D/StatusBar.MSimNetworkController( 1152): updateTelephonySignalStrength: iconLevel=4
D/STATUSBAR-WifiQuickSettingButton( 1152): onWifiSignalChanged enabled=true enabledDesc:"f1comp"
D/SensorService(  983): [SO] 0.153 0.084 10.026
D/STATUSBAR-WifiQuickSettingButton( 1152): onWifiSignalChanged enabled=true enabledDesc:"f1comp"
E/SMD     (  275): DCD OFF
D/STATUSBAR-WifiQuickSettingButton( 1152): onWifiSignalChanged enabled=true enabledDesc:"f1comp"
E/SMD     (  275): DCD OFF
D/STATUSBAR-WifiQuickSettingButton( 1152): onWifiSignalChanged enabled=true enabledDesc:"f1comp"
E/SMD     (  275): DCD OFF
D/StatusBar.MSimNetworkController( 1152): getNumberOfActiveSim:1
D/StatusBar.MSimNetworkController( 1152): getPhoneSignalIconList: mMaxLevelOfSignalStrengthIndicator = 4 inetCondition = 0
D/StatusBar.MSimNetworkController( 1152): getDataSignalIconId: mMaxLevelOfSignalStrengthIndicator = 4 inetCondition = 0 iconLevel = 4
D/StatusBar.MSimNetworkController( 1152): updateTelephonySignalStrength: iconLevel=4
D/STATUSBAR-WifiQuickSettingButton( 1152): onWifiSignalChanged enabled=true enabledDesc:"f1comp"
D/STATUSBAR-WifiQuickSettingButton( 1152): onWifiSignalChanged enabled=true enabledDesc:"f1comp"
E/SMD     (  275): DCD OFF
D/SensorService(  983): [SO] 0.154 0.090 10.031
D/STATUSBAR-WifiQuickSettingButton( 1152): onWifiSignalChanged enabled=true enabledDesc:"f1comp"
D/STATUSBAR-WifiQuickSettingButton( 1152): onWifiSignalChanged enabled=true enabledDesc:"f1comp"
E/SMD     (  275): DCD OFF
E/SMD     (  275): DCD OFF
E/SMD     (  275): DCD OFF
D/DataRouter(  274): After the usb select
D/DataRouter(  274): read usb data[len:1]
D/DataRouter(  274): read usb data message:A
D/DataRouter(  274): Before the usb select
E/SMD     (  275): ***Received data notification[DR->SMD]***
E/SMD     (  275): Message:A
E/SMD     (  275): Sending data to SMD: Len = [1]
E/SMD     (  275):  buffer = [A]
E/SMD     (  275): Wrote 1 chars to SMD PORT fd=7 ch = 41
D/DataRouter(  274): After the usb select
D/DataRouter(  274): read usb data[len:1]
D/DataRouter(  274): read usb data message:T
D/DataRouter(  274): Before the usb select
E/SMD     (  275): ***Received data notification[DR->SMD]***
E/SMD     (  275): Message:T
E/SMD     (  275): Sending data to SMD: Len = [1]
E/SMD     (  275):  buffer = [T]
E/SMD     (  275): Wrote 1 chars to SMD PORT fd=7 ch = 54
D/DataRouter(  274): After the usb select
D/DataRouter(  274): read usb data[len:1]
D/DataRouter(  274): read usb data message:+
D/DataRouter(  274): Before the usb select
E/SMD     (  275): ***Received data notification[DR->SMD]***
E/SMD     (  275): Message:+
E/SMD     (  275): Sending data to SMD: Len = [1]
E/SMD     (  275):  buffer = [+]
E/SMD     (  275): Wrote 1 chars to SMD PORT fd=7 ch = 2b
D/DataRouter(  274): After the usb select
D/DataRouter(  274): read usb data[len:1]
D/DataRouter(  274): read usb data message:C
D/DataRouter(  274): Before the usb select
E/SMD     (  275): ***Received data notification[DR->SMD]***
E/SMD     (  275): Message:C
E/SMD     (  275): Sending data to SMD: Len = [1]
E/SMD     (  275):  buffer = [C]
E/SMD     (  275): Wrote 1 chars to SMD PORT fd=7 ch = 43
D/DataRouter(  274): After the usb select
D/DataRouter(  274): read usb data[len:1]
D/DataRouter(  274): read usb data message:I
D/DataRouter(  274): Before the usb select
E/SMD     (  275): ***Received data notification[DR->SMD]***
E/SMD     (  275): Message:I
E/SMD     (  275): Sending data to SMD: Len = [1]
E/SMD     (  275):  buffer = [I]
E/SMD     (  275): Wrote 1 chars to SMD PORT fd=7 ch = 49
D/DataRouter(  274): After the usb select
D/DataRouter(  274): read usb data[len:1]
D/DataRouter(  274): read usb data message:N
D/DataRouter(  274): Before the usb select
E/SMD     (  275): ***Received data notification[DR->SMD]***
E/SMD     (  275): Message:N
E/SMD     (  275): Sending data to SMD: Len = [1]
E/SMD     (  275):  buffer = [N]
E/SMD     (  275): Wrote 1 chars to SMD PORT fd=7 ch = 4e
D/DataRouter(  274): After the usb select
D/DataRouter(  274): read usb data[len:1]
D/DataRouter(  274): read usb data message:D
D/DataRouter(  274): Before the usb select
E/SMD     (  275): ***Received data notification[DR->SMD]***
E/SMD     (  275): Message:D
E/SMD     (  275): Sending data to SMD: Len = [1]
E/SMD     (  275):  buffer = [D]
E/SMD     (  275): Wrote 1 chars to SMD PORT fd=7 ch = 44
D/DataRouter(  274): After the usb select
D/DataRouter(  274): read usb data[len:1]
D/DataRouter(  274): read usb data message:?
D/DataRouter(  274): Before the usb select
E/SMD     (  275): ***Received data notification[DR->SMD]***
E/SMD     (  275): Message:?
E/SMD     (  275): Sending data to SMD: Len = [1]
E/SMD     (  275):  buffer = [?]
E/SMD     (  275): Wrote 1 chars to SMD PORT fd=7 ch = 3f
D/DataRouter(  274): After the usb select
D/DataRouter(  274): read usb data[len:1]
D/DataRouter(  274): read usb data message:
D/DataRouter(  274): Before the usb select
E/SMD     (  275): ***Received data notification[DR->SMD]***
E/SMD     (  275): Message:
E/SMD     (  275): Sending data to SMD: Len = [1]
E/SMD     (  275):  buffer = []
E/SMD     (  275): Wrote 1 chars to SMD PORT fd=7 ch = d
E/SMD     (  275): After the Modem Read select 
E/SMD     (  275): Read 32 chars from SMD Modem file fd = 7
E/SMD     (  275):  Message: 
E/SMD     (  275): +CIND: 0,3,1,0,0,0,1,0
E/SMD     (  275): 
E/SMD     (  275): OK
E/SMD     (  275): 
E/SMD     (  275): 
E/SMD     (  275): OK
E/SMD     (  275): 5)),("service",(0-1)),("call",(0-1)),("roam",(0-1)),("smsfull",(0-1)),("GPRS coverage",(0-1)),("callsetup",(0-3))
E/SMD     (  275): 
E/SMD     (  275): OK
E/SMD     (  275): 
E/SMD     (  275): 
E/SMD     (  275): Before the Modem Read select 
D/DataRouter(  274): write [32] bytes of data to USB fd[10]
D/SensorService(  983): [SO] 0.157 0.084 10.025
D/STATUSBAR-WifiQuickSettingButton( 1152): onWifiSignalChanged enabled=true enabledDesc:"f1comp"
D/STATUSBAR-WifiQuickSettingButton( 1152): onWifiSignalChanged enabled=true enabledDesc:"f1comp"
E/SMD     (  275): DCD OFF
E/SMD     (  275): DCD OFF
E/dhcpcd  ( 5521): wlan0: invalid prefix in RA
D/STATUSBAR-WifiQuickSettingButton( 1152): onWifiSignalChanged enabled=true enabledDesc:"f1comp"
D/STATUSBAR-WifiQuickSettingButton( 1152): onWifiSignalChanged enabled=true enabledDesc:"f1comp"
E/SMD     (  275): DCD OFF
D/SensorService(  983): [SO] 0.156 0.080 10.025
E/SMD     (  275): DCD OFF
E/SMD     (  275): DCD OFF
I/Sensors (  983): AccelerometerSensor(0) setDelay : 20000000(ns)
D/SensorManager(17789): registerListener :: 0, K303C Accelerometer Sensor, 20000, 0,  
E/Zygote  ( 2613): v2
I/SELinux ( 2613): Function: selinux_compare_spd_ram, SPD-policy is existed. and_ver=SEPF_SM-G530H_5.0.2-1 ver=48
I/SELinux ( 2613): Function: selinux_compare_spd_ram , priority [1] , priority version is VE=SEPF_SM-G530H_5.0.2-1_0048
E/SELinux ( 2613): [DEBUG] get_category: variable seinfo: untrusted sensitivity: NULL, cateogry: NULL
I/art     (  294): Explicit concurrent mark sweep GC freed 8713(371KB) AllocSpace objects, 0(0B) LOS objects, 34% free, 3MB/5MB, paused 1.155ms total 27.648ms
I/art     (  294): Explicit concurrent mark sweep GC freed 5(160B) AllocSpace objects, 0(0B) LOS objects, 34% free, 3MB/5MB, paused 661us total 9.195ms
I/art     (  294): Explicit concurrent mark sweep GC freed 5(160B) AllocSpace objects, 0(0B) LOS objects, 34% free, 3MB/5MB, paused 667us total 8.703ms
D/TimaKeyStoreProvider( 2613): in addTimaSignatureService
D/TimaKeyStoreProvider( 2613): Cannot add TimaSignature Service, License check Failed
D/ActivityThread( 2613): Added TimaKesytore provider
D/SensorService(  983): [SO] 0.157 0.080 10.029
I/Sensors (  983): AccelerometerSensor(0) setDelay : 200000000(ns)
D/SensorManager(17789): unregisterListener ::   
W/art     ( 2613): Suspending all threads took: 560.726ms
E/SMD     (  275): DCD OFF
I/Babel_SMS( 2613): MmsConfig: mnc/mcc: 250/2
I/Babel_SMS( 2613): MmsConfig.loadMmsSettings
I/Babel_SMS( 2613): MmsConfig.loadDeviceMmsSettings from API: mUserAgent=SAMSUNG-ANDROID-MMS/SM-G530H, mUaProfUrl=http://wap.samsungmobile.com/uaprof/SM-G530H.xml
I/Babel_SMS( 2613): MmsConfig.loadFromDatabase
E/SQLiteLog( 2613): (1) no such table: mmsconfig
I/Babel_SMS( 2613): MmsConfig: no mmsconfig table android.database.sqlite.SQLiteException: no such table: mmsconfig (code 1): , while compiling: SELECT key, value, type FROM mmsconfig WHERE numeric=?
I/Babel_SMS( 2613): MmsConfig.loadFromResources
E/Babel_SMS( 2613): canonicalizeMccMnc: invalid mccmnc nullnull
I/Babel_Crash( 2613): Startup - clean
I/Babel_SMS( 2613): MmsConfig.loadMmsSettings: mUserAgent=SAMSUNG-ANDROID-MMS/SM-G530H, mUaProfUrl=http://wap.samsungmobile.com/uaprof/SM-G530H.xml
D/Babel   ( 2613): onCreate: Shutdown runnable posted in onCreate with a delay of 5000 ms.
D/STATUSBAR-WifiQuickSettingButton( 1152): onWifiSignalChanged enabled=true enabledDesc:"f1comp"
W/art     ( 2613): Suspending all threads took: 12.495ms
V/JNIHelp ( 2613): Registering com/google/android/gms/org/conscrypt/NativeCrypto's 255 native methods...
W/System  ( 2613): Could not create com.google.android.gms.org.conscrypt.OpenSSLSocketFactoryImpl with ClassLoader dalvik.system.PathClassLoader[DexPathList[[zip file "/system/framework/com.google.android.media.effects.jar", zip file "/data/app/com.google.android.talk-2/base.apk"],nativeLibraryDirectories=[/data/app/com.google.android.talk-2/lib/arm, /vendor/lib, /system/lib]]]: com.google.android.gms.org.conscrypt.OpenSSLSocketFactoryImpl
I/ProviderInstaller( 2613): Installed default security provider GmsCore_OpenSSL
D/Babel   ( 2613): Idle: Shutdown runnable posted in release with a delay of 5000 ms.
D/STATUSBAR-WifiQuickSettingButton( 1152): onWifiSignalChanged enabled=true enabledDesc:"f1comp"
D/STATUSBAR-WifiQuickSettingButton( 1152): onWifiSignalChanged enabled=true enabledDesc:"f1comp"
E/SMD     (  275): DCD OFF
D/STATUSBAR-WifiQuickSettingButton( 1152): onWifiSignalChanged enabled=true enabledDesc:"f1comp"
D/STATUSBAR-WifiQuickSettingButton( 1152): onWifiSignalChanged enabled=true enabledDesc:"f1comp"
E/SMD     (  275): DCD OFF
D/Babel   ( 2613): RefCountedService(com.google.android.apps.hangouts.requestwriter.RequestWriter) onDestroy (count=0, startId=1 stopped=true)
D/SensorService(  983): [SO] 0.156 0.081 10.025
D/StatusBar.MSimNetworkController( 1152): getNumberOfActiveSim:1
